[r10_infer] job=904990 cases=20 -> /projects/dataggen/outputs/five_bench/r10_vp_arms
Free VRAM 43.96807861328125 GB
KV inference with 3 frames per block
[r10] cases=20 arms=['none', 'all', 'spatial', 'temporal'] blend_off=True seed=0 out=/projects/dataggen/outputs/five_bench/r10_vp_arms
[r10] anchors from /projects/dataggen/outputs/five_bench/anchors/edit{T}/ (shared with the SS4.5/R7 arm)
[r10]   gate all: 360/360 heads
[r10]   gate spatial: 281/360 heads
[r10]   gate temporal: 10/360 heads
[r10] 0001_bus: 69 frames -> latents (1, 18, 16, 60, 104), vp (1, 1, 16, 60, 104)
Moving DynamicSwap_WanTextEncoder to cuda:0 with preserved memory: 35.38805150985718 GB
[[0, 1, 2]] [[0, 1, 2]]
[ok] 0001_bus / none: 69 frames in 84.9s
Moving DynamicSwap_WanTextEncoder to cuda:0 with preserved memory: 35.07073783874512 GB
[[0, 1, 2]] [[0, 1, 2]]
[r10] vp_bank built: 30 layers x 1560 tokens (1 latent frame(s))
[ok] 0001_bus / all: 69 frames in 86.2s
Moving DynamicSwap_WanTextEncoder to cuda:0 with preserved memory: 35.07073783874512 GB
[[0, 1, 2]] [[0, 1, 2]]
[r10] vp_bank built: 30 layers x 1560 tokens (1 latent frame(s))
[ok] 0001_bus / spatial: 69 frames in 94.0s
Moving DynamicSwap_WanTextEncoder to cuda:0 with preserved memory: 35.06878471374512 GB
[[0, 1, 2]] [[0, 1, 2]]
[r10] vp_bank built: 30 layers x 1560 tokens (1 latent frame(s))
[ok] 0001_bus / temporal: 69 frames in 87.7s
[r10] 0028_kite-walk: 69 frames -> latents (1, 18, 16, 60, 104), vp (1, 1, 16, 60, 104)
Moving DynamicSwap_WanTextEncoder to cuda:0 with preserved memory: 35.068785190582275 GB
[[0, 1]] [[1, 2]]
[ok] 0028_kite-walk / none: 69 frames in 85.9s
Moving DynamicSwap_WanTextEncoder to cuda:0 with preserved memory: 35.06878471374512 GB
[[0, 1]] [[1, 2]]
[r10] vp_bank built: 30 layers x 1560 tokens (1 latent frame(s))
[ok] 0028_kite-walk / all: 69 frames in 87.5s
Moving DynamicSwap_WanTextEncoder to cuda:0 with preserved memory: 35.06878471374512 GB
[[0, 1]] [[1, 2]]
[r10] vp_bank built: 30 layers x 1560 tokens (1 latent frame(s))
[ok] 0028_kite-walk / spatial: 69 frames in 93.9s
Moving DynamicSwap_WanTextEncoder to cuda:0 with preserved memory: 35.06878471374512 GB
[[0, 1]] [[1, 2]]
[r10] vp_bank built: 30 layers x 1560 tokens (1 latent frame(s))
[ok] 0028_kite-walk / temporal: 69 frames in 88.1s
[r10] 0040_tennis: 69 frames -> latents (1, 18, 16, 60, 104), vp (1, 1, 16, 60, 104)
Moving DynamicSwap_WanTextEncoder to cuda:0 with preserved memory: 35.068785190582275 GB
[[0, 1, 2]] [[0, 1]]
[ok] 0040_tennis / none: 69 frames in 64.7s
Moving DynamicSwap_WanTextEncoder to cuda:0 with preserved memory: 35.06878471374512 GB
[[0, 1, 2]] [[0, 1]]
[r10] vp_bank built: 30 layers x 1560 tokens (1 latent frame(s))
[ok] 0040_tennis / all: 69 frames in 66.4s
Moving DynamicSwap_WanTextEncoder to cuda:0 with preserved memory: 35.06878471374512 GB
[[0, 1, 2]] [[0, 1]]
[r10] vp_bank built: 30 layers x 1560 tokens (1 latent frame(s))
[ok] 0040_tennis / spatial: 69 frames in 72.7s
Moving DynamicSwap_WanTextEncoder to cuda:0 with preserved memory: 35.06878471374512 GB
[[0, 1, 2]] [[0, 1]]
[r10] vp_bank built: 30 layers x 1560 tokens (1 latent frame(s))
[ok] 0040_tennis / temporal: 69 frames in 66.6s
[r10] 0057_dog: 57 frames -> latents (1, 15, 16, 60, 104), vp (1, 1, 16, 60, 104)
Moving DynamicSwap_WanTextEncoder to cuda:0 with preserved memory: 35.06878328323364 GB
[[0, 1, 2, 3]] [[0, 1, 2]]
[ok] 0057_dog / none: 57 frames in 67.1s
Moving DynamicSwap_WanTextEncoder to cuda:0 with preserved memory: 35.12234115600586 GB
[[0, 1, 2, 3]] [[0, 1, 2]]
[r10] vp_bank built: 30 layers x 1560 tokens (1 latent frame(s))
[ok] 0057_dog / all: 57 frames in 69.0s
Moving DynamicSwap_WanTextEncoder to cuda:0 with preserved memory: 35.12234115600586 GB
[[0, 1, 2, 3]] [[0, 1, 2]]
[r10] vp_bank built: 30 layers x 1560 tokens (1 latent frame(s))
[ok] 0057_dog / spatial: 57 frames in 73.5s
Moving DynamicSwap_WanTextEncoder to cuda:0 with preserved memory: 35.12234115600586 GB
[[0, 1, 2, 3]] [[0, 1, 2]]
[r10] vp_bank built: 30 layers x 1560 tokens (1 latent frame(s))
[ok] 0057_dog / temporal: 57 frames in 69.7s
[r10] 0011_lucia: 69 frames -> latents (1, 18, 16, 60, 104), vp (1, 1, 16, 60, 104)
Moving DynamicSwap_WanTextEncoder to cuda:0 with preserved memory: 35.12234354019165 GB
[[0, 1, 2, 3, 4, 5]] [[0, 1, 2]]
[ok] 0011_lucia / none: 69 frames in 85.2s
Moving DynamicSwap_WanTextEncoder to cuda:0 with preserved memory: 35.06878471374512 GB
[[0, 1, 2, 3, 4, 5]] [[0, 1, 2]]
[r10] vp_bank built: 30 layers x 1560 tokens (1 latent frame(s))
[ok] 0011_lucia / all: 69 frames in 88.3s
Moving DynamicSwap_WanTextEncoder to cuda:0 with preserved memory: 35.06878471374512 GB
[[0, 1, 2, 3, 4, 5]] [[0, 1, 2]]
[r10] vp_bank built: 30 layers x 1560 tokens (1 latent frame(s))
[ok] 0011_lucia / spatial: 69 frames in 93.9s
Moving DynamicSwap_WanTextEncoder to cuda:0 with preserved memory: 35.06878471374512 GB
[[0, 1, 2, 3, 4, 5]] [[0, 1, 2]]
[r10] vp_bank built: 30 layers x 1560 tokens (1 latent frame(s))
[ok] 0011_lucia / temporal: 69 frames in 89.1s
[r10] 0014_burnout: 69 frames -> latents (1, 18, 16, 60, 104), vp (1, 1, 16, 60, 104)
Moving DynamicSwap_WanTextEncoder to cuda:0 with preserved memory: 35.06878328323364 GB
[[0, 1, 2]] [[0, 1, 2]]
[ok] 0014_burnout / none: 69 frames in 85.3s
Moving DynamicSwap_WanTextEncoder to cuda:0 with preserved memory: 35.068782806396484 GB
[[0, 1, 2]] [[0, 1, 2]]
[r10] vp_bank built: 30 layers x 1560 tokens (1 latent frame(s))
[ok] 0014_burnout / all: 69 frames in 87.1s
Moving DynamicSwap_WanTextEncoder to cuda:0 with preserved memory: 35.068782806396484 GB
[[0, 1, 2]] [[0, 1, 2]]
[r10] vp_bank built: 30 layers x 1560 tokens (1 latent frame(s))
[ok] 0014_burnout / spatial: 69 frames in 93.4s
Moving DynamicSwap_WanTextEncoder to cuda:0 with preserved memory: 35.068782806396484 GB
[[0, 1, 2]] [[0, 1, 2]]
[r10] vp_bank built: 30 layers x 1560 tokens (1 latent frame(s))
[ok] 0014_burnout / temporal: 69 frames in 87.2s
[r10] 0016_horsejump-high: 45 frames -> latents (1, 12, 16, 60, 104), vp (1, 1, 16, 60, 104)
Moving DynamicSwap_WanTextEncoder to cuda:0 with preserved memory: 35.06990098953247 GB
[[0, 1, 2, 3, 4]] [[0, 1, 2, 3]]
[ok] 0016_horsejump-high / none: 45 frames in 50.8s
Moving DynamicSwap_WanTextEncoder to cuda:0 with preserved memory: 35.17701721191406 GB
[[0, 1, 2, 3, 4]] [[0, 1, 2, 3]]
[r10] vp_bank built: 30 layers x 1560 tokens (1 latent frame(s))
[ok] 0016_horsejump-high / all: 45 frames in 52.2s
Moving DynamicSwap_WanTextEncoder to cuda:0 with preserved memory: 35.17701721191406 GB
[[0, 1, 2, 3, 4]] [[0, 1, 2, 3]]
[r10] vp_bank built: 30 layers x 1560 tokens (1 latent frame(s))
[ok] 0016_horsejump-high / spatial: 45 frames in 55.7s
Moving DynamicSwap_WanTextEncoder to cuda:0 with preserved memory: 35.17701721191406 GB
[[0, 1, 2, 3, 4]] [[0, 1, 2, 3]]
[r10] vp_bank built: 30 layers x 1560 tokens (1 latent frame(s))
[ok] 0016_horsejump-high / temporal: 45 frames in 52.3s
[r10] 0068_planes-water: 33 frames -> latents (1, 9, 16, 60, 104), vp (1, 1, 16, 60, 104)
Moving DynamicSwap_WanTextEncoder to cuda:0 with preserved memory: 35.177570819854736 GB
[[0, 1, 2, 3, 4]] [[0, 1, 2, 3]]
[ok] 0068_planes-water / none: 33 frames in 35.9s
Moving DynamicSwap_WanTextEncoder to cuda:0 with preserved memory: 35.23112869262695 GB
[[0, 1, 2, 3, 4]] [[0, 1, 2, 3]]
[r10] vp_bank built: 30 layers x 1560 tokens (1 latent frame(s))
[ok] 0068_planes-water / all: 33 frames in 36.5s
Moving DynamicSwap_WanTextEncoder to cuda:0 with preserved memory: 35.23112869262695 GB
[[0, 1, 2, 3, 4]] [[0, 1, 2, 3]]
[r10] vp_bank built: 30 layers x 1560 tokens (1 latent frame(s))
[ok] 0068_planes-water / spatial: 33 frames in 38.7s
Moving DynamicSwap_WanTextEncoder to cuda:0 with preserved memory: 35.23112869262695 GB
[[0, 1, 2, 3, 4]] [[0, 1, 2, 3]]
[r10] vp_bank built: 30 layers x 1560 tokens (1 latent frame(s))
[ok] 0068_planes-water / temporal: 33 frames in 36.8s
[r10] 0072_dog-agility: 21 frames -> latents (1, 6, 16, 60, 104), vp (1, 1, 16, 60, 104)
Moving DynamicSwap_WanTextEncoder to cuda:0 with preserved memory: 35.231342792510986 GB
[[0, 1, 2, 3]] [[0, 1, 2]]
[ok] 0072_dog-agility / none: 21 frames in 22.3s
Moving DynamicSwap_WanTextEncoder to cuda:0 with preserved memory: 35.2849006652832 GB
[[0, 1, 2, 3]] [[0, 1, 2]]
[r10] vp_bank built: 30 layers x 1560 tokens (1 latent frame(s))
[ok] 0072_dog-agility / all: 21 frames in 23.2s
Moving DynamicSwap_WanTextEncoder to cuda:0 with preserved memory: 35.28487777709961 GB
[[0, 1, 2, 3]] [[0, 1, 2]]
[r10] vp_bank built: 30 layers x 1560 tokens (1 latent frame(s))
[ok] 0072_dog-agility / spatial: 21 frames in 24.1s
Moving DynamicSwap_WanTextEncoder to cuda:0 with preserved memory: 35.28487777709961 GB
[[0, 1, 2, 3]] [[0, 1, 2]]
[r10] vp_bank built: 30 layers x 1560 tokens (1 latent frame(s))
[ok] 0072_dog-agility / temporal: 21 frames in 23.2s
[r10] 0074_rhino: 81 frames -> latents (1, 21, 16, 60, 104), vp (1, 1, 16, 60, 104)
Moving DynamicSwap_WanTextEncoder to cuda:0 with preserved memory: 35.28203821182251 GB
[[0, 1, 2, 3, 4]] [[0, 1, 2, 3]]
[ok] 0074_rhino / none: 81 frames in 104.5s
Moving DynamicSwap_WanTextEncoder to cuda:0 with preserved memory: 35.01426887512207 GB
[[0, 1, 2, 3, 4]] [[0, 1, 2, 3]]
[r10] vp_bank built: 30 layers x 1560 tokens (1 latent frame(s))
[ok] 0074_rhino / all: 81 frames in 106.9s
Moving DynamicSwap_WanTextEncoder to cuda:0 with preserved memory: 35.01426887512207 GB
[[0, 1, 2, 3, 4]] [[0, 1, 2, 3]]
[r10] vp_bank built: 30 layers x 1560 tokens (1 latent frame(s))
[ok] 0074_rhino / spatial: 81 frames in 115.5s
Moving DynamicSwap_WanTextEncoder to cuda:0 with preserved memory: 35.01426887512207 GB
[[0, 1, 2, 3, 4]] [[0, 1, 2, 3]]
[r10] vp_bank built: 30 layers x 1560 tokens (1 latent frame(s))
[ok] 0074_rhino / temporal: 81 frames in 107.9s
[r10] 0075_A_bicycle: 81 frames -> latents (1, 21, 16, 60, 104), vp (1, 1, 16, 60, 104)
Moving DynamicSwap_WanTextEncoder to cuda:0 with preserved memory: 35.013874530792236 GB
[[0, 1]] [[0, 1]]
[ok] 0075_A_bicycle / none: 81 frames in 104.4s
Moving DynamicSwap_WanTextEncoder to cuda:0 with preserved memory: 35.01387405395508 GB
[[0, 1]] [[0, 1]]
[r10] vp_bank built: 30 layers x 1560 tokens (1 latent frame(s))
[ok] 0075_A_bicycle / all: 81 frames in 106.6s
Moving DynamicSwap_WanTextEncoder to cuda:0 with preserved memory: 35.01387405395508 GB
[[0, 1]] [[0, 1]]
[r10] vp_bank built: 30 layers x 1560 tokens (1 latent frame(s))
[ok] 0075_A_bicycle / spatial: 81 frames in 115.0s
Moving DynamicSwap_WanTextEncoder to cuda:0 with preserved memory: 35.01387405395508 GB
[[0, 1]] [[0, 1]]
[r10] vp_bank built: 30 layers x 1560 tokens (1 latent frame(s))
[ok] 0075_A_bicycle / temporal: 81 frames in 107.2s
[r10] 0076_A_rabbit: 81 frames -> latents (1, 21, 16, 60, 104), vp (1, 1, 16, 60, 104)
Moving DynamicSwap_WanTextEncoder to cuda:0 with preserved memory: 35.013874530792236 GB
[[0, 1, 2]] [[0, 1]]
[ok] 0076_A_rabbit / none: 81 frames in 103.9s
Moving DynamicSwap_WanTextEncoder to cuda:0 with preserved memory: 35.01387405395508 GB
[[0, 1, 2]] [[0, 1]]
[r10] vp_bank built: 30 layers x 1560 tokens (1 latent frame(s))
[ok] 0076_A_rabbit / all: 81 frames in 106.7s
Moving DynamicSwap_WanTextEncoder to cuda:0 with preserved memory: 35.01387405395508 GB
[[0, 1, 2]] [[0, 1]]
[r10] vp_bank built: 30 layers x 1560 tokens (1 latent frame(s))
[ok] 0076_A_rabbit / spatial: 81 frames in 115.7s
Moving DynamicSwap_WanTextEncoder to cuda:0 with preserved memory: 35.01387405395508 GB
[[0, 1, 2]] [[0, 1]]
[r10] vp_bank built: 30 layers x 1560 tokens (1 latent frame(s))
[ok] 0076_A_rabbit / temporal: 81 frames in 107.6s
[r10] 0079_A_bus: 81 frames -> latents (1, 21, 16, 60, 104), vp (1, 1, 16, 60, 104)
Moving DynamicSwap_WanTextEncoder to cuda:0 with preserved memory: 35.013874530792236 GB
[[0, 1]] [[0, 1, 2, 3]]
[ok] 0079_A_bus / none: 81 frames in 104.3s
Moving DynamicSwap_WanTextEncoder to cuda:0 with preserved memory: 35.01387405395508 GB
[[0, 1]] [[0, 1, 2, 3]]
[r10] vp_bank built: 30 layers x 1560 tokens (1 latent frame(s))
[ok] 0079_A_bus / all: 81 frames in 106.6s
Moving DynamicSwap_WanTextEncoder to cuda:0 with preserved memory: 35.01387405395508 GB
[[0, 1]] [[0, 1, 2, 3]]
[r10] vp_bank built: 30 layers x 1560 tokens (1 latent frame(s))
[ok] 0079_A_bus / spatial: 81 frames in 115.1s
Moving DynamicSwap_WanTextEncoder to cuda:0 with preserved memory: 35.01387405395508 GB
[[0, 1]] [[0, 1, 2, 3]]
[r10] vp_bank built: 30 layers x 1560 tokens (1 latent frame(s))
[ok] 0079_A_bus / temporal: 81 frames in 107.3s
[r10] 0090_A_deer: 81 frames -> latents (1, 21, 16, 60, 104), vp (1, 1, 16, 60, 104)
Moving DynamicSwap_WanTextEncoder to cuda:0 with preserved memory: 35.013874530792236 GB
[[0, 1, 2]] [[0, 1, 2]]
[ok] 0090_A_deer / none: 81 frames in 103.9s
Moving DynamicSwap_WanTextEncoder to cuda:0 with preserved memory: 35.01387405395508 GB
[[0, 1, 2]] [[0, 1, 2]]
[r10] vp_bank built: 30 layers x 1560 tokens (1 latent frame(s))
[ok] 0090_A_deer / all: 81 frames in 106.6s
Moving DynamicSwap_WanTextEncoder to cuda:0 with preserved memory: 35.01387405395508 GB
[[0, 1, 2]] [[0, 1, 2]]
[r10] vp_bank built: 30 layers x 1560 tokens (1 latent frame(s))
[ok] 0090_A_deer / spatial: 81 frames in 115.6s
Moving DynamicSwap_WanTextEncoder to cuda:0 with preserved memory: 35.01387405395508 GB
[[0, 1, 2]] [[0, 1, 2]]
[r10] vp_bank built: 30 layers x 1560 tokens (1 latent frame(s))
[ok] 0090_A_deer / temporal: 81 frames in 108.3s
[r10] 0091_A_hawk: 81 frames -> latents (1, 21, 16, 60, 104), vp (1, 1, 16, 60, 104)
Moving DynamicSwap_WanTextEncoder to cuda:0 with preserved memory: 35.013874530792236 GB
[[0, 1, 2]] [[0, 1, 2, 3, 4]]
[ok] 0091_A_hawk / none: 81 frames in 104.6s
Moving DynamicSwap_WanTextEncoder to cuda:0 with preserved memory: 35.01387405395508 GB
[[0, 1, 2]] [[0, 1, 2, 3, 4]]
[r10] vp_bank built: 30 layers x 1560 tokens (1 latent frame(s))
[ok] 0091_A_hawk / all: 81 frames in 106.9s
Moving DynamicSwap_WanTextEncoder to cuda:0 with preserved memory: 35.01387405395508 GB
[[0, 1, 2]] [[0, 1, 2, 3, 4]]
[r10] vp_bank built: 30 layers x 1560 tokens (1 latent frame(s))
[ok] 0091_A_hawk / spatial: 81 frames in 115.5s
Moving DynamicSwap_WanTextEncoder to cuda:0 with preserved memory: 35.01387405395508 GB
[[0, 1, 2]] [[0, 1, 2, 3, 4]]
[r10] vp_bank built: 30 layers x 1560 tokens (1 latent frame(s))
[ok] 0091_A_hawk / temporal: 81 frames in 107.9s
[r10] 0007_guitar-violin: 45 frames -> latents (1, 12, 16, 60, 104), vp (1, 1, 16, 60, 104)
Moving DynamicSwap_WanTextEncoder to cuda:0 with preserved memory: 35.015644550323486 GB
[[0, 1]] [[0, 1, 2, 3, 4]]
[ok] 0007_guitar-violin / none: 45 frames in 51.0s
Moving DynamicSwap_WanTextEncoder to cuda:0 with preserved memory: 35.17631912231445 GB
[[0, 1]] [[0, 1, 2, 3, 4]]
[r10] vp_bank built: 30 layers x 1560 tokens (1 latent frame(s))
[ok] 0007_guitar-violin / all: 45 frames in 52.3s
Moving DynamicSwap_WanTextEncoder to cuda:0 with preserved memory: 35.17631912231445 GB
[[0, 1]] [[0, 1, 2, 3, 4]]
[r10] vp_bank built: 30 layers x 1560 tokens (1 latent frame(s))
[ok] 0007_guitar-violin / spatial: 45 frames in 55.7s
Moving DynamicSwap_WanTextEncoder to cuda:0 with preserved memory: 35.17631912231445 GB
[[0, 1]] [[0, 1, 2, 3, 4]]
[r10] vp_bank built: 30 layers x 1560 tokens (1 latent frame(s))
[ok] 0007_guitar-violin / temporal: 45 frames in 52.6s
[r10] 0069_car-turn: 69 frames -> latents (1, 18, 16, 60, 104), vp (1, 1, 16, 60, 104)
Moving DynamicSwap_WanTextEncoder to cuda:0 with preserved memory: 35.175901889801025 GB
[[0, 1, 2]] [[4, 5, 6, 7, 8, 9, 10]]
[ok] 0069_car-turn / none: 69 frames in 85.6s
Moving DynamicSwap_WanTextEncoder to cuda:0 with preserved memory: 35.06878471374512 GB
[[0, 1, 2]] [[4, 5, 6, 7, 8, 9, 10]]
[r10] vp_bank built: 30 layers x 1560 tokens (1 latent frame(s))
[ok] 0069_car-turn / all: 69 frames in 87.0s
Moving DynamicSwap_WanTextEncoder to cuda:0 with preserved memory: 35.06878471374512 GB
[[0, 1, 2]] [[4, 5, 6, 7, 8, 9, 10]]
[r10] vp_bank built: 30 layers x 1560 tokens (1 latent frame(s))
[ok] 0069_car-turn / spatial: 69 frames in 93.7s
Moving DynamicSwap_WanTextEncoder to cuda:0 with preserved memory: 35.06878471374512 GB
[[0, 1, 2]] [[4, 5, 6, 7, 8, 9, 10]]
[r10] vp_bank built: 30 layers x 1560 tokens (1 latent frame(s))
[ok] 0069_car-turn / temporal: 69 frames in 87.6s
[r10] 0011_lucia: 69 frames -> latents (1, 18, 16, 60, 104), vp (1, 1, 16, 60, 104)
Moving DynamicSwap_WanTextEncoder to cuda:0 with preserved memory: 35.068785190582275 GB
[[0, 1, 2, 3, 4, 5]] [[7, 8, 9, 10, 11]]
[ok] 0011_lucia / none: 69 frames in 86.0s
Moving DynamicSwap_WanTextEncoder to cuda:0 with preserved memory: 35.06878471374512 GB
[[0, 1, 2, 3, 4, 5]] [[7, 8, 9, 10, 11]]
[r10] vp_bank built: 30 layers x 1560 tokens (1 latent frame(s))
[ok] 0011_lucia / all: 69 frames in 88.0s
Moving DynamicSwap_WanTextEncoder to cuda:0 with preserved memory: 35.06878471374512 GB
[[0, 1, 2, 3, 4, 5]] [[7, 8, 9, 10, 11]]
[r10] vp_bank built: 30 layers x 1560 tokens (1 latent frame(s))
[ok] 0011_lucia / spatial: 69 frames in 94.8s
Moving DynamicSwap_WanTextEncoder to cuda:0 with preserved memory: 35.06878471374512 GB
[[0, 1, 2, 3, 4, 5]] [[7, 8, 9, 10, 11]]
[r10] vp_bank built: 30 layers x 1560 tokens (1 latent frame(s))
[ok] 0011_lucia / temporal: 69 frames in 88.6s
[r10] 0042_gym-ball: 69 frames -> latents (1, 18, 16, 60, 104), vp (1, 1, 16, 60, 104)
Moving DynamicSwap_WanTextEncoder to cuda:0 with preserved memory: 35.06878328323364 GB
[[0, 1]] [[6, 7, 8, 9, 10]]
[ok] 0042_gym-ball / none: 69 frames in 85.2s
Moving DynamicSwap_WanTextEncoder to cuda:0 with preserved memory: 35.068782806396484 GB
[[0, 1]] [[6, 7, 8, 9, 10]]
[r10] vp_bank built: 30 layers x 1560 tokens (1 latent frame(s))
[ok] 0042_gym-ball / all: 69 frames in 87.1s
Moving DynamicSwap_WanTextEncoder to cuda:0 with preserved memory: 35.068782806396484 GB
[[0, 1]] [[6, 7, 8, 9, 10]]
[r10] vp_bank built: 30 layers x 1560 tokens (1 latent frame(s))
[ok] 0042_gym-ball / spatial: 69 frames in 92.9s
Moving DynamicSwap_WanTextEncoder to cuda:0 with preserved memory: 35.068782806396484 GB
[[0, 1]] [[6, 7, 8, 9, 10]]
[r10] vp_bank built: 30 layers x 1560 tokens (1 latent frame(s))
[ok] 0042_gym-ball / temporal: 69 frames in 87.5s
[r10] 0002_girl-dog: 81 frames -> latents (1, 21, 16, 60, 104), vp (1, 1, 16, 60, 104)
Moving DynamicSwap_WanTextEncoder to cuda:0 with preserved memory: 35.06773805618286 GB
[[20, 21, 22, 23, 24, 25, 26, 27]] [[20, 21, 22, 23, 24, 25, 26, 27, 28]]
[ok] 0002_girl-dog / none: 81 frames in 105.2s
Moving DynamicSwap_WanTextEncoder to cuda:0 with preserved memory: 35.01417922973633 GB
[[20, 21, 22, 23, 24, 25, 26, 27]] [[20, 21, 22, 23, 24, 25, 26, 27, 28]]
[r10] vp_bank built: 30 layers x 1560 tokens (1 latent frame(s))
[ok] 0002_girl-dog / all: 81 frames in 107.1s
Moving DynamicSwap_WanTextEncoder to cuda:0 with preserved memory: 35.01417922973633 GB
[[20, 21, 22, 23, 24, 25, 26, 27]] [[20, 21, 22, 23, 24, 25, 26, 27, 28]]
[r10] vp_bank built: 30 layers x 1560 tokens (1 latent frame(s))
[ok] 0002_girl-dog / spatial: 81 frames in 116.1s
Moving DynamicSwap_WanTextEncoder to cuda:0 with preserved memory: 35.01417922973633 GB
[[20, 21, 22, 23, 24, 25, 26, 27]] [[20, 21, 22, 23, 24, 25, 26, 27, 28]]
[r10] vp_bank built: 30 layers x 1560 tokens (1 latent frame(s))
[ok] 0002_girl-dog / temporal: 81 frames in 108.0s
[r10] done: 80/80 ok -> /projects/dataggen/outputs/five_bench/r10_vp_arms/_manifest.csv
[r10_infer] frame dirs present: 80 (expect 4 arms x 20 cases)
