[r10_infer] job=902952 cases=8 -> /projects/dataggen/outputs/five_bench/r10_vp_arms
Free VRAM 43.969970703125 GB
KV inference with 3 frames per block
[r10] cases=8 arms=['none', 'all', 'spatial', 'temporal'] blend_off=True seed=0 out=/projects/dataggen/outputs/five_bench/r10_vp_arms
[r10]   gate all: 360/360 heads
[r10]   gate spatial: 281/360 heads
[r10]   gate temporal: 10/360 heads
[r10] 0001_bus: 69 frames -> latents (1, 18, 16, 60, 104), vp (1, 1, 16, 60, 104)
Moving DynamicSwap_WanTextEncoder to cuda:0 with preserved memory: 35.38994359970093 GB
[[0, 1, 2]] [[0, 1, 2]]
[ok] 0001_bus / none: 69 frames in 82.2s
Moving DynamicSwap_WanTextEncoder to cuda:0 with preserved memory: 35.07262992858887 GB
[[0, 1, 2]] [[0, 1, 2]]
[r10] vp_bank built: 30 layers x 1560 tokens (1 latent frame(s))
[ok] 0001_bus / all: 69 frames in 85.2s
Moving DynamicSwap_WanTextEncoder to cuda:0 with preserved memory: 35.07067680358887 GB
[[0, 1, 2]] [[0, 1, 2]]
[r10] vp_bank built: 30 layers x 1560 tokens (1 latent frame(s))
[ok] 0001_bus / spatial: 69 frames in 92.2s
Moving DynamicSwap_WanTextEncoder to cuda:0 with preserved memory: 35.07067680358887 GB
[[0, 1, 2]] [[0, 1, 2]]
[r10] vp_bank built: 30 layers x 1560 tokens (1 latent frame(s))
[ok] 0001_bus / temporal: 69 frames in 86.0s
[r10] 0028_kite-walk: 69 frames -> latents (1, 18, 16, 60, 104), vp (1, 1, 16, 60, 104)
Moving DynamicSwap_WanTextEncoder to cuda:0 with preserved memory: 35.070677280426025 GB
[[0, 1]] [[1, 2]]
[ok] 0028_kite-walk / none: 69 frames in 83.9s
Moving DynamicSwap_WanTextEncoder to cuda:0 with preserved memory: 35.07067680358887 GB
[[0, 1]] [[1, 2]]
[r10] vp_bank built: 30 layers x 1560 tokens (1 latent frame(s))
[ok] 0028_kite-walk / all: 69 frames in 85.8s
Moving DynamicSwap_WanTextEncoder to cuda:0 with preserved memory: 35.07067680358887 GB
[[0, 1]] [[1, 2]]
[r10] vp_bank built: 30 layers x 1560 tokens (1 latent frame(s))
[ok] 0028_kite-walk / spatial: 69 frames in 92.5s
Moving DynamicSwap_WanTextEncoder to cuda:0 with preserved memory: 35.07067680358887 GB
[[0, 1]] [[1, 2]]
[r10] vp_bank built: 30 layers x 1560 tokens (1 latent frame(s))
[ok] 0028_kite-walk / temporal: 69 frames in 86.7s
[r10] 0040_tennis: 69 frames -> latents (1, 18, 16, 60, 104), vp (1, 1, 16, 60, 104)
Moving DynamicSwap_WanTextEncoder to cuda:0 with preserved memory: 35.070677280426025 GB
[[0, 1, 2]] [[0, 1]]
[ok] 0040_tennis / none: 69 frames in 63.7s
Moving DynamicSwap_WanTextEncoder to cuda:0 with preserved memory: 35.07067680358887 GB
[[0, 1, 2]] [[0, 1]]
[r10] vp_bank built: 30 layers x 1560 tokens (1 latent frame(s))
[ok] 0040_tennis / all: 69 frames in 65.8s
Moving DynamicSwap_WanTextEncoder to cuda:0 with preserved memory: 35.07067680358887 GB
[[0, 1, 2]] [[0, 1]]
[r10] vp_bank built: 30 layers x 1560 tokens (1 latent frame(s))
