[r10_infer] job=906099 cases=20 -> /projects/dataggen/outputs/five_bench/r10_vp_arms
[r10] gates: R19 equal-budget disjoint key sets; supersedes r10_head_gates.pt, which came from the 1560-vs-18 margins
[r10]   thresholds {'tau_route': 0.15, 'tau_dense': 0.28, 'shape': 'flat'} over 21 videos
Free VRAM 43.969970703125 GB
KV inference with 3 frames per block
[r10] cases=20 arms=['none', 'all', 'spatial', 'temporal', 'rand_spatial', 'rand_temporal'] blend_off=True seed=0 out=/projects/dataggen/outputs/five_bench/r10_vp_arms
[r10] anchors from /projects/dataggen/outputs/five_bench/anchors/edit{T}/ (shared with the SS4.5/R7 arm)
[r10]   gate all: 360/360 heads
[r10]   gate spatial: 117/360 heads
[r10]   gate temporal: 49/360 heads
[r10]   gate rand_spatial: 117/360 heads
[r10]   gate rand_temporal: 49/360 heads
[r10] 0001_bus: 69 frames -> latents (1, 18, 16, 60, 104), vp (1, 1, 16, 60, 104)
Moving DynamicSwap_WanTextEncoder to cuda:0 with preserved memory: 35.38994359970093 GB
[[0, 1, 2]] [[0, 1, 2]]
[ok] 0001_bus / none: 69 frames in 79.3s
Moving DynamicSwap_WanTextEncoder to cuda:0 with preserved memory: 35.07262992858887 GB
[[0, 1, 2]] [[0, 1, 2]]
[r10] vp_bank built: 30 layers x 1560 tokens (1 latent frame(s))
[ok] 0001_bus / all: 69 frames in 82.0s
Moving DynamicSwap_WanTextEncoder to cuda:0 with preserved memory: 35.07067680358887 GB
[[0, 1, 2]] [[0, 1, 2]]
[r10] vp_bank built: 30 layers x 1560 tokens (1 latent frame(s))
[ok] 0001_bus / spatial: 69 frames in 89.3s
Moving DynamicSwap_WanTextEncoder to cuda:0 with preserved memory: 35.07067680358887 GB
[[0, 1, 2]] [[0, 1, 2]]
[r10] vp_bank built: 30 layers x 1560 tokens (1 latent frame(s))
[ok] 0001_bus / temporal: 69 frames in 87.2s
Moving DynamicSwap_WanTextEncoder to cuda:0 with preserved memory: 35.07067680358887 GB
[[0, 1, 2]] [[0, 1, 2]]
[r10] vp_bank built: 30 layers x 1560 tokens (1 latent frame(s))
[ok] 0001_bus / rand_spatial: 69 frames in 89.9s
Moving DynamicSwap_WanTextEncoder to cuda:0 with preserved memory: 35.07067680358887 GB
[[0, 1, 2]] [[0, 1, 2]]
[r10] vp_bank built: 30 layers x 1560 tokens (1 latent frame(s))
[ok] 0001_bus / rand_temporal: 69 frames in 88.0s
[r10] 0028_kite-walk: 69 frames -> latents (1, 18, 16, 60, 104), vp (1, 1, 16, 60, 104)
Moving DynamicSwap_WanTextEncoder to cuda:0 with preserved memory: 35.070677280426025 GB
[[0, 1]] [[1, 2]]
[ok] 0028_kite-walk / none: 69 frames in 80.9s
Moving DynamicSwap_WanTextEncoder to cuda:0 with preserved memory: 35.07067680358887 GB
[[0, 1]] [[1, 2]]
[r10] vp_bank built: 30 layers x 1560 tokens (1 latent frame(s))
[ok] 0028_kite-walk / all: 69 frames in 83.0s
Moving DynamicSwap_WanTextEncoder to cuda:0 with preserved memory: 35.07067680358887 GB
[[0, 1]] [[1, 2]]
[r10] vp_bank built: 30 layers x 1560 tokens (1 latent frame(s))
[ok] 0028_kite-walk / spatial: 69 frames in 90.7s
Moving DynamicSwap_WanTextEncoder to cuda:0 with preserved memory: 35.07067680358887 GB
[[0, 1]] [[1, 2]]
[r10] vp_bank built: 30 layers x 1560 tokens (1 latent frame(s))
[ok] 0028_kite-walk / temporal: 69 frames in 88.6s
Moving DynamicSwap_WanTextEncoder to cuda:0 with preserved memory: 35.07067680358887 GB
[[0, 1]] [[1, 2]]
[r10] vp_bank built: 30 layers x 1560 tokens (1 latent frame(s))
[ok] 0028_kite-walk / rand_spatial: 69 frames in 91.1s
Moving DynamicSwap_WanTextEncoder to cuda:0 with preserved memory: 35.07067680358887 GB
[[0, 1]] [[1, 2]]
[r10] vp_bank built: 30 layers x 1560 tokens (1 latent frame(s))
[ok] 0028_kite-walk / rand_temporal: 69 frames in 89.8s
[r10] 0040_tennis: 69 frames -> latents (1, 18, 16, 60, 104), vp (1, 1, 16, 60, 104)
Moving DynamicSwap_WanTextEncoder to cuda:0 with preserved memory: 35.07067537307739 GB
[[0, 1, 2]] [[0, 1]]
[ok] 0040_tennis / none: 69 frames in 81.1s
Moving DynamicSwap_WanTextEncoder to cuda:0 with preserved memory: 35.070674896240234 GB
[[0, 1, 2]] [[0, 1]]
[r10] vp_bank built: 30 layers x 1560 tokens (1 latent frame(s))
[ok] 0040_tennis / all: 69 frames in 83.0s
Moving DynamicSwap_WanTextEncoder to cuda:0 with preserved memory: 35.070674896240234 GB
[[0, 1, 2]] [[0, 1]]
[r10] vp_bank built: 30 layers x 1560 tokens (1 latent frame(s))
[ok] 0040_tennis / spatial: 69 frames in 90.4s
Moving DynamicSwap_WanTextEncoder to cuda:0 with preserved memory: 35.070674896240234 GB
[[0, 1, 2]] [[0, 1]]
[r10] vp_bank built: 30 layers x 1560 tokens (1 latent frame(s))
[ok] 0040_tennis / temporal: 69 frames in 88.2s
Moving DynamicSwap_WanTextEncoder to cuda:0 with preserved memory: 35.070674896240234 GB
[[0, 1, 2]] [[0, 1]]
[r10] vp_bank built: 30 layers x 1560 tokens (1 latent frame(s))
[ok] 0040_tennis / rand_spatial: 69 frames in 90.5s
Moving DynamicSwap_WanTextEncoder to cuda:0 with preserved memory: 35.070674896240234 GB
[[0, 1, 2]] [[0, 1]]
[r10] vp_bank built: 30 layers x 1560 tokens (1 latent frame(s))
[ok] 0040_tennis / rand_temporal: 69 frames in 89.0s
[r10] 0057_dog: 57 frames -> latents (1, 15, 16, 60, 104), vp (1, 1, 16, 60, 104)
Moving DynamicSwap_WanTextEncoder to cuda:0 with preserved memory: 35.07109498977661 GB
[[0, 1, 2, 3]] [[0, 1, 2]]
[ok] 0057_dog / none: 57 frames in 63.8s
Moving DynamicSwap_WanTextEncoder to cuda:0 with preserved memory: 35.12465286254883 GB
[[0, 1, 2, 3]] [[0, 1, 2]]
[r10] vp_bank built: 30 layers x 1560 tokens (1 latent frame(s))
[ok] 0057_dog / all: 57 frames in 65.5s
Moving DynamicSwap_WanTextEncoder to cuda:0 with preserved memory: 35.12465286254883 GB
[[0, 1, 2, 3]] [[0, 1, 2]]
[r10] vp_bank built: 30 layers x 1560 tokens (1 latent frame(s))
[ok] 0057_dog / spatial: 57 frames in 70.8s
Moving DynamicSwap_WanTextEncoder to cuda:0 with preserved memory: 35.12465286254883 GB
[[0, 1, 2, 3]] [[0, 1, 2]]
[r10] vp_bank built: 30 layers x 1560 tokens (1 latent frame(s))
[ok] 0057_dog / temporal: 57 frames in 69.2s
Moving DynamicSwap_WanTextEncoder to cuda:0 with preserved memory: 35.12465286254883 GB
[[0, 1, 2, 3]] [[0, 1, 2]]
[r10] vp_bank built: 30 layers x 1560 tokens (1 latent frame(s))
[ok] 0057_dog / rand_spatial: 57 frames in 71.1s
Moving DynamicSwap_WanTextEncoder to cuda:0 with preserved memory: 35.12465286254883 GB
[[0, 1, 2, 3]] [[0, 1, 2]]
[r10] vp_bank built: 30 layers x 1560 tokens (1 latent frame(s))
[ok] 0057_dog / rand_temporal: 57 frames in 70.2s
[r10] 0011_lucia: 69 frames -> latents (1, 18, 16, 60, 104), vp (1, 1, 16, 60, 104)
Moving DynamicSwap_WanTextEncoder to cuda:0 with preserved memory: 35.12423372268677 GB
[[0, 1, 2, 3, 4, 5]] [[0, 1, 2]]
[ok] 0011_lucia / none: 69 frames in 81.3s
Moving DynamicSwap_WanTextEncoder to cuda:0 with preserved memory: 35.070674896240234 GB
[[0, 1, 2, 3, 4, 5]] [[0, 1, 2]]
[r10] vp_bank built: 30 layers x 1560 tokens (1 latent frame(s))
[ok] 0011_lucia / all: 69 frames in 83.3s
Moving DynamicSwap_WanTextEncoder to cuda:0 with preserved memory: 35.070674896240234 GB
[[0, 1, 2, 3, 4, 5]] [[0, 1, 2]]
[r10] vp_bank built: 30 layers x 1560 tokens (1 latent frame(s))
[ok] 0011_lucia / spatial: 69 frames in 90.7s
Moving DynamicSwap_WanTextEncoder to cuda:0 with preserved memory: 35.070674896240234 GB
[[0, 1, 2, 3, 4, 5]] [[0, 1, 2]]
[r10] vp_bank built: 30 layers x 1560 tokens (1 latent frame(s))
[ok] 0011_lucia / temporal: 69 frames in 88.7s
Moving DynamicSwap_WanTextEncoder to cuda:0 with preserved memory: 35.070674896240234 GB
[[0, 1, 2, 3, 4, 5]] [[0, 1, 2]]
[r10] vp_bank built: 30 layers x 1560 tokens (1 latent frame(s))
[ok] 0011_lucia / rand_spatial: 69 frames in 90.9s
Moving DynamicSwap_WanTextEncoder to cuda:0 with preserved memory: 35.070674896240234 GB
[[0, 1, 2, 3, 4, 5]] [[0, 1, 2]]
[r10] vp_bank built: 30 layers x 1560 tokens (1 latent frame(s))
[ok] 0011_lucia / rand_temporal: 69 frames in 89.4s
[r10] 0014_burnout: 69 frames -> latents (1, 18, 16, 60, 104), vp (1, 1, 16, 60, 104)
Moving DynamicSwap_WanTextEncoder to cuda:0 with preserved memory: 35.070677280426025 GB
[[0, 1, 2]] [[0, 1, 2]]
[ok] 0014_burnout / none: 69 frames in 81.2s
Moving DynamicSwap_WanTextEncoder to cuda:0 with preserved memory: 35.07067680358887 GB
[[0, 1, 2]] [[0, 1, 2]]
[r10] vp_bank built: 30 layers x 1560 tokens (1 latent frame(s))
[ok] 0014_burnout / all: 69 frames in 83.4s
Moving DynamicSwap_WanTextEncoder to cuda:0 with preserved memory: 35.07067680358887 GB
[[0, 1, 2]] [[0, 1, 2]]
[r10] vp_bank built: 30 layers x 1560 tokens (1 latent frame(s))
[ok] 0014_burnout / spatial: 69 frames in 90.4s
Moving DynamicSwap_WanTextEncoder to cuda:0 with preserved memory: 35.07067680358887 GB
[[0, 1, 2]] [[0, 1, 2]]
[r10] vp_bank built: 30 layers x 1560 tokens (1 latent frame(s))
[ok] 0014_burnout / temporal: 69 frames in 88.1s
Moving DynamicSwap_WanTextEncoder to cuda:0 with preserved memory: 35.07067680358887 GB
[[0, 1, 2]] [[0, 1, 2]]
[r10] vp_bank built: 30 layers x 1560 tokens (1 latent frame(s))
[ok] 0014_burnout / rand_spatial: 69 frames in 90.5s
Moving DynamicSwap_WanTextEncoder to cuda:0 with preserved memory: 35.07067680358887 GB
[[0, 1, 2]] [[0, 1, 2]]
[r10] vp_bank built: 30 layers x 1560 tokens (1 latent frame(s))
[ok] 0014_burnout / rand_temporal: 69 frames in 89.1s
[r10] 0016_horsejump-high: 45 frames -> latents (1, 12, 16, 60, 104), vp (1, 1, 16, 60, 104)
Moving DynamicSwap_WanTextEncoder to cuda:0 with preserved memory: 35.07179307937622 GB
[[0, 1, 2, 3, 4]] [[0, 1, 2, 3]]
[ok] 0016_horsejump-high / none: 45 frames in 48.3s
Moving DynamicSwap_WanTextEncoder to cuda:0 with preserved memory: 35.17890930175781 GB
[[0, 1, 2, 3, 4]] [[0, 1, 2, 3]]
[r10] vp_bank built: 30 layers x 1560 tokens (1 latent frame(s))
[ok] 0016_horsejump-high / all: 45 frames in 49.5s
Moving DynamicSwap_WanTextEncoder to cuda:0 with preserved memory: 35.17890930175781 GB
[[0, 1, 2, 3, 4]] [[0, 1, 2, 3]]
[r10] vp_bank built: 30 layers x 1560 tokens (1 latent frame(s))
[ok] 0016_horsejump-high / spatial: 45 frames in 53.3s
Moving DynamicSwap_WanTextEncoder to cuda:0 with preserved memory: 35.17890930175781 GB
[[0, 1, 2, 3, 4]] [[0, 1, 2, 3]]
[r10] vp_bank built: 30 layers x 1560 tokens (1 latent frame(s))
[ok] 0016_horsejump-high / temporal: 45 frames in 52.1s
Moving DynamicSwap_WanTextEncoder to cuda:0 with preserved memory: 35.17890930175781 GB
[[0, 1, 2, 3, 4]] [[0, 1, 2, 3]]
[r10] vp_bank built: 30 layers x 1560 tokens (1 latent frame(s))
[ok] 0016_horsejump-high / rand_spatial: 45 frames in 53.4s
Moving DynamicSwap_WanTextEncoder to cuda:0 with preserved memory: 35.17890930175781 GB
[[0, 1, 2, 3, 4]] [[0, 1, 2, 3]]
[r10] vp_bank built: 30 layers x 1560 tokens (1 latent frame(s))
[ok] 0016_horsejump-high / rand_temporal: 45 frames in 52.8s
[r10] 0068_planes-water: 33 frames -> latents (1, 9, 16, 60, 104), vp (1, 1, 16, 60, 104)
Moving DynamicSwap_WanTextEncoder to cuda:0 with preserved memory: 35.179462909698486 GB
[[0, 1, 2, 3, 4]] [[0, 1, 2, 3]]
[ok] 0068_planes-water / none: 33 frames in 33.9s
Moving DynamicSwap_WanTextEncoder to cuda:0 with preserved memory: 35.2330207824707 GB
[[0, 1, 2, 3, 4]] [[0, 1, 2, 3]]
[r10] vp_bank built: 30 layers x 1560 tokens (1 latent frame(s))
[ok] 0068_planes-water / all: 33 frames in 34.9s
Moving DynamicSwap_WanTextEncoder to cuda:0 with preserved memory: 35.2330207824707 GB
[[0, 1, 2, 3, 4]] [[0, 1, 2, 3]]
[r10] vp_bank built: 30 layers x 1560 tokens (1 latent frame(s))
[ok] 0068_planes-water / spatial: 33 frames in 37.1s
Moving DynamicSwap_WanTextEncoder to cuda:0 with preserved memory: 35.2330207824707 GB
[[0, 1, 2, 3, 4]] [[0, 1, 2, 3]]
[r10] vp_bank built: 30 layers x 1560 tokens (1 latent frame(s))
[ok] 0068_planes-water / temporal: 33 frames in 36.3s
Moving DynamicSwap_WanTextEncoder to cuda:0 with preserved memory: 35.2330207824707 GB
[[0, 1, 2, 3, 4]] [[0, 1, 2, 3]]
[r10] vp_bank built: 30 layers x 1560 tokens (1 latent frame(s))
[ok] 0068_planes-water / rand_spatial: 33 frames in 37.1s
Moving DynamicSwap_WanTextEncoder to cuda:0 with preserved memory: 35.2330207824707 GB
[[0, 1, 2, 3, 4]] [[0, 1, 2, 3]]
[r10] vp_bank built: 30 layers x 1560 tokens (1 latent frame(s))
[ok] 0068_planes-water / rand_temporal: 33 frames in 36.7s
[r10] 0072_dog-agility: 21 frames -> latents (1, 6, 16, 60, 104), vp (1, 1, 16, 60, 104)
Moving DynamicSwap_WanTextEncoder to cuda:0 with preserved memory: 35.233234882354736 GB
[[0, 1, 2, 3]] [[0, 1, 2]]
[ok] 0072_dog-agility / none: 21 frames in 21.0s
Moving DynamicSwap_WanTextEncoder to cuda:0 with preserved memory: 35.28679275512695 GB
[[0, 1, 2, 3]] [[0, 1, 2]]
[r10] vp_bank built: 30 layers x 1560 tokens (1 latent frame(s))
[ok] 0072_dog-agility / all: 21 frames in 21.7s
Moving DynamicSwap_WanTextEncoder to cuda:0 with preserved memory: 35.28676986694336 GB
[[0, 1, 2, 3]] [[0, 1, 2]]
[r10] vp_bank built: 30 layers x 1560 tokens (1 latent frame(s))
[ok] 0072_dog-agility / spatial: 21 frames in 22.9s
Moving DynamicSwap_WanTextEncoder to cuda:0 with preserved memory: 35.28676986694336 GB
[[0, 1, 2, 3]] [[0, 1, 2]]
[r10] vp_bank built: 30 layers x 1560 tokens (1 latent frame(s))
[ok] 0072_dog-agility / temporal: 21 frames in 22.5s
Moving DynamicSwap_WanTextEncoder to cuda:0 with preserved memory: 35.28676986694336 GB
[[0, 1, 2, 3]] [[0, 1, 2]]
[r10] vp_bank built: 30 layers x 1560 tokens (1 latent frame(s))
[ok] 0072_dog-agility / rand_spatial: 21 frames in 22.9s
Moving DynamicSwap_WanTextEncoder to cuda:0 with preserved memory: 35.28676986694336 GB
[[0, 1, 2, 3]] [[0, 1, 2]]
[r10] vp_bank built: 30 layers x 1560 tokens (1 latent frame(s))
[ok] 0072_dog-agility / rand_temporal: 21 frames in 22.8s
[r10] 0074_rhino: 81 frames -> latents (1, 21, 16, 60, 104), vp (1, 1, 16, 60, 104)
Moving DynamicSwap_WanTextEncoder to cuda:0 with preserved memory: 35.28353548049927 GB
[[0, 1, 2, 3, 4]] [[0, 1, 2, 3]]
[ok] 0074_rhino / none: 81 frames in 100.7s
Moving DynamicSwap_WanTextEncoder to cuda:0 with preserved memory: 35.01576614379883 GB
[[0, 1, 2, 3, 4]] [[0, 1, 2, 3]]
[r10] vp_bank built: 30 layers x 1560 tokens (1 latent frame(s))
[ok] 0074_rhino / all: 81 frames in 103.2s
Moving DynamicSwap_WanTextEncoder to cuda:0 with preserved memory: 35.01576614379883 GB
[[0, 1, 2, 3, 4]] [[0, 1, 2, 3]]
[r10] vp_bank built: 30 layers x 1560 tokens (1 latent frame(s))
[ok] 0074_rhino / spatial: 81 frames in 112.6s
Moving DynamicSwap_WanTextEncoder to cuda:0 with preserved memory: 35.01576614379883 GB
[[0, 1, 2, 3, 4]] [[0, 1, 2, 3]]
[r10] vp_bank built: 30 layers x 1560 tokens (1 latent frame(s))
[ok] 0074_rhino / temporal: 81 frames in 110.2s
Moving DynamicSwap_WanTextEncoder to cuda:0 with preserved memory: 35.01576614379883 GB
[[0, 1, 2, 3, 4]] [[0, 1, 2, 3]]
[r10] vp_bank built: 30 layers x 1560 tokens (1 latent frame(s))
[ok] 0074_rhino / rand_spatial: 81 frames in 113.0s
Moving DynamicSwap_WanTextEncoder to cuda:0 with preserved memory: 35.01576614379883 GB
[[0, 1, 2, 3, 4]] [[0, 1, 2, 3]]
[r10] vp_bank built: 30 layers x 1560 tokens (1 latent frame(s))
[ok] 0074_rhino / rand_temporal: 81 frames in 111.1s
[r10] 0075_A_bicycle: 81 frames -> latents (1, 21, 16, 60, 104), vp (1, 1, 16, 60, 104)
Moving DynamicSwap_WanTextEncoder to cuda:0 with preserved memory: 35.015766620635986 GB
[[0, 1]] [[0, 1]]
[ok] 0075_A_bicycle / none: 81 frames in 100.0s
Moving DynamicSwap_WanTextEncoder to cuda:0 with preserved memory: 35.01576614379883 GB
[[0, 1]] [[0, 1]]
[r10] vp_bank built: 30 layers x 1560 tokens (1 latent frame(s))
[ok] 0075_A_bicycle / all: 81 frames in 102.6s
Moving DynamicSwap_WanTextEncoder to cuda:0 with preserved memory: 35.01576614379883 GB
[[0, 1]] [[0, 1]]
[r10] vp_bank built: 30 layers x 1560 tokens (1 latent frame(s))
[ok] 0075_A_bicycle / spatial: 81 frames in 111.9s
Moving DynamicSwap_WanTextEncoder to cuda:0 with preserved memory: 35.01576614379883 GB
[[0, 1]] [[0, 1]]
[r10] vp_bank built: 30 layers x 1560 tokens (1 latent frame(s))
[ok] 0075_A_bicycle / temporal: 81 frames in 109.3s
Moving DynamicSwap_WanTextEncoder to cuda:0 with preserved memory: 35.01576614379883 GB
[[0, 1]] [[0, 1]]
[r10] vp_bank built: 30 layers x 1560 tokens (1 latent frame(s))
[ok] 0075_A_bicycle / rand_spatial: 81 frames in 112.6s
Moving DynamicSwap_WanTextEncoder to cuda:0 with preserved memory: 35.01576614379883 GB
[[0, 1]] [[0, 1]]
[r10] vp_bank built: 30 layers x 1560 tokens (1 latent frame(s))
[ok] 0075_A_bicycle / rand_temporal: 81 frames in 110.6s
[r10] 0076_A_rabbit: 81 frames -> latents (1, 21, 16, 60, 104), vp (1, 1, 16, 60, 104)
Moving DynamicSwap_WanTextEncoder to cuda:0 with preserved memory: 35.015766620635986 GB
[[0, 1, 2]] [[0, 1]]
[ok] 0076_A_rabbit / none: 81 frames in 99.9s
Moving DynamicSwap_WanTextEncoder to cuda:0 with preserved memory: 35.01576614379883 GB
[[0, 1, 2]] [[0, 1]]
[r10] vp_bank built: 30 layers x 1560 tokens (1 latent frame(s))
[ok] 0076_A_rabbit / all: 81 frames in 102.5s
Moving DynamicSwap_WanTextEncoder to cuda:0 with preserved memory: 35.01576614379883 GB
[[0, 1, 2]] [[0, 1]]
[r10] vp_bank built: 30 layers x 1560 tokens (1 latent frame(s))
[ok] 0076_A_rabbit / spatial: 81 frames in 111.0s
Moving DynamicSwap_WanTextEncoder to cuda:0 with preserved memory: 35.01576614379883 GB
[[0, 1, 2]] [[0, 1]]
[r10] vp_bank built: 30 layers x 1560 tokens (1 latent frame(s))
[ok] 0076_A_rabbit / temporal: 81 frames in 108.2s
Moving DynamicSwap_WanTextEncoder to cuda:0 with preserved memory: 35.01576614379883 GB
[[0, 1, 2]] [[0, 1]]
[r10] vp_bank built: 30 layers x 1560 tokens (1 latent frame(s))
[ok] 0076_A_rabbit / rand_spatial: 81 frames in 111.1s
Moving DynamicSwap_WanTextEncoder to cuda:0 with preserved memory: 35.01576614379883 GB
[[0, 1, 2]] [[0, 1]]
[r10] vp_bank built: 30 layers x 1560 tokens (1 latent frame(s))
[ok] 0076_A_rabbit / rand_temporal: 81 frames in 109.6s
[r10] 0079_A_bus: 81 frames -> latents (1, 21, 16, 60, 104), vp (1, 1, 16, 60, 104)
Moving DynamicSwap_WanTextEncoder to cuda:0 with preserved memory: 35.015766620635986 GB
[[0, 1]] [[0, 1, 2, 3]]
[ok] 0079_A_bus / none: 81 frames in 98.9s
Moving DynamicSwap_WanTextEncoder to cuda:0 with preserved memory: 35.01576614379883 GB
[[0, 1]] [[0, 1, 2, 3]]
[r10] vp_bank built: 30 layers x 1560 tokens (1 latent frame(s))
[ok] 0079_A_bus / all: 81 frames in 101.6s
Moving DynamicSwap_WanTextEncoder to cuda:0 with preserved memory: 35.01576614379883 GB
[[0, 1]] [[0, 1, 2, 3]]
[r10] vp_bank built: 30 layers x 1560 tokens (1 latent frame(s))
[ok] 0079_A_bus / spatial: 81 frames in 110.6s
Moving DynamicSwap_WanTextEncoder to cuda:0 with preserved memory: 35.01576614379883 GB
[[0, 1]] [[0, 1, 2, 3]]
[r10] vp_bank built: 30 layers x 1560 tokens (1 latent frame(s))
[ok] 0079_A_bus / temporal: 81 frames in 107.9s
Moving DynamicSwap_WanTextEncoder to cuda:0 with preserved memory: 35.01576614379883 GB
[[0, 1]] [[0, 1, 2, 3]]
[r10] vp_bank built: 30 layers x 1560 tokens (1 latent frame(s))
[ok] 0079_A_bus / rand_spatial: 81 frames in 110.9s
Moving DynamicSwap_WanTextEncoder to cuda:0 with preserved memory: 35.01576614379883 GB
[[0, 1]] [[0, 1, 2, 3]]
[r10] vp_bank built: 30 layers x 1560 tokens (1 latent frame(s))
[ok] 0079_A_bus / rand_temporal: 81 frames in 109.2s
[r10] 0090_A_deer: 81 frames -> latents (1, 21, 16, 60, 104), vp (1, 1, 16, 60, 104)
Moving DynamicSwap_WanTextEncoder to cuda:0 with preserved memory: 35.015766620635986 GB
[[0, 1, 2]] [[0, 1, 2]]
[ok] 0090_A_deer / none: 81 frames in 98.9s
Moving DynamicSwap_WanTextEncoder to cuda:0 with preserved memory: 35.01576614379883 GB
[[0, 1, 2]] [[0, 1, 2]]
[r10] vp_bank built: 30 layers x 1560 tokens (1 latent frame(s))
[ok] 0090_A_deer / all: 81 frames in 101.7s
Moving DynamicSwap_WanTextEncoder to cuda:0 with preserved memory: 35.01576614379883 GB
[[0, 1, 2]] [[0, 1, 2]]
[r10] vp_bank built: 30 layers x 1560 tokens (1 latent frame(s))
[ok] 0090_A_deer / spatial: 81 frames in 111.0s
Moving DynamicSwap_WanTextEncoder to cuda:0 with preserved memory: 35.01576614379883 GB
[[0, 1, 2]] [[0, 1, 2]]
[r10] vp_bank built: 30 layers x 1560 tokens (1 latent frame(s))
[ok] 0090_A_deer / temporal: 81 frames in 108.3s
Moving DynamicSwap_WanTextEncoder to cuda:0 with preserved memory: 35.01576614379883 GB
[[0, 1, 2]] [[0, 1, 2]]
[r10] vp_bank built: 30 layers x 1560 tokens (1 latent frame(s))
[ok] 0090_A_deer / rand_spatial: 81 frames in 111.8s
Moving DynamicSwap_WanTextEncoder to cuda:0 with preserved memory: 35.01576614379883 GB
[[0, 1, 2]] [[0, 1, 2]]
[r10] vp_bank built: 30 layers x 1560 tokens (1 latent frame(s))
[ok] 0090_A_deer / rand_temporal: 81 frames in 109.3s
[r10] 0091_A_hawk: 81 frames -> latents (1, 21, 16, 60, 104), vp (1, 1, 16, 60, 104)
Moving DynamicSwap_WanTextEncoder to cuda:0 with preserved memory: 35.015766620635986 GB
[[0, 1, 2]] [[0, 1, 2, 3, 4]]
[ok] 0091_A_hawk / none: 81 frames in 99.7s
Moving DynamicSwap_WanTextEncoder to cuda:0 with preserved memory: 35.01576614379883 GB
[[0, 1, 2]] [[0, 1, 2, 3, 4]]
[r10] vp_bank built: 30 layers x 1560 tokens (1 latent frame(s))
[ok] 0091_A_hawk / all: 81 frames in 102.8s
Moving DynamicSwap_WanTextEncoder to cuda:0 with preserved memory: 35.01576614379883 GB
[[0, 1, 2]] [[0, 1, 2, 3, 4]]
[r10] vp_bank built: 30 layers x 1560 tokens (1 latent frame(s))
[ok] 0091_A_hawk / spatial: 81 frames in 112.1s
Moving DynamicSwap_WanTextEncoder to cuda:0 with preserved memory: 35.01576614379883 GB
[[0, 1, 2]] [[0, 1, 2, 3, 4]]
[r10] vp_bank built: 30 layers x 1560 tokens (1 latent frame(s))
[ok] 0091_A_hawk / temporal: 81 frames in 109.1s
Moving DynamicSwap_WanTextEncoder to cuda:0 with preserved memory: 35.01576614379883 GB
[[0, 1, 2]] [[0, 1, 2, 3, 4]]
[r10] vp_bank built: 30 layers x 1560 tokens (1 latent frame(s))
[ok] 0091_A_hawk / rand_spatial: 81 frames in 111.9s
Moving DynamicSwap_WanTextEncoder to cuda:0 with preserved memory: 35.01576614379883 GB
[[0, 1, 2]] [[0, 1, 2, 3, 4]]
[r10] vp_bank built: 30 layers x 1560 tokens (1 latent frame(s))
[ok] 0091_A_hawk / rand_temporal: 81 frames in 109.9s
[r10] 0007_guitar-violin: 45 frames -> latents (1, 12, 16, 60, 104), vp (1, 1, 16, 60, 104)
Moving DynamicSwap_WanTextEncoder to cuda:0 with preserved memory: 35.017773151397705 GB
[[0, 1]] [[0, 1, 2, 3, 4]]
[ok] 0007_guitar-violin / none: 45 frames in 48.0s
Moving DynamicSwap_WanTextEncoder to cuda:0 with preserved memory: 35.17844772338867 GB
[[0, 1]] [[0, 1, 2, 3, 4]]
[r10] vp_bank built: 30 layers x 1560 tokens (1 latent frame(s))
[ok] 0007_guitar-violin / all: 45 frames in 49.1s
Moving DynamicSwap_WanTextEncoder to cuda:0 with preserved memory: 35.17844772338867 GB
[[0, 1]] [[0, 1, 2, 3, 4]]
[r10] vp_bank built: 30 layers x 1560 tokens (1 latent frame(s))
[ok] 0007_guitar-violin / spatial: 45 frames in 52.8s
Moving DynamicSwap_WanTextEncoder to cuda:0 with preserved memory: 35.17844772338867 GB
[[0, 1]] [[0, 1, 2, 3, 4]]
[r10] vp_bank built: 30 layers x 1560 tokens (1 latent frame(s))
[ok] 0007_guitar-violin / temporal: 45 frames in 51.8s
Moving DynamicSwap_WanTextEncoder to cuda:0 with preserved memory: 35.17844772338867 GB
[[0, 1]] [[0, 1, 2, 3, 4]]
[r10] vp_bank built: 30 layers x 1560 tokens (1 latent frame(s))
[ok] 0007_guitar-violin / rand_spatial: 45 frames in 53.0s
Moving DynamicSwap_WanTextEncoder to cuda:0 with preserved memory: 35.17844772338867 GB
[[0, 1]] [[0, 1, 2, 3, 4]]
[r10] vp_bank built: 30 layers x 1560 tokens (1 latent frame(s))
[ok] 0007_guitar-violin / rand_temporal: 45 frames in 52.3s
[r10] 0069_car-turn: 69 frames -> latents (1, 18, 16, 60, 104), vp (1, 1, 16, 60, 104)
Moving DynamicSwap_WanTextEncoder to cuda:0 with preserved memory: 35.17779207229614 GB
[[0, 1, 2]] [[4, 5, 6, 7, 8, 9, 10]]
[ok] 0069_car-turn / none: 69 frames in 80.7s
Moving DynamicSwap_WanTextEncoder to cuda:0 with preserved memory: 35.070674896240234 GB
[[0, 1, 2]] [[4, 5, 6, 7, 8, 9, 10]]
[r10] vp_bank built: 30 layers x 1560 tokens (1 latent frame(s))
[ok] 0069_car-turn / all: 69 frames in 83.3s
Moving DynamicSwap_WanTextEncoder to cuda:0 with preserved memory: 35.070674896240234 GB
[[0, 1, 2]] [[4, 5, 6, 7, 8, 9, 10]]
[r10] vp_bank built: 30 layers x 1560 tokens (1 latent frame(s))
[ok] 0069_car-turn / spatial: 69 frames in 90.6s
Moving DynamicSwap_WanTextEncoder to cuda:0 with preserved memory: 35.070674896240234 GB
[[0, 1, 2]] [[4, 5, 6, 7, 8, 9, 10]]
[r10] vp_bank built: 30 layers x 1560 tokens (1 latent frame(s))
[ok] 0069_car-turn / temporal: 69 frames in 88.5s
Moving DynamicSwap_WanTextEncoder to cuda:0 with preserved memory: 35.070674896240234 GB
[[0, 1, 2]] [[4, 5, 6, 7, 8, 9, 10]]
[r10] vp_bank built: 30 layers x 1560 tokens (1 latent frame(s))
[ok] 0069_car-turn / rand_spatial: 69 frames in 90.8s
Moving DynamicSwap_WanTextEncoder to cuda:0 with preserved memory: 35.070674896240234 GB
[[0, 1, 2]] [[4, 5, 6, 7, 8, 9, 10]]
[r10] vp_bank built: 30 layers x 1560 tokens (1 latent frame(s))
[ok] 0069_car-turn / rand_temporal: 69 frames in 89.5s
[r10] 0011_lucia: 69 frames -> latents (1, 18, 16, 60, 104), vp (1, 1, 16, 60, 104)
Moving DynamicSwap_WanTextEncoder to cuda:0 with preserved memory: 35.07067537307739 GB
[[0, 1, 2, 3, 4, 5]] [[7, 8, 9, 10, 11]]
[ok] 0011_lucia / none: 69 frames in 81.6s
Moving DynamicSwap_WanTextEncoder to cuda:0 with preserved memory: 35.070674896240234 GB
[[0, 1, 2, 3, 4, 5]] [[7, 8, 9, 10, 11]]
[r10] vp_bank built: 30 layers x 1560 tokens (1 latent frame(s))
[ok] 0011_lucia / all: 69 frames in 83.4s
Moving DynamicSwap_WanTextEncoder to cuda:0 with preserved memory: 35.070674896240234 GB
[[0, 1, 2, 3, 4, 5]] [[7, 8, 9, 10, 11]]
[r10] vp_bank built: 30 layers x 1560 tokens (1 latent frame(s))
[ok] 0011_lucia / spatial: 69 frames in 90.9s
Moving DynamicSwap_WanTextEncoder to cuda:0 with preserved memory: 35.070674896240234 GB
[[0, 1, 2, 3, 4, 5]] [[7, 8, 9, 10, 11]]
[r10] vp_bank built: 30 layers x 1560 tokens (1 latent frame(s))
[ok] 0011_lucia / temporal: 69 frames in 88.2s
Moving DynamicSwap_WanTextEncoder to cuda:0 with preserved memory: 35.070674896240234 GB
[[0, 1, 2, 3, 4, 5]] [[7, 8, 9, 10, 11]]
[r10] vp_bank built: 30 layers x 1560 tokens (1 latent frame(s))
[ok] 0011_lucia / rand_spatial: 69 frames in 90.7s
Moving DynamicSwap_WanTextEncoder to cuda:0 with preserved memory: 35.070674896240234 GB
[[0, 1, 2, 3, 4, 5]] [[7, 8, 9, 10, 11]]
[r10] vp_bank built: 30 layers x 1560 tokens (1 latent frame(s))
[ok] 0011_lucia / rand_temporal: 69 frames in 89.2s
[r10] 0042_gym-ball: 69 frames -> latents (1, 18, 16, 60, 104), vp (1, 1, 16, 60, 104)
Moving DynamicSwap_WanTextEncoder to cuda:0 with preserved memory: 35.07067537307739 GB
[[0, 1]] [[6, 7, 8, 9, 10]]
[ok] 0042_gym-ball / none: 69 frames in 80.3s
Moving DynamicSwap_WanTextEncoder to cuda:0 with preserved memory: 35.070674896240234 GB
[[0, 1]] [[6, 7, 8, 9, 10]]
[r10] vp_bank built: 30 layers x 1560 tokens (1 latent frame(s))
[ok] 0042_gym-ball / all: 69 frames in 82.0s
Moving DynamicSwap_WanTextEncoder to cuda:0 with preserved memory: 35.070674896240234 GB
[[0, 1]] [[6, 7, 8, 9, 10]]
[r10] vp_bank built: 30 layers x 1560 tokens (1 latent frame(s))
[ok] 0042_gym-ball / spatial: 69 frames in 88.7s
Moving DynamicSwap_WanTextEncoder to cuda:0 with preserved memory: 35.070674896240234 GB
[[0, 1]] [[6, 7, 8, 9, 10]]
[r10] vp_bank built: 30 layers x 1560 tokens (1 latent frame(s))
[ok] 0042_gym-ball / temporal: 69 frames in 86.8s
Moving DynamicSwap_WanTextEncoder to cuda:0 with preserved memory: 35.070674896240234 GB
[[0, 1]] [[6, 7, 8, 9, 10]]
[r10] vp_bank built: 30 layers x 1560 tokens (1 latent frame(s))
[ok] 0042_gym-ball / rand_spatial: 69 frames in 89.2s
Moving DynamicSwap_WanTextEncoder to cuda:0 with preserved memory: 35.070674896240234 GB
[[0, 1]] [[6, 7, 8, 9, 10]]
[r10] vp_bank built: 30 layers x 1560 tokens (1 latent frame(s))
[ok] 0042_gym-ball / rand_temporal: 69 frames in 87.5s
[r10] 0002_girl-dog: 81 frames -> latents (1, 21, 16, 60, 104), vp (1, 1, 16, 60, 104)
Moving DynamicSwap_WanTextEncoder to cuda:0 with preserved memory: 35.06932497024536 GB
[[20, 21, 22, 23, 24, 25, 26, 27]] [[20, 21, 22, 23, 24, 25, 26, 27, 28]]
[ok] 0002_girl-dog / none: 81 frames in 99.8s
Moving DynamicSwap_WanTextEncoder to cuda:0 with preserved memory: 35.01576614379883 GB
[[20, 21, 22, 23, 24, 25, 26, 27]] [[20, 21, 22, 23, 24, 25, 26, 27, 28]]
[r10] vp_bank built: 30 layers x 1560 tokens (1 latent frame(s))
[ok] 0002_girl-dog / all: 81 frames in 102.2s
Moving DynamicSwap_WanTextEncoder to cuda:0 with preserved memory: 35.01576614379883 GB
[[20, 21, 22, 23, 24, 25, 26, 27]] [[20, 21, 22, 23, 24, 25, 26, 27, 28]]
[r10] vp_bank built: 30 layers x 1560 tokens (1 latent frame(s))
[ok] 0002_girl-dog / spatial: 81 frames in 111.8s
Moving DynamicSwap_WanTextEncoder to cuda:0 with preserved memory: 35.01576614379883 GB
[[20, 21, 22, 23, 24, 25, 26, 27]] [[20, 21, 22, 23, 24, 25, 26, 27, 28]]
[r10] vp_bank built: 30 layers x 1560 tokens (1 latent frame(s))
[ok] 0002_girl-dog / temporal: 81 frames in 109.3s
Moving DynamicSwap_WanTextEncoder to cuda:0 with preserved memory: 35.01576614379883 GB
[[20, 21, 22, 23, 24, 25, 26, 27]] [[20, 21, 22, 23, 24, 25, 26, 27, 28]]
[r10] vp_bank built: 30 layers x 1560 tokens (1 latent frame(s))
[ok] 0002_girl-dog / rand_spatial: 81 frames in 112.3s
Moving DynamicSwap_WanTextEncoder to cuda:0 with preserved memory: 35.01576614379883 GB
[[20, 21, 22, 23, 24, 25, 26, 27]] [[20, 21, 22, 23, 24, 25, 26, 27, 28]]
[r10] vp_bank built: 30 layers x 1560 tokens (1 latent frame(s))
[ok] 0002_girl-dog / rand_temporal: 81 frames in 111.8s
[r10] done: 120/120 ok -> /projects/dataggen/outputs/five_bench/r10_vp_arms/_manifest.csv
[r10_infer] frame dirs present: 120 (expect 6 arms x 20 cases = 120)
