[r10b] job=907399 cases=20 arm=all BLENDING=ON -> /projects/dataggen/outputs/five_bench/r10b_blend_on
[r10] gates: R19 equal-budget disjoint key sets; supersedes r10_head_gates.pt, which came from the 1560-vs-18 margins
[r10]   thresholds {'tau_route': 0.15, 'tau_dense': 0.28, 'shape': 'flat'} over 21 videos
Free VRAM 43.969970703125 GB
KV inference with 3 frames per block
[r10] cases=20 arms=['all'] blend_off=False seed=0 out=/projects/dataggen/outputs/five_bench/r10b_blend_on
[r10] anchors from /projects/dataggen/outputs/five_bench/anchors/edit{T}/ (shared with the SS4.5/R7 arm)
[r10]   gate all: 360/360 heads
[r10] 0001_bus: 69 frames -> latents (1, 18, 16, 60, 104), vp (1, 1, 16, 60, 104)
Moving DynamicSwap_WanTextEncoder to cuda:0 with preserved memory: 35.38994312286377 GB
[[0, 1, 2]] [[0, 1, 2]]
[r10] vp_bank built: 30 layers x 1560 tokens (1 latent frame(s))
[ok] 0001_bus / all: 69 frames in 84.5s
[r10] 0028_kite-walk: 69 frames -> latents (1, 18, 16, 60, 104), vp (1, 1, 16, 60, 104)
Moving DynamicSwap_WanTextEncoder to cuda:0 with preserved memory: 35.07067680358887 GB
[[0, 1]] [[1, 2]]
[r10] vp_bank built: 30 layers x 1560 tokens (1 latent frame(s))
[ok] 0028_kite-walk / all: 69 frames in 83.8s
[r10] 0040_tennis: 69 frames -> latents (1, 18, 16, 60, 104), vp (1, 1, 16, 60, 104)
Moving DynamicSwap_WanTextEncoder to cuda:0 with preserved memory: 35.070674896240234 GB
[[0, 1, 2]] [[0, 1]]
[r10] vp_bank built: 30 layers x 1560 tokens (1 latent frame(s))
[ok] 0040_tennis / all: 69 frames in 65.4s
[r10] 0057_dog: 57 frames -> latents (1, 15, 16, 60, 104), vp (1, 1, 16, 60, 104)
Moving DynamicSwap_WanTextEncoder to cuda:0 with preserved memory: 35.07109451293945 GB
[[0, 1, 2, 3]] [[0, 1, 2]]
[r10] vp_bank built: 30 layers x 1560 tokens (1 latent frame(s))
[ok] 0057_dog / all: 57 frames in 65.8s
[r10] 0011_lucia: 69 frames -> latents (1, 18, 16, 60, 104), vp (1, 1, 16, 60, 104)
Moving DynamicSwap_WanTextEncoder to cuda:0 with preserved memory: 35.12423515319824 GB
[[0, 1, 2, 3, 4, 5]] [[0, 1, 2]]
[r10] vp_bank built: 30 layers x 1560 tokens (1 latent frame(s))
[ok] 0011_lucia / all: 69 frames in 83.5s
[r10] 0014_burnout: 69 frames -> latents (1, 18, 16, 60, 104), vp (1, 1, 16, 60, 104)
Moving DynamicSwap_WanTextEncoder to cuda:0 with preserved memory: 35.07067680358887 GB
[[0, 1, 2]] [[0, 1, 2]]
[r10] vp_bank built: 30 layers x 1560 tokens (1 latent frame(s))
[ok] 0014_burnout / all: 69 frames in 84.0s
[r10] 0016_horsejump-high: 45 frames -> latents (1, 12, 16, 60, 104), vp (1, 1, 16, 60, 104)
Moving DynamicSwap_WanTextEncoder to cuda:0 with preserved memory: 35.07109451293945 GB
[[0, 1, 2, 3, 4]] [[0, 1, 2, 3]]
[r10] vp_bank built: 30 layers x 1560 tokens (1 latent frame(s))
[ok] 0016_horsejump-high / all: 45 frames in 49.8s
[r10] 0068_planes-water: 33 frames -> latents (1, 9, 16, 60, 104), vp (1, 1, 16, 60, 104)
Moving DynamicSwap_WanTextEncoder to cuda:0 with preserved memory: 35.17946243286133 GB
[[0, 1, 2, 3, 4]] [[0, 1, 2, 3]]
[r10] vp_bank built: 30 layers x 1560 tokens (1 latent frame(s))
[ok] 0068_planes-water / all: 33 frames in 34.9s
[r10] 0072_dog-agility: 21 frames -> latents (1, 6, 16, 60, 104), vp (1, 1, 16, 60, 104)
Moving DynamicSwap_WanTextEncoder to cuda:0 with preserved memory: 35.23323440551758 GB
[[0, 1, 2, 3]] [[0, 1, 2]]
[r10] vp_bank built: 30 layers x 1560 tokens (1 latent frame(s))
[ok] 0072_dog-agility / all: 21 frames in 21.7s
[r10] 0074_rhino: 81 frames -> latents (1, 21, 16, 60, 104), vp (1, 1, 16, 60, 104)
Moving DynamicSwap_WanTextEncoder to cuda:0 with preserved memory: 35.2835578918457 GB
[[0, 1, 2, 3, 4]] [[0, 1, 2, 3]]
[r10] vp_bank built: 30 layers x 1560 tokens (1 latent frame(s))
[ok] 0074_rhino / all: 81 frames in 102.7s
[r10] 0075_A_bicycle: 81 frames -> latents (1, 21, 16, 60, 104), vp (1, 1, 16, 60, 104)
Moving DynamicSwap_WanTextEncoder to cuda:0 with preserved memory: 35.01576614379883 GB
[[0, 1]] [[0, 1]]
[r10] vp_bank built: 30 layers x 1560 tokens (1 latent frame(s))
[ok] 0075_A_bicycle / all: 81 frames in 102.3s
[r10] 0076_A_rabbit: 81 frames -> latents (1, 21, 16, 60, 104), vp (1, 1, 16, 60, 104)
Moving DynamicSwap_WanTextEncoder to cuda:0 with preserved memory: 35.01616096496582 GB
[[0, 1, 2]] [[0, 1]]
[r10] vp_bank built: 30 layers x 1560 tokens (1 latent frame(s))
[ok] 0076_A_rabbit / all: 81 frames in 102.4s
[r10] 0079_A_bus: 81 frames -> latents (1, 21, 16, 60, 104), vp (1, 1, 16, 60, 104)
Moving DynamicSwap_WanTextEncoder to cuda:0 with preserved memory: 35.01607131958008 GB
[[0, 1]] [[0, 1, 2, 3]]
[r10] vp_bank built: 30 layers x 1560 tokens (1 latent frame(s))
[ok] 0079_A_bus / all: 81 frames in 102.9s
[r10] 0090_A_deer: 81 frames -> latents (1, 21, 16, 60, 104), vp (1, 1, 16, 60, 104)
Moving DynamicSwap_WanTextEncoder to cuda:0 with preserved memory: 35.01576614379883 GB
[[0, 1, 2]] [[0, 1, 2]]
[r10] vp_bank built: 30 layers x 1560 tokens (1 latent frame(s))
[ok] 0090_A_deer / all: 81 frames in 102.3s
[r10] 0091_A_hawk: 81 frames -> latents (1, 21, 16, 60, 104), vp (1, 1, 16, 60, 104)
Moving DynamicSwap_WanTextEncoder to cuda:0 with preserved memory: 35.01616096496582 GB
[[0, 1, 2]] [[0, 1, 2, 3, 4]]
[r10] vp_bank built: 30 layers x 1560 tokens (1 latent frame(s))
[ok] 0091_A_hawk / all: 81 frames in 102.8s
[r10] 0007_guitar-violin: 45 frames -> latents (1, 12, 16, 60, 104), vp (1, 1, 16, 60, 104)
Moving DynamicSwap_WanTextEncoder to cuda:0 with preserved memory: 35.01753616333008 GB
[[0, 1]] [[0, 1, 2, 3, 4]]
[r10] vp_bank built: 30 layers x 1560 tokens (1 latent frame(s))
[ok] 0007_guitar-violin / all: 45 frames in 49.8s
[r10] 0069_car-turn: 69 frames -> latents (1, 18, 16, 60, 104), vp (1, 1, 16, 60, 104)
Moving DynamicSwap_WanTextEncoder to cuda:0 with preserved memory: 35.17779350280762 GB
[[0, 1, 2]] [[4, 5, 6, 7, 8, 9, 10]]
[r10] vp_bank built: 30 layers x 1560 tokens (1 latent frame(s))
[ok] 0069_car-turn / all: 69 frames in 84.0s
[r10] 0011_lucia: 69 frames -> latents (1, 18, 16, 60, 104), vp (1, 1, 16, 60, 104)
Moving DynamicSwap_WanTextEncoder to cuda:0 with preserved memory: 35.070674896240234 GB
[[0, 1, 2, 3, 4, 5]] [[7, 8, 9, 10, 11]]
[r10] vp_bank built: 30 layers x 1560 tokens (1 latent frame(s))
[ok] 0011_lucia / all: 69 frames in 84.3s
[r10] 0042_gym-ball: 69 frames -> latents (1, 18, 16, 60, 104), vp (1, 1, 16, 60, 104)
Moving DynamicSwap_WanTextEncoder to cuda:0 with preserved memory: 35.07067680358887 GB
[[0, 1]] [[6, 7, 8, 9, 10]]
[r10] vp_bank built: 30 layers x 1560 tokens (1 latent frame(s))
[ok] 0042_gym-ball / all: 69 frames in 83.5s
[r10] 0002_girl-dog: 81 frames -> latents (1, 21, 16, 60, 104), vp (1, 1, 16, 60, 104)
Moving DynamicSwap_WanTextEncoder to cuda:0 with preserved memory: 35.07011604309082 GB
[[20, 21, 22, 23, 24, 25, 26, 27]] [[20, 21, 22, 23, 24, 25, 26, 27, 28]]
[r10] vp_bank built: 30 layers x 1560 tokens (1 latent frame(s))
[ok] 0002_girl-dog / all: 81 frames in 103.1s
[r10] done: 20/20 ok -> /projects/dataggen/outputs/five_bench/r10b_blend_on/_manifest.csv
[r10b] stage 2 -- driver-equivalence check vs five_bench/baseline (3 clips)
[r10] gates: R19 equal-budget disjoint key sets; supersedes r10_head_gates.pt, which came from the 1560-vs-18 margins
[r10]   thresholds {'tau_route': 0.15, 'tau_dense': 0.28, 'shape': 'flat'} over 21 videos
Free VRAM 43.969970703125 GB
KV inference with 3 frames per block
[r10] cases=3 arms=['none'] blend_off=False seed=0 out=/projects/dataggen/outputs/five_bench/r10b_blend_on
[r10] anchors from /projects/dataggen/outputs/five_bench/anchors/edit{T}/ (shared with the SS4.5/R7 arm)
[r10] 0057_dog: 57 frames -> latents (1, 15, 16, 60, 104), vp (1, 1, 16, 60, 104)
Moving DynamicSwap_WanTextEncoder to cuda:0 with preserved memory: 35.390501499176025 GB
[[0, 1, 2, 3]] [[0, 1, 2]]
[ok] 0057_dog / none: 57 frames in 63.6s
[r10] 0001_bus: 69 frames -> latents (1, 18, 16, 60, 104), vp (1, 1, 16, 60, 104)
Moving DynamicSwap_WanTextEncoder to cuda:0 with preserved memory: 35.1261887550354 GB
[[0, 1, 2]] [[0, 1, 2]]
[ok] 0001_bus / none: 69 frames in 81.0s
[r10] 0074_rhino: 81 frames -> latents (1, 21, 16, 60, 104), vp (1, 1, 16, 60, 104)
Moving DynamicSwap_WanTextEncoder to cuda:0 with preserved memory: 35.07167291641235 GB
[[0, 1, 2, 3, 4]] [[0, 1, 2, 3]]
[ok] 0074_rhino / none: 81 frames in 79.2s
[r10] done: 3/3 ok -> /projects/dataggen/outputs/five_bench/r10b_blend_on/_manifest.csv
[r10b] frame dirs: 23 (expect 23 = 20 all + 3 none)
[r10b] compare /projects/dataggen/outputs/five_bench/r10b_blend_on/none/edit2/0057_dog against /projects/dataggen/outputs/five_bench/baseline/edit2/0057_dog
