[r19_profile] running blocking gates

=== GATE A -- null control (N=18, 47 rows, random q/k/v) ===
   shape  spatial keys  temporal keys  budget gap    margin  verdict
    flat          1559           1564      0.32%   -0.0153  PASS
    disk          1559           1564      0.32%   -0.0156  PASS
  tolerances: |margin| <= 0.1, budget gap <= 5%
  (the superseded key sets -- 1560 spatial vs 18 temporal -- scored -0.97 here)

=== GATE B -- N-stability (fixed synthetic TEMPORAL head, amp=8.0) ===
    N   span  mass on line  margin flat  margin disk  UNEQUAL (control)
    3    780          49%      +0.6655      +0.6648            -0.0046
    6    312          57%      +0.5717      +0.5711            +0.3087
    9    195          60%      +0.5805      +0.5806            +0.4300
   12    142          62%      +0.5944      +0.5945            +0.4926
   15    111          62%      +0.5869      +0.5866            +0.5088
   18     92          63%      +0.5859      +0.5858            +0.5223
   21     78          63%      +0.5929      +0.5929            +0.5404
    flat: drift 0.0938 (tol 0.15), reads temporal at every N: True  PASS
    disk: drift 0.0937 (tol 0.15), reads temporal at every N: True  PASS
  control: the SAME head through the superseded unequal sets drifts 0.5450 (need >= 0.25)  PASS
  -> a fixed temporal head must read temporal at every cache depth with a
     flat margin; the unequal control shows the check can detect drift.

==============================================================
  GATE A (null)        : PASS
  GATE B (N-stability) : PASS
  -> both gates pass; the key sets measure head type, not key count.
[r19_profile] job=905833 cases=21 -> /projects/dataggen/outputs/five_bench/r19_head_profile
[r19_profile] case=0001_bus
Free VRAM 43.969970703125 GB
KV inference with 3 frames per block
[r9] case=0001_bus latent_frames=18 blocks=6 steps=[1000, 932, 866, 800, 733, 666, 599, 533, 466, 400, 333, 266, 200, 133, 66]
Moving DynamicSwap_WanTextEncoder to cuda:0 with preserved memory: 35.39012956619263 GB
[[0, 1, 2]] [[0, 1, 2]]
[r9] saved /projects/dataggen/outputs/five_bench/r19_head_profile/0001_bus/r9_scalars.npz (30 block-step points, map_mode=marginal, maps=no, marginals=yes)
[r19_profile] case=0028_kite-walk
Free VRAM 43.969970703125 GB
KV inference with 3 frames per block
[r9] case=0028_kite-walk latent_frames=18 blocks=6 steps=[1000, 932, 866, 800, 733, 666, 599, 533, 466, 400, 333, 266, 200, 133, 66]
Moving DynamicSwap_WanTextEncoder to cuda:0 with preserved memory: 35.39012956619263 GB
[[0, 1]] [[0, 1]]
[r9] saved /projects/dataggen/outputs/five_bench/r19_head_profile/0028_kite-walk/r9_scalars.npz (30 block-step points, map_mode=marginal, maps=no, marginals=yes)
[r19_profile] case=0040_tennis
Free VRAM 43.969970703125 GB
KV inference with 3 frames per block
[r9] case=0040_tennis latent_frames=18 blocks=6 steps=[1000, 932, 866, 800, 733, 666, 599, 533, 466, 400, 333, 266, 200, 133, 66]
Moving DynamicSwap_WanTextEncoder to cuda:0 with preserved memory: 35.39012956619263 GB
[[0, 1, 2]] [[0, 1, 2]]
[r9] saved /projects/dataggen/outputs/five_bench/r19_head_profile/0040_tennis/r9_scalars.npz (30 block-step points, map_mode=marginal, maps=no, marginals=yes)
[r19_profile] case=0057_dog
Free VRAM 43.969970703125 GB
KV inference with 3 frames per block
[r9] case=0057_dog latent_frames=15 blocks=5 steps=[1000, 932, 866, 800, 733, 666, 599, 533, 466, 400, 333, 266, 200, 133, 66]
Moving DynamicSwap_WanTextEncoder to cuda:0 with preserved memory: 35.390687465667725 GB
[[0, 1, 2, 3]] [[0, 1, 2, 3]]
[r9] saved /projects/dataggen/outputs/five_bench/r19_head_profile/0057_dog/r9_scalars.npz (25 block-step points, map_mode=marginal, maps=no, marginals=yes)
[r19_profile] case=0011_lucia_e2
Free VRAM 43.969970703125 GB
KV inference with 3 frames per block
[r9] case=0011_lucia_e2 latent_frames=18 blocks=6 steps=[1000, 932, 866, 800, 733, 666, 599, 533, 466, 400, 333, 266, 200, 133, 66]
Moving DynamicSwap_WanTextEncoder to cuda:0 with preserved memory: 35.39012956619263 GB
[[0, 1, 2, 3, 4, 5]] [[0, 1, 2, 3, 4, 5]]
[r9] saved /projects/dataggen/outputs/five_bench/r19_head_profile/0011_lucia_e2/r9_scalars.npz (30 block-step points, map_mode=marginal, maps=no, marginals=yes)
[r19_profile] case=0014_burnout
Free VRAM 43.969970703125 GB
KV inference with 3 frames per block
[r9] case=0014_burnout latent_frames=18 blocks=6 steps=[1000, 932, 866, 800, 733, 666, 599, 533, 466, 400, 333, 266, 200, 133, 66]
Moving DynamicSwap_WanTextEncoder to cuda:0 with preserved memory: 35.39012956619263 GB
[[0, 1, 2]] [[0, 1, 2]]
[r9] saved /projects/dataggen/outputs/five_bench/r19_head_profile/0014_burnout/r9_scalars.npz (30 block-step points, map_mode=marginal, maps=no, marginals=yes)
[r19_profile] case=0016_horsejump-high
Free VRAM 43.969970703125 GB
KV inference with 3 frames per block
[r9] case=0016_horsejump-high latent_frames=12 blocks=4 steps=[1000, 932, 866, 800, 733, 666, 599, 533, 466, 400, 333, 266, 200, 133, 66]
Moving DynamicSwap_WanTextEncoder to cuda:0 with preserved memory: 35.39124536514282 GB
[[0, 1, 2, 3, 4]] [[0, 1, 2, 3, 4]]
[r9] saved /projects/dataggen/outputs/five_bench/r19_head_profile/0016_horsejump-high/r9_scalars.npz (20 block-step points, map_mode=marginal, maps=no, marginals=yes)
[r19_profile] case=0068_planes-water
Free VRAM 43.969970703125 GB
KV inference with 3 frames per block
[r9] case=0068_planes-water latent_frames=9 blocks=3 steps=[1000, 932, 866, 800, 733, 666, 599, 533, 466, 400, 333, 266, 200, 133, 66]
Moving DynamicSwap_WanTextEncoder to cuda:0 with preserved memory: 35.39152383804321 GB
[[0, 1, 2, 3, 4]] [[0, 1, 2, 3, 4]]
[r9] saved /projects/dataggen/outputs/five_bench/r19_head_profile/0068_planes-water/r9_scalars.npz (15 block-step points, map_mode=marginal, maps=no, marginals=yes)
[r19_profile] case=0072_dog-agility
Free VRAM 43.969970703125 GB
KV inference with 3 frames per block
[r9] case=0072_dog-agility latent_frames=6 blocks=2 steps=[1000, 932, 866, 800, 733, 666, 599, 533, 466, 400, 333, 266, 200, 133, 66]
Moving DynamicSwap_WanTextEncoder to cuda:0 with preserved memory: 35.39201211929321 GB
[[0, 1, 2, 3]] [[0, 1, 2, 3]]
[r9] saved /projects/dataggen/outputs/five_bench/r19_head_profile/0072_dog-agility/r9_scalars.npz (10 block-step points, map_mode=marginal, maps=no, marginals=yes)
[r19_profile] case=0074_rhino
Free VRAM 43.969970703125 GB
KV inference with 3 frames per block
[r9] case=0074_rhino latent_frames=21 blocks=7 steps=[1000, 932, 866, 800, 733, 666, 599, 533, 466, 400, 333, 266, 200, 133, 66]
Moving DynamicSwap_WanTextEncoder to cuda:0 with preserved memory: 35.38877725601196 GB
[[0, 1, 2, 3, 4]] [[0, 1, 2, 3, 4]]
[r9] saved /projects/dataggen/outputs/five_bench/r19_head_profile/0074_rhino/r9_scalars.npz (35 block-step points, map_mode=marginal, maps=no, marginals=yes)
[r19_profile] case=0075_A_bicycle
Free VRAM 43.969970703125 GB
KV inference with 3 frames per block
[r9] case=0075_A_bicycle latent_frames=21 blocks=7 steps=[1000, 932, 866, 800, 733, 666, 599, 533, 466, 400, 333, 266, 200, 133, 66]
Moving DynamicSwap_WanTextEncoder to cuda:0 with preserved memory: 35.38877725601196 GB
[[0, 1]] [[0, 1]]
[r9] saved /projects/dataggen/outputs/five_bench/r19_head_profile/0075_A_bicycle/r9_scalars.npz (35 block-step points, map_mode=marginal, maps=no, marginals=yes)
[r19_profile] case=0076_A_rabbit
Free VRAM 43.969970703125 GB
KV inference with 3 frames per block
[r9] case=0076_A_rabbit latent_frames=21 blocks=7 steps=[1000, 932, 866, 800, 733, 666, 599, 533, 466, 400, 333, 266, 200, 133, 66]
Moving DynamicSwap_WanTextEncoder to cuda:0 with preserved memory: 35.38877725601196 GB
[[0, 1, 2]] [[0, 1, 2]]
[r9] saved /projects/dataggen/outputs/five_bench/r19_head_profile/0076_A_rabbit/r9_scalars.npz (35 block-step points, map_mode=marginal, maps=no, marginals=yes)
[r19_profile] case=0079_A_bus
Free VRAM 43.969970703125 GB
KV inference with 3 frames per block
[r9] case=0079_A_bus latent_frames=21 blocks=7 steps=[1000, 932, 866, 800, 733, 666, 599, 533, 466, 400, 333, 266, 200, 133, 66]
Moving DynamicSwap_WanTextEncoder to cuda:0 with preserved memory: 35.38877725601196 GB
[[0, 1]] [[0, 1]]
[r9] saved /projects/dataggen/outputs/five_bench/r19_head_profile/0079_A_bus/r9_scalars.npz (35 block-step points, map_mode=marginal, maps=no, marginals=yes)
[r19_profile] case=0090_A_deer
Free VRAM 43.969970703125 GB
KV inference with 3 frames per block
[r9] case=0090_A_deer latent_frames=21 blocks=7 steps=[1000, 932, 866, 800, 733, 666, 599, 533, 466, 400, 333, 266, 200, 133, 66]
Moving DynamicSwap_WanTextEncoder to cuda:0 with preserved memory: 35.38877725601196 GB
[[0, 1, 2]] [[0, 1, 2]]
[r9] saved /projects/dataggen/outputs/five_bench/r19_head_profile/0090_A_deer/r9_scalars.npz (35 block-step points, map_mode=marginal, maps=no, marginals=yes)
[r19_profile] case=0091_A_hawk
Free VRAM 43.969970703125 GB
KV inference with 3 frames per block
[r9] case=0091_A_hawk latent_frames=21 blocks=7 steps=[1000, 932, 866, 800, 733, 666, 599, 533, 466, 400, 333, 266, 200, 133, 66]
Moving DynamicSwap_WanTextEncoder to cuda:0 with preserved memory: 35.38877725601196 GB
[[0, 1, 2]] [[0, 1, 2]]
[r9] saved /projects/dataggen/outputs/five_bench/r19_head_profile/0091_A_hawk/r9_scalars.npz (35 block-step points, map_mode=marginal, maps=no, marginals=yes)
[r19_profile] case=0007_guitar-violin
Free VRAM 43.969970703125 GB
KV inference with 3 frames per block
[r9] case=0007_guitar-violin latent_frames=12 blocks=4 steps=[1000, 932, 866, 800, 733, 666, 599, 533, 466, 400, 333, 266, 200, 133, 66]
Moving DynamicSwap_WanTextEncoder to cuda:0 with preserved memory: 35.39124536514282 GB
[[0, 1]] [[0, 1]]
[r9] saved /projects/dataggen/outputs/five_bench/r19_head_profile/0007_guitar-violin/r9_scalars.npz (20 block-step points, map_mode=marginal, maps=no, marginals=yes)
[r19_profile] case=0069_car-turn
Free VRAM 43.969970703125 GB
KV inference with 3 frames per block
[r9] case=0069_car-turn latent_frames=18 blocks=6 steps=[1000, 932, 866, 800, 733, 666, 599, 533, 466, 400, 333, 266, 200, 133, 66]
Moving DynamicSwap_WanTextEncoder to cuda:0 with preserved memory: 35.39012956619263 GB
[[0, 1, 2]] [[0, 1, 2]]
[r9] saved /projects/dataggen/outputs/five_bench/r19_head_profile/0069_car-turn/r9_scalars.npz (30 block-step points, map_mode=marginal, maps=no, marginals=yes)
[r19_profile] case=0042_gym-ball
Free VRAM 43.969970703125 GB
KV inference with 3 frames per block
[r9] case=0042_gym-ball latent_frames=18 blocks=6 steps=[1000, 932, 866, 800, 733, 666, 599, 533, 466, 400, 333, 266, 200, 133, 66]
Moving DynamicSwap_WanTextEncoder to cuda:0 with preserved memory: 35.39012956619263 GB
[[0, 1]] [[0, 1]]
[r9] saved /projects/dataggen/outputs/five_bench/r19_head_profile/0042_gym-ball/r9_scalars.npz (30 block-step points, map_mode=marginal, maps=no, marginals=yes)
[r19_profile] case=0002_girl-dog
Free VRAM 43.969970703125 GB
KV inference with 3 frames per block
[r9] case=0002_girl-dog latent_frames=21 blocks=7 steps=[1000, 932, 866, 800, 733, 666, 599, 533, 466, 400, 333, 266, 200, 133, 66]
Moving DynamicSwap_WanTextEncoder to cuda:0 with preserved memory: 35.38877725601196 GB
[[20, 21, 22, 23, 24, 25, 26, 27]] [[20, 21, 22, 23, 24, 25, 26, 27]]
[r9] saved /projects/dataggen/outputs/five_bench/r19_head_profile/0002_girl-dog/r9_scalars.npz (35 block-step points, map_mode=marginal, maps=no, marginals=yes)
[r19_profile] case=0034_cows
Free VRAM 43.969970703125 GB
KV inference with 3 frames per block
[r9] case=0034_cows latent_frames=21 blocks=7 steps=[1000, 932, 866, 800, 733, 666, 599, 533, 466, 400, 333, 266, 200, 133, 66]
Moving DynamicSwap_WanTextEncoder to cuda:0 with preserved memory: 35.38877725601196 GB
[[0, 1, 2, 3, 4]] [[0, 1, 2, 3, 4]]
[r9] saved /projects/dataggen/outputs/five_bench/r19_head_profile/0034_cows/r9_scalars.npz (35 block-step points, map_mode=marginal, maps=no, marginals=yes)
[r19_profile] case=0045_butterfly
Free VRAM 43.969970703125 GB
KV inference with 3 frames per block
[r9] case=0045_butterfly latent_frames=18 blocks=6 steps=[1000, 932, 866, 800, 733, 666, 599, 533, 466, 400, 333, 266, 200, 133, 66]
Moving DynamicSwap_WanTextEncoder to cuda:0 with preserved memory: 35.39012956619263 GB
[[0, 1, 2, 3, 4]] [[0, 1, 2, 3, 4]]
[r9] saved /projects/dataggen/outputs/five_bench/r19_head_profile/0045_butterfly/r9_scalars.npz (30 block-step points, map_mode=marginal, maps=no, marginals=yes)
[r19_profile] done: 21/21 npz present
[r19_profile] size: 77M
