[r1_infer] job=907471 array_task=5 -> edit_type=6
Free VRAM 43.969970703125 GB
KV inference with 3 frames per block
[run_fivebench] edit_type=6 method=baseline pairs=10 vp_mode=novp blend_sched=paper(eq4) out=/projects/dataggen/outputs/five_bench/baseline/edit6
Moving DynamicSwap_WanTextEncoder to cuda:0 with preserved memory: 35.38877725601196 GB
[[20, 21, 22, 23, 24, 25, 26, 27]] [[20, 21, 22, 23, 24, 25, 26, 27, 28]]
[ok] 0002_girl-dog: 81 frames
Moving DynamicSwap_WanTextEncoder to cuda:0 with preserved memory: 35.01981592178345 GB
[[0, 1, 2]] [[23, 24, 25]]
[ok] 0017_kid-football: 57 frames
Moving DynamicSwap_WanTextEncoder to cuda:0 with preserved memory: 35.12541723251343 GB
[[1, 2]] [[8, 9, 10, 11, 12]]
[ok] 0025_baseball: 81 frames
Moving DynamicSwap_WanTextEncoder to cuda:0 with preserved memory: 35.020373821258545 GB
[[0, 1, 2, 3, 4, 5]] [[9]]
[ok] 0041_longboard: 45 frames
Moving DynamicSwap_WanTextEncoder to cuda:0 with preserved memory: 35.179933071136475 GB
[[0, 1]] [[6, 7, 8, 9, 10]]
[ok] 0042_gym-ball: 69 frames
Moving DynamicSwap_WanTextEncoder to cuda:0 with preserved memory: 35.072816371917725 GB
[[0, 1, 2, 3, 4]] [[4]]
[ok] 0048_hike: 69 frames
Moving DynamicSwap_WanTextEncoder to cuda:0 with preserved memory: 35.07337427139282 GB
[[8, 9]] [[8, 9, 10]]
[ok] 0051_dogs-jump: 57 frames
Moving DynamicSwap_WanTextEncoder to cuda:0 with preserved memory: 35.1263747215271 GB
[[0, 1, 2, 3, 4, 5, 6, 7, 8, 9, 10, 11]] [[0, 1, 2, 3, 4, 5, 6, 7, 8, 9, 10, 11, 12, 13, 14, 15]]
[ok] 0055_pigs: 69 frames
Moving DynamicSwap_WanTextEncoder to cuda:0 with preserved memory: 35.07185888290405 GB
[[0, 1]] [[8, 9]]
[ok] 0078_A_cat: 81 frames
Moving DynamicSwap_WanTextEncoder to cuda:0 with preserved memory: 35.017905712127686 GB
[[0, 1, 2]] [[6, 7]]
[ok] 0088_A_cyclist: 81 frames
[run_fivebench] done edit6: 10/10 ok -> /projects/dataggen/outputs/five_bench/baseline/edit6/_manifest.csv
