[r1_infer] job=907475 array_task=2 -> edit_type=3
Free VRAM 43.969970703125 GB
KV inference with 3 frames per block
[run_fivebench] edit_type=3 method=baseline pairs=100 vp_mode=novp blend_sched=paper(eq4) out=/projects/dataggen/outputs/five_bench/baseline/edit3
Moving DynamicSwap_WanTextEncoder to cuda:0 with preserved memory: 35.39012956619263 GB
[[0, 1, 2]] [[1, 2, 3]]
[ok] 0001_bus: 69 frames
Moving DynamicSwap_WanTextEncoder to cuda:0 with preserved memory: 35.07185888290405 GB
[[22, 23, 24]] [[22, 23, 24]]
[ok] 0002_girl-dog: 81 frames
Moving DynamicSwap_WanTextEncoder to cuda:0 with preserved memory: 35.02084302902222 GB
[[0, 1, 2, 3, 4]] [[1]]
[ok] 0003_ocean-birds: 33 frames
Moving DynamicSwap_WanTextEncoder to cuda:0 with preserved memory: 35.23349142074585 GB
[[0, 1, 2, 3]] [[0, 1, 2, 3]]
[ok] 0004_car-roundabout: 69 frames
Moving DynamicSwap_WanTextEncoder to cuda:0 with preserved memory: 35.07185888290405 GB
[[1, 2, 3]] [[5, 6, 7, 8]]
[ok] 0005_breakdance: 81 frames
Moving DynamicSwap_WanTextEncoder to cuda:0 with preserved memory: 35.01925802230835 GB
[[0, 1, 2, 3]] [[1]]
[ok] 0006_paragliding: 69 frames
Moving DynamicSwap_WanTextEncoder to cuda:0 with preserved memory: 35.07393217086792 GB
[[0, 1]] [[0, 1, 2, 3]]
[ok] 0007_guitar-violin: 45 frames
Moving DynamicSwap_WanTextEncoder to cuda:0 with preserved memory: 35.179933071136475 GB
[[0, 1, 2]] [[1]]
[ok] 0008_snowboard-race: 69 frames
Moving DynamicSwap_WanTextEncoder to cuda:0 with preserved memory: 35.07185888290405 GB
[[0, 1, 2, 3]] [[0, 1, 2, 3]]
[ok] 0009_bear: 81 frames
Moving DynamicSwap_WanTextEncoder to cuda:0 with preserved memory: 35.01702642440796 GB
[[0, 1, 2]] [[0, 1, 2, 3, 4, 5, 6, 7, 8]]
Moving DynamicSwap_WanTextEncoder to cuda:0 with preserved memory: 35.01232671737671 GB
[[0, 1, 2]] [[0, 1, 2, 3, 4, 5, 6, 7, 8]]
[ok] 0010_giant-slalom: 117 frames
Moving DynamicSwap_WanTextEncoder to cuda:0 with preserved memory: 34.858582973480225 GB
[[0, 1, 2, 3, 4, 5]] [[0, 1, 2, 3, 4, 5]]
[ok] 0011_lucia: 69 frames
Moving DynamicSwap_WanTextEncoder to cuda:0 with preserved memory: 35.07185888290405 GB
[[0, 1, 2, 3]] [[1]]
[ok] 0012_goat: 81 frames
Moving DynamicSwap_WanTextEncoder to cuda:0 with preserved memory: 35.01925802230835 GB
[[0, 1]] [[0, 1, 2, 3, 4, 5]]
[ok] 0013_golf: 69 frames
Moving DynamicSwap_WanTextEncoder to cuda:0 with preserved memory: 35.072816371917725 GB
[[0, 1, 2]] [[0, 1, 2]]
[ok] 0014_burnout: 69 frames
Moving DynamicSwap_WanTextEncoder to cuda:0 with preserved memory: 35.07421064376831 GB
[[0, 1, 2]] [[0, 1, 2]]
[ok] 0015_car-shadow: 33 frames
Moving DynamicSwap_WanTextEncoder to cuda:0 with preserved memory: 35.234607219696045 GB
[[0, 1, 2, 3, 4]] [[0, 1, 2]]
[ok] 0016_horsejump-high: 45 frames
Moving DynamicSwap_WanTextEncoder to cuda:0 with preserved memory: 35.18049097061157 GB
[[0, 1, 2]] [[4, 5, 6]]
[ok] 0017_kid-football: 57 frames
Moving DynamicSwap_WanTextEncoder to cuda:0 with preserved memory: 35.1263747215271 GB
[[0, 1, 2, 3]] [[0, 1, 2, 3, 4, 5, 6]]
[ok] 0018_breakdance-flare: 69 frames
Moving DynamicSwap_WanTextEncoder to cuda:0 with preserved memory: 35.072816371917725 GB
[[0, 1, 2]] [[9, 10]]
[ok] 0019_tennis-vest: 69 frames
Moving DynamicSwap_WanTextEncoder to cuda:0 with preserved memory: 35.07185888290405 GB
[[0, 1, 2, 3]] [[2]]
[ok] 0020_monkeys: 81 frames
Moving DynamicSwap_WanTextEncoder to cuda:0 with preserved memory: 35.02084302902222 GB
[[1, 2]] [[0, 1, 2, 3]]
[ok] 0021_landing: 33 frames
Moving DynamicSwap_WanTextEncoder to cuda:0 with preserved memory: 35.23404932022095 GB
[[0, 1, 2]] [[0, 1, 2, 3, 4]]
[ok] 0022_skate-jump: 57 frames
Moving DynamicSwap_WanTextEncoder to cuda:0 with preserved memory: 35.1269326210022 GB
[[0, 1, 2]] [[3, 4]]
[ok] 0023_kayak-race: 57 frames
Moving DynamicSwap_WanTextEncoder to cuda:0 with preserved memory: 35.1263747215271 GB
[[0, 1, 2, 3, 4, 5]] [[2, 3]]
[ok] 0024_hockey: 69 frames
Moving DynamicSwap_WanTextEncoder to cuda:0 with preserved memory: 35.07185888290405 GB
[[1, 2]] [[0, 1, 2, 3, 4]]
[ok] 0025_baseball: 81 frames
Moving DynamicSwap_WanTextEncoder to cuda:0 with preserved memory: 35.01925802230835 GB
[[0, 1, 2, 3]] [[52, 53, 54]]
[ok] 0026_table-tennis: 69 frames
Moving DynamicSwap_WanTextEncoder to cuda:0 with preserved memory: 35.07337427139282 GB
[[0, 1, 2]] [[4, 5, 6, 7, 8, 9, 10]]
[ok] 0027_dance-jump: 57 frames
Moving DynamicSwap_WanTextEncoder to cuda:0 with preserved memory: 35.1263747215271 GB
[[0, 1]] [[3, 4, 5, 6]]
[ok] 0028_kite-walk: 69 frames
Moving DynamicSwap_WanTextEncoder to cuda:0 with preserved memory: 35.07337427139282 GB
[[0, 1, 2, 3, 4]] [[1]]
[ok] 0029_horsejump-stick: 57 frames
Moving DynamicSwap_WanTextEncoder to cuda:0 with preserved memory: 35.127490520477295 GB
[[0, 1, 2]] [[0, 1]]
[ok] 0030_rallye: 45 frames
Moving DynamicSwap_WanTextEncoder to cuda:0 with preserved memory: 35.1808123588562 GB
[[0, 1, 2]] [[0, 1, 2, 3]]
[ok] 0031_soccerball: 45 frames
Moving DynamicSwap_WanTextEncoder to cuda:0 with preserved memory: 35.179933071136475 GB
[[0, 1, 2, 3, 4, 5, 6, 7]] [[2, 3]]
[ok] 0032_mermaid: 69 frames
Moving DynamicSwap_WanTextEncoder to cuda:0 with preserved memory: 35.07337427139282 GB
[[0, 1, 2, 3, 4, 5]] [[3, 4, 5]]
[ok] 0033_horsejump-low: 57 frames
Moving DynamicSwap_WanTextEncoder to cuda:0 with preserved memory: 35.125022411346436 GB
[[0, 1, 2, 3, 4]] [[0, 1, 2, 3, 4]]
Moving DynamicSwap_WanTextEncoder to cuda:0 with preserved memory: 35.120322704315186 GB
[[0, 1, 2, 3, 4]] [[0, 1, 2, 3, 4]]
[ok] 0034_cows: 93 frames
Moving DynamicSwap_WanTextEncoder to cuda:0 with preserved memory: 34.96681547164917 GB
[[0, 1, 2]] [[0, 1, 2, 3]]
[ok] 0035_helicopter: 45 frames
Moving DynamicSwap_WanTextEncoder to cuda:0 with preserved memory: 35.1789755821228 GB
[[0, 1, 2]] [[0, 1]]
[ok] 0036_camel: 81 frames
Moving DynamicSwap_WanTextEncoder to cuda:0 with preserved memory: 35.020373821258545 GB
[[0, 1]] [[2, 3]]
[ok] 0037_snowboard-sand: 45 frames
Moving DynamicSwap_WanTextEncoder to cuda:0 with preserved memory: 35.18132734298706 GB
[[0, 1, 2, 3, 4, 5, 6]] [[0, 1, 2, 3]]
[ok] 0038_motorbike: 33 frames
Moving DynamicSwap_WanTextEncoder to cuda:0 with preserved memory: 35.23253393173218 GB
[[0, 1, 2, 3, 4]] [[0, 1, 2, 3, 4]]
[ok] 0039_chamaleon: 81 frames
Moving DynamicSwap_WanTextEncoder to cuda:0 with preserved memory: 35.01925802230835 GB
[[0, 1, 2]] [[0, 1, 2, 3, 4, 5, 6, 7, 8, 9]]
[ok] 0040_tennis: 69 frames
Moving DynamicSwap_WanTextEncoder to cuda:0 with preserved memory: 35.07393217086792 GB
[[0, 1, 2, 3, 4, 5]] [[0, 1, 2, 3, 4, 5]]
[ok] 0041_longboard: 45 frames
Moving DynamicSwap_WanTextEncoder to cuda:0 with preserved memory: 35.179933071136475 GB
[[0, 1]] [[0, 1, 2, 3]]
[ok] 0042_gym-ball: 69 frames
Moving DynamicSwap_WanTextEncoder to cuda:0 with preserved memory: 35.07146406173706 GB
[[0, 1]] [[0, 1, 2, 3]]
Moving DynamicSwap_WanTextEncoder to cuda:0 with preserved memory: 35.06676435470581 GB
[[0, 1]] [[0, 1, 2, 3]]
[ok] 0043_parkour: 93 frames
Moving DynamicSwap_WanTextEncoder to cuda:0 with preserved memory: 34.96625757217407 GB
[[0, 1, 2]] [[3, 4]]
[ok] 0044_snowboard: 57 frames
Moving DynamicSwap_WanTextEncoder to cuda:0 with preserved memory: 35.1263747215271 GB
[[0, 1, 2, 3, 4]] [[0, 1, 2, 3, 4]]
[ok] 0045_butterfly: 69 frames
Moving DynamicSwap_WanTextEncoder to cuda:0 with preserved memory: 35.07393217086792 GB
[[0, 1, 2, 3]] [[0, 1, 2, 3]]
[ok] 0046_blackswan: 45 frames
Moving DynamicSwap_WanTextEncoder to cuda:0 with preserved memory: 35.18132734298706 GB
[[1, 2, 3, 4]] [[3, 4, 5, 6]]
[ok] 0047_judo: 33 frames
Moving DynamicSwap_WanTextEncoder to cuda:0 with preserved memory: 35.23349142074585 GB
[[0, 1, 2, 3, 4]] [[0, 1, 2, 3]]
[ok] 0048_hike: 69 frames
Moving DynamicSwap_WanTextEncoder to cuda:0 with preserved memory: 35.07185888290405 GB
[[0, 1, 2, 3]] [[5]]
[ok] 0049_speed-skating: 81 frames
Moving DynamicSwap_WanTextEncoder to cuda:0 with preserved memory: 35.01981592178345 GB
[[0, 1]] [[2, 3]]
[ok] 0050_slackline: 57 frames
Moving DynamicSwap_WanTextEncoder to cuda:0 with preserved memory: 35.1269326210022 GB
[[8, 9]] [[0, 1, 2, 3, 4, 5]]
[ok] 0051_dogs-jump: 57 frames
Moving DynamicSwap_WanTextEncoder to cuda:0 with preserved memory: 35.1263747215271 GB
[[0, 1, 2, 3, 4]] [[1]]
[ok] 0052_mallard-fly: 69 frames
Moving DynamicSwap_WanTextEncoder to cuda:0 with preserved memory: 35.07337427139282 GB
[[0, 1]] [[0, 1, 2, 3]]
[ok] 0053_swing: 57 frames
Moving DynamicSwap_WanTextEncoder to cuda:0 with preserved memory: 35.1263747215271 GB
[[1, 2]] [[0, 1, 2, 3, 4, 5, 6, 7, 8, 9, 10, 11, 12]]
[ok] 0054_train: 69 frames
Moving DynamicSwap_WanTextEncoder to cuda:0 with preserved memory: 35.072816371917725 GB
[[0, 1, 2, 3, 4]] [[3]]
[ok] 0055_pigs: 69 frames
Moving DynamicSwap_WanTextEncoder to cuda:0 with preserved memory: 35.07185888290405 GB
[[0, 1, 2, 3, 4]] [[0, 1, 2, 3, 4, 5]]
[ok] 0056_kart-turn: 81 frames
Moving DynamicSwap_WanTextEncoder to cuda:0 with preserved memory: 35.01981592178345 GB
[[0, 1, 2, 3]] [[0, 1, 2, 3]]
[ok] 0057_dog: 57 frames
Moving DynamicSwap_WanTextEncoder to cuda:0 with preserved memory: 35.1263747215271 GB
[[0, 1, 2, 3]] [[0, 1, 2, 3]]
[ok] 0058_boat: 69 frames
Moving DynamicSwap_WanTextEncoder to cuda:0 with preserved memory: 35.07393217086792 GB
[[0, 1, 2, 3]] [[0, 1, 2, 3]]
[ok] 0059_drift-straight: 45 frames
Moving DynamicSwap_WanTextEncoder to cuda:0 with preserved memory: 35.18049097061157 GB
[[1, 2, 3]] [[0, 1]]
[ok] 0060_motocross-bumps: 57 frames
Moving DynamicSwap_WanTextEncoder to cuda:0 with preserved memory: 35.1269326210022 GB
[[0, 1, 2, 3, 4, 5, 6, 7, 8]] [[0, 1, 2, 3, 4, 5, 6, 7, 8, 9]]
[ok] 0061_mbike-santa: 57 frames
Moving DynamicSwap_WanTextEncoder to cuda:0 with preserved memory: 35.1263747215271 GB
[[0, 1, 2]] [[0, 1, 2, 3]]
[ok] 0062_elephant: 69 frames
Moving DynamicSwap_WanTextEncoder to cuda:0 with preserved memory: 35.07337427139282 GB
[[0, 1, 2]] [[0, 1, 2, 3]]
[ok] 0063_drift-turn: 57 frames
Moving DynamicSwap_WanTextEncoder to cuda:0 with preserved memory: 35.127811908721924 GB
[[0, 1]] [[2, 3]]
[ok] 0064_rollerblade: 33 frames
Moving DynamicSwap_WanTextEncoder to cuda:0 with preserved memory: 35.23253393173218 GB
[[0, 1, 2]] [[5, 6, 7, 8, 9, 10]]
[ok] 0065_twist-dance: 81 frames
Moving DynamicSwap_WanTextEncoder to cuda:0 with preserved memory: 35.01925802230835 GB
[[0, 1, 2]] [[1]]
[ok] 0066_deer: 69 frames
Moving DynamicSwap_WanTextEncoder to cuda:0 with preserved memory: 35.072816371917725 GB
[[1, 2, 3]] [[4, 5]]
[ok] 0067_mbike-trick: 69 frames
Moving DynamicSwap_WanTextEncoder to cuda:0 with preserved memory: 35.07421064376831 GB
[[0, 1, 2, 3, 4]] [[1]]
[ok] 0068_planes-water: 33 frames
Moving DynamicSwap_WanTextEncoder to cuda:0 with preserved memory: 35.23349142074585 GB
[[0, 1, 2]] [[0, 1, 2]]
[ok] 0069_car-turn: 69 frames
Moving DynamicSwap_WanTextEncoder to cuda:0 with preserved memory: 35.07185888290405 GB
[[0, 1, 2, 3, 4, 5, 6, 7, 8]] [[0, 1, 2, 3, 4, 5, 6]]
[ok] 0070_dance-twirl: 81 frames
Moving DynamicSwap_WanTextEncoder to cuda:0 with preserved memory: 35.01925802230835 GB
[[0, 1, 2, 3, 4]] [[1]]
[ok] 0071_mallard-water: 69 frames
Moving DynamicSwap_WanTextEncoder to cuda:0 with preserved memory: 35.07481145858765 GB
[[0, 1, 2, 3]] [[0, 1, 2, 3, 4]]
[ok] 0072_dog-agility: 21 frames
Moving DynamicSwap_WanTextEncoder to cuda:0 with preserved memory: 35.28609228134155 GB
[[1, 2, 3]] [[0, 1, 2, 3, 4, 5]]
[ok] 0073_bmx-rider: 81 frames
Moving DynamicSwap_WanTextEncoder to cuda:0 with preserved memory: 35.017905712127686 GB
[[0, 1, 2, 3, 4]] [[2]]
[ok] 0074_rhino: 81 frames
Moving DynamicSwap_WanTextEncoder to cuda:0 with preserved memory: 35.01830053329468 GB
[[0, 1]] [[0, 1, 2]]
[ok] 0075_A_bicycle: 81 frames
Moving DynamicSwap_WanTextEncoder to cuda:0 with preserved memory: 35.017905712127686 GB
[[0, 1, 2]] [[0, 1, 2, 3, 4, 5]]
[ok] 0076_A_rabbit: 81 frames
Moving DynamicSwap_WanTextEncoder to cuda:0 with preserved memory: 35.01830053329468 GB
[[0, 1, 2]] [[0, 1, 2, 3]]
[ok] 0077_A_hawk: 81 frames
Moving DynamicSwap_WanTextEncoder to cuda:0 with preserved memory: 35.017905712127686 GB
[[0, 1]] [[1]]
[ok] 0078_A_cat: 81 frames
Moving DynamicSwap_WanTextEncoder to cuda:0 with preserved memory: 35.01830053329468 GB
[[0, 1]] [[0, 1, 2, 3]]
[ok] 0079_A_bus: 81 frames
Moving DynamicSwap_WanTextEncoder to cuda:0 with preserved memory: 35.017905712127686 GB
[[0, 1]] [[0, 1, 2]]
[ok] 0080_A_motorcycle: 81 frames
Moving DynamicSwap_WanTextEncoder to cuda:0 with preserved memory: 35.01830053329468 GB
[[0, 1]] [[1]]
[ok] 0081_A_horse: 81 frames
Moving DynamicSwap_WanTextEncoder to cuda:0 with preserved memory: 35.017905712127686 GB
[[0, 1]] [[0, 1, 2]]
[ok] 0082_A_tram: 81 frames
Moving DynamicSwap_WanTextEncoder to cuda:0 with preserved memory: 35.01830053329468 GB
[[0, 1]] [[0, 1, 2, 3]]
[ok] 0083_A_boat: 81 frames
Moving DynamicSwap_WanTextEncoder to cuda:0 with preserved memory: 35.017905712127686 GB
[[0, 1, 2]] [[0, 1, 2, 3, 4]]
[ok] 0084_A_squirrel: 81 frames
Moving DynamicSwap_WanTextEncoder to cuda:0 with preserved memory: 35.01830053329468 GB
[[0, 1]] [[0, 1, 2]]
[ok] 0085_A_tram: 81 frames
Moving DynamicSwap_WanTextEncoder to cuda:0 with preserved memory: 35.017905712127686 GB
[[0, 1, 2, 3]] [[0, 1, 2, 3, 4]]
[ok] 0086_A_red_sports_car: 81 frames
Moving DynamicSwap_WanTextEncoder to cuda:0 with preserved memory: 35.01830053329468 GB
[[0, 1, 2]] [[1]]
[ok] 0087_A_seagull: 81 frames
Moving DynamicSwap_WanTextEncoder to cuda:0 with preserved memory: 35.017905712127686 GB
[[0, 1, 2]] [[1, 2]]
[ok] 0088_A_cyclist: 81 frames
Moving DynamicSwap_WanTextEncoder to cuda:0 with preserved memory: 35.01830053329468 GB
[[0, 1]] [[0, 1, 2]]
[ok] 0089_A_dog: 81 frames
Moving DynamicSwap_WanTextEncoder to cuda:0 with preserved memory: 35.017905712127686 GB
[[0, 1, 2]] [[0, 1, 2, 3]]
[ok] 0090_A_deer: 81 frames
Moving DynamicSwap_WanTextEncoder to cuda:0 with preserved memory: 35.01830053329468 GB
[[0, 1, 2]] [[0, 1, 2, 3, 4]]
[ok] 0091_A_hawk: 81 frames
Moving DynamicSwap_WanTextEncoder to cuda:0 with preserved memory: 35.017905712127686 GB
[[0, 1, 2]] [[0, 1, 2, 3, 4]]
[ok] 0092_A_fox: 81 frames
Moving DynamicSwap_WanTextEncoder to cuda:0 with preserved memory: 35.01830053329468 GB
[[0, 1, 2]] [[0, 1, 2, 3]]
[ok] 0093_A_helicopter: 81 frames
Moving DynamicSwap_WanTextEncoder to cuda:0 with preserved memory: 35.017905712127686 GB
[[0, 1, 2]] [[1]]
[ok] 0094_A_swan: 81 frames
Moving DynamicSwap_WanTextEncoder to cuda:0 with preserved memory: 35.01830053329468 GB
[[0, 1]] [[1, 2]]
[ok] 0095_A_crow: 81 frames
Moving DynamicSwap_WanTextEncoder to cuda:0 with preserved memory: 35.017905712127686 GB
[[0, 1]] [[1, 2]]
[ok] 0096_A_car: 81 frames
Moving DynamicSwap_WanTextEncoder to cuda:0 with preserved memory: 35.01830053329468 GB
[[0, 1]] [[0, 1, 2]]
[ok] 0097_A_bird: 81 frames
Moving DynamicSwap_WanTextEncoder to cuda:0 with preserved memory: 35.017905712127686 GB
[[0, 1, 2]] [[1]]
[ok] 0098_A_squirrel: 81 frames
Moving DynamicSwap_WanTextEncoder to cuda:0 with preserved memory: 35.01830053329468 GB
[[0, 1, 2]] [[1, 2]]
[ok] 0099_A_jogger: 81 frames
Moving DynamicSwap_WanTextEncoder to cuda:0 with preserved memory: 35.017905712127686 GB
[[0, 1, 2]] [[1, 2, 3]]
[ok] 0100_A_deer: 81 frames
[run_fivebench] done edit3: 100/100 ok -> /projects/dataggen/outputs/five_bench/baseline/edit3/_manifest.csv
