[r20_determ] --- run a (edit6, defaults = R1 baseline path) ---
Free VRAM 43.969970703125 GB
KV inference with 3 frames per block
[run_fivebench] edit_type=6 method=run_a pairs=2 vp_mode=novp blend_sched=paper(eq4) out=/projects/dataggen/outputs/five_bench/r20_determ/run_a/edit6
Moving DynamicSwap_WanTextEncoder to cuda:0 with preserved memory: 35.38877725601196 GB
[[20, 21, 22, 23, 24, 25, 26, 27]] [[20, 21, 22, 23, 24, 25, 26, 27, 28]]
[ok] 0002_girl-dog: 81 frames
Moving DynamicSwap_WanTextEncoder to cuda:0 with preserved memory: 35.01925802230835 GB
[[0, 1]] [[6, 7, 8, 9, 10]]
[ok] 0042_gym-ball: 69 frames
[run_fivebench] done edit6: 2/2 ok -> /projects/dataggen/outputs/five_bench/r20_determ/run_a/edit6/_manifest.csv
[r20_determ] --- run b (edit6, defaults = R1 baseline path) ---
Free VRAM 43.969970703125 GB
KV inference with 3 frames per block
[run_fivebench] edit_type=6 method=run_b pairs=2 vp_mode=novp blend_sched=paper(eq4) out=/projects/dataggen/outputs/five_bench/r20_determ/run_b/edit6
Moving DynamicSwap_WanTextEncoder to cuda:0 with preserved memory: 35.38877725601196 GB
[[20, 21, 22, 23, 24, 25, 26, 27]] [[20, 21, 22, 23, 24, 25, 26, 27, 28]]
[ok] 0002_girl-dog: 81 frames
Moving DynamicSwap_WanTextEncoder to cuda:0 with preserved memory: 35.01925802230835 GB
[[0, 1]] [[6, 7, 8, 9, 10]]
[ok] 0042_gym-ball: 69 frames
[run_fivebench] done edit6: 2/2 ok -> /projects/dataggen/outputs/five_bench/r20_determ/run_b/edit6/_manifest.csv
[r20_determ] ----- comparing run_a vs run_b vs stored baseline -----
0042_gym-ball    a=fd570f5ae62a0872 b=fd570f5ae62a0872 ref=2c96f95bbd2245a7  SELF-CONSISTENT, differs from stored ref
0002_girl-dog    a=2d92a0558133ef0a b=2d92a0558133ef0a ref=2d92a0558133ef0a  SELF-CONSISTENT, matches stored ref
[r20_determ] done
