[r20_smoke] job=907411 out=/projects/dataggen/outputs/five_bench/r20_smoke
[r20_smoke] ===== stage 1: bit-parity against R1 / R7 =====
Free VRAM 43.969970703125 GB
KV inference with 3 frames per block
[run_fivebench] edit_type=1 method=parity_novp pairs=1 vp_mode=novp blend_sched=paper(eq4) out=/projects/dataggen/outputs/five_bench/r20_smoke/parity_novp/edit1
Moving DynamicSwap_WanTextEncoder to cuda:0 with preserved memory: 35.39012956619263 GB
[[0, 1, 2]] [[0, 1, 2]]
[ok] 0001_bus: 69 frames
[run_fivebench] done edit1: 1/1 ok -> /projects/dataggen/outputs/five_bench/r20_smoke/parity_novp/edit1/_manifest.csv
Free VRAM 43.969970703125 GB
KV inference with 3 frames per block
[run_fivebench] edit_type=6 method=parity_novp pairs=2 vp_mode=novp blend_sched=paper(eq4) out=/projects/dataggen/outputs/five_bench/r20_smoke/parity_novp/edit6
Moving DynamicSwap_WanTextEncoder to cuda:0 with preserved memory: 35.38877725601196 GB
[[20, 21, 22, 23, 24, 25, 26, 27]] [[20, 21, 22, 23, 24, 25, 26, 27, 28]]
[ok] 0002_girl-dog: 81 frames
Moving DynamicSwap_WanTextEncoder to cuda:0 with preserved memory: 35.01925802230835 GB
[[0, 1]] [[6, 7, 8, 9, 10]]
[ok] 0042_gym-ball: 69 frames
[run_fivebench] done edit6: 2/2 ok -> /projects/dataggen/outputs/five_bench/r20_smoke/parity_novp/edit6/_manifest.csv
Free VRAM 43.969970703125 GB
KV inference with 3 frames per block
[run_fivebench] edit_type=1 method=parity_vp pairs=1 vp_mode=vp blend_sched=paper(eq4) out=/projects/dataggen/outputs/five_bench/r20_smoke/parity_vp/edit1
Moving DynamicSwap_WanTextEncoder to cuda:0 with preserved memory: 35.38975763320923 GB
[[0, 1, 2]] [[0, 1, 2]]
[ok] 0001_bus: 69 frames
[run_fivebench] done edit1: 1/1 ok -> /projects/dataggen/outputs/five_bench/r20_smoke/parity_vp/edit1/_manifest.csv
Free VRAM 43.969970703125 GB
KV inference with 3 frames per block
[run_fivebench] edit_type=6 method=parity_vp pairs=2 vp_mode=vp blend_sched=paper(eq4) out=/projects/dataggen/outputs/five_bench/r20_smoke/parity_vp/edit6
Moving DynamicSwap_WanTextEncoder to cuda:0 with preserved memory: 35.388405323028564 GB
[[20, 21, 22, 23, 24, 25, 26, 27]] [[20, 21, 22, 23, 24, 25, 26, 27, 28]]
Moving DynamicSwap_WanTextEncoder to cuda:0 with preserved memory: 35.37551927566528 GB
[[20, 21, 22, 23, 24, 25, 26, 27]] [[20, 21, 22, 23, 24, 25, 26, 27, 28]]
[ok] 0002_girl-dog: 81 frames
Moving DynamicSwap_WanTextEncoder to cuda:0 with preserved memory: 35.01693296432495 GB
[[0, 1]] [[6, 7, 8, 9, 10]]
[ok] 0042_gym-ball: 69 frames
[run_fivebench] done edit6: 2/2 ok -> /projects/dataggen/outputs/five_bench/r20_smoke/parity_vp/edit6/_manifest.csv
[r20_smoke] ----- comparing against stored references -----
IDENTICAL parity_novp/edit1/0001_bus  vs baseline
DIFFERS  parity_novp/edit6/0042_gym-ball  vs baseline
    new=69:fd570f5ae62a0872bd18dd8538b779b1be6e401914c6132ec5ac349bf7701fd6
    ref=69:2c96f95bbd2245a7b1d306a713cd71a739ed1003745a902263d88993a39efa06
IDENTICAL parity_novp/edit6/0002_girl-dog  vs baseline
IDENTICAL parity_vp/edit1/0001_bus  vs r7_visual_prompting
DIFFERS  parity_vp/edit6/0042_gym-ball  vs r7_visual_prompting
    new=69:88c726966b638bdf0b57fe94f877be1c9220a18f552ca9bb54115a7ea62ef3df
    ref=69:3157a926db687ba1988c0a4e7aac80d156c1da831a2dd7720fd197ee8884edcc
IDENTICAL parity_vp/edit6/0002_girl-dog  vs r7_visual_prompting
[parity] 2 mismatch(es)
[r20_smoke] PARITY FAILED -- the R1/R7 references are not reproducible with the
[r20_smoke] current run_fivebench.py. Do NOT launch r20_infer.sh. Investigate first.
