[r20_infer] job=907504_6 vp_mode=pvp
[r20_infer] scheds=const zero edit_types=1 2 5 6 -> /projects/dataggen/outputs/five_bench/r20_blend_sched
[r20_infer] --- const_pvp / edit1 ---
Free VRAM 43.969970703125 GB
KV inference with 3 frames per block
[run_fivebench] edit_type=1 method=const_pvp pairs=1 vp_mode=pvp blend_sched=const out=/projects/dataggen/outputs/five_bench/r20_blend_sched/const_pvp/edit1
Moving DynamicSwap_WanTextEncoder to cuda:0 with preserved memory: 35.38994359970093 GB
[[0, 1, 2]] [[0, 1, 2]]
[r10] vp_bank built: 30 layers x 1560 tokens (1 latent frame(s))
[ok] 0001_bus: 69 frames
[run_fivebench] done edit1: 1/1 ok -> /projects/dataggen/outputs/five_bench/r20_blend_sched/const_pvp/edit1/_manifest.csv
[r20_infer] --- const_pvp / edit2 ---
Free VRAM 43.969970703125 GB
KV inference with 3 frames per block
[run_fivebench] edit_type=2 method=const_pvp pairs=16 vp_mode=pvp blend_sched=const out=/projects/dataggen/outputs/five_bench/r20_blend_sched/const_pvp/edit2
Moving DynamicSwap_WanTextEncoder to cuda:0 with preserved memory: 35.38994359970093 GB
[[0, 1, 2, 3, 4, 5]] [[0, 1, 2]]
[r10] vp_bank built: 30 layers x 1560 tokens (1 latent frame(s))
[ok] 0011_lucia: 69 frames
Moving DynamicSwap_WanTextEncoder to cuda:0 with preserved memory: 35.072630405426025 GB
[[0, 1, 2]] [[0, 1, 2]]
[r10] vp_bank built: 30 layers x 1560 tokens (1 latent frame(s))
[ok] 0014_burnout: 69 frames
Moving DynamicSwap_WanTextEncoder to cuda:0 with preserved memory: 35.07374620437622 GB
[[0, 1, 2, 3, 4]] [[0, 1, 2, 3]]
[r10] vp_bank built: 30 layers x 1560 tokens (1 latent frame(s))
[ok] 0016_horsejump-high: 45 frames
Moving DynamicSwap_WanTextEncoder to cuda:0 with preserved memory: 35.179747104644775 GB
[[0, 1]] [[1, 2]]
[r10] vp_bank built: 30 layers x 1560 tokens (1 latent frame(s))
[ok] 0028_kite-walk: 69 frames
Moving DynamicSwap_WanTextEncoder to cuda:0 with preserved memory: 35.069347858428955 GB
[[0, 1, 2, 3, 4]] [[0, 1]]
[r10] vp_bank built: 30 layers x 1560 tokens (1 latent frame(s))
Moving DynamicSwap_WanTextEncoder to cuda:0 with preserved memory: 35.064648151397705 GB
[[0, 1, 2, 3, 4]] [[0, 1]]
[r10] vp_bank built: 30 layers x 1560 tokens (1 latent frame(s))
[ok] 0034_cows: 93 frames
Moving DynamicSwap_WanTextEncoder to cuda:0 with preserved memory: 34.963207721710205 GB
[[0, 1, 2]] [[0, 1]]
[r10] vp_bank built: 30 layers x 1560 tokens (1 latent frame(s))
[ok] 0040_tennis: 69 frames
Moving DynamicSwap_WanTextEncoder to cuda:0 with preserved memory: 35.070677280426025 GB
[[0, 1, 2, 3, 4]] [[3]]
[r10] vp_bank built: 30 layers x 1560 tokens (1 latent frame(s))
[ok] 0045_butterfly: 69 frames
Moving DynamicSwap_WanTextEncoder to cuda:0 with preserved memory: 35.07133150100708 GB
[[0, 1, 2, 3]] [[0, 1, 2]]
[r10] vp_bank built: 30 layers x 1560 tokens (1 latent frame(s))
[ok] 0057_dog: 57 frames
Moving DynamicSwap_WanTextEncoder to cuda:0 with preserved memory: 35.12590456008911 GB
[[0, 1, 2, 3, 4]] [[0, 1, 2, 3]]
[r10] vp_bank built: 30 layers x 1560 tokens (1 latent frame(s))
[ok] 0068_planes-water: 33 frames
Moving DynamicSwap_WanTextEncoder to cuda:0 with preserved memory: 35.233234882354736 GB
[[0, 1, 2, 3]] [[0, 1, 2]]
[r10] vp_bank built: 30 layers x 1560 tokens (1 latent frame(s))
[ok] 0072_dog-agility: 21 frames
Moving DynamicSwap_WanTextEncoder to cuda:0 with preserved memory: 35.28434991836548 GB
[[0, 1, 2, 3, 4]] [[0, 1, 2, 3]]
[r10] vp_bank built: 30 layers x 1560 tokens (1 latent frame(s))
[ok] 0074_rhino: 81 frames
Moving DynamicSwap_WanTextEncoder to cuda:0 with preserved memory: 35.015766620635986 GB
[[0, 1]] [[0, 1]]
[r10] vp_bank built: 30 layers x 1560 tokens (1 latent frame(s))
[ok] 0075_A_bicycle: 81 frames
Moving DynamicSwap_WanTextEncoder to cuda:0 with preserved memory: 35.015766620635986 GB
[[0, 1, 2]] [[0, 1]]
[r10] vp_bank built: 30 layers x 1560 tokens (1 latent frame(s))
[ok] 0076_A_rabbit: 81 frames
Moving DynamicSwap_WanTextEncoder to cuda:0 with preserved memory: 35.015766620635986 GB
[[0, 1]] [[0, 1, 2, 3]]
[r10] vp_bank built: 30 layers x 1560 tokens (1 latent frame(s))
[ok] 0079_A_bus: 81 frames
Moving DynamicSwap_WanTextEncoder to cuda:0 with preserved memory: 35.01616144180298 GB
[[0, 1, 2]] [[0, 1, 2]]
[r10] vp_bank built: 30 layers x 1560 tokens (1 latent frame(s))
[ok] 0090_A_deer: 81 frames
Moving DynamicSwap_WanTextEncoder to cuda:0 with preserved memory: 35.01578950881958 GB
[[0, 1, 2]] [[0, 1, 2, 3, 4]]
[r10] vp_bank built: 30 layers x 1560 tokens (1 latent frame(s))
[ok] 0091_A_hawk: 81 frames
[run_fivebench] done edit2: 16/16 ok -> /projects/dataggen/outputs/five_bench/r20_blend_sched/const_pvp/edit2/_manifest.csv
[r20_infer] --- const_pvp / edit5 ---
Free VRAM 43.969970703125 GB
KV inference with 3 frames per block
[run_fivebench] edit_type=5 method=const_pvp pairs=3 vp_mode=pvp blend_sched=const out=/projects/dataggen/outputs/five_bench/r20_blend_sched/const_pvp/edit5
Moving DynamicSwap_WanTextEncoder to cuda:0 with preserved memory: 35.39105939865112 GB
[[0, 1]] [[0, 1, 2, 3, 4]]
[r10] vp_bank built: 30 layers x 1560 tokens (1 latent frame(s))
[ok] 0007_guitar-violin: 45 frames
Moving DynamicSwap_WanTextEncoder to cuda:0 with preserved memory: 35.17953538894653 GB
[[0, 1, 2, 3, 4, 5]] [[7, 8, 9, 10, 11]]
[r10] vp_bank built: 30 layers x 1560 tokens (1 latent frame(s))
[ok] 0011_lucia: 69 frames
Moving DynamicSwap_WanTextEncoder to cuda:0 with preserved memory: 35.072630405426025 GB
[[0, 1, 2]] [[4, 5, 6, 7, 8, 9, 10]]
[r10] vp_bank built: 30 layers x 1560 tokens (1 latent frame(s))
[ok] 0069_car-turn: 69 frames
[run_fivebench] done edit5: 3/3 ok -> /projects/dataggen/outputs/five_bench/r20_blend_sched/const_pvp/edit5/_manifest.csv
[r20_infer] --- const_pvp / edit6 ---
Free VRAM 43.969970703125 GB
KV inference with 3 frames per block
[run_fivebench] edit_type=6 method=const_pvp pairs=2 vp_mode=pvp blend_sched=const out=/projects/dataggen/outputs/five_bench/r20_blend_sched/const_pvp/edit6
Moving DynamicSwap_WanTextEncoder to cuda:0 with preserved memory: 35.388591289520264 GB
[[20, 21, 22, 23, 24, 25, 26, 27]] [[20, 21, 22, 23, 24, 25, 26, 27, 28]]
[r10] vp_bank built: 30 layers x 1560 tokens (1 latent frame(s))
[ok] 0002_girl-dog: 81 frames
Moving DynamicSwap_WanTextEncoder to cuda:0 with preserved memory: 35.01711893081665 GB
[[0, 1]] [[6, 7, 8, 9, 10]]
[r10] vp_bank built: 30 layers x 1560 tokens (1 latent frame(s))
[ok] 0042_gym-ball: 69 frames
[run_fivebench] done edit6: 2/2 ok -> /projects/dataggen/outputs/five_bench/r20_blend_sched/const_pvp/edit6/_manifest.csv
[r20_infer] --- zero_pvp / edit1 ---
Free VRAM 43.969970703125 GB
KV inference with 3 frames per block
[run_fivebench] edit_type=1 method=zero_pvp pairs=1 vp_mode=pvp blend_sched=zero out=/projects/dataggen/outputs/five_bench/r20_blend_sched/zero_pvp/edit1
Moving DynamicSwap_WanTextEncoder to cuda:0 with preserved memory: 35.38994359970093 GB
[[0, 1, 2]] [[0, 1, 2]]
[r10] vp_bank built: 30 layers x 1560 tokens (1 latent frame(s))
[ok] 0001_bus: 69 frames
[run_fivebench] done edit1: 1/1 ok -> /projects/dataggen/outputs/five_bench/r20_blend_sched/zero_pvp/edit1/_manifest.csv
[r20_infer] --- zero_pvp / edit2 ---
Free VRAM 43.969970703125 GB
KV inference with 3 frames per block
[run_fivebench] edit_type=2 method=zero_pvp pairs=16 vp_mode=pvp blend_sched=zero out=/projects/dataggen/outputs/five_bench/r20_blend_sched/zero_pvp/edit2
Moving DynamicSwap_WanTextEncoder to cuda:0 with preserved memory: 35.38994359970093 GB
[[0, 1, 2, 3, 4, 5]] [[0, 1, 2]]
[r10] vp_bank built: 30 layers x 1560 tokens (1 latent frame(s))
[ok] 0011_lucia: 69 frames
Moving DynamicSwap_WanTextEncoder to cuda:0 with preserved memory: 35.072630405426025 GB
[[0, 1, 2]] [[0, 1, 2]]
[r10] vp_bank built: 30 layers x 1560 tokens (1 latent frame(s))
[ok] 0014_burnout: 69 frames
Moving DynamicSwap_WanTextEncoder to cuda:0 with preserved memory: 35.07374620437622 GB
[[0, 1, 2, 3, 4]] [[0, 1, 2, 3]]
[r10] vp_bank built: 30 layers x 1560 tokens (1 latent frame(s))
[ok] 0016_horsejump-high: 45 frames
Moving DynamicSwap_WanTextEncoder to cuda:0 with preserved memory: 35.179747104644775 GB
[[0, 1]] [[1, 2]]
[r10] vp_bank built: 30 layers x 1560 tokens (1 latent frame(s))
[ok] 0028_kite-walk: 69 frames
Moving DynamicSwap_WanTextEncoder to cuda:0 with preserved memory: 35.069347858428955 GB
[[0, 1, 2, 3, 4]] [[0, 1]]
[r10] vp_bank built: 30 layers x 1560 tokens (1 latent frame(s))
Moving DynamicSwap_WanTextEncoder to cuda:0 with preserved memory: 35.064648151397705 GB
[[0, 1, 2, 3, 4]] [[0, 1]]
[r10] vp_bank built: 30 layers x 1560 tokens (1 latent frame(s))
[ok] 0034_cows: 93 frames
Moving DynamicSwap_WanTextEncoder to cuda:0 with preserved memory: 34.963207721710205 GB
[[0, 1, 2]] [[0, 1]]
[r10] vp_bank built: 30 layers x 1560 tokens (1 latent frame(s))
[ok] 0040_tennis: 69 frames
Moving DynamicSwap_WanTextEncoder to cuda:0 with preserved memory: 35.070677280426025 GB
[[0, 1, 2, 3, 4]] [[3]]
[r10] vp_bank built: 30 layers x 1560 tokens (1 latent frame(s))
[ok] 0045_butterfly: 69 frames
Moving DynamicSwap_WanTextEncoder to cuda:0 with preserved memory: 35.07133150100708 GB
[[0, 1, 2, 3]] [[0, 1, 2]]
[r10] vp_bank built: 30 layers x 1560 tokens (1 latent frame(s))
[ok] 0057_dog: 57 frames
Moving DynamicSwap_WanTextEncoder to cuda:0 with preserved memory: 35.12590456008911 GB
[[0, 1, 2, 3, 4]] [[0, 1, 2, 3]]
[r10] vp_bank built: 30 layers x 1560 tokens (1 latent frame(s))
[ok] 0068_planes-water: 33 frames
Moving DynamicSwap_WanTextEncoder to cuda:0 with preserved memory: 35.233234882354736 GB
[[0, 1, 2, 3]] [[0, 1, 2]]
[r10] vp_bank built: 30 layers x 1560 tokens (1 latent frame(s))
[ok] 0072_dog-agility: 21 frames
Moving DynamicSwap_WanTextEncoder to cuda:0 with preserved memory: 35.28434991836548 GB
[[0, 1, 2, 3, 4]] [[0, 1, 2, 3]]
[r10] vp_bank built: 30 layers x 1560 tokens (1 latent frame(s))
[ok] 0074_rhino: 81 frames
Moving DynamicSwap_WanTextEncoder to cuda:0 with preserved memory: 35.015766620635986 GB
[[0, 1]] [[0, 1]]
[r10] vp_bank built: 30 layers x 1560 tokens (1 latent frame(s))
[ok] 0075_A_bicycle: 81 frames
Moving DynamicSwap_WanTextEncoder to cuda:0 with preserved memory: 35.015766620635986 GB
[[0, 1, 2]] [[0, 1]]
[r10] vp_bank built: 30 layers x 1560 tokens (1 latent frame(s))
[ok] 0076_A_rabbit: 81 frames
Moving DynamicSwap_WanTextEncoder to cuda:0 with preserved memory: 35.015766620635986 GB
[[0, 1]] [[0, 1, 2, 3]]
[r10] vp_bank built: 30 layers x 1560 tokens (1 latent frame(s))
[ok] 0079_A_bus: 81 frames
Moving DynamicSwap_WanTextEncoder to cuda:0 with preserved memory: 35.01616144180298 GB
[[0, 1, 2]] [[0, 1, 2]]
[r10] vp_bank built: 30 layers x 1560 tokens (1 latent frame(s))
[ok] 0090_A_deer: 81 frames
Moving DynamicSwap_WanTextEncoder to cuda:0 with preserved memory: 35.01578950881958 GB
[[0, 1, 2]] [[0, 1, 2, 3, 4]]
[r10] vp_bank built: 30 layers x 1560 tokens (1 latent frame(s))
[ok] 0091_A_hawk: 81 frames
[run_fivebench] done edit2: 16/16 ok -> /projects/dataggen/outputs/five_bench/r20_blend_sched/zero_pvp/edit2/_manifest.csv
[r20_infer] --- zero_pvp / edit5 ---
Free VRAM 43.969970703125 GB
KV inference with 3 frames per block
[run_fivebench] edit_type=5 method=zero_pvp pairs=3 vp_mode=pvp blend_sched=zero out=/projects/dataggen/outputs/five_bench/r20_blend_sched/zero_pvp/edit5
Moving DynamicSwap_WanTextEncoder to cuda:0 with preserved memory: 35.39105939865112 GB
[[0, 1]] [[0, 1, 2, 3, 4]]
[r10] vp_bank built: 30 layers x 1560 tokens (1 latent frame(s))
[ok] 0007_guitar-violin: 45 frames
Moving DynamicSwap_WanTextEncoder to cuda:0 with preserved memory: 35.17953538894653 GB
[[0, 1, 2, 3, 4, 5]] [[7, 8, 9, 10, 11]]
[r10] vp_bank built: 30 layers x 1560 tokens (1 latent frame(s))
[ok] 0011_lucia: 69 frames
Moving DynamicSwap_WanTextEncoder to cuda:0 with preserved memory: 35.072630405426025 GB
[[0, 1, 2]] [[4, 5, 6, 7, 8, 9, 10]]
[r10] vp_bank built: 30 layers x 1560 tokens (1 latent frame(s))
[ok] 0069_car-turn: 69 frames
[run_fivebench] done edit5: 3/3 ok -> /projects/dataggen/outputs/five_bench/r20_blend_sched/zero_pvp/edit5/_manifest.csv
[r20_infer] --- zero_pvp / edit6 ---
Free VRAM 43.969970703125 GB
KV inference with 3 frames per block
[run_fivebench] edit_type=6 method=zero_pvp pairs=2 vp_mode=pvp blend_sched=zero out=/projects/dataggen/outputs/five_bench/r20_blend_sched/zero_pvp/edit6
Moving DynamicSwap_WanTextEncoder to cuda:0 with preserved memory: 35.388591289520264 GB
[[20, 21, 22, 23, 24, 25, 26, 27]] [[20, 21, 22, 23, 24, 25, 26, 27, 28]]
[r10] vp_bank built: 30 layers x 1560 tokens (1 latent frame(s))
[ok] 0002_girl-dog: 81 frames
Moving DynamicSwap_WanTextEncoder to cuda:0 with preserved memory: 35.01711893081665 GB
[[0, 1]] [[6, 7, 8, 9, 10]]
[r10] vp_bank built: 30 layers x 1560 tokens (1 latent frame(s))
[ok] 0042_gym-ball: 69 frames
[run_fivebench] done edit6: 2/2 ok -> /projects/dataggen/outputs/five_bench/r20_blend_sched/zero_pvp/edit6/_manifest.csv
[r20_infer] vp_mode=pvp frame dirs matching *_pvp: 132
[r20_infer] (tasks 2/3/6 all write *_pvp -- 66, then 88, then 132 cumulative)
[r20_infer] failures: 0
