[r20_infer] job=907470_0 vp_mode=novp
[r20_infer] scheds=cos_full cos_half cos_third edit_types=1 2 5 6 -> /projects/dataggen/outputs/five_bench/r20_blend_sched
[r20_infer] --- cos_full_novp / edit1 ---
Free VRAM 43.969970703125 GB
KV inference with 3 frames per block
[run_fivebench] edit_type=1 method=cos_full_novp pairs=1 vp_mode=novp blend_sched=cos_full out=/projects/dataggen/outputs/five_bench/r20_blend_sched/cos_full_novp/edit1
Moving DynamicSwap_WanTextEncoder to cuda:0 with preserved memory: 35.39012956619263 GB
[[0, 1, 2]] [[0, 1, 2]]
[ok] 0001_bus: 69 frames
[run_fivebench] done edit1: 1/1 ok -> /projects/dataggen/outputs/five_bench/r20_blend_sched/cos_full_novp/edit1/_manifest.csv
[r20_infer] --- cos_full_novp / edit2 ---
Free VRAM 43.969970703125 GB
KV inference with 3 frames per block
[run_fivebench] edit_type=2 method=cos_full_novp pairs=16 vp_mode=novp blend_sched=cos_full out=/projects/dataggen/outputs/five_bench/r20_blend_sched/cos_full_novp/edit2
Moving DynamicSwap_WanTextEncoder to cuda:0 with preserved memory: 35.39012956619263 GB
[[0, 1, 2, 3, 4, 5]] [[0, 1, 2]]
[ok] 0011_lucia: 69 frames
Moving DynamicSwap_WanTextEncoder to cuda:0 with preserved memory: 35.072816371917725 GB
[[0, 1, 2]] [[0, 1, 2]]
[ok] 0014_burnout: 69 frames
Moving DynamicSwap_WanTextEncoder to cuda:0 with preserved memory: 35.07393217086792 GB
[[0, 1, 2, 3, 4]] [[0, 1, 2, 3]]
[ok] 0016_horsejump-high: 45 frames
Moving DynamicSwap_WanTextEncoder to cuda:0 with preserved memory: 35.179933071136475 GB
[[0, 1]] [[1, 2]]
[ok] 0028_kite-walk: 69 frames
Moving DynamicSwap_WanTextEncoder to cuda:0 with preserved memory: 35.07146406173706 GB
[[0, 1, 2, 3, 4]] [[0, 1]]
Moving DynamicSwap_WanTextEncoder to cuda:0 with preserved memory: 35.06676435470581 GB
[[0, 1, 2, 3, 4]] [[0, 1]]
[ok] 0034_cows: 93 frames
Moving DynamicSwap_WanTextEncoder to cuda:0 with preserved memory: 34.965699672698975 GB
[[0, 1, 2]] [[0, 1]]
[ok] 0040_tennis: 69 frames
Moving DynamicSwap_WanTextEncoder to cuda:0 with preserved memory: 35.072816371917725 GB
[[0, 1, 2, 3, 4]] [[3]]
[ok] 0045_butterfly: 69 frames
Moving DynamicSwap_WanTextEncoder to cuda:0 with preserved memory: 35.07337427139282 GB
[[0, 1, 2, 3]] [[0, 1, 2]]
[ok] 0057_dog: 57 frames
Moving DynamicSwap_WanTextEncoder to cuda:0 with preserved memory: 35.127811908721924 GB
[[0, 1, 2, 3, 4]] [[0, 1, 2, 3]]
[ok] 0068_planes-water: 33 frames
Moving DynamicSwap_WanTextEncoder to cuda:0 with preserved memory: 35.235373973846436 GB
[[0, 1, 2, 3]] [[0, 1, 2]]
[ok] 0072_dog-agility: 21 frames
Moving DynamicSwap_WanTextEncoder to cuda:0 with preserved memory: 35.28609228134155 GB
[[0, 1, 2, 3, 4]] [[0, 1, 2, 3]]
[ok] 0074_rhino: 81 frames
Moving DynamicSwap_WanTextEncoder to cuda:0 with preserved memory: 35.017905712127686 GB
[[0, 1]] [[0, 1]]
[ok] 0075_A_bicycle: 81 frames
Moving DynamicSwap_WanTextEncoder to cuda:0 with preserved memory: 35.017905712127686 GB
[[0, 1, 2]] [[0, 1]]
[ok] 0076_A_rabbit: 81 frames
Moving DynamicSwap_WanTextEncoder to cuda:0 with preserved memory: 35.017905712127686 GB
[[0, 1]] [[0, 1, 2, 3]]
[ok] 0079_A_bus: 81 frames
Moving DynamicSwap_WanTextEncoder to cuda:0 with preserved memory: 35.017905712127686 GB
[[0, 1, 2]] [[0, 1, 2]]
[ok] 0090_A_deer: 81 frames
Moving DynamicSwap_WanTextEncoder to cuda:0 with preserved memory: 35.017905712127686 GB
[[0, 1, 2]] [[0, 1, 2, 3, 4]]
[ok] 0091_A_hawk: 81 frames
[run_fivebench] done edit2: 16/16 ok -> /projects/dataggen/outputs/five_bench/r20_blend_sched/cos_full_novp/edit2/_manifest.csv
[r20_infer] --- cos_full_novp / edit5 ---
Free VRAM 43.969970703125 GB
KV inference with 3 frames per block
[run_fivebench] edit_type=5 method=cos_full_novp pairs=3 vp_mode=novp blend_sched=cos_full out=/projects/dataggen/outputs/five_bench/r20_blend_sched/cos_full_novp/edit5
Moving DynamicSwap_WanTextEncoder to cuda:0 with preserved memory: 35.39124536514282 GB
[[0, 1]] [[0, 1, 2, 3, 4]]
[ok] 0007_guitar-violin: 45 frames
Moving DynamicSwap_WanTextEncoder to cuda:0 with preserved memory: 35.179933071136475 GB
[[0, 1, 2, 3, 4, 5]] [[7, 8, 9, 10, 11]]
[ok] 0011_lucia: 69 frames
Moving DynamicSwap_WanTextEncoder to cuda:0 with preserved memory: 35.072816371917725 GB
[[0, 1, 2]] [[4, 5, 6, 7, 8, 9, 10]]
[ok] 0069_car-turn: 69 frames
[run_fivebench] done edit5: 3/3 ok -> /projects/dataggen/outputs/five_bench/r20_blend_sched/cos_full_novp/edit5/_manifest.csv
[r20_infer] --- cos_full_novp / edit6 ---
Free VRAM 43.969970703125 GB
KV inference with 3 frames per block
[run_fivebench] edit_type=6 method=cos_full_novp pairs=2 vp_mode=novp blend_sched=cos_full out=/projects/dataggen/outputs/five_bench/r20_blend_sched/cos_full_novp/edit6
Moving DynamicSwap_WanTextEncoder to cuda:0 with preserved memory: 35.38877725601196 GB
[[20, 21, 22, 23, 24, 25, 26, 27]] [[20, 21, 22, 23, 24, 25, 26, 27, 28]]
[ok] 0002_girl-dog: 81 frames
Moving DynamicSwap_WanTextEncoder to cuda:0 with preserved memory: 35.01925802230835 GB
[[0, 1]] [[6, 7, 8, 9, 10]]
[ok] 0042_gym-ball: 69 frames
[run_fivebench] done edit6: 2/2 ok -> /projects/dataggen/outputs/five_bench/r20_blend_sched/cos_full_novp/edit6/_manifest.csv
[r20_infer] --- cos_half_novp / edit1 ---
Free VRAM 43.969970703125 GB
KV inference with 3 frames per block
[run_fivebench] edit_type=1 method=cos_half_novp pairs=1 vp_mode=novp blend_sched=cos_half out=/projects/dataggen/outputs/five_bench/r20_blend_sched/cos_half_novp/edit1
Moving DynamicSwap_WanTextEncoder to cuda:0 with preserved memory: 35.39012956619263 GB
[[0, 1, 2]] [[0, 1, 2]]
[ok] 0001_bus: 69 frames
[run_fivebench] done edit1: 1/1 ok -> /projects/dataggen/outputs/five_bench/r20_blend_sched/cos_half_novp/edit1/_manifest.csv
[r20_infer] --- cos_half_novp / edit2 ---
Free VRAM 43.969970703125 GB
KV inference with 3 frames per block
[run_fivebench] edit_type=2 method=cos_half_novp pairs=16 vp_mode=novp blend_sched=cos_half out=/projects/dataggen/outputs/five_bench/r20_blend_sched/cos_half_novp/edit2
Moving DynamicSwap_WanTextEncoder to cuda:0 with preserved memory: 35.39012956619263 GB
[[0, 1, 2, 3, 4, 5]] [[0, 1, 2]]
[ok] 0011_lucia: 69 frames
Moving DynamicSwap_WanTextEncoder to cuda:0 with preserved memory: 35.072816371917725 GB
[[0, 1, 2]] [[0, 1, 2]]
[ok] 0014_burnout: 69 frames
Moving DynamicSwap_WanTextEncoder to cuda:0 with preserved memory: 35.07393217086792 GB
[[0, 1, 2, 3, 4]] [[0, 1, 2, 3]]
[ok] 0016_horsejump-high: 45 frames
Moving DynamicSwap_WanTextEncoder to cuda:0 with preserved memory: 35.179933071136475 GB
[[0, 1]] [[1, 2]]
[ok] 0028_kite-walk: 69 frames
Moving DynamicSwap_WanTextEncoder to cuda:0 with preserved memory: 35.07146406173706 GB
[[0, 1, 2, 3, 4]] [[0, 1]]
Moving DynamicSwap_WanTextEncoder to cuda:0 with preserved memory: 35.06676435470581 GB
[[0, 1, 2, 3, 4]] [[0, 1]]
[ok] 0034_cows: 93 frames
Moving DynamicSwap_WanTextEncoder to cuda:0 with preserved memory: 34.965699672698975 GB
[[0, 1, 2]] [[0, 1]]
[ok] 0040_tennis: 69 frames
Moving DynamicSwap_WanTextEncoder to cuda:0 with preserved memory: 35.072816371917725 GB
[[0, 1, 2, 3, 4]] [[3]]
[ok] 0045_butterfly: 69 frames
Moving DynamicSwap_WanTextEncoder to cuda:0 with preserved memory: 35.07337427139282 GB
[[0, 1, 2, 3]] [[0, 1, 2]]
[ok] 0057_dog: 57 frames
Moving DynamicSwap_WanTextEncoder to cuda:0 with preserved memory: 35.127811908721924 GB
[[0, 1, 2, 3, 4]] [[0, 1, 2, 3]]
[ok] 0068_planes-water: 33 frames
Moving DynamicSwap_WanTextEncoder to cuda:0 with preserved memory: 35.235373973846436 GB
[[0, 1, 2, 3]] [[0, 1, 2]]
[ok] 0072_dog-agility: 21 frames
Moving DynamicSwap_WanTextEncoder to cuda:0 with preserved memory: 35.28609228134155 GB
[[0, 1, 2, 3, 4]] [[0, 1, 2, 3]]
[ok] 0074_rhino: 81 frames
Moving DynamicSwap_WanTextEncoder to cuda:0 with preserved memory: 35.017905712127686 GB
[[0, 1]] [[0, 1]]
[ok] 0075_A_bicycle: 81 frames
Moving DynamicSwap_WanTextEncoder to cuda:0 with preserved memory: 35.017905712127686 GB
[[0, 1, 2]] [[0, 1]]
[ok] 0076_A_rabbit: 81 frames
Moving DynamicSwap_WanTextEncoder to cuda:0 with preserved memory: 35.017905712127686 GB
[[0, 1]] [[0, 1, 2, 3]]
[ok] 0079_A_bus: 81 frames
Moving DynamicSwap_WanTextEncoder to cuda:0 with preserved memory: 35.017905712127686 GB
[[0, 1, 2]] [[0, 1, 2]]
[ok] 0090_A_deer: 81 frames
Moving DynamicSwap_WanTextEncoder to cuda:0 with preserved memory: 35.017905712127686 GB
[[0, 1, 2]] [[0, 1, 2, 3, 4]]
[ok] 0091_A_hawk: 81 frames
[run_fivebench] done edit2: 16/16 ok -> /projects/dataggen/outputs/five_bench/r20_blend_sched/cos_half_novp/edit2/_manifest.csv
[r20_infer] --- cos_half_novp / edit5 ---
Free VRAM 43.969970703125 GB
KV inference with 3 frames per block
[run_fivebench] edit_type=5 method=cos_half_novp pairs=3 vp_mode=novp blend_sched=cos_half out=/projects/dataggen/outputs/five_bench/r20_blend_sched/cos_half_novp/edit5
Moving DynamicSwap_WanTextEncoder to cuda:0 with preserved memory: 35.39124536514282 GB
[[0, 1]] [[0, 1, 2, 3, 4]]
[ok] 0007_guitar-violin: 45 frames
Moving DynamicSwap_WanTextEncoder to cuda:0 with preserved memory: 35.179933071136475 GB
[[0, 1, 2, 3, 4, 5]] [[7, 8, 9, 10, 11]]
[ok] 0011_lucia: 69 frames
Moving DynamicSwap_WanTextEncoder to cuda:0 with preserved memory: 35.072816371917725 GB
[[0, 1, 2]] [[4, 5, 6, 7, 8, 9, 10]]
[ok] 0069_car-turn: 69 frames
[run_fivebench] done edit5: 3/3 ok -> /projects/dataggen/outputs/five_bench/r20_blend_sched/cos_half_novp/edit5/_manifest.csv
[r20_infer] --- cos_half_novp / edit6 ---
Free VRAM 43.969970703125 GB
KV inference with 3 frames per block
[run_fivebench] edit_type=6 method=cos_half_novp pairs=2 vp_mode=novp blend_sched=cos_half out=/projects/dataggen/outputs/five_bench/r20_blend_sched/cos_half_novp/edit6
Moving DynamicSwap_WanTextEncoder to cuda:0 with preserved memory: 35.38877725601196 GB
[[20, 21, 22, 23, 24, 25, 26, 27]] [[20, 21, 22, 23, 24, 25, 26, 27, 28]]
[ok] 0002_girl-dog: 81 frames
Moving DynamicSwap_WanTextEncoder to cuda:0 with preserved memory: 35.01925802230835 GB
[[0, 1]] [[6, 7, 8, 9, 10]]
[ok] 0042_gym-ball: 69 frames
[run_fivebench] done edit6: 2/2 ok -> /projects/dataggen/outputs/five_bench/r20_blend_sched/cos_half_novp/edit6/_manifest.csv
[r20_infer] --- cos_third_novp / edit1 ---
Free VRAM 43.969970703125 GB
KV inference with 3 frames per block
[run_fivebench] edit_type=1 method=cos_third_novp pairs=1 vp_mode=novp blend_sched=cos_third out=/projects/dataggen/outputs/five_bench/r20_blend_sched/cos_third_novp/edit1
Moving DynamicSwap_WanTextEncoder to cuda:0 with preserved memory: 35.39012956619263 GB
[[0, 1, 2]] [[0, 1, 2]]
[ok] 0001_bus: 69 frames
[run_fivebench] done edit1: 1/1 ok -> /projects/dataggen/outputs/five_bench/r20_blend_sched/cos_third_novp/edit1/_manifest.csv
[r20_infer] --- cos_third_novp / edit2 ---
Free VRAM 43.969970703125 GB
KV inference with 3 frames per block
[run_fivebench] edit_type=2 method=cos_third_novp pairs=16 vp_mode=novp blend_sched=cos_third out=/projects/dataggen/outputs/five_bench/r20_blend_sched/cos_third_novp/edit2
Moving DynamicSwap_WanTextEncoder to cuda:0 with preserved memory: 35.39012956619263 GB
[[0, 1, 2, 3, 4, 5]] [[0, 1, 2]]
[ok] 0011_lucia: 69 frames
Moving DynamicSwap_WanTextEncoder to cuda:0 with preserved memory: 35.072816371917725 GB
[[0, 1, 2]] [[0, 1, 2]]
[ok] 0014_burnout: 69 frames
Moving DynamicSwap_WanTextEncoder to cuda:0 with preserved memory: 35.07393217086792 GB
[[0, 1, 2, 3, 4]] [[0, 1, 2, 3]]
[ok] 0016_horsejump-high: 45 frames
Moving DynamicSwap_WanTextEncoder to cuda:0 with preserved memory: 35.179933071136475 GB
[[0, 1]] [[1, 2]]
[ok] 0028_kite-walk: 69 frames
Moving DynamicSwap_WanTextEncoder to cuda:0 with preserved memory: 35.07146406173706 GB
[[0, 1, 2, 3, 4]] [[0, 1]]
Moving DynamicSwap_WanTextEncoder to cuda:0 with preserved memory: 35.06676435470581 GB
[[0, 1, 2, 3, 4]] [[0, 1]]
[ok] 0034_cows: 93 frames
Moving DynamicSwap_WanTextEncoder to cuda:0 with preserved memory: 34.965699672698975 GB
[[0, 1, 2]] [[0, 1]]
[ok] 0040_tennis: 69 frames
Moving DynamicSwap_WanTextEncoder to cuda:0 with preserved memory: 35.072816371917725 GB
[[0, 1, 2, 3, 4]] [[3]]
[ok] 0045_butterfly: 69 frames
Moving DynamicSwap_WanTextEncoder to cuda:0 with preserved memory: 35.07337427139282 GB
[[0, 1, 2, 3]] [[0, 1, 2]]
[ok] 0057_dog: 57 frames
Moving DynamicSwap_WanTextEncoder to cuda:0 with preserved memory: 35.127811908721924 GB
[[0, 1, 2, 3, 4]] [[0, 1, 2, 3]]
[ok] 0068_planes-water: 33 frames
Moving DynamicSwap_WanTextEncoder to cuda:0 with preserved memory: 35.235373973846436 GB
[[0, 1, 2, 3]] [[0, 1, 2]]
[ok] 0072_dog-agility: 21 frames
Moving DynamicSwap_WanTextEncoder to cuda:0 with preserved memory: 35.28609228134155 GB
[[0, 1, 2, 3, 4]] [[0, 1, 2, 3]]
[ok] 0074_rhino: 81 frames
Moving DynamicSwap_WanTextEncoder to cuda:0 with preserved memory: 35.017905712127686 GB
[[0, 1]] [[0, 1]]
[ok] 0075_A_bicycle: 81 frames
Moving DynamicSwap_WanTextEncoder to cuda:0 with preserved memory: 35.017905712127686 GB
[[0, 1, 2]] [[0, 1]]
[ok] 0076_A_rabbit: 81 frames
Moving DynamicSwap_WanTextEncoder to cuda:0 with preserved memory: 35.017905712127686 GB
[[0, 1]] [[0, 1, 2, 3]]
[ok] 0079_A_bus: 81 frames
Moving DynamicSwap_WanTextEncoder to cuda:0 with preserved memory: 35.017905712127686 GB
[[0, 1, 2]] [[0, 1, 2]]
[ok] 0090_A_deer: 81 frames
Moving DynamicSwap_WanTextEncoder to cuda:0 with preserved memory: 35.017905712127686 GB
[[0, 1, 2]] [[0, 1, 2, 3, 4]]
[ok] 0091_A_hawk: 81 frames
[run_fivebench] done edit2: 16/16 ok -> /projects/dataggen/outputs/five_bench/r20_blend_sched/cos_third_novp/edit2/_manifest.csv
[r20_infer] --- cos_third_novp / edit5 ---
Free VRAM 43.969970703125 GB
KV inference with 3 frames per block
[run_fivebench] edit_type=5 method=cos_third_novp pairs=3 vp_mode=novp blend_sched=cos_third out=/projects/dataggen/outputs/five_bench/r20_blend_sched/cos_third_novp/edit5
Moving DynamicSwap_WanTextEncoder to cuda:0 with preserved memory: 35.39124536514282 GB
[[0, 1]] [[0, 1, 2, 3, 4]]
[ok] 0007_guitar-violin: 45 frames
Moving DynamicSwap_WanTextEncoder to cuda:0 with preserved memory: 35.179933071136475 GB
[[0, 1, 2, 3, 4, 5]] [[7, 8, 9, 10, 11]]
[ok] 0011_lucia: 69 frames
Moving DynamicSwap_WanTextEncoder to cuda:0 with preserved memory: 35.072816371917725 GB
[[0, 1, 2]] [[4, 5, 6, 7, 8, 9, 10]]
[ok] 0069_car-turn: 69 frames
[run_fivebench] done edit5: 3/3 ok -> /projects/dataggen/outputs/five_bench/r20_blend_sched/cos_third_novp/edit5/_manifest.csv
[r20_infer] --- cos_third_novp / edit6 ---
Free VRAM 43.969970703125 GB
KV inference with 3 frames per block
[run_fivebench] edit_type=6 method=cos_third_novp pairs=2 vp_mode=novp blend_sched=cos_third out=/projects/dataggen/outputs/five_bench/r20_blend_sched/cos_third_novp/edit6
Moving DynamicSwap_WanTextEncoder to cuda:0 with preserved memory: 35.38877725601196 GB
[[20, 21, 22, 23, 24, 25, 26, 27]] [[20, 21, 22, 23, 24, 25, 26, 27, 28]]
[ok] 0002_girl-dog: 81 frames
Moving DynamicSwap_WanTextEncoder to cuda:0 with preserved memory: 35.01925802230835 GB
[[0, 1]] [[6, 7, 8, 9, 10]]
[ok] 0042_gym-ball: 69 frames
[run_fivebench] done edit6: 2/2 ok -> /projects/dataggen/outputs/five_bench/r20_blend_sched/cos_third_novp/edit6/_manifest.csv
[r20_infer] vp_mode=novp frame dirs matching *_novp: 66
[r20_infer] (task 2 and task 3 both write *_pvp -- expect 66 then 88 cumulative)
[r20_infer] failures: 0
