[r21_infer] job=908240_1 arm=cos_third_pvp sched=cos_third vp_mode=pvp
[r21_infer] edit_types=1 2 3 4 5 6 -> /projects/dataggen/outputs/five_bench/r21_blend_full/cos_third_pvp/ (full bench, no --cases_json)
[r21_infer] --- cos_third_pvp / edit1 ---
Free VRAM 43.969970703125 GB
KV inference with 3 frames per block
[run_fivebench] edit_type=1 method=cos_third_pvp pairs=100 vp_mode=pvp blend_sched=cos_third out=/projects/dataggen/outputs/five_bench/r21_blend_full/cos_third_pvp/edit1
Moving DynamicSwap_WanTextEncoder to cuda:0 with preserved memory: 35.38994359970093 GB
[[0, 1, 2]] [[0, 1, 2]]
[r10] vp_bank built: 30 layers x 1560 tokens (1 latent frame(s))
[ok] 0001_bus: 69 frames
Moving DynamicSwap_WanTextEncoder to cuda:0 with preserved memory: 35.06963014602661 GB
[[22, 23, 24]] [[22, 23, 24, 25]]
[r10] vp_bank built: 30 layers x 1560 tokens (1 latent frame(s))
[ok] 0002_girl-dog: 81 frames
Moving DynamicSwap_WanTextEncoder to cuda:0 with preserved memory: 35.01878786087036 GB
[[0, 1, 2, 3, 4]] [[2, 3, 4]]
[r10] vp_bank built: 30 layers x 1560 tokens (1 latent frame(s))
[ok] 0003_ocean-birds: 33 frames
Moving DynamicSwap_WanTextEncoder to cuda:0 with preserved memory: 35.23135232925415 GB
[[0, 1, 2, 3]] [[0, 1, 2, 3]]
[r10] vp_bank built: 30 layers x 1560 tokens (1 latent frame(s))
[ok] 0004_car-roundabout: 69 frames
Moving DynamicSwap_WanTextEncoder to cuda:0 with preserved memory: 35.06932497024536 GB
[[1, 2, 3]] [[0, 1]]
[r10] vp_bank built: 30 layers x 1560 tokens (1 latent frame(s))
[ok] 0005_breakdance: 81 frames
Moving DynamicSwap_WanTextEncoder to cuda:0 with preserved memory: 35.01711702346802 GB
[[0, 1, 2, 3]] [[1]]
[r10] vp_bank built: 30 layers x 1560 tokens (1 latent frame(s))
[ok] 0006_paragliding: 69 frames
Moving DynamicSwap_WanTextEncoder to cuda:0 with preserved memory: 35.07109498977661 GB
[[0, 1]] [[0, 1]]
[r10] vp_bank built: 30 layers x 1560 tokens (1 latent frame(s))
[ok] 0007_guitar-violin: 45 frames
Moving DynamicSwap_WanTextEncoder to cuda:0 with preserved memory: 35.177793979644775 GB
[[0, 1, 2]] [[0, 1]]
[r10] vp_bank built: 30 layers x 1560 tokens (1 latent frame(s))
[ok] 0008_snowboard-race: 69 frames
Moving DynamicSwap_WanTextEncoder to cuda:0 with preserved memory: 35.06971979141235 GB
[[0, 1, 2, 3]] [[0, 1, 2]]
[r10] vp_bank built: 30 layers x 1560 tokens (1 latent frame(s))
[ok] 0009_bear: 81 frames
Moving DynamicSwap_WanTextEncoder to cuda:0 with preserved memory: 35.01432466506958 GB
[[0, 1, 2]] [[0, 1, 2]]
[r10] vp_bank built: 30 layers x 1560 tokens (1 latent frame(s))
Moving DynamicSwap_WanTextEncoder to cuda:0 with preserved memory: 35.00962495803833 GB
[[0, 1, 2]] [[0, 1, 2]]
[r10] vp_bank built: 30 layers x 1560 tokens (1 latent frame(s))
[ok] 0010_giant-slalom: 117 frames
Moving DynamicSwap_WanTextEncoder to cuda:0 with preserved memory: 34.856443881988525 GB
[[0, 1, 2, 3, 4, 5]] [[0, 1]]
[r10] vp_bank built: 30 layers x 1560 tokens (1 latent frame(s))
[ok] 0011_lucia: 69 frames
Moving DynamicSwap_WanTextEncoder to cuda:0 with preserved memory: 35.06932497024536 GB
[[0, 1, 2, 3]] [[0, 1, 2, 3]]
[r10] vp_bank built: 30 layers x 1560 tokens (1 latent frame(s))
[ok] 0012_goat: 81 frames
Moving DynamicSwap_WanTextEncoder to cuda:0 with preserved memory: 35.01711893081665 GB
[[0, 1]] [[0, 1, 2]]
[r10] vp_bank built: 30 layers x 1560 tokens (1 latent frame(s))
[ok] 0013_golf: 69 frames
Moving DynamicSwap_WanTextEncoder to cuda:0 with preserved memory: 35.070677280426025 GB
[[0, 1, 2]] [[0, 1, 2, 3]]
[r10] vp_bank built: 30 layers x 1560 tokens (1 latent frame(s))
[ok] 0014_burnout: 69 frames
Moving DynamicSwap_WanTextEncoder to cuda:0 with preserved memory: 35.072346210479736 GB
[[0, 1, 2]] [[0, 1, 2, 3]]
[r10] vp_bank built: 30 layers x 1560 tokens (1 latent frame(s))
[ok] 0015_car-shadow: 33 frames
Moving DynamicSwap_WanTextEncoder to cuda:0 with preserved memory: 35.231770038604736 GB
[[0, 1, 2, 3, 4]] [[0, 1, 2]]
[r10] vp_bank built: 30 layers x 1560 tokens (1 latent frame(s))
[ok] 0016_horsejump-high: 45 frames
Moving DynamicSwap_WanTextEncoder to cuda:0 with preserved memory: 35.17835187911987 GB
[[0, 1, 2]] [[0, 1, 2]]
[r10] vp_bank built: 30 layers x 1560 tokens (1 latent frame(s))
[ok] 0017_kid-football: 57 frames
Moving DynamicSwap_WanTextEncoder to cuda:0 with preserved memory: 35.12423372268677 GB
[[0, 1, 2, 3]] [[0, 1]]
[r10] vp_bank built: 30 layers x 1560 tokens (1 latent frame(s))
[ok] 0018_breakdance-flare: 69 frames
Moving DynamicSwap_WanTextEncoder to cuda:0 with preserved memory: 35.070677280426025 GB
[[0, 1, 2]] [[1, 2]]
[r10] vp_bank built: 30 layers x 1560 tokens (1 latent frame(s))
[ok] 0019_tennis-vest: 69 frames
Moving DynamicSwap_WanTextEncoder to cuda:0 with preserved memory: 35.06932497024536 GB
[[0, 1, 2, 3]] [[2, 3, 4]]
[r10] vp_bank built: 30 layers x 1560 tokens (1 latent frame(s))
[ok] 0020_monkeys: 81 frames
Moving DynamicSwap_WanTextEncoder to cuda:0 with preserved memory: 35.01878786087036 GB
[[1, 2]] [[0, 1, 2]]
[r10] vp_bank built: 30 layers x 1560 tokens (1 latent frame(s))
[ok] 0021_landing: 33 frames
Moving DynamicSwap_WanTextEncoder to cuda:0 with preserved memory: 35.231770038604736 GB
[[0, 1, 2]] [[0, 1, 2]]
[r10] vp_bank built: 30 layers x 1560 tokens (1 latent frame(s))
[ok] 0022_skate-jump: 57 frames
Moving DynamicSwap_WanTextEncoder to cuda:0 with preserved memory: 35.124653339385986 GB
[[0, 1, 2]] [[1, 2, 3, 4]]
[r10] vp_bank built: 30 layers x 1560 tokens (1 latent frame(s))
[ok] 0023_kayak-race: 57 frames
Moving DynamicSwap_WanTextEncoder to cuda:0 with preserved memory: 35.123886585235596 GB
[[0, 1, 2, 3, 4, 5]] [[0, 1, 2]]
[r10] vp_bank built: 30 layers x 1560 tokens (1 latent frame(s))
[ok] 0024_hockey: 69 frames
Moving DynamicSwap_WanTextEncoder to cuda:0 with preserved memory: 35.06956148147583 GB
[[1, 2]] [[0, 1, 2]]
[r10] vp_bank built: 30 layers x 1560 tokens (1 latent frame(s))
[ok] 0025_baseball: 81 frames
Moving DynamicSwap_WanTextEncoder to cuda:0 with preserved memory: 35.01711893081665 GB
[[0, 1, 2, 3]] [[0, 1, 2]]
[r10] vp_bank built: 30 layers x 1560 tokens (1 latent frame(s))
[ok] 0026_table-tennis: 69 frames
Moving DynamicSwap_WanTextEncoder to cuda:0 with preserved memory: 35.07123517990112 GB
[[0, 1, 2]] [[0, 1, 2]]
[r10] vp_bank built: 30 layers x 1560 tokens (1 latent frame(s))
[ok] 0027_dance-jump: 57 frames
Moving DynamicSwap_WanTextEncoder to cuda:0 with preserved memory: 35.1242356300354 GB
[[0, 1]] [[0, 1, 2]]
[r10] vp_bank built: 30 layers x 1560 tokens (1 latent frame(s))
[ok] 0028_kite-walk: 69 frames
Moving DynamicSwap_WanTextEncoder to cuda:0 with preserved memory: 35.07109498977661 GB
[[0, 1, 2, 3, 4]] [[0, 1, 2]]
[r10] vp_bank built: 30 layers x 1560 tokens (1 latent frame(s))
[ok] 0029_horsejump-stick: 57 frames
Moving DynamicSwap_WanTextEncoder to cuda:0 with preserved memory: 35.124653339385986 GB
[[0, 1, 2]] [[0, 1, 2, 3]]
[r10] vp_bank built: 30 layers x 1560 tokens (1 latent frame(s))
[ok] 0030_rallye: 45 frames
Moving DynamicSwap_WanTextEncoder to cuda:0 with preserved memory: 35.17821168899536 GB
[[0, 1, 2]] [[0, 1]]
[r10] vp_bank built: 30 layers x 1560 tokens (1 latent frame(s))
[ok] 0031_soccerball: 45 frames
Moving DynamicSwap_WanTextEncoder to cuda:0 with preserved memory: 35.177793979644775 GB
[[0, 1, 2, 3, 4, 5, 6, 7]] [[0, 1]]
[r10] vp_bank built: 30 layers x 1560 tokens (1 latent frame(s))
[ok] 0032_mermaid: 69 frames
Moving DynamicSwap_WanTextEncoder to cuda:0 with preserved memory: 35.07123517990112 GB
[[0, 1, 2, 3, 4, 5]] [[3, 4, 5, 6]]
[r10] vp_bank built: 30 layers x 1560 tokens (1 latent frame(s))
[ok] 0033_horsejump-low: 57 frames
Moving DynamicSwap_WanTextEncoder to cuda:0 with preserved memory: 35.122883319854736 GB
[[0, 1, 2, 3, 4]] [[0, 1, 2, 3, 4]]
[r10] vp_bank built: 30 layers x 1560 tokens (1 latent frame(s))
Moving DynamicSwap_WanTextEncoder to cuda:0 with preserved memory: 35.118183612823486 GB
[[0, 1, 2, 3, 4]] [[0, 1, 2, 3, 4]]
[r10] vp_bank built: 30 layers x 1560 tokens (1 latent frame(s))
[ok] 0034_cows: 93 frames
Moving DynamicSwap_WanTextEncoder to cuda:0 with preserved memory: 34.96465730667114 GB
[[0, 1, 2]] [[0, 1]]
[r10] vp_bank built: 30 layers x 1560 tokens (1 latent frame(s))
[ok] 0035_helicopter: 45 frames
Moving DynamicSwap_WanTextEncoder to cuda:0 with preserved memory: 35.17674684524536 GB
[[0, 1, 2]] [[0, 1]]
[r10] vp_bank built: 30 layers x 1560 tokens (1 latent frame(s))
[ok] 0036_camel: 81 frames
Moving DynamicSwap_WanTextEncoder to cuda:0 with preserved memory: 35.017536640167236 GB
[[0, 1]] [[0, 1, 2]]
[r10] vp_bank built: 30 layers x 1560 tokens (1 latent frame(s))
[ok] 0037_snowboard-sand: 45 frames
Moving DynamicSwap_WanTextEncoder to cuda:0 with preserved memory: 35.179462909698486 GB
[[0, 1, 2, 3, 4, 5, 6]] [[0, 1]]
[r10] vp_bank built: 30 layers x 1560 tokens (1 latent frame(s))
[ok] 0038_motorbike: 33 frames
Moving DynamicSwap_WanTextEncoder to cuda:0 with preserved memory: 35.23039484024048 GB
[[0, 1, 2, 3, 4]] [[2, 3]]
[r10] vp_bank built: 30 layers x 1560 tokens (1 latent frame(s))
[ok] 0039_chamaleon: 81 frames
Moving DynamicSwap_WanTextEncoder to cuda:0 with preserved memory: 35.01655626296997 GB
[[0, 1, 2]] [[0, 1, 2]]
[r10] vp_bank built: 30 layers x 1560 tokens (1 latent frame(s))
[ok] 0040_tennis: 69 frames
Moving DynamicSwap_WanTextEncoder to cuda:0 with preserved memory: 35.07109498977661 GB
[[0, 1, 2, 3, 4, 5]] [[0, 1]]
[r10] vp_bank built: 30 layers x 1560 tokens (1 latent frame(s))
[ok] 0041_longboard: 45 frames
Moving DynamicSwap_WanTextEncoder to cuda:0 with preserved memory: 35.177793979644775 GB
[[0, 1]] [[0, 1, 2]]
[r10] vp_bank built: 30 layers x 1560 tokens (1 latent frame(s))
[ok] 0042_gym-ball: 69 frames
Moving DynamicSwap_WanTextEncoder to cuda:0 with preserved memory: 35.06932497024536 GB
[[0, 1]] [[0, 1, 2]]
[r10] vp_bank built: 30 layers x 1560 tokens (1 latent frame(s))
Moving DynamicSwap_WanTextEncoder to cuda:0 with preserved memory: 35.06462526321411 GB
[[0, 1]] [[0, 1, 2]]
[r10] vp_bank built: 30 layers x 1560 tokens (1 latent frame(s))
[ok] 0043_parkour: 93 frames
Moving DynamicSwap_WanTextEncoder to cuda:0 with preserved memory: 34.96390962600708 GB
[[0, 1, 2]] [[1, 2]]
[r10] vp_bank built: 30 layers x 1560 tokens (1 latent frame(s))
[ok] 0044_snowboard: 57 frames
Moving DynamicSwap_WanTextEncoder to cuda:0 with preserved memory: 35.1242356300354 GB
[[3, 4]] [[3, 4]]
[r10] vp_bank built: 30 layers x 1560 tokens (1 latent frame(s))
[ok] 0045_butterfly: 69 frames
Moving DynamicSwap_WanTextEncoder to cuda:0 with preserved memory: 35.07179307937622 GB
[[0, 1, 2, 3]] [[0, 1, 2]]
[r10] vp_bank built: 30 layers x 1560 tokens (1 latent frame(s))
[ok] 0046_blackswan: 45 frames
Moving DynamicSwap_WanTextEncoder to cuda:0 with preserved memory: 35.179462909698486 GB
[[1, 2, 3, 4]] [[0, 1, 2]]
[r10] vp_bank built: 30 layers x 1560 tokens (1 latent frame(s))
[ok] 0047_judo: 33 frames
Moving DynamicSwap_WanTextEncoder to cuda:0 with preserved memory: 35.23135232925415 GB
[[0, 1, 2, 3, 4]] [[1, 2]]
[r10] vp_bank built: 30 layers x 1560 tokens (1 latent frame(s))
[ok] 0048_hike: 69 frames
Moving DynamicSwap_WanTextEncoder to cuda:0 with preserved memory: 35.069347858428955 GB
[[0, 1, 2, 3]] [[1, 2]]
[r10] vp_bank built: 30 layers x 1560 tokens (1 latent frame(s))
[ok] 0049_speed-skating: 81 frames
Moving DynamicSwap_WanTextEncoder to cuda:0 with preserved memory: 35.017536640167236 GB
[[0, 1]] [[0, 1, 2]]
[r10] vp_bank built: 30 layers x 1560 tokens (1 latent frame(s))
[ok] 0050_slackline: 57 frames
Moving DynamicSwap_WanTextEncoder to cuda:0 with preserved memory: 35.124653339385986 GB
[[8, 9]] [[8, 9, 10]]
[r10] vp_bank built: 30 layers x 1560 tokens (1 latent frame(s))
[ok] 0051_dogs-jump: 57 frames
Moving DynamicSwap_WanTextEncoder to cuda:0 with preserved memory: 35.1242356300354 GB
[[0, 1, 2, 3, 4]] [[0, 1, 2, 3]]
[r10] vp_bank built: 30 layers x 1560 tokens (1 latent frame(s))
[ok] 0052_mallard-fly: 69 frames
Moving DynamicSwap_WanTextEncoder to cuda:0 with preserved memory: 35.07109498977661 GB
[[0, 1]] [[0, 1, 2]]
[r10] vp_bank built: 30 layers x 1560 tokens (1 latent frame(s))
[ok] 0053_swing: 57 frames
Moving DynamicSwap_WanTextEncoder to cuda:0 with preserved memory: 35.1242356300354 GB
[[1, 2]] [[0, 1, 2, 3]]
[r10] vp_bank built: 30 layers x 1560 tokens (1 latent frame(s))
[ok] 0054_train: 69 frames
Moving DynamicSwap_WanTextEncoder to cuda:0 with preserved memory: 35.070677280426025 GB
[[0, 1, 2, 3, 4]] [[0, 1, 2, 3, 4]]
[r10] vp_bank built: 30 layers x 1560 tokens (1 latent frame(s))
[ok] 0055_pigs: 69 frames
Moving DynamicSwap_WanTextEncoder to cuda:0 with preserved memory: 35.06971979141235 GB
[[0, 1, 2, 3, 4]] [[1, 2]]
[r10] vp_bank built: 30 layers x 1560 tokens (1 latent frame(s))
[ok] 0056_kart-turn: 81 frames
Moving DynamicSwap_WanTextEncoder to cuda:0 with preserved memory: 35.017536640167236 GB
[[0, 1, 2, 3]] [[0, 1, 2]]
[r10] vp_bank built: 30 layers x 1560 tokens (1 latent frame(s))
[ok] 0057_dog: 57 frames
Moving DynamicSwap_WanTextEncoder to cuda:0 with preserved memory: 35.12360429763794 GB
[[0, 1, 2, 3]] [[2, 3]]
[r10] vp_bank built: 30 layers x 1560 tokens (1 latent frame(s))
[ok] 0058_boat: 69 frames
Moving DynamicSwap_WanTextEncoder to cuda:0 with preserved memory: 35.07179307937622 GB
[[0, 1, 2, 3]] [[0, 1, 2, 3]]
[r10] vp_bank built: 30 layers x 1560 tokens (1 latent frame(s))
[ok] 0059_drift-straight: 45 frames
Moving DynamicSwap_WanTextEncoder to cuda:0 with preserved memory: 35.1775803565979 GB
[[1, 2, 3]] [[0, 1, 2]]
[r10] vp_bank built: 30 layers x 1560 tokens (1 latent frame(s))
[ok] 0060_motocross-bumps: 57 frames
Moving DynamicSwap_WanTextEncoder to cuda:0 with preserved memory: 35.12502717971802 GB
[[0, 1, 2, 3, 4, 5, 6, 7, 8]] [[0, 1, 2]]
[r10] vp_bank built: 30 layers x 1560 tokens (1 latent frame(s))
[ok] 0061_mbike-santa: 57 frames
Moving DynamicSwap_WanTextEncoder to cuda:0 with preserved memory: 35.12367296218872 GB
[[0, 1, 2]] [[0, 1, 2, 3]]
[r10] vp_bank built: 30 layers x 1560 tokens (1 latent frame(s))
[ok] 0062_elephant: 69 frames
Moving DynamicSwap_WanTextEncoder to cuda:0 with preserved memory: 35.07109498977661 GB
[[0, 1, 2]] [[0, 1, 2, 3]]
[r10] vp_bank built: 30 layers x 1560 tokens (1 latent frame(s))
[ok] 0063_drift-turn: 57 frames
Moving DynamicSwap_WanTextEncoder to cuda:0 with preserved memory: 35.12590456008911 GB
[[0, 1]] [[0, 1, 2]]
[r10] vp_bank built: 30 layers x 1560 tokens (1 latent frame(s))
[ok] 0064_rollerblade: 33 frames
Moving DynamicSwap_WanTextEncoder to cuda:0 with preserved memory: 35.230236530303955 GB
[[0, 1, 2]] [[0, 1, 2]]
[r10] vp_bank built: 30 layers x 1560 tokens (1 latent frame(s))
[ok] 0065_twist-dance: 81 frames
Moving DynamicSwap_WanTextEncoder to cuda:0 with preserved memory: 35.01711893081665 GB
[[0, 1, 2]] [[1, 2]]
[r10] vp_bank built: 30 layers x 1560 tokens (1 latent frame(s))
[ok] 0066_deer: 69 frames
Moving DynamicSwap_WanTextEncoder to cuda:0 with preserved memory: 35.070677280426025 GB
[[1, 2, 3]] [[0, 1, 2]]
[r10] vp_bank built: 30 layers x 1560 tokens (1 latent frame(s))
[ok] 0067_mbike-trick: 69 frames
Moving DynamicSwap_WanTextEncoder to cuda:0 with preserved memory: 35.072346210479736 GB
[[0, 1, 2, 3, 4]] [[0, 1, 2, 3, 4]]
[r10] vp_bank built: 30 layers x 1560 tokens (1 latent frame(s))
[ok] 0068_planes-water: 33 frames
Moving DynamicSwap_WanTextEncoder to cuda:0 with preserved memory: 35.23135232925415 GB
[[0, 1, 2]] [[0, 1, 2, 3]]
[r10] vp_bank built: 30 layers x 1560 tokens (1 latent frame(s))
[ok] 0069_car-turn: 69 frames
Moving DynamicSwap_WanTextEncoder to cuda:0 with preserved memory: 35.06963014602661 GB
[[0, 1, 2]] [[0, 1, 2]]
[r10] vp_bank built: 30 layers x 1560 tokens (1 latent frame(s))
[ok] 0070_dance-twirl: 81 frames
Moving DynamicSwap_WanTextEncoder to cuda:0 with preserved memory: 35.01711893081665 GB
[[0, 1, 2, 3, 4]] [[0, 1, 2, 3]]
[r10] vp_bank built: 30 layers x 1560 tokens (1 latent frame(s))
[ok] 0071_mallard-water: 69 frames
Moving DynamicSwap_WanTextEncoder to cuda:0 with preserved memory: 35.07269525527954 GB
[[0, 1, 2, 3]] [[0, 1, 2]]
[r10] vp_bank built: 30 layers x 1560 tokens (1 latent frame(s))
[ok] 0072_dog-agility: 21 frames
Moving DynamicSwap_WanTextEncoder to cuda:0 with preserved memory: 35.28355836868286 GB
[[1, 2, 3]] [[0, 1, 2]]
[r10] vp_bank built: 30 layers x 1560 tokens (1 latent frame(s))
[ok] 0073_bmx-rider: 81 frames
Moving DynamicSwap_WanTextEncoder to cuda:0 with preserved memory: 35.01578950881958 GB
[[0, 1, 2, 3, 4]] [[2, 3]]
[r10] vp_bank built: 30 layers x 1560 tokens (1 latent frame(s))
[ok] 0074_rhino: 81 frames
Moving DynamicSwap_WanTextEncoder to cuda:0 with preserved memory: 35.01578950881958 GB
[[0, 1]] [[0, 1]]
[r10] vp_bank built: 30 layers x 1560 tokens (1 latent frame(s))
[ok] 0075_A_bicycle: 81 frames
Moving DynamicSwap_WanTextEncoder to cuda:0 with preserved memory: 35.016071796417236 GB
[[0, 1, 2]] [[0, 1, 2, 3]]
[r10] vp_bank built: 30 layers x 1560 tokens (1 latent frame(s))
[ok] 0076_A_rabbit: 81 frames
Moving DynamicSwap_WanTextEncoder to cuda:0 with preserved memory: 35.0165581703186 GB
[[0, 1, 2]] [[0, 1, 2]]
[r10] vp_bank built: 30 layers x 1560 tokens (1 latent frame(s))
[ok] 0077_A_hawk: 81 frames
Moving DynamicSwap_WanTextEncoder to cuda:0 with preserved memory: 35.015766620635986 GB
[[0, 1]] [[0, 1]]
[r10] vp_bank built: 30 layers x 1560 tokens (1 latent frame(s))
[ok] 0078_A_cat: 81 frames
Moving DynamicSwap_WanTextEncoder to cuda:0 with preserved memory: 35.01578950881958 GB
[[0, 1]] [[0, 1, 2]]
[r10] vp_bank built: 30 layers x 1560 tokens (1 latent frame(s))
[ok] 0079_A_bus: 81 frames
Moving DynamicSwap_WanTextEncoder to cuda:0 with preserved memory: 35.016071796417236 GB
[[0, 1]] [[0, 1]]
[r10] vp_bank built: 30 layers x 1560 tokens (1 latent frame(s))
[ok] 0080_A_motorcycle: 81 frames
Moving DynamicSwap_WanTextEncoder to cuda:0 with preserved memory: 35.01578950881958 GB
[[0, 1]] [[0, 1]]
[r10] vp_bank built: 30 layers x 1560 tokens (1 latent frame(s))
[ok] 0081_A_horse: 81 frames
Moving DynamicSwap_WanTextEncoder to cuda:0 with preserved memory: 35.01616144180298 GB
[[0, 1]] [[1, 2, 3]]
[r10] vp_bank built: 30 layers x 1560 tokens (1 latent frame(s))
[ok] 0082_A_tram: 81 frames
Moving DynamicSwap_WanTextEncoder to cuda:0 with preserved memory: 35.016071796417236 GB
[[0, 1]] [[0, 1]]
[r10] vp_bank built: 30 layers x 1560 tokens (1 latent frame(s))
[ok] 0083_A_boat: 81 frames
Moving DynamicSwap_WanTextEncoder to cuda:0 with preserved memory: 35.015766620635986 GB
[[0, 1, 2]] [[0, 1, 2]]
[r10] vp_bank built: 30 layers x 1560 tokens (1 latent frame(s))
[ok] 0084_A_squirrel: 81 frames
Moving DynamicSwap_WanTextEncoder to cuda:0 with preserved memory: 35.01578950881958 GB
[[0, 1]] [[0, 1]]
[r10] vp_bank built: 30 layers x 1560 tokens (1 latent frame(s))
[ok] 0085_A_tram: 81 frames
Moving DynamicSwap_WanTextEncoder to cuda:0 with preserved memory: 35.015766620635986 GB
[[0, 1, 2, 3]] [[0, 1, 2]]
[r10] vp_bank built: 30 layers x 1560 tokens (1 latent frame(s))
[ok] 0086_A_red_sports_car: 81 frames
Moving DynamicSwap_WanTextEncoder to cuda:0 with preserved memory: 35.01616144180298 GB
[[0, 1, 2]] [[0, 1, 2]]
[r10] vp_bank built: 30 layers x 1560 tokens (1 latent frame(s))
[ok] 0087_A_seagull: 81 frames
Moving DynamicSwap_WanTextEncoder to cuda:0 with preserved memory: 35.01578950881958 GB
[[0, 1, 2]] [[0, 1, 2]]
[r10] vp_bank built: 30 layers x 1560 tokens (1 latent frame(s))
[ok] 0088_A_cyclist: 81 frames
Moving DynamicSwap_WanTextEncoder to cuda:0 with preserved memory: 35.015766620635986 GB
[[0, 1]] [[0, 1]]
[r10] vp_bank built: 30 layers x 1560 tokens (1 latent frame(s))
[ok] 0089_A_dog: 81 frames
Moving DynamicSwap_WanTextEncoder to cuda:0 with preserved memory: 35.016071796417236 GB
[[0, 1, 2]] [[0, 1, 2]]
[r10] vp_bank built: 30 layers x 1560 tokens (1 latent frame(s))
[ok] 0090_A_deer: 81 frames
Moving DynamicSwap_WanTextEncoder to cuda:0 with preserved memory: 35.0165581703186 GB
[[0, 1, 2]] [[0, 1, 2]]
[r10] vp_bank built: 30 layers x 1560 tokens (1 latent frame(s))
[ok] 0091_A_hawk: 81 frames
Moving DynamicSwap_WanTextEncoder to cuda:0 with preserved memory: 35.015766620635986 GB
[[0, 1, 2]] [[0, 1, 2]]
[r10] vp_bank built: 30 layers x 1560 tokens (1 latent frame(s))
[ok] 0092_A_fox: 81 frames
Moving DynamicSwap_WanTextEncoder to cuda:0 with preserved memory: 35.01616144180298 GB
[[0, 1, 2]] [[0, 1]]
[r10] vp_bank built: 30 layers x 1560 tokens (1 latent frame(s))
[ok] 0093_A_helicopter: 81 frames
Moving DynamicSwap_WanTextEncoder to cuda:0 with preserved memory: 35.016071796417236 GB
[[0, 1, 2]] [[0, 1, 2]]
[r10] vp_bank built: 30 layers x 1560 tokens (1 latent frame(s))
[ok] 0094_A_swan: 81 frames
Moving DynamicSwap_WanTextEncoder to cuda:0 with preserved memory: 35.01616144180298 GB
[[0, 1]] [[0, 1, 2]]
[r10] vp_bank built: 30 layers x 1560 tokens (1 latent frame(s))
[ok] 0095_A_crow: 81 frames
Moving DynamicSwap_WanTextEncoder to cuda:0 with preserved memory: 35.016071796417236 GB
[[0, 1]] [[0, 1, 2]]
[r10] vp_bank built: 30 layers x 1560 tokens (1 latent frame(s))
[ok] 0096_A_car: 81 frames
Moving DynamicSwap_WanTextEncoder to cuda:0 with preserved memory: 35.01616144180298 GB
[[0, 1]] [[0, 1, 2]]
[r10] vp_bank built: 30 layers x 1560 tokens (1 latent frame(s))
[ok] 0097_A_bird: 81 frames
Moving DynamicSwap_WanTextEncoder to cuda:0 with preserved memory: 35.016071796417236 GB
[[0, 1, 2]] [[0, 1, 2]]
[r10] vp_bank built: 30 layers x 1560 tokens (1 latent frame(s))
[ok] 0098_A_squirrel: 81 frames
Moving DynamicSwap_WanTextEncoder to cuda:0 with preserved memory: 35.01616144180298 GB
[[0, 1, 2]] [[0, 1, 2]]
[r10] vp_bank built: 30 layers x 1560 tokens (1 latent frame(s))
[ok] 0099_A_jogger: 81 frames
Moving DynamicSwap_WanTextEncoder to cuda:0 with preserved memory: 35.016071796417236 GB
[[0, 1, 2]] [[0, 1, 2]]
[r10] vp_bank built: 30 layers x 1560 tokens (1 latent frame(s))
[ok] 0100_A_deer: 81 frames
[run_fivebench] done edit1: 100/100 ok -> /projects/dataggen/outputs/five_bench/r21_blend_full/cos_third_pvp/edit1/_manifest.csv
[r21_infer] --- cos_third_pvp / edit2 ---
Free VRAM 43.969970703125 GB
KV inference with 3 frames per block
[run_fivebench] edit_type=2 method=cos_third_pvp pairs=100 vp_mode=pvp blend_sched=cos_third out=/projects/dataggen/outputs/five_bench/r21_blend_full/cos_third_pvp/edit2
Moving DynamicSwap_WanTextEncoder to cuda:0 with preserved memory: 35.38994359970093 GB
[[0, 1, 2]] [[0, 1, 2]]
[r10] vp_bank built: 30 layers x 1560 tokens (1 latent frame(s))
[ok] 0001_bus: 69 frames
Moving DynamicSwap_WanTextEncoder to cuda:0 with preserved memory: 35.06963014602661 GB
[[0, 1, 2, 3, 4, 5, 6]] [[0, 1, 2, 3, 4, 5, 6, 7]]
[r10] vp_bank built: 30 layers x 1560 tokens (1 latent frame(s))
[ok] 0002_girl-dog: 81 frames
Moving DynamicSwap_WanTextEncoder to cuda:0 with preserved memory: 35.01878786087036 GB
[[0, 1, 2, 3, 4]] [[1, 2]]
[r10] vp_bank built: 30 layers x 1560 tokens (1 latent frame(s))
[ok] 0003_ocean-birds: 33 frames
Moving DynamicSwap_WanTextEncoder to cuda:0 with preserved memory: 35.23135232925415 GB
[[0, 1, 2, 3]] [[0, 1, 2, 3]]
[r10] vp_bank built: 30 layers x 1560 tokens (1 latent frame(s))
[ok] 0004_car-roundabout: 69 frames
Moving DynamicSwap_WanTextEncoder to cuda:0 with preserved memory: 35.06956148147583 GB
[[1, 2, 3]] [[0, 1]]
[r10] vp_bank built: 30 layers x 1560 tokens (1 latent frame(s))
[ok] 0005_breakdance: 81 frames
Moving DynamicSwap_WanTextEncoder to cuda:0 with preserved memory: 35.01711893081665 GB
[[0, 1, 2, 3]] [[0, 1]]
[r10] vp_bank built: 30 layers x 1560 tokens (1 latent frame(s))
[ok] 0006_paragliding: 69 frames
Moving DynamicSwap_WanTextEncoder to cuda:0 with preserved memory: 35.07179307937622 GB
[[0, 1]] [[0, 1]]
[r10] vp_bank built: 30 layers x 1560 tokens (1 latent frame(s))
[ok] 0007_guitar-violin: 45 frames
Moving DynamicSwap_WanTextEncoder to cuda:0 with preserved memory: 35.17779207229614 GB
[[0, 1, 2]] [[0, 1, 2]]
[r10] vp_bank built: 30 layers x 1560 tokens (1 latent frame(s))
[ok] 0008_snowboard-race: 69 frames
Moving DynamicSwap_WanTextEncoder to cuda:0 with preserved memory: 35.06963014602661 GB
[[0, 1, 2, 3]] [[0, 1, 2]]
[r10] vp_bank built: 30 layers x 1560 tokens (1 latent frame(s))
[ok] 0009_bear: 81 frames
Moving DynamicSwap_WanTextEncoder to cuda:0 with preserved memory: 35.01432466506958 GB
[[0, 1, 2]] [[0, 1]]
[r10] vp_bank built: 30 layers x 1560 tokens (1 latent frame(s))
Moving DynamicSwap_WanTextEncoder to cuda:0 with preserved memory: 35.00962495803833 GB
[[0, 1, 2]] [[0, 1]]
[r10] vp_bank built: 30 layers x 1560 tokens (1 latent frame(s))
[ok] 0010_giant-slalom: 117 frames
Moving DynamicSwap_WanTextEncoder to cuda:0 with preserved memory: 34.856443881988525 GB
[[0, 1, 2, 3, 4, 5]] [[0, 1, 2]]
[r10] vp_bank built: 30 layers x 1560 tokens (1 latent frame(s))
[ok] 0011_lucia: 69 frames
Moving DynamicSwap_WanTextEncoder to cuda:0 with preserved memory: 35.06932497024536 GB
[[0, 1, 2, 3]] [[0, 1, 2]]
[r10] vp_bank built: 30 layers x 1560 tokens (1 latent frame(s))
[ok] 0012_goat: 81 frames
Moving DynamicSwap_WanTextEncoder to cuda:0 with preserved memory: 35.01711893081665 GB
[[0, 1]] [[0, 1]]
[r10] vp_bank built: 30 layers x 1560 tokens (1 latent frame(s))
[ok] 0013_golf: 69 frames
Moving DynamicSwap_WanTextEncoder to cuda:0 with preserved memory: 35.070677280426025 GB
[[0, 1, 2]] [[0, 1, 2]]
[r10] vp_bank built: 30 layers x 1560 tokens (1 latent frame(s))
[ok] 0014_burnout: 69 frames
Moving DynamicSwap_WanTextEncoder to cuda:0 with preserved memory: 35.072346210479736 GB
[[0, 1, 2]] [[0, 1, 2, 3]]
[r10] vp_bank built: 30 layers x 1560 tokens (1 latent frame(s))
[ok] 0015_car-shadow: 33 frames
Moving DynamicSwap_WanTextEncoder to cuda:0 with preserved memory: 35.232468128204346 GB
[[0, 1, 2, 3, 4]] [[0, 1, 2, 3]]
[r10] vp_bank built: 30 layers x 1560 tokens (1 latent frame(s))
[ok] 0016_horsejump-high: 45 frames
Moving DynamicSwap_WanTextEncoder to cuda:0 with preserved memory: 35.17835187911987 GB
[[0, 1, 2]] [[0, 1]]
[r10] vp_bank built: 30 layers x 1560 tokens (1 latent frame(s))
[ok] 0017_kid-football: 57 frames
Moving DynamicSwap_WanTextEncoder to cuda:0 with preserved memory: 35.1242356300354 GB
[[0, 1, 2, 3]] [[0, 1]]
[r10] vp_bank built: 30 layers x 1560 tokens (1 latent frame(s))
[ok] 0018_breakdance-flare: 69 frames
Moving DynamicSwap_WanTextEncoder to cuda:0 with preserved memory: 35.070114612579346 GB
[[0, 1, 2]] [[0, 1]]
[r10] vp_bank built: 30 layers x 1560 tokens (1 latent frame(s))
[ok] 0019_tennis-vest: 69 frames
Moving DynamicSwap_WanTextEncoder to cuda:0 with preserved memory: 35.069347858428955 GB
[[0, 1, 2, 3]] [[0, 1, 2]]
[r10] vp_bank built: 30 layers x 1560 tokens (1 latent frame(s))
[ok] 0020_monkeys: 81 frames
Moving DynamicSwap_WanTextEncoder to cuda:0 with preserved memory: 35.01878786087036 GB
[[1, 2]] [[0, 1]]
[r10] vp_bank built: 30 layers x 1560 tokens (1 latent frame(s))
[ok] 0021_landing: 33 frames
Moving DynamicSwap_WanTextEncoder to cuda:0 with preserved memory: 35.231770038604736 GB
[[0, 1, 2]] [[0, 1]]
[r10] vp_bank built: 30 layers x 1560 tokens (1 latent frame(s))
[ok] 0022_skate-jump: 57 frames
Moving DynamicSwap_WanTextEncoder to cuda:0 with preserved memory: 35.1247935295105 GB
[[0, 1, 2]] [[1, 2, 3]]
[r10] vp_bank built: 30 layers x 1560 tokens (1 latent frame(s))
[ok] 0023_kayak-race: 57 frames
Moving DynamicSwap_WanTextEncoder to cuda:0 with preserved memory: 35.1242356300354 GB
[[0, 1, 2, 3, 4, 5]] [[0, 1]]
[r10] vp_bank built: 30 layers x 1560 tokens (1 latent frame(s))
[ok] 0024_hockey: 69 frames
Moving DynamicSwap_WanTextEncoder to cuda:0 with preserved memory: 35.06932497024536 GB
[[0, 1, 2]] [[0, 1]]
[r10] vp_bank built: 30 layers x 1560 tokens (1 latent frame(s))
[ok] 0025_baseball: 81 frames
Moving DynamicSwap_WanTextEncoder to cuda:0 with preserved memory: 35.01711893081665 GB
[[0, 1, 2, 3]] [[0, 1, 2, 3]]
[r10] vp_bank built: 30 layers x 1560 tokens (1 latent frame(s))
[ok] 0026_table-tennis: 69 frames
Moving DynamicSwap_WanTextEncoder to cuda:0 with preserved memory: 35.07123517990112 GB
[[0, 1, 2]] [[0, 1, 2, 3]]
[r10] vp_bank built: 30 layers x 1560 tokens (1 latent frame(s))
[ok] 0027_dance-jump: 57 frames
Moving DynamicSwap_WanTextEncoder to cuda:0 with preserved memory: 35.1242356300354 GB
[[0, 1]] [[1, 2]]
[r10] vp_bank built: 30 layers x 1560 tokens (1 latent frame(s))
[ok] 0028_kite-walk: 69 frames
Moving DynamicSwap_WanTextEncoder to cuda:0 with preserved memory: 35.07067537307739 GB
[[0, 1, 2, 3, 4]] [[0, 1, 2]]
[r10] vp_bank built: 30 layers x 1560 tokens (1 latent frame(s))
[ok] 0029_horsejump-stick: 57 frames
Moving DynamicSwap_WanTextEncoder to cuda:0 with preserved memory: 35.124889850616455 GB
[[0, 1, 2]] [[0, 1, 2, 3]]
[r10] vp_bank built: 30 layers x 1560 tokens (1 latent frame(s))
[ok] 0030_rallye: 45 frames
Moving DynamicSwap_WanTextEncoder to cuda:0 with preserved memory: 35.17821168899536 GB
[[0, 1, 2]] [[0, 1]]
[r10] vp_bank built: 30 layers x 1560 tokens (1 latent frame(s))
[ok] 0031_soccerball: 45 frames
Moving DynamicSwap_WanTextEncoder to cuda:0 with preserved memory: 35.177793979644775 GB
[[0, 1, 2, 3, 4, 5, 6, 7]] [[0, 1]]
[r10] vp_bank built: 30 layers x 1560 tokens (1 latent frame(s))
[ok] 0032_mermaid: 69 frames
Moving DynamicSwap_WanTextEncoder to cuda:0 with preserved memory: 35.07123517990112 GB
[[0, 1, 2, 3, 4, 5]] [[3, 4, 5]]
[r10] vp_bank built: 30 layers x 1560 tokens (1 latent frame(s))
[ok] 0033_horsejump-low: 57 frames
Moving DynamicSwap_WanTextEncoder to cuda:0 with preserved memory: 35.122883319854736 GB
[[0, 1, 2, 3, 4]] [[0, 1]]
[r10] vp_bank built: 30 layers x 1560 tokens (1 latent frame(s))
Moving DynamicSwap_WanTextEncoder to cuda:0 with preserved memory: 35.118183612823486 GB
[[0, 1, 2, 3, 4]] [[0, 1]]
[r10] vp_bank built: 30 layers x 1560 tokens (1 latent frame(s))
[ok] 0034_cows: 93 frames
Moving DynamicSwap_WanTextEncoder to cuda:0 with preserved memory: 34.96465730667114 GB
[[0, 1, 2]] [[0, 1, 2]]
[r10] vp_bank built: 30 layers x 1560 tokens (1 latent frame(s))
[ok] 0035_helicopter: 45 frames
Moving DynamicSwap_WanTextEncoder to cuda:0 with preserved memory: 35.17667818069458 GB
[[0, 1, 2]] [[0, 1, 2]]
[r10] vp_bank built: 30 layers x 1560 tokens (1 latent frame(s))
[ok] 0036_camel: 81 frames
Moving DynamicSwap_WanTextEncoder to cuda:0 with preserved memory: 35.017536640167236 GB
[[0, 1]] [[0, 1]]
[r10] vp_bank built: 30 layers x 1560 tokens (1 latent frame(s))
[ok] 0037_snowboard-sand: 45 frames
Moving DynamicSwap_WanTextEncoder to cuda:0 with preserved memory: 35.179462909698486 GB
[[0, 1, 2, 3, 4, 5, 6]] [[0, 1, 2, 3]]
[r10] vp_bank built: 30 layers x 1560 tokens (1 latent frame(s))
[ok] 0038_motorbike: 33 frames
Moving DynamicSwap_WanTextEncoder to cuda:0 with preserved memory: 35.230000019073486 GB
[[0, 1, 2, 3, 4]] [[0, 1]]
[r10] vp_bank built: 30 layers x 1560 tokens (1 latent frame(s))
[ok] 0039_chamaleon: 81 frames
Moving DynamicSwap_WanTextEncoder to cuda:0 with preserved memory: 35.01711893081665 GB
[[0, 1, 2]] [[0, 1]]
[r10] vp_bank built: 30 layers x 1560 tokens (1 latent frame(s))
[ok] 0040_tennis: 69 frames
Moving DynamicSwap_WanTextEncoder to cuda:0 with preserved memory: 35.07179307937622 GB
[[0, 1, 2, 3, 4, 5]] [[0, 1, 2]]
[r10] vp_bank built: 30 layers x 1560 tokens (1 latent frame(s))
[ok] 0041_longboard: 45 frames
Moving DynamicSwap_WanTextEncoder to cuda:0 with preserved memory: 35.177793979644775 GB
[[0, 1]] [[0, 1]]
[r10] vp_bank built: 30 layers x 1560 tokens (1 latent frame(s))
[ok] 0042_gym-ball: 69 frames
Moving DynamicSwap_WanTextEncoder to cuda:0 with preserved memory: 35.069347858428955 GB
[[0, 1]] [[0, 1]]
[r10] vp_bank built: 30 layers x 1560 tokens (1 latent frame(s))
Moving DynamicSwap_WanTextEncoder to cuda:0 with preserved memory: 35.064648151397705 GB
[[0, 1]] [[0, 1]]
[r10] vp_bank built: 30 layers x 1560 tokens (1 latent frame(s))
[ok] 0043_parkour: 93 frames
Moving DynamicSwap_WanTextEncoder to cuda:0 with preserved memory: 34.963276386260986 GB
[[0, 1, 2]] [[0, 1, 2, 3]]
[r10] vp_bank built: 30 layers x 1560 tokens (1 latent frame(s))
[ok] 0044_snowboard: 57 frames
Moving DynamicSwap_WanTextEncoder to cuda:0 with preserved memory: 35.1242356300354 GB
[[0, 1, 2, 3, 4]] [[3]]
[r10] vp_bank built: 30 layers x 1560 tokens (1 latent frame(s))
[ok] 0045_butterfly: 69 frames
Moving DynamicSwap_WanTextEncoder to cuda:0 with preserved memory: 35.07109498977661 GB
[[0, 1, 2, 3]] [[0, 1]]
[r10] vp_bank built: 30 layers x 1560 tokens (1 latent frame(s))
[ok] 0046_blackswan: 45 frames
Moving DynamicSwap_WanTextEncoder to cuda:0 with preserved memory: 35.179462909698486 GB
[[1, 2, 3, 4]] [[1]]
[r10] vp_bank built: 30 layers x 1560 tokens (1 latent frame(s))
[ok] 0047_judo: 33 frames
Moving DynamicSwap_WanTextEncoder to cuda:0 with preserved memory: 35.23135232925415 GB
[[0, 1, 2, 3, 4]] [[0, 1]]
[r10] vp_bank built: 30 layers x 1560 tokens (1 latent frame(s))
[ok] 0048_hike: 69 frames
Moving DynamicSwap_WanTextEncoder to cuda:0 with preserved memory: 35.069347858428955 GB
[[0, 1, 2, 3]] [[1]]
[r10] vp_bank built: 30 layers x 1560 tokens (1 latent frame(s))
[ok] 0049_speed-skating: 81 frames
Moving DynamicSwap_WanTextEncoder to cuda:0 with preserved memory: 35.017536640167236 GB
[[0, 1]] [[1, 2]]
[r10] vp_bank built: 30 layers x 1560 tokens (1 latent frame(s))
[ok] 0050_slackline: 57 frames
Moving DynamicSwap_WanTextEncoder to cuda:0 with preserved memory: 35.124653339385986 GB
[[8, 9]] [[0, 1]]
[r10] vp_bank built: 30 layers x 1560 tokens (1 latent frame(s))
[ok] 0051_dogs-jump: 57 frames
Moving DynamicSwap_WanTextEncoder to cuda:0 with preserved memory: 35.1242356300354 GB
[[0, 1, 2, 3, 4]] [[0, 1, 2]]
[r10] vp_bank built: 30 layers x 1560 tokens (1 latent frame(s))
[ok] 0052_mallard-fly: 69 frames
Moving DynamicSwap_WanTextEncoder to cuda:0 with preserved memory: 35.070812702178955 GB
[[0, 1]] [[0, 1]]
[r10] vp_bank built: 30 layers x 1560 tokens (1 latent frame(s))
[ok] 0053_swing: 57 frames
Moving DynamicSwap_WanTextEncoder to cuda:0 with preserved memory: 35.1242356300354 GB
[[1, 2]] [[0, 1, 2, 3]]
[r10] vp_bank built: 30 layers x 1560 tokens (1 latent frame(s))
[ok] 0054_train: 69 frames
Moving DynamicSwap_WanTextEncoder to cuda:0 with preserved memory: 35.070677280426025 GB
[[0, 1, 2, 3, 4]] [[0, 1, 2, 3, 4, 5]]
[r10] vp_bank built: 30 layers x 1560 tokens (1 latent frame(s))
[ok] 0055_pigs: 69 frames
Moving DynamicSwap_WanTextEncoder to cuda:0 with preserved memory: 35.06971979141235 GB
[[0, 1, 2, 3, 4]] [[1, 2, 3, 4]]
[r10] vp_bank built: 30 layers x 1560 tokens (1 latent frame(s))
[ok] 0056_kart-turn: 81 frames
Moving DynamicSwap_WanTextEncoder to cuda:0 with preserved memory: 35.01725435256958 GB
[[0, 1, 2, 3]] [[0, 1, 2]]
[r10] vp_bank built: 30 layers x 1560 tokens (1 latent frame(s))
[ok] 0057_dog: 57 frames
Moving DynamicSwap_WanTextEncoder to cuda:0 with preserved memory: 35.1242356300354 GB
[[0, 1, 2, 3]] [[0, 1, 2, 3, 4]]
[r10] vp_bank built: 30 layers x 1560 tokens (1 latent frame(s))
[ok] 0058_boat: 69 frames
Moving DynamicSwap_WanTextEncoder to cuda:0 with preserved memory: 35.07109498977661 GB
[[0, 1, 2, 3]] [[0, 1, 2, 3, 4]]
[r10] vp_bank built: 30 layers x 1560 tokens (1 latent frame(s))
[ok] 0059_drift-straight: 45 frames
Moving DynamicSwap_WanTextEncoder to cuda:0 with preserved memory: 35.17835187911987 GB
[[1, 2, 3]] [[0, 1, 2, 3]]
[r10] vp_bank built: 30 layers x 1560 tokens (1 latent frame(s))
[ok] 0060_motocross-bumps: 57 frames
Moving DynamicSwap_WanTextEncoder to cuda:0 with preserved memory: 35.124653339385986 GB
[[0, 1, 2, 3, 4, 5, 6, 7, 8]] [[0, 1]]
[r10] vp_bank built: 30 layers x 1560 tokens (1 latent frame(s))
[ok] 0061_mbike-santa: 57 frames
Moving DynamicSwap_WanTextEncoder to cuda:0 with preserved memory: 35.1242356300354 GB
[[0, 1, 2]] [[0, 1, 2]]
[r10] vp_bank built: 30 layers x 1560 tokens (1 latent frame(s))
[ok] 0062_elephant: 69 frames
Moving DynamicSwap_WanTextEncoder to cuda:0 with preserved memory: 35.07109498977661 GB
[[0, 1, 2]] [[0, 1, 2, 3]]
[r10] vp_bank built: 30 layers x 1560 tokens (1 latent frame(s))
[ok] 0063_drift-turn: 57 frames
Moving DynamicSwap_WanTextEncoder to cuda:0 with preserved memory: 35.12590456008911 GB
[[0, 1]] [[1, 2]]
[r10] vp_bank built: 30 layers x 1560 tokens (1 latent frame(s))
[ok] 0064_rollerblade: 33 frames
Moving DynamicSwap_WanTextEncoder to cuda:0 with preserved memory: 35.230000019073486 GB
[[0, 1, 2]] [[0, 1]]
[r10] vp_bank built: 30 layers x 1560 tokens (1 latent frame(s))
[ok] 0065_twist-dance: 81 frames
Moving DynamicSwap_WanTextEncoder to cuda:0 with preserved memory: 35.01711893081665 GB
[[0, 1, 2]] [[1, 2]]
[r10] vp_bank built: 30 layers x 1560 tokens (1 latent frame(s))
[ok] 0066_deer: 69 frames
Moving DynamicSwap_WanTextEncoder to cuda:0 with preserved memory: 35.070114612579346 GB
[[1, 2, 3]] [[0, 1]]
[r10] vp_bank built: 30 layers x 1560 tokens (1 latent frame(s))
[ok] 0067_mbike-trick: 69 frames
Moving DynamicSwap_WanTextEncoder to cuda:0 with preserved memory: 35.072346210479736 GB
[[0, 1, 2, 3, 4]] [[0, 1, 2, 3]]
[r10] vp_bank built: 30 layers x 1560 tokens (1 latent frame(s))
[ok] 0068_planes-water: 33 frames
Moving DynamicSwap_WanTextEncoder to cuda:0 with preserved memory: 35.23135232925415 GB
[[0, 1, 2]] [[0, 1, 2, 3]]
[r10] vp_bank built: 30 layers x 1560 tokens (1 latent frame(s))
[ok] 0069_car-turn: 69 frames
Moving DynamicSwap_WanTextEncoder to cuda:0 with preserved memory: 35.06956148147583 GB
[[0, 1, 2]] [[0, 1]]
[r10] vp_bank built: 30 layers x 1560 tokens (1 latent frame(s))
[ok] 0070_dance-twirl: 81 frames
Moving DynamicSwap_WanTextEncoder to cuda:0 with preserved memory: 35.01711893081665 GB
[[0, 1, 2, 3, 4]] [[0, 1, 2]]
[r10] vp_bank built: 30 layers x 1560 tokens (1 latent frame(s))
[ok] 0071_mallard-water: 69 frames
Moving DynamicSwap_WanTextEncoder to cuda:0 with preserved memory: 35.07269525527954 GB
[[0, 1, 2, 3]] [[0, 1, 2]]
[r10] vp_bank built: 30 layers x 1560 tokens (1 latent frame(s))
[ok] 0072_dog-agility: 21 frames
Moving DynamicSwap_WanTextEncoder to cuda:0 with preserved memory: 35.283581256866455 GB
[[1, 2, 3]] [[0, 1]]
[r10] vp_bank built: 30 layers x 1560 tokens (1 latent frame(s))
[ok] 0073_bmx-rider: 81 frames
Moving DynamicSwap_WanTextEncoder to cuda:0 with preserved memory: 35.01578950881958 GB
[[0, 1, 2, 3, 4]] [[0, 1, 2, 3]]
[r10] vp_bank built: 30 layers x 1560 tokens (1 latent frame(s))
[ok] 0074_rhino: 81 frames
Moving DynamicSwap_WanTextEncoder to cuda:0 with preserved memory: 35.015766620635986 GB
[[0, 1]] [[0, 1]]
[r10] vp_bank built: 30 layers x 1560 tokens (1 latent frame(s))
[ok] 0075_A_bicycle: 81 frames
Moving DynamicSwap_WanTextEncoder to cuda:0 with preserved memory: 35.015766620635986 GB
[[0, 1, 2]] [[0, 1]]
[r10] vp_bank built: 30 layers x 1560 tokens (1 latent frame(s))
[ok] 0076_A_rabbit: 81 frames
Moving DynamicSwap_WanTextEncoder to cuda:0 with preserved memory: 35.01616144180298 GB
[[0, 1, 2]] [[1, 2, 3]]
[r10] vp_bank built: 30 layers x 1560 tokens (1 latent frame(s))
[ok] 0077_A_hawk: 81 frames
Moving DynamicSwap_WanTextEncoder to cuda:0 with preserved memory: 35.016071796417236 GB
[[0, 1]] [[0, 1, 2]]
[r10] vp_bank built: 30 layers x 1560 tokens (1 latent frame(s))
[ok] 0078_A_cat: 81 frames
Moving DynamicSwap_WanTextEncoder to cuda:0 with preserved memory: 35.01616144180298 GB
[[0, 1]] [[0, 1, 2, 3]]
[r10] vp_bank built: 30 layers x 1560 tokens (1 latent frame(s))
[ok] 0079_A_bus: 81 frames
Moving DynamicSwap_WanTextEncoder to cuda:0 with preserved memory: 35.016071796417236 GB
[[0, 1]] [[0, 1, 2, 3]]
[r10] vp_bank built: 30 layers x 1560 tokens (1 latent frame(s))
[ok] 0080_A_motorcycle: 81 frames
Moving DynamicSwap_WanTextEncoder to cuda:0 with preserved memory: 35.016071796417236 GB
[[0, 1]] [[0, 1]]
[r10] vp_bank built: 30 layers x 1560 tokens (1 latent frame(s))
[ok] 0081_A_horse: 81 frames
Moving DynamicSwap_WanTextEncoder to cuda:0 with preserved memory: 35.01616144180298 GB
[[0, 1]] [[0, 1, 2]]
[r10] vp_bank built: 30 layers x 1560 tokens (1 latent frame(s))
[ok] 0082_A_tram: 81 frames
Moving DynamicSwap_WanTextEncoder to cuda:0 with preserved memory: 35.016071796417236 GB
[[0, 1]] [[0, 1, 2]]
[r10] vp_bank built: 30 layers x 1560 tokens (1 latent frame(s))
[ok] 0083_A_boat: 81 frames
Moving DynamicSwap_WanTextEncoder to cuda:0 with preserved memory: 35.016071796417236 GB
[[0, 1, 2]] [[0, 1, 2]]
[r10] vp_bank built: 30 layers x 1560 tokens (1 latent frame(s))
[ok] 0084_A_squirrel: 81 frames
Moving DynamicSwap_WanTextEncoder to cuda:0 with preserved memory: 35.01616144180298 GB
[[0, 1]] [[0, 1, 2, 3, 4, 5, 6]]
[r10] vp_bank built: 30 layers x 1560 tokens (1 latent frame(s))
[ok] 0085_A_tram: 81 frames
Moving DynamicSwap_WanTextEncoder to cuda:0 with preserved memory: 35.016071796417236 GB
[[0, 1, 2, 3]] [[0, 1, 2]]
[r10] vp_bank built: 30 layers x 1560 tokens (1 latent frame(s))
[ok] 0086_A_red_sports_car: 81 frames
Moving DynamicSwap_WanTextEncoder to cuda:0 with preserved memory: 35.016071796417236 GB
[[0, 1, 2]] [[0, 1, 2]]
[r10] vp_bank built: 30 layers x 1560 tokens (1 latent frame(s))
[ok] 0087_A_seagull: 81 frames
Moving DynamicSwap_WanTextEncoder to cuda:0 with preserved memory: 35.01616144180298 GB
[[0, 1, 2]] [[0, 1, 2, 3]]
[r10] vp_bank built: 30 layers x 1560 tokens (1 latent frame(s))
[ok] 0088_A_cyclist: 81 frames
Moving DynamicSwap_WanTextEncoder to cuda:0 with preserved memory: 35.016071796417236 GB
[[0, 1]] [[0, 1]]
[r10] vp_bank built: 30 layers x 1560 tokens (1 latent frame(s))
[ok] 0089_A_dog: 81 frames
Moving DynamicSwap_WanTextEncoder to cuda:0 with preserved memory: 35.016071796417236 GB
[[0, 1, 2]] [[0, 1, 2]]
[r10] vp_bank built: 30 layers x 1560 tokens (1 latent frame(s))
[ok] 0090_A_deer: 81 frames
Moving DynamicSwap_WanTextEncoder to cuda:0 with preserved memory: 35.01616144180298 GB
[[0, 1, 2]] [[0, 1, 2, 3, 4]]
[r10] vp_bank built: 30 layers x 1560 tokens (1 latent frame(s))
[ok] 0091_A_hawk: 81 frames
Moving DynamicSwap_WanTextEncoder to cuda:0 with preserved memory: 35.016071796417236 GB
[[0, 1, 2]] [[0, 1]]
[r10] vp_bank built: 30 layers x 1560 tokens (1 latent frame(s))
[ok] 0092_A_fox: 81 frames
Moving DynamicSwap_WanTextEncoder to cuda:0 with preserved memory: 35.01578950881958 GB
[[0, 1, 2]] [[0, 1, 2]]
[r10] vp_bank built: 30 layers x 1560 tokens (1 latent frame(s))
[ok] 0093_A_helicopter: 81 frames
Moving DynamicSwap_WanTextEncoder to cuda:0 with preserved memory: 35.015766620635986 GB
[[0, 1, 2]] [[0, 1, 2]]
[r10] vp_bank built: 30 layers x 1560 tokens (1 latent frame(s))
[ok] 0094_A_swan: 81 frames
Moving DynamicSwap_WanTextEncoder to cuda:0 with preserved memory: 35.016071796417236 GB
[[0, 1]] [[0, 1]]
[r10] vp_bank built: 30 layers x 1560 tokens (1 latent frame(s))
[ok] 0095_A_crow: 81 frames
Moving DynamicSwap_WanTextEncoder to cuda:0 with preserved memory: 35.016071796417236 GB
[[0, 1]] [[0, 1, 2]]
[r10] vp_bank built: 30 layers x 1560 tokens (1 latent frame(s))
[ok] 0096_A_car: 81 frames
Moving DynamicSwap_WanTextEncoder to cuda:0 with preserved memory: 35.016071796417236 GB
[[0, 1]] [[0, 1]]
[r10] vp_bank built: 30 layers x 1560 tokens (1 latent frame(s))
[ok] 0097_A_bird: 81 frames
Moving DynamicSwap_WanTextEncoder to cuda:0 with preserved memory: 35.016071796417236 GB
[[0, 1, 2]] [[0, 1]]
[r10] vp_bank built: 30 layers x 1560 tokens (1 latent frame(s))
[ok] 0098_A_squirrel: 81 frames
Moving DynamicSwap_WanTextEncoder to cuda:0 with preserved memory: 35.016071796417236 GB
[[0, 1, 2]] [[0, 1]]
[r10] vp_bank built: 30 layers x 1560 tokens (1 latent frame(s))
[ok] 0099_A_jogger: 81 frames
Moving DynamicSwap_WanTextEncoder to cuda:0 with preserved memory: 35.016071796417236 GB
[[0, 1, 2]] [[0, 1, 2]]
[r10] vp_bank built: 30 layers x 1560 tokens (1 latent frame(s))
[ok] 0100_A_deer: 81 frames
[run_fivebench] done edit2: 100/100 ok -> /projects/dataggen/outputs/five_bench/r21_blend_full/cos_third_pvp/edit2/_manifest.csv
[r21_infer] --- cos_third_pvp / edit3 ---
Free VRAM 43.969970703125 GB
KV inference with 3 frames per block
[run_fivebench] edit_type=3 method=cos_third_pvp pairs=100 vp_mode=pvp blend_sched=cos_third out=/projects/dataggen/outputs/five_bench/r21_blend_full/cos_third_pvp/edit3
Moving DynamicSwap_WanTextEncoder to cuda:0 with preserved memory: 35.38994359970093 GB
[[0, 1, 2]] [[1, 2, 3]]
[r10] vp_bank built: 30 layers x 1560 tokens (1 latent frame(s))
[ok] 0001_bus: 69 frames
Moving DynamicSwap_WanTextEncoder to cuda:0 with preserved memory: 35.06963014602661 GB
[[22, 23, 24]] [[22, 23, 24]]
[r10] vp_bank built: 30 layers x 1560 tokens (1 latent frame(s))
[ok] 0002_girl-dog: 81 frames
Moving DynamicSwap_WanTextEncoder to cuda:0 with preserved memory: 35.01878786087036 GB
[[0, 1, 2, 3, 4]] [[1]]
[r10] vp_bank built: 30 layers x 1560 tokens (1 latent frame(s))
[ok] 0003_ocean-birds: 33 frames
Moving DynamicSwap_WanTextEncoder to cuda:0 with preserved memory: 35.23135232925415 GB
[[0, 1, 2, 3]] [[0, 1, 2, 3]]
[r10] vp_bank built: 30 layers x 1560 tokens (1 latent frame(s))
[ok] 0004_car-roundabout: 69 frames
Moving DynamicSwap_WanTextEncoder to cuda:0 with preserved memory: 35.06932497024536 GB
[[1, 2, 3]] [[5, 6, 7, 8]]
[r10] vp_bank built: 30 layers x 1560 tokens (1 latent frame(s))
[ok] 0005_breakdance: 81 frames
Moving DynamicSwap_WanTextEncoder to cuda:0 with preserved memory: 35.01711702346802 GB
[[0, 1, 2, 3]] [[1]]
[r10] vp_bank built: 30 layers x 1560 tokens (1 latent frame(s))
[ok] 0006_paragliding: 69 frames
Moving DynamicSwap_WanTextEncoder to cuda:0 with preserved memory: 35.07109498977661 GB
[[0, 1]] [[0, 1, 2, 3]]
[r10] vp_bank built: 30 layers x 1560 tokens (1 latent frame(s))
[ok] 0007_guitar-violin: 45 frames
Moving DynamicSwap_WanTextEncoder to cuda:0 with preserved memory: 35.177793979644775 GB
[[0, 1, 2]] [[1]]
[r10] vp_bank built: 30 layers x 1560 tokens (1 latent frame(s))
[ok] 0008_snowboard-race: 69 frames
Moving DynamicSwap_WanTextEncoder to cuda:0 with preserved memory: 35.06971979141235 GB
[[0, 1, 2, 3]] [[0, 1, 2, 3]]
[r10] vp_bank built: 30 layers x 1560 tokens (1 latent frame(s))
[ok] 0009_bear: 81 frames
Moving DynamicSwap_WanTextEncoder to cuda:0 with preserved memory: 35.01432466506958 GB
[[0, 1, 2]] [[0, 1, 2, 3, 4, 5, 6, 7, 8]]
[r10] vp_bank built: 30 layers x 1560 tokens (1 latent frame(s))
Moving DynamicSwap_WanTextEncoder to cuda:0 with preserved memory: 35.00962495803833 GB
[[0, 1, 2]] [[0, 1, 2, 3, 4, 5, 6, 7, 8]]
[r10] vp_bank built: 30 layers x 1560 tokens (1 latent frame(s))
[ok] 0010_giant-slalom: 117 frames
Moving DynamicSwap_WanTextEncoder to cuda:0 with preserved memory: 34.856443881988525 GB
[[0, 1, 2, 3, 4, 5]] [[0, 1, 2, 3, 4, 5]]
[r10] vp_bank built: 30 layers x 1560 tokens (1 latent frame(s))
[ok] 0011_lucia: 69 frames
Moving DynamicSwap_WanTextEncoder to cuda:0 with preserved memory: 35.06932497024536 GB
[[0, 1, 2, 3]] [[1]]
[r10] vp_bank built: 30 layers x 1560 tokens (1 latent frame(s))
[ok] 0012_goat: 81 frames
Moving DynamicSwap_WanTextEncoder to cuda:0 with preserved memory: 35.01711893081665 GB
[[0, 1]] [[0, 1, 2, 3, 4, 5]]
[r10] vp_bank built: 30 layers x 1560 tokens (1 latent frame(s))
[ok] 0013_golf: 69 frames
Moving DynamicSwap_WanTextEncoder to cuda:0 with preserved memory: 35.070114612579346 GB
[[0, 1, 2]] [[0, 1, 2]]
[r10] vp_bank built: 30 layers x 1560 tokens (1 latent frame(s))
[ok] 0014_burnout: 69 frames
Moving DynamicSwap_WanTextEncoder to cuda:0 with preserved memory: 35.072346210479736 GB
[[0, 1, 2]] [[0, 1, 2]]
[r10] vp_bank built: 30 layers x 1560 tokens (1 latent frame(s))
[ok] 0015_car-shadow: 33 frames
Moving DynamicSwap_WanTextEncoder to cuda:0 with preserved memory: 35.232468128204346 GB
[[0, 1, 2, 3, 4]] [[0, 1, 2]]
[r10] vp_bank built: 30 layers x 1560 tokens (1 latent frame(s))
[ok] 0016_horsejump-high: 45 frames
Moving DynamicSwap_WanTextEncoder to cuda:0 with preserved memory: 35.17835187911987 GB
[[0, 1, 2]] [[4, 5, 6]]
[r10] vp_bank built: 30 layers x 1560 tokens (1 latent frame(s))
[ok] 0017_kid-football: 57 frames
Moving DynamicSwap_WanTextEncoder to cuda:0 with preserved memory: 35.12402391433716 GB
[[0, 1, 2, 3]] [[0, 1, 2, 3, 4, 5, 6]]
[r10] vp_bank built: 30 layers x 1560 tokens (1 latent frame(s))
[ok] 0018_breakdance-flare: 69 frames
Moving DynamicSwap_WanTextEncoder to cuda:0 with preserved memory: 35.07067537307739 GB
[[0, 1, 2]] [[9, 10]]
[r10] vp_bank built: 30 layers x 1560 tokens (1 latent frame(s))
[ok] 0019_tennis-vest: 69 frames
Moving DynamicSwap_WanTextEncoder to cuda:0 with preserved memory: 35.06932497024536 GB
[[0, 1, 2, 3]] [[2]]
[r10] vp_bank built: 30 layers x 1560 tokens (1 latent frame(s))
[ok] 0020_monkeys: 81 frames
Moving DynamicSwap_WanTextEncoder to cuda:0 with preserved memory: 35.01878786087036 GB
[[1, 2]] [[0, 1, 2, 3]]
[r10] vp_bank built: 30 layers x 1560 tokens (1 latent frame(s))
[ok] 0021_landing: 33 frames
Moving DynamicSwap_WanTextEncoder to cuda:0 with preserved memory: 35.231770038604736 GB
[[0, 1, 2]] [[0, 1, 2, 3, 4]]
[r10] vp_bank built: 30 layers x 1560 tokens (1 latent frame(s))
[ok] 0022_skate-jump: 57 frames
Moving DynamicSwap_WanTextEncoder to cuda:0 with preserved memory: 35.1247935295105 GB
[[0, 1, 2]] [[3, 4]]
[r10] vp_bank built: 30 layers x 1560 tokens (1 latent frame(s))
[ok] 0023_kayak-race: 57 frames
Moving DynamicSwap_WanTextEncoder to cuda:0 with preserved memory: 35.1242356300354 GB
[[0, 1, 2, 3, 4, 5]] [[2, 3]]
[r10] vp_bank built: 30 layers x 1560 tokens (1 latent frame(s))
[ok] 0024_hockey: 69 frames
Moving DynamicSwap_WanTextEncoder to cuda:0 with preserved memory: 35.06932497024536 GB
[[1, 2]] [[0, 1, 2, 3, 4]]
[r10] vp_bank built: 30 layers x 1560 tokens (1 latent frame(s))
[ok] 0025_baseball: 81 frames
Moving DynamicSwap_WanTextEncoder to cuda:0 with preserved memory: 35.01711702346802 GB
[[0, 1, 2, 3]] [[52, 53, 54]]
[r10] vp_bank built: 30 layers x 1560 tokens (1 latent frame(s))
[ok] 0026_table-tennis: 69 frames
Moving DynamicSwap_WanTextEncoder to cuda:0 with preserved memory: 35.07123517990112 GB
[[0, 1, 2]] [[4, 5, 6, 7, 8, 9, 10]]
[r10] vp_bank built: 30 layers x 1560 tokens (1 latent frame(s))
[ok] 0027_dance-jump: 57 frames
Moving DynamicSwap_WanTextEncoder to cuda:0 with preserved memory: 35.1242356300354 GB
[[0, 1]] [[3, 4, 5, 6]]
[r10] vp_bank built: 30 layers x 1560 tokens (1 latent frame(s))
[ok] 0028_kite-walk: 69 frames
Moving DynamicSwap_WanTextEncoder to cuda:0 with preserved memory: 35.07109498977661 GB
[[0, 1, 2, 3, 4]] [[1]]
[r10] vp_bank built: 30 layers x 1560 tokens (1 latent frame(s))
[ok] 0029_horsejump-stick: 57 frames
Moving DynamicSwap_WanTextEncoder to cuda:0 with preserved memory: 35.124889850616455 GB
[[0, 1, 2]] [[0, 1]]
[r10] vp_bank built: 30 layers x 1560 tokens (1 latent frame(s))
[ok] 0030_rallye: 45 frames
Moving DynamicSwap_WanTextEncoder to cuda:0 with preserved memory: 35.17890977859497 GB
[[0, 1, 2]] [[0, 1, 2, 3]]
[r10] vp_bank built: 30 layers x 1560 tokens (1 latent frame(s))
[ok] 0031_soccerball: 45 frames
Moving DynamicSwap_WanTextEncoder to cuda:0 with preserved memory: 35.177231311798096 GB
[[0, 1, 2, 3, 4, 5, 6, 7]] [[2, 3]]
[r10] vp_bank built: 30 layers x 1560 tokens (1 latent frame(s))
[ok] 0032_mermaid: 69 frames
Moving DynamicSwap_WanTextEncoder to cuda:0 with preserved memory: 35.07133150100708 GB
[[0, 1, 2, 3, 4, 5]] [[3, 4, 5]]
[r10] vp_bank built: 30 layers x 1560 tokens (1 latent frame(s))
[ok] 0033_horsejump-low: 57 frames
Moving DynamicSwap_WanTextEncoder to cuda:0 with preserved memory: 35.123119831085205 GB
[[0, 1, 2, 3, 4]] [[0, 1, 2, 3, 4]]
[r10] vp_bank built: 30 layers x 1560 tokens (1 latent frame(s))
Moving DynamicSwap_WanTextEncoder to cuda:0 with preserved memory: 35.118420124053955 GB
[[0, 1, 2, 3, 4]] [[0, 1, 2, 3, 4]]
[r10] vp_bank built: 30 layers x 1560 tokens (1 latent frame(s))
[ok] 0034_cows: 93 frames
Moving DynamicSwap_WanTextEncoder to cuda:0 with preserved memory: 34.96465730667114 GB
[[0, 1, 2]] [[0, 1, 2, 3]]
[r10] vp_bank built: 30 layers x 1560 tokens (1 latent frame(s))
[ok] 0035_helicopter: 45 frames
Moving DynamicSwap_WanTextEncoder to cuda:0 with preserved memory: 35.1768364906311 GB
[[0, 1, 2]] [[0, 1]]
[r10] vp_bank built: 30 layers x 1560 tokens (1 latent frame(s))
[ok] 0036_camel: 81 frames
Moving DynamicSwap_WanTextEncoder to cuda:0 with preserved memory: 35.017536640167236 GB
[[0, 1]] [[2, 3]]
[r10] vp_bank built: 30 layers x 1560 tokens (1 latent frame(s))
[ok] 0037_snowboard-sand: 45 frames
Moving DynamicSwap_WanTextEncoder to cuda:0 with preserved memory: 35.179462909698486 GB
[[0, 1, 2, 3, 4, 5, 6]] [[0, 1, 2, 3]]
[r10] vp_bank built: 30 layers x 1560 tokens (1 latent frame(s))
[ok] 0038_motorbike: 33 frames
Moving DynamicSwap_WanTextEncoder to cuda:0 with preserved memory: 35.230000019073486 GB
[[0, 1, 2, 3, 4]] [[0, 1, 2, 3, 4]]
[r10] vp_bank built: 30 layers x 1560 tokens (1 latent frame(s))
[ok] 0039_chamaleon: 81 frames
Moving DynamicSwap_WanTextEncoder to cuda:0 with preserved memory: 35.01655626296997 GB
[[0, 1, 2]] [[0, 1, 2, 3, 4, 5, 6, 7, 8, 9]]
[r10] vp_bank built: 30 layers x 1560 tokens (1 latent frame(s))
[ok] 0040_tennis: 69 frames
Moving DynamicSwap_WanTextEncoder to cuda:0 with preserved memory: 35.07109498977661 GB
[[0, 1, 2, 3, 4, 5]] [[0, 1, 2, 3, 4, 5]]
[r10] vp_bank built: 30 layers x 1560 tokens (1 latent frame(s))
[ok] 0041_longboard: 45 frames
Moving DynamicSwap_WanTextEncoder to cuda:0 with preserved memory: 35.177793979644775 GB
[[0, 1]] [[0, 1, 2, 3]]
[r10] vp_bank built: 30 layers x 1560 tokens (1 latent frame(s))
[ok] 0042_gym-ball: 69 frames
Moving DynamicSwap_WanTextEncoder to cuda:0 with preserved memory: 35.069347858428955 GB
[[0, 1]] [[0, 1, 2, 3]]
[r10] vp_bank built: 30 layers x 1560 tokens (1 latent frame(s))
Moving DynamicSwap_WanTextEncoder to cuda:0 with preserved memory: 35.064648151397705 GB
[[0, 1]] [[0, 1, 2, 3]]
[r10] vp_bank built: 30 layers x 1560 tokens (1 latent frame(s))
[ok] 0043_parkour: 93 frames
Moving DynamicSwap_WanTextEncoder to cuda:0 with preserved memory: 34.963627338409424 GB
[[0, 1, 2]] [[3, 4]]
[r10] vp_bank built: 30 layers x 1560 tokens (1 latent frame(s))
[ok] 0044_snowboard: 57 frames
Moving DynamicSwap_WanTextEncoder to cuda:0 with preserved memory: 35.1242356300354 GB
[[0, 1, 2, 3, 4]] [[0, 1, 2, 3, 4]]
[r10] vp_bank built: 30 layers x 1560 tokens (1 latent frame(s))
[ok] 0045_butterfly: 69 frames
Moving DynamicSwap_WanTextEncoder to cuda:0 with preserved memory: 35.07179307937622 GB
[[0, 1, 2, 3]] [[0, 1, 2, 3]]
[r10] vp_bank built: 30 layers x 1560 tokens (1 latent frame(s))
[ok] 0046_blackswan: 45 frames
Moving DynamicSwap_WanTextEncoder to cuda:0 with preserved memory: 35.179462909698486 GB
[[1, 2, 3, 4]] [[3, 4, 5, 6]]
[r10] vp_bank built: 30 layers x 1560 tokens (1 latent frame(s))
[ok] 0047_judo: 33 frames
Moving DynamicSwap_WanTextEncoder to cuda:0 with preserved memory: 35.23135232925415 GB
[[0, 1, 2, 3, 4]] [[0, 1, 2, 3]]
[r10] vp_bank built: 30 layers x 1560 tokens (1 latent frame(s))
[ok] 0048_hike: 69 frames
Moving DynamicSwap_WanTextEncoder to cuda:0 with preserved memory: 35.06963014602661 GB
[[0, 1, 2, 3]] [[5]]
[r10] vp_bank built: 30 layers x 1560 tokens (1 latent frame(s))
[ok] 0049_speed-skating: 81 frames
Moving DynamicSwap_WanTextEncoder to cuda:0 with preserved memory: 35.017536640167236 GB
[[0, 1]] [[2, 3]]
[r10] vp_bank built: 30 layers x 1560 tokens (1 latent frame(s))
[ok] 0050_slackline: 57 frames
Moving DynamicSwap_WanTextEncoder to cuda:0 with preserved memory: 35.124653339385986 GB
[[8, 9]] [[0, 1, 2, 3, 4, 5]]
[r10] vp_bank built: 30 layers x 1560 tokens (1 latent frame(s))
[ok] 0051_dogs-jump: 57 frames
Moving DynamicSwap_WanTextEncoder to cuda:0 with preserved memory: 35.1242356300354 GB
[[0, 1, 2, 3, 4]] [[1]]
[r10] vp_bank built: 30 layers x 1560 tokens (1 latent frame(s))
[ok] 0052_mallard-fly: 69 frames
Moving DynamicSwap_WanTextEncoder to cuda:0 with preserved memory: 35.07109498977661 GB
[[0, 1]] [[0, 1, 2, 3]]
[r10] vp_bank built: 30 layers x 1560 tokens (1 latent frame(s))
[ok] 0053_swing: 57 frames
Moving DynamicSwap_WanTextEncoder to cuda:0 with preserved memory: 35.1242356300354 GB
[[1, 2]] [[0, 1, 2, 3, 4, 5, 6, 7, 8, 9, 10, 11, 12]]
[r10] vp_bank built: 30 layers x 1560 tokens (1 latent frame(s))
[ok] 0054_train: 69 frames
Moving DynamicSwap_WanTextEncoder to cuda:0 with preserved memory: 35.070677280426025 GB
[[0, 1, 2, 3, 4]] [[3]]
[r10] vp_bank built: 30 layers x 1560 tokens (1 latent frame(s))
[ok] 0055_pigs: 69 frames
Moving DynamicSwap_WanTextEncoder to cuda:0 with preserved memory: 35.069347858428955 GB
[[0, 1, 2, 3, 4]] [[0, 1, 2, 3, 4, 5]]
[r10] vp_bank built: 30 layers x 1560 tokens (1 latent frame(s))
[ok] 0056_kart-turn: 81 frames
Moving DynamicSwap_WanTextEncoder to cuda:0 with preserved memory: 35.017536640167236 GB
[[0, 1, 2, 3]] [[0, 1, 2, 3]]
[r10] vp_bank built: 30 layers x 1560 tokens (1 latent frame(s))
[ok] 0057_dog: 57 frames
Moving DynamicSwap_WanTextEncoder to cuda:0 with preserved memory: 35.1242356300354 GB
[[0, 1, 2, 3]] [[0, 1, 2, 3]]
[r10] vp_bank built: 30 layers x 1560 tokens (1 latent frame(s))
[ok] 0058_boat: 69 frames
Moving DynamicSwap_WanTextEncoder to cuda:0 with preserved memory: 35.07179307937622 GB
[[0, 1, 2, 3]] [[0, 1, 2, 3]]
[r10] vp_bank built: 30 layers x 1560 tokens (1 latent frame(s))
[ok] 0059_drift-straight: 45 frames
Moving DynamicSwap_WanTextEncoder to cuda:0 with preserved memory: 35.17821168899536 GB
[[1, 2, 3]] [[0, 1]]
[r10] vp_bank built: 30 layers x 1560 tokens (1 latent frame(s))
[ok] 0060_motocross-bumps: 57 frames
Moving DynamicSwap_WanTextEncoder to cuda:0 with preserved memory: 35.124653339385986 GB
[[0, 1, 2, 3, 4, 5, 6, 7, 8]] [[0, 1, 2, 3, 4, 5, 6, 7, 8, 9]]
[r10] vp_bank built: 30 layers x 1560 tokens (1 latent frame(s))
[ok] 0061_mbike-santa: 57 frames
Moving DynamicSwap_WanTextEncoder to cuda:0 with preserved memory: 35.1242356300354 GB
[[0, 1, 2]] [[0, 1, 2, 3]]
[r10] vp_bank built: 30 layers x 1560 tokens (1 latent frame(s))
[ok] 0062_elephant: 69 frames
Moving DynamicSwap_WanTextEncoder to cuda:0 with preserved memory: 35.07109498977661 GB
[[0, 1, 2]] [[0, 1, 2, 3]]
[r10] vp_bank built: 30 layers x 1560 tokens (1 latent frame(s))
[ok] 0063_drift-turn: 57 frames
Moving DynamicSwap_WanTextEncoder to cuda:0 with preserved memory: 35.12590456008911 GB
[[0, 1]] [[2, 3]]
[r10] vp_bank built: 30 layers x 1560 tokens (1 latent frame(s))
[ok] 0064_rollerblade: 33 frames
Moving DynamicSwap_WanTextEncoder to cuda:0 with preserved memory: 35.230000019073486 GB
[[0, 1, 2]] [[5, 6, 7, 8, 9, 10]]
[r10] vp_bank built: 30 layers x 1560 tokens (1 latent frame(s))
[ok] 0065_twist-dance: 81 frames
Moving DynamicSwap_WanTextEncoder to cuda:0 with preserved memory: 35.01711893081665 GB
[[0, 1, 2]] [[1]]
[r10] vp_bank built: 30 layers x 1560 tokens (1 latent frame(s))
[ok] 0066_deer: 69 frames
Moving DynamicSwap_WanTextEncoder to cuda:0 with preserved memory: 35.070677280426025 GB
[[1, 2, 3]] [[4, 5]]
[r10] vp_bank built: 30 layers x 1560 tokens (1 latent frame(s))
[ok] 0067_mbike-trick: 69 frames
Moving DynamicSwap_WanTextEncoder to cuda:0 with preserved memory: 35.072346210479736 GB
[[0, 1, 2, 3, 4]] [[1]]
[r10] vp_bank built: 30 layers x 1560 tokens (1 latent frame(s))
[ok] 0068_planes-water: 33 frames
Moving DynamicSwap_WanTextEncoder to cuda:0 with preserved memory: 35.23135232925415 GB
[[0, 1, 2]] [[0, 1, 2]]
[r10] vp_bank built: 30 layers x 1560 tokens (1 latent frame(s))
[ok] 0069_car-turn: 69 frames
Moving DynamicSwap_WanTextEncoder to cuda:0 with preserved memory: 35.06963014602661 GB
[[0, 1, 2, 3, 4, 5, 6, 7, 8]] [[0, 1, 2, 3, 4, 5, 6]]
[r10] vp_bank built: 30 layers x 1560 tokens (1 latent frame(s))
[ok] 0070_dance-twirl: 81 frames
Moving DynamicSwap_WanTextEncoder to cuda:0 with preserved memory: 35.01711893081665 GB
[[0, 1, 2, 3, 4]] [[1]]
[r10] vp_bank built: 30 layers x 1560 tokens (1 latent frame(s))
[ok] 0071_mallard-water: 69 frames
Moving DynamicSwap_WanTextEncoder to cuda:0 with preserved memory: 35.07267236709595 GB
[[0, 1, 2, 3]] [[0, 1, 2, 3, 4]]
[r10] vp_bank built: 30 layers x 1560 tokens (1 latent frame(s))
[ok] 0072_dog-agility: 21 frames
Moving DynamicSwap_WanTextEncoder to cuda:0 with preserved memory: 35.28386354446411 GB
[[1, 2, 3]] [[0, 1, 2, 3, 4, 5]]
[r10] vp_bank built: 30 layers x 1560 tokens (1 latent frame(s))
[ok] 0073_bmx-rider: 81 frames
Moving DynamicSwap_WanTextEncoder to cuda:0 with preserved memory: 35.016071796417236 GB
[[0, 1, 2, 3, 4]] [[2]]
[r10] vp_bank built: 30 layers x 1560 tokens (1 latent frame(s))
[ok] 0074_rhino: 81 frames
Moving DynamicSwap_WanTextEncoder to cuda:0 with preserved memory: 35.01616144180298 GB
[[0, 1]] [[0, 1, 2]]
[r10] vp_bank built: 30 layers x 1560 tokens (1 latent frame(s))
[ok] 0075_A_bicycle: 81 frames
Moving DynamicSwap_WanTextEncoder to cuda:0 with preserved memory: 35.01578950881958 GB
[[0, 1, 2]] [[0, 1, 2, 3, 4, 5]]
[r10] vp_bank built: 30 layers x 1560 tokens (1 latent frame(s))
[ok] 0076_A_rabbit: 81 frames
Moving DynamicSwap_WanTextEncoder to cuda:0 with preserved memory: 35.015766620635986 GB
[[0, 1, 2]] [[0, 1, 2, 3]]
[r10] vp_bank built: 30 layers x 1560 tokens (1 latent frame(s))
[ok] 0077_A_hawk: 81 frames
Moving DynamicSwap_WanTextEncoder to cuda:0 with preserved memory: 35.01578950881958 GB
[[0, 1]] [[1]]
[r10] vp_bank built: 30 layers x 1560 tokens (1 latent frame(s))
[ok] 0078_A_cat: 81 frames
Moving DynamicSwap_WanTextEncoder to cuda:0 with preserved memory: 35.015766620635986 GB
[[0, 1]] [[0, 1, 2, 3]]
[r10] vp_bank built: 30 layers x 1560 tokens (1 latent frame(s))
[ok] 0079_A_bus: 81 frames
Moving DynamicSwap_WanTextEncoder to cuda:0 with preserved memory: 35.01578950881958 GB
[[0, 1]] [[0, 1, 2]]
[r10] vp_bank built: 30 layers x 1560 tokens (1 latent frame(s))
[ok] 0080_A_motorcycle: 81 frames
Moving DynamicSwap_WanTextEncoder to cuda:0 with preserved memory: 35.015766620635986 GB
[[0, 1]] [[1]]
[r10] vp_bank built: 30 layers x 1560 tokens (1 latent frame(s))
[ok] 0081_A_horse: 81 frames
Moving DynamicSwap_WanTextEncoder to cuda:0 with preserved memory: 35.01578950881958 GB
[[0, 1]] [[0, 1, 2]]
[r10] vp_bank built: 30 layers x 1560 tokens (1 latent frame(s))
[ok] 0082_A_tram: 81 frames
Moving DynamicSwap_WanTextEncoder to cuda:0 with preserved memory: 35.015766620635986 GB
[[0, 1]] [[0, 1, 2, 3]]
[r10] vp_bank built: 30 layers x 1560 tokens (1 latent frame(s))
[ok] 0083_A_boat: 81 frames
Moving DynamicSwap_WanTextEncoder to cuda:0 with preserved memory: 35.01578950881958 GB
[[0, 1, 2]] [[0, 1, 2, 3, 4]]
[r10] vp_bank built: 30 layers x 1560 tokens (1 latent frame(s))
[ok] 0084_A_squirrel: 81 frames
Moving DynamicSwap_WanTextEncoder to cuda:0 with preserved memory: 35.015766620635986 GB
[[0, 1]] [[0, 1, 2]]
[r10] vp_bank built: 30 layers x 1560 tokens (1 latent frame(s))
[ok] 0085_A_tram: 81 frames
Moving DynamicSwap_WanTextEncoder to cuda:0 with preserved memory: 35.01578950881958 GB
[[0, 1, 2, 3]] [[0, 1, 2, 3, 4]]
[r10] vp_bank built: 30 layers x 1560 tokens (1 latent frame(s))
[ok] 0086_A_red_sports_car: 81 frames
Moving DynamicSwap_WanTextEncoder to cuda:0 with preserved memory: 35.015766620635986 GB
[[0, 1, 2]] [[1]]
[r10] vp_bank built: 30 layers x 1560 tokens (1 latent frame(s))
[ok] 0087_A_seagull: 81 frames
Moving DynamicSwap_WanTextEncoder to cuda:0 with preserved memory: 35.01578950881958 GB
[[0, 1, 2]] [[1, 2]]
[r10] vp_bank built: 30 layers x 1560 tokens (1 latent frame(s))
[ok] 0088_A_cyclist: 81 frames
Moving DynamicSwap_WanTextEncoder to cuda:0 with preserved memory: 35.015766620635986 GB
[[0, 1]] [[0, 1, 2]]
[r10] vp_bank built: 30 layers x 1560 tokens (1 latent frame(s))
[ok] 0089_A_dog: 81 frames
Moving DynamicSwap_WanTextEncoder to cuda:0 with preserved memory: 35.01578950881958 GB
[[0, 1, 2]] [[0, 1, 2, 3]]
[r10] vp_bank built: 30 layers x 1560 tokens (1 latent frame(s))
[ok] 0090_A_deer: 81 frames
Moving DynamicSwap_WanTextEncoder to cuda:0 with preserved memory: 35.015766620635986 GB
[[0, 1, 2]] [[0, 1, 2, 3, 4]]
[r10] vp_bank built: 30 layers x 1560 tokens (1 latent frame(s))
[ok] 0091_A_hawk: 81 frames
Moving DynamicSwap_WanTextEncoder to cuda:0 with preserved memory: 35.01578950881958 GB
[[0, 1, 2]] [[0, 1, 2, 3, 4]]
[r10] vp_bank built: 30 layers x 1560 tokens (1 latent frame(s))
[ok] 0092_A_fox: 81 frames
Moving DynamicSwap_WanTextEncoder to cuda:0 with preserved memory: 35.015766620635986 GB
[[0, 1, 2]] [[0, 1, 2, 3]]
[r10] vp_bank built: 30 layers x 1560 tokens (1 latent frame(s))
[ok] 0093_A_helicopter: 81 frames
Moving DynamicSwap_WanTextEncoder to cuda:0 with preserved memory: 35.016071796417236 GB
[[0, 1, 2]] [[1]]
[r10] vp_bank built: 30 layers x 1560 tokens (1 latent frame(s))
[ok] 0094_A_swan: 81 frames
Moving DynamicSwap_WanTextEncoder to cuda:0 with preserved memory: 35.016071796417236 GB
[[0, 1]] [[1, 2]]
[r10] vp_bank built: 30 layers x 1560 tokens (1 latent frame(s))
[ok] 0095_A_crow: 81 frames
Moving DynamicSwap_WanTextEncoder to cuda:0 with preserved memory: 35.016071796417236 GB
[[0, 1]] [[1, 2]]
[r10] vp_bank built: 30 layers x 1560 tokens (1 latent frame(s))
[ok] 0096_A_car: 81 frames
Moving DynamicSwap_WanTextEncoder to cuda:0 with preserved memory: 35.016071796417236 GB
[[0, 1]] [[0, 1, 2]]
[r10] vp_bank built: 30 layers x 1560 tokens (1 latent frame(s))
[ok] 0097_A_bird: 81 frames
Moving DynamicSwap_WanTextEncoder to cuda:0 with preserved memory: 35.016071796417236 GB
[[0, 1, 2]] [[1]]
[r10] vp_bank built: 30 layers x 1560 tokens (1 latent frame(s))
[ok] 0098_A_squirrel: 81 frames
Moving DynamicSwap_WanTextEncoder to cuda:0 with preserved memory: 35.016071796417236 GB
[[0, 1, 2]] [[1, 2]]
[r10] vp_bank built: 30 layers x 1560 tokens (1 latent frame(s))
[ok] 0099_A_jogger: 81 frames
Moving DynamicSwap_WanTextEncoder to cuda:0 with preserved memory: 35.016071796417236 GB
[[0, 1, 2]] [[1, 2, 3]]
[r10] vp_bank built: 30 layers x 1560 tokens (1 latent frame(s))
[ok] 0100_A_deer: 81 frames
[run_fivebench] done edit3: 100/100 ok -> /projects/dataggen/outputs/five_bench/r21_blend_full/cos_third_pvp/edit3/_manifest.csv
[r21_infer] --- cos_third_pvp / edit4 ---
Free VRAM 43.969970703125 GB
KV inference with 3 frames per block
[run_fivebench] edit_type=4 method=cos_third_pvp pairs=100 vp_mode=pvp blend_sched=cos_third out=/projects/dataggen/outputs/five_bench/r21_blend_full/cos_third_pvp/edit4
Moving DynamicSwap_WanTextEncoder to cuda:0 with preserved memory: 35.38994359970093 GB
[[0, 1, 2]] [[0, 1, 2, 3]]
[r10] vp_bank built: 30 layers x 1560 tokens (1 latent frame(s))
[ok] 0001_bus: 69 frames
Moving DynamicSwap_WanTextEncoder to cuda:0 with preserved memory: 35.06963014602661 GB
[[4, 5, 6]] [[4, 5, 6, 7]]
[r10] vp_bank built: 30 layers x 1560 tokens (1 latent frame(s))
[ok] 0002_girl-dog: 81 frames
Moving DynamicSwap_WanTextEncoder to cuda:0 with preserved memory: 35.01878786087036 GB
[[0, 1, 2, 3, 4]] [[0, 1, 2]]
[r10] vp_bank built: 30 layers x 1560 tokens (1 latent frame(s))
[ok] 0003_ocean-birds: 33 frames
Moving DynamicSwap_WanTextEncoder to cuda:0 with preserved memory: 35.23135232925415 GB
[[0, 1, 2, 3]] [[1]]
[r10] vp_bank built: 30 layers x 1560 tokens (1 latent frame(s))
[ok] 0004_car-roundabout: 69 frames
Moving DynamicSwap_WanTextEncoder to cuda:0 with preserved memory: 35.069347858428955 GB
[[1, 2, 3]] [[1, 2]]
[r10] vp_bank built: 30 layers x 1560 tokens (1 latent frame(s))
[ok] 0005_breakdance: 81 frames
Moving DynamicSwap_WanTextEncoder to cuda:0 with preserved memory: 35.01711893081665 GB
[[0, 1, 2, 3]] [[1]]
[r10] vp_bank built: 30 layers x 1560 tokens (1 latent frame(s))
[ok] 0006_paragliding: 69 frames
Moving DynamicSwap_WanTextEncoder to cuda:0 with preserved memory: 35.07109498977661 GB
[[0, 1]] [[0, 1, 2]]
[r10] vp_bank built: 30 layers x 1560 tokens (1 latent frame(s))
[ok] 0007_guitar-violin: 45 frames
Moving DynamicSwap_WanTextEncoder to cuda:0 with preserved memory: 35.17758226394653 GB
[[0, 1, 2]] [[0, 1, 2, 3]]
[r10] vp_bank built: 30 layers x 1560 tokens (1 latent frame(s))
[ok] 0008_snowboard-race: 69 frames
Moving DynamicSwap_WanTextEncoder to cuda:0 with preserved memory: 35.06956148147583 GB
[[0, 1, 2, 3]] [[2]]
[r10] vp_bank built: 30 layers x 1560 tokens (1 latent frame(s))
[ok] 0009_bear: 81 frames
Moving DynamicSwap_WanTextEncoder to cuda:0 with preserved memory: 35.014538288116455 GB
[[0, 1, 2]] [[1]]
[r10] vp_bank built: 30 layers x 1560 tokens (1 latent frame(s))
Moving DynamicSwap_WanTextEncoder to cuda:0 with preserved memory: 35.009838581085205 GB
[[0, 1, 2]] [[1]]
[r10] vp_bank built: 30 layers x 1560 tokens (1 latent frame(s))
[ok] 0010_giant-slalom: 117 frames
Moving DynamicSwap_WanTextEncoder to cuda:0 with preserved memory: 34.856443881988525 GB
[[0, 1, 2, 3, 4, 5]] [[0, 1, 2]]
[r10] vp_bank built: 30 layers x 1560 tokens (1 latent frame(s))
[ok] 0011_lucia: 69 frames
Moving DynamicSwap_WanTextEncoder to cuda:0 with preserved memory: 35.069347858428955 GB
[[0, 1, 2, 3]] [[1]]
[r10] vp_bank built: 30 layers x 1560 tokens (1 latent frame(s))
[ok] 0012_goat: 81 frames
Moving DynamicSwap_WanTextEncoder to cuda:0 with preserved memory: 35.01711893081665 GB
[[0, 1]] [[0, 1, 2]]
[r10] vp_bank built: 30 layers x 1560 tokens (1 latent frame(s))
[ok] 0013_golf: 69 frames
Moving DynamicSwap_WanTextEncoder to cuda:0 with preserved memory: 35.070677280426025 GB
[[0, 1, 2]] [[1, 2, 3]]
[r10] vp_bank built: 30 layers x 1560 tokens (1 latent frame(s))
[ok] 0014_burnout: 69 frames
Moving DynamicSwap_WanTextEncoder to cuda:0 with preserved memory: 35.072346210479736 GB
[[0, 1, 2]] [[2, 3]]
[r10] vp_bank built: 30 layers x 1560 tokens (1 latent frame(s))
[ok] 0015_car-shadow: 33 frames
Moving DynamicSwap_WanTextEncoder to cuda:0 with preserved memory: 35.231770038604736 GB
[[0, 1, 2, 3, 4]] [[0, 1, 2]]
[r10] vp_bank built: 30 layers x 1560 tokens (1 latent frame(s))
[ok] 0016_horsejump-high: 45 frames
Moving DynamicSwap_WanTextEncoder to cuda:0 with preserved memory: 35.17821168899536 GB
[[0, 1, 2]] [[1]]
[r10] vp_bank built: 30 layers x 1560 tokens (1 latent frame(s))
[ok] 0017_kid-football: 57 frames
Moving DynamicSwap_WanTextEncoder to cuda:0 with preserved memory: 35.1242356300354 GB
[[0, 1, 2, 3]] [[0, 1]]
[r10] vp_bank built: 30 layers x 1560 tokens (1 latent frame(s))
[ok] 0018_breakdance-flare: 69 frames
Moving DynamicSwap_WanTextEncoder to cuda:0 with preserved memory: 35.07067537307739 GB
[[0, 1, 2]] [[1, 2]]
[r10] vp_bank built: 30 layers x 1560 tokens (1 latent frame(s))
[ok] 0019_tennis-vest: 69 frames
Moving DynamicSwap_WanTextEncoder to cuda:0 with preserved memory: 35.06932497024536 GB
[[0, 1, 2, 3]] [[2, 3, 4, 5]]
[r10] vp_bank built: 30 layers x 1560 tokens (1 latent frame(s))
[ok] 0020_monkeys: 81 frames
Moving DynamicSwap_WanTextEncoder to cuda:0 with preserved memory: 35.01878786087036 GB
[[1, 2]] [[0, 1, 2, 3]]
[r10] vp_bank built: 30 layers x 1560 tokens (1 latent frame(s))
[ok] 0021_landing: 33 frames
Moving DynamicSwap_WanTextEncoder to cuda:0 with preserved memory: 35.231770038604736 GB
[[0, 1, 2]] [[1, 2]]
[r10] vp_bank built: 30 layers x 1560 tokens (1 latent frame(s))
[ok] 0022_skate-jump: 57 frames
Moving DynamicSwap_WanTextEncoder to cuda:0 with preserved memory: 35.1247935295105 GB
[[0, 1, 2]] [[1]]
[r10] vp_bank built: 30 layers x 1560 tokens (1 latent frame(s))
[ok] 0023_kayak-race: 57 frames
Moving DynamicSwap_WanTextEncoder to cuda:0 with preserved memory: 35.1242356300354 GB
[[0, 1, 2, 3, 4, 5]] [[4, 5, 6]]
[r10] vp_bank built: 30 layers x 1560 tokens (1 latent frame(s))
[ok] 0024_hockey: 69 frames
Moving DynamicSwap_WanTextEncoder to cuda:0 with preserved memory: 35.06932497024536 GB
[[1, 2]] [[1, 2]]
[r10] vp_bank built: 30 layers x 1560 tokens (1 latent frame(s))
[ok] 0025_baseball: 81 frames
Moving DynamicSwap_WanTextEncoder to cuda:0 with preserved memory: 35.01711702346802 GB
[[0, 1, 2, 3]] [[1]]
[r10] vp_bank built: 30 layers x 1560 tokens (1 latent frame(s))
[ok] 0026_table-tennis: 69 frames
Moving DynamicSwap_WanTextEncoder to cuda:0 with preserved memory: 35.07123517990112 GB
[[0, 1, 2]] [[2]]
[r10] vp_bank built: 30 layers x 1560 tokens (1 latent frame(s))
[ok] 0027_dance-jump: 57 frames
Moving DynamicSwap_WanTextEncoder to cuda:0 with preserved memory: 35.1242356300354 GB
[[0, 1]] [[0, 1, 2]]
[r10] vp_bank built: 30 layers x 1560 tokens (1 latent frame(s))
[ok] 0028_kite-walk: 69 frames
Moving DynamicSwap_WanTextEncoder to cuda:0 with preserved memory: 35.07109498977661 GB
[[0, 1, 2, 3, 4]] [[0, 1, 2]]
[r10] vp_bank built: 30 layers x 1560 tokens (1 latent frame(s))
[ok] 0029_horsejump-stick: 57 frames
Moving DynamicSwap_WanTextEncoder to cuda:0 with preserved memory: 35.124653339385986 GB
[[0, 1, 2]] [[0, 1, 2]]
[r10] vp_bank built: 30 layers x 1560 tokens (1 latent frame(s))
[ok] 0030_rallye: 45 frames
Moving DynamicSwap_WanTextEncoder to cuda:0 with preserved memory: 35.17890977859497 GB
[[0, 1, 2]] [[0, 1]]
[r10] vp_bank built: 30 layers x 1560 tokens (1 latent frame(s))
[ok] 0031_soccerball: 45 frames
Moving DynamicSwap_WanTextEncoder to cuda:0 with preserved memory: 35.177793979644775 GB
[[0, 1, 2, 3, 4, 5, 6, 7]] [[6]]
[r10] vp_bank built: 30 layers x 1560 tokens (1 latent frame(s))
[ok] 0032_mermaid: 69 frames
Moving DynamicSwap_WanTextEncoder to cuda:0 with preserved memory: 35.07123517990112 GB
[[0, 1, 2, 3, 4, 5]] [[3, 4, 5, 6]]
[r10] vp_bank built: 30 layers x 1560 tokens (1 latent frame(s))
[ok] 0033_horsejump-low: 57 frames
Moving DynamicSwap_WanTextEncoder to cuda:0 with preserved memory: 35.122883319854736 GB
[[0, 1, 2, 3, 4]] [[1, 2]]
[r10] vp_bank built: 30 layers x 1560 tokens (1 latent frame(s))
Moving DynamicSwap_WanTextEncoder to cuda:0 with preserved memory: 35.118183612823486 GB
[[0, 1, 2, 3, 4]] [[1, 2]]
[r10] vp_bank built: 30 layers x 1560 tokens (1 latent frame(s))
[ok] 0034_cows: 93 frames
Moving DynamicSwap_WanTextEncoder to cuda:0 with preserved memory: 34.96465730667114 GB
[[0, 1, 2]] [[0, 1, 2, 3]]
[r10] vp_bank built: 30 layers x 1560 tokens (1 latent frame(s))
[ok] 0035_helicopter: 45 frames
Moving DynamicSwap_WanTextEncoder to cuda:0 with preserved memory: 35.1768364906311 GB
[[0, 1, 2]] [[0, 1, 2, 3]]
[r10] vp_bank built: 30 layers x 1560 tokens (1 latent frame(s))
[ok] 0036_camel: 81 frames
Moving DynamicSwap_WanTextEncoder to cuda:0 with preserved memory: 35.018234729766846 GB
[[0, 1]] [[0, 1, 2, 3]]
[r10] vp_bank built: 30 layers x 1560 tokens (1 latent frame(s))
[ok] 0037_snowboard-sand: 45 frames
Moving DynamicSwap_WanTextEncoder to cuda:0 with preserved memory: 35.179462909698486 GB
[[0, 1, 2, 3, 4, 5, 6]] [[0, 1, 2, 3]]
[r10] vp_bank built: 30 layers x 1560 tokens (1 latent frame(s))
[ok] 0038_motorbike: 33 frames
Moving DynamicSwap_WanTextEncoder to cuda:0 with preserved memory: 35.230000019073486 GB
[[0, 1, 2, 3, 4]] [[1]]
[r10] vp_bank built: 30 layers x 1560 tokens (1 latent frame(s))
[ok] 0039_chamaleon: 81 frames
Moving DynamicSwap_WanTextEncoder to cuda:0 with preserved memory: 35.01662874221802 GB
[[0, 1, 2]] [[1, 2]]
[r10] vp_bank built: 30 layers x 1560 tokens (1 latent frame(s))
[ok] 0040_tennis: 69 frames
Moving DynamicSwap_WanTextEncoder to cuda:0 with preserved memory: 35.07179307937622 GB
[[0, 1]] [[0, 1, 2]]
[r10] vp_bank built: 30 layers x 1560 tokens (1 latent frame(s))
[ok] 0041_longboard: 45 frames
Moving DynamicSwap_WanTextEncoder to cuda:0 with preserved memory: 35.177793979644775 GB
[[0, 1]] [[0, 1, 2]]
[r10] vp_bank built: 30 layers x 1560 tokens (1 latent frame(s))
[ok] 0042_gym-ball: 69 frames
Moving DynamicSwap_WanTextEncoder to cuda:0 with preserved memory: 35.069347858428955 GB
[[0, 1]] [[1, 2]]
[r10] vp_bank built: 30 layers x 1560 tokens (1 latent frame(s))
Moving DynamicSwap_WanTextEncoder to cuda:0 with preserved memory: 35.064648151397705 GB
[[0, 1]] [[1, 2]]
[r10] vp_bank built: 30 layers x 1560 tokens (1 latent frame(s))
[ok] 0043_parkour: 93 frames
Moving DynamicSwap_WanTextEncoder to cuda:0 with preserved memory: 34.96397829055786 GB
[[0, 1, 2]] [[0, 1]]
[r10] vp_bank built: 30 layers x 1560 tokens (1 latent frame(s))
[ok] 0044_snowboard: 57 frames
Moving DynamicSwap_WanTextEncoder to cuda:0 with preserved memory: 35.1242356300354 GB
[[0, 1, 2, 3, 4]] [[2]]
[r10] vp_bank built: 30 layers x 1560 tokens (1 latent frame(s))
[ok] 0045_butterfly: 69 frames
Moving DynamicSwap_WanTextEncoder to cuda:0 with preserved memory: 35.07133150100708 GB
[[0, 1, 2, 3]] [[1, 2]]
[r10] vp_bank built: 30 layers x 1560 tokens (1 latent frame(s))
[ok] 0046_blackswan: 45 frames
Moving DynamicSwap_WanTextEncoder to cuda:0 with preserved memory: 35.179462909698486 GB
[[1, 2, 3, 4]] [[1]]
[r10] vp_bank built: 30 layers x 1560 tokens (1 latent frame(s))
[ok] 0047_judo: 33 frames
Moving DynamicSwap_WanTextEncoder to cuda:0 with preserved memory: 35.23135232925415 GB
[[0, 1, 2, 3, 4]] [[0, 1, 2]]
[r10] vp_bank built: 30 layers x 1560 tokens (1 latent frame(s))
[ok] 0048_hike: 69 frames
Moving DynamicSwap_WanTextEncoder to cuda:0 with preserved memory: 35.06971979141235 GB
[[0, 1, 2, 3]] [[1]]
[r10] vp_bank built: 30 layers x 1560 tokens (1 latent frame(s))
[ok] 0049_speed-skating: 81 frames
Moving DynamicSwap_WanTextEncoder to cuda:0 with preserved memory: 35.01767683029175 GB
[[0, 1]] [[0, 1, 2]]
[r10] vp_bank built: 30 layers x 1560 tokens (1 latent frame(s))
[ok] 0050_slackline: 57 frames
Moving DynamicSwap_WanTextEncoder to cuda:0 with preserved memory: 35.124653339385986 GB
[[8, 9]] [[9, 10]]
[r10] vp_bank built: 30 layers x 1560 tokens (1 latent frame(s))
[ok] 0051_dogs-jump: 57 frames
Moving DynamicSwap_WanTextEncoder to cuda:0 with preserved memory: 35.12367296218872 GB
[[0, 1, 2, 3, 4]] [[1]]
[r10] vp_bank built: 30 layers x 1560 tokens (1 latent frame(s))
[ok] 0052_mallard-fly: 69 frames
Moving DynamicSwap_WanTextEncoder to cuda:0 with preserved memory: 35.07074594497681 GB
[[0, 1]] [[0, 1, 2]]
[r10] vp_bank built: 30 layers x 1560 tokens (1 latent frame(s))
[ok] 0053_swing: 57 frames
Moving DynamicSwap_WanTextEncoder to cuda:0 with preserved memory: 35.1242356300354 GB
[[1, 2]] [[1]]
[r10] vp_bank built: 30 layers x 1560 tokens (1 latent frame(s))
[ok] 0054_train: 69 frames
Moving DynamicSwap_WanTextEncoder to cuda:0 with preserved memory: 35.070677280426025 GB
[[0, 1, 2, 3, 4]] [[3, 4]]
[r10] vp_bank built: 30 layers x 1560 tokens (1 latent frame(s))
[ok] 0055_pigs: 69 frames
Moving DynamicSwap_WanTextEncoder to cuda:0 with preserved memory: 35.06971979141235 GB
[[0, 1, 2, 3, 4]] [[0, 1, 2, 3, 4, 5]]
[r10] vp_bank built: 30 layers x 1560 tokens (1 latent frame(s))
[ok] 0056_kart-turn: 81 frames
Moving DynamicSwap_WanTextEncoder to cuda:0 with preserved memory: 35.01725435256958 GB
[[0, 1, 2, 3]] [[1, 2]]
[r10] vp_bank built: 30 layers x 1560 tokens (1 latent frame(s))
[ok] 0057_dog: 57 frames
Moving DynamicSwap_WanTextEncoder to cuda:0 with preserved memory: 35.1242356300354 GB
[[0, 1, 2, 3]] [[0, 1, 2]]
[r10] vp_bank built: 30 layers x 1560 tokens (1 latent frame(s))
[ok] 0058_boat: 69 frames
Moving DynamicSwap_WanTextEncoder to cuda:0 with preserved memory: 35.07109498977661 GB
[[0, 1, 2, 3]] [[1, 2]]
[r10] vp_bank built: 30 layers x 1560 tokens (1 latent frame(s))
[ok] 0059_drift-straight: 45 frames
Moving DynamicSwap_WanTextEncoder to cuda:0 with preserved memory: 35.17821168899536 GB
[[1, 2, 3]] [[1, 2]]
[r10] vp_bank built: 30 layers x 1560 tokens (1 latent frame(s))
[ok] 0060_motocross-bumps: 57 frames
Moving DynamicSwap_WanTextEncoder to cuda:0 with preserved memory: 35.1247935295105 GB
[[0, 1, 2, 3, 4, 5, 6, 7, 8]] [[0, 1, 2]]
[r10] vp_bank built: 30 layers x 1560 tokens (1 latent frame(s))
[ok] 0061_mbike-santa: 57 frames
Moving DynamicSwap_WanTextEncoder to cuda:0 with preserved memory: 35.1242356300354 GB
[[0, 1, 2]] [[0, 1, 2, 3]]
[r10] vp_bank built: 30 layers x 1560 tokens (1 latent frame(s))
[ok] 0062_elephant: 69 frames
Moving DynamicSwap_WanTextEncoder to cuda:0 with preserved memory: 35.07109498977661 GB
[[0, 1, 2]] [[1, 2, 3, 4]]
[r10] vp_bank built: 30 layers x 1560 tokens (1 latent frame(s))
[ok] 0063_drift-turn: 57 frames
Moving DynamicSwap_WanTextEncoder to cuda:0 with preserved memory: 35.12590456008911 GB
[[0, 1]] [[1, 2]]
[r10] vp_bank built: 30 layers x 1560 tokens (1 latent frame(s))
[ok] 0064_rollerblade: 33 frames
Moving DynamicSwap_WanTextEncoder to cuda:0 with preserved memory: 35.230000019073486 GB
[[0, 1, 2]] [[1, 2, 3, 4]]
[r10] vp_bank built: 30 layers x 1560 tokens (1 latent frame(s))
[ok] 0065_twist-dance: 81 frames
Moving DynamicSwap_WanTextEncoder to cuda:0 with preserved memory: 35.01711893081665 GB
[[0, 1, 2]] [[1]]
[r10] vp_bank built: 30 layers x 1560 tokens (1 latent frame(s))
[ok] 0066_deer: 69 frames
Moving DynamicSwap_WanTextEncoder to cuda:0 with preserved memory: 35.070677280426025 GB
[[1, 2, 3]] [[1, 2, 3, 4, 5]]
[r10] vp_bank built: 30 layers x 1560 tokens (1 latent frame(s))
[ok] 0067_mbike-trick: 69 frames
Moving DynamicSwap_WanTextEncoder to cuda:0 with preserved memory: 35.072346210479736 GB
[[0, 1, 2, 3, 4]] [[1]]
[r10] vp_bank built: 30 layers x 1560 tokens (1 latent frame(s))
[ok] 0068_planes-water: 33 frames
Moving DynamicSwap_WanTextEncoder to cuda:0 with preserved memory: 35.23135232925415 GB
[[0, 1, 2]] [[2, 3]]
[r10] vp_bank built: 30 layers x 1560 tokens (1 latent frame(s))
[ok] 0069_car-turn: 69 frames
Moving DynamicSwap_WanTextEncoder to cuda:0 with preserved memory: 35.06963014602661 GB
[[0, 1, 2]] [[0, 1, 2, 3, 4]]
[r10] vp_bank built: 30 layers x 1560 tokens (1 latent frame(s))
[ok] 0070_dance-twirl: 81 frames
Moving DynamicSwap_WanTextEncoder to cuda:0 with preserved memory: 35.01711893081665 GB
[[0, 1, 2, 3, 4]] [[1]]
[r10] vp_bank built: 30 layers x 1560 tokens (1 latent frame(s))
[ok] 0071_mallard-water: 69 frames
Moving DynamicSwap_WanTextEncoder to cuda:0 with preserved memory: 35.07267236709595 GB
[[0, 1, 2, 3]] [[1, 2]]
[r10] vp_bank built: 30 layers x 1560 tokens (1 latent frame(s))
[ok] 0072_dog-agility: 21 frames
Moving DynamicSwap_WanTextEncoder to cuda:0 with preserved memory: 35.283817768096924 GB
[[1, 2, 3]] [[0, 1, 2]]
[r10] vp_bank built: 30 layers x 1560 tokens (1 latent frame(s))
[ok] 0073_bmx-rider: 81 frames
Moving DynamicSwap_WanTextEncoder to cuda:0 with preserved memory: 35.01578950881958 GB
[[0, 1, 2, 3, 4]] [[1]]
[r10] vp_bank built: 30 layers x 1560 tokens (1 latent frame(s))
[ok] 0074_rhino: 81 frames
Moving DynamicSwap_WanTextEncoder to cuda:0 with preserved memory: 35.015766620635986 GB
[[0, 1]] [[0, 1]]
[r10] vp_bank built: 30 layers x 1560 tokens (1 latent frame(s))
[ok] 0075_A_bicycle: 81 frames
Moving DynamicSwap_WanTextEncoder to cuda:0 with preserved memory: 35.01616144180298 GB
[[0, 1, 2]] [[0, 1, 2, 3, 4]]
[r10] vp_bank built: 30 layers x 1560 tokens (1 latent frame(s))
[ok] 0076_A_rabbit: 81 frames
Moving DynamicSwap_WanTextEncoder to cuda:0 with preserved memory: 35.01578950881958 GB
[[0, 1, 2]] [[0, 1, 2, 3]]
[r10] vp_bank built: 30 layers x 1560 tokens (1 latent frame(s))
[ok] 0077_A_hawk: 81 frames
Moving DynamicSwap_WanTextEncoder to cuda:0 with preserved memory: 35.016239643096924 GB
[[0, 1]] [[0, 1, 2, 3, 4]]
[r10] vp_bank built: 30 layers x 1560 tokens (1 latent frame(s))
[ok] 0078_A_cat: 81 frames
Moving DynamicSwap_WanTextEncoder to cuda:0 with preserved memory: 35.016003131866455 GB
[[0, 1]] [[0, 1, 2]]
[r10] vp_bank built: 30 layers x 1560 tokens (1 latent frame(s))
[ok] 0079_A_bus: 81 frames
Moving DynamicSwap_WanTextEncoder to cuda:0 with preserved memory: 35.015766620635986 GB
[[0, 1]] [[1, 2]]
[r10] vp_bank built: 30 layers x 1560 tokens (1 latent frame(s))
[ok] 0080_A_motorcycle: 81 frames
Moving DynamicSwap_WanTextEncoder to cuda:0 with preserved memory: 35.015766620635986 GB
[[0, 1]] [[0, 1, 2]]
[r10] vp_bank built: 30 layers x 1560 tokens (1 latent frame(s))
[ok] 0081_A_horse: 81 frames
Moving DynamicSwap_WanTextEncoder to cuda:0 with preserved memory: 35.016071796417236 GB
[[0, 1]] [[0, 1]]
[r10] vp_bank built: 30 layers x 1560 tokens (1 latent frame(s))
[ok] 0082_A_tram: 81 frames
Moving DynamicSwap_WanTextEncoder to cuda:0 with preserved memory: 35.01616144180298 GB
[[0, 1]] [[0, 1, 2, 3]]
[r10] vp_bank built: 30 layers x 1560 tokens (1 latent frame(s))
[ok] 0083_A_boat: 81 frames
Moving DynamicSwap_WanTextEncoder to cuda:0 with preserved memory: 35.01578950881958 GB
[[0, 1, 2]] [[1, 2]]
[r10] vp_bank built: 30 layers x 1560 tokens (1 latent frame(s))
[ok] 0084_A_squirrel: 81 frames
Moving DynamicSwap_WanTextEncoder to cuda:0 with preserved memory: 35.015766620635986 GB
[[0, 1]] [[1]]
[r10] vp_bank built: 30 layers x 1560 tokens (1 latent frame(s))
[ok] 0085_A_tram: 81 frames
Moving DynamicSwap_WanTextEncoder to cuda:0 with preserved memory: 35.016071796417236 GB
[[0, 1, 2, 3]] [[0, 1, 2, 3, 4, 5]]
[r10] vp_bank built: 30 layers x 1560 tokens (1 latent frame(s))
[ok] 0086_A_red_sports_car: 81 frames
Moving DynamicSwap_WanTextEncoder to cuda:0 with preserved memory: 35.01578950881958 GB
[[0, 1, 2]] [[0, 1, 2, 3]]
[r10] vp_bank built: 30 layers x 1560 tokens (1 latent frame(s))
[ok] 0087_A_seagull: 81 frames
Moving DynamicSwap_WanTextEncoder to cuda:0 with preserved memory: 35.016071796417236 GB
[[0, 1, 2]] [[1, 2]]
[r10] vp_bank built: 30 layers x 1560 tokens (1 latent frame(s))
[ok] 0088_A_cyclist: 81 frames
Moving DynamicSwap_WanTextEncoder to cuda:0 with preserved memory: 35.01578950881958 GB
[[0, 1]] [[1, 2]]
[r10] vp_bank built: 30 layers x 1560 tokens (1 latent frame(s))
[ok] 0089_A_dog: 81 frames
Moving DynamicSwap_WanTextEncoder to cuda:0 with preserved memory: 35.015766620635986 GB
[[0, 1, 2]] [[1]]
[r10] vp_bank built: 30 layers x 1560 tokens (1 latent frame(s))
[ok] 0090_A_deer: 81 frames
Moving DynamicSwap_WanTextEncoder to cuda:0 with preserved memory: 35.016071796417236 GB
[[0, 1, 2]] [[0, 1, 2, 3]]
[r10] vp_bank built: 30 layers x 1560 tokens (1 latent frame(s))
[ok] 0091_A_hawk: 81 frames
Moving DynamicSwap_WanTextEncoder to cuda:0 with preserved memory: 35.015766620635986 GB
[[0, 1, 2]] [[0, 1, 2, 3, 4]]
[r10] vp_bank built: 30 layers x 1560 tokens (1 latent frame(s))
[ok] 0092_A_fox: 81 frames
Moving DynamicSwap_WanTextEncoder to cuda:0 with preserved memory: 35.016071796417236 GB
[[0, 1, 2]] [[0, 1]]
[r10] vp_bank built: 30 layers x 1560 tokens (1 latent frame(s))
[ok] 0093_A_helicopter: 81 frames
Moving DynamicSwap_WanTextEncoder to cuda:0 with preserved memory: 35.016071796417236 GB
[[0, 1, 2]] [[0, 1]]
[r10] vp_bank built: 30 layers x 1560 tokens (1 latent frame(s))
[ok] 0094_A_swan: 81 frames
Moving DynamicSwap_WanTextEncoder to cuda:0 with preserved memory: 35.01616144180298 GB
[[0, 1]] [[0, 1, 2]]
[r10] vp_bank built: 30 layers x 1560 tokens (1 latent frame(s))
[ok] 0095_A_crow: 81 frames
Moving DynamicSwap_WanTextEncoder to cuda:0 with preserved memory: 35.016071796417236 GB
[[0, 1]] [[1]]
[r10] vp_bank built: 30 layers x 1560 tokens (1 latent frame(s))
[ok] 0096_A_car: 81 frames
Moving DynamicSwap_WanTextEncoder to cuda:0 with preserved memory: 35.01616144180298 GB
[[0, 1]] [[1, 2, 3]]
[r10] vp_bank built: 30 layers x 1560 tokens (1 latent frame(s))
[ok] 0097_A_bird: 81 frames
Moving DynamicSwap_WanTextEncoder to cuda:0 with preserved memory: 35.016071796417236 GB
[[0, 1, 2]] [[0, 1, 2, 3, 4]]
[r10] vp_bank built: 30 layers x 1560 tokens (1 latent frame(s))
[ok] 0098_A_squirrel: 81 frames
Moving DynamicSwap_WanTextEncoder to cuda:0 with preserved memory: 35.016071796417236 GB
[[0, 1, 2]] [[0, 1, 2, 3]]
[r10] vp_bank built: 30 layers x 1560 tokens (1 latent frame(s))
[ok] 0099_A_jogger: 81 frames
Moving DynamicSwap_WanTextEncoder to cuda:0 with preserved memory: 35.016071796417236 GB
[[0, 1, 2]] [[0, 1, 2, 3]]
[r10] vp_bank built: 30 layers x 1560 tokens (1 latent frame(s))
[ok] 0100_A_deer: 81 frames
[run_fivebench] done edit4: 100/100 ok -> /projects/dataggen/outputs/five_bench/r21_blend_full/cos_third_pvp/edit4/_manifest.csv
[r21_infer] --- cos_third_pvp / edit5 ---
Free VRAM 43.969970703125 GB
KV inference with 3 frames per block
[run_fivebench] edit_type=5 method=cos_third_pvp pairs=9 vp_mode=pvp blend_sched=cos_third out=/projects/dataggen/outputs/five_bench/r21_blend_full/cos_third_pvp/edit5
Moving DynamicSwap_WanTextEncoder to cuda:0 with preserved memory: 35.39105939865112 GB
[[0, 1]] [[0, 1, 2, 3, 4]]
[r10] vp_bank built: 30 layers x 1560 tokens (1 latent frame(s))
[ok] 0007_guitar-violin: 45 frames
Moving DynamicSwap_WanTextEncoder to cuda:0 with preserved memory: 35.17644166946411 GB
[[0, 1, 2, 3]] [[0, 1, 2, 3, 4, 5, 6]]
[r10] vp_bank built: 30 layers x 1560 tokens (1 latent frame(s))
[ok] 0009_bear: 81 frames
Moving DynamicSwap_WanTextEncoder to cuda:0 with preserved memory: 35.01711893081665 GB
[[0, 1, 2, 3, 4, 5]] [[7, 8, 9, 10, 11]]
[r10] vp_bank built: 30 layers x 1560 tokens (1 latent frame(s))
[ok] 0011_lucia: 69 frames
Moving DynamicSwap_WanTextEncoder to cuda:0 with preserved memory: 35.07067537307739 GB
[[0, 1, 2]] [[12, 13, 14, 15, 16, 17]]
[r10] vp_bank built: 30 layers x 1560 tokens (1 latent frame(s))
[ok] 0019_tennis-vest: 69 frames
Moving DynamicSwap_WanTextEncoder to cuda:0 with preserved memory: 35.069347858428955 GB
[[0, 1, 2, 3, 4]] [[0, 1, 2, 3, 4, 5, 6, 7, 8, 9]]
[r10] vp_bank built: 30 layers x 1560 tokens (1 latent frame(s))
Moving DynamicSwap_WanTextEncoder to cuda:0 with preserved memory: 35.064648151397705 GB
[[0, 1, 2, 3, 4]] [[0, 1, 2, 3, 4, 5, 6, 7, 8, 9]]
[r10] vp_bank built: 30 layers x 1560 tokens (1 latent frame(s))
[ok] 0034_cows: 93 frames
Moving DynamicSwap_WanTextEncoder to cuda:0 with preserved memory: 34.96299982070923 GB
[[0, 1, 2]] [[0, 1, 2, 3, 4, 5, 6]]
[r10] vp_bank built: 30 layers x 1560 tokens (1 latent frame(s))
[ok] 0036_camel: 81 frames
Moving DynamicSwap_WanTextEncoder to cuda:0 with preserved memory: 35.017773151397705 GB
[[0, 1, 2, 3]] [[0, 1, 2, 3, 4, 5, 6, 7]]
[r10] vp_bank built: 30 layers x 1560 tokens (1 latent frame(s))
[ok] 0057_dog: 57 frames
Moving DynamicSwap_WanTextEncoder to cuda:0 with preserved memory: 35.1242356300354 GB
[[0, 1, 2]] [[4, 5, 6, 7, 8, 9, 10]]
[r10] vp_bank built: 30 layers x 1560 tokens (1 latent frame(s))
[ok] 0069_car-turn: 69 frames
Moving DynamicSwap_WanTextEncoder to cuda:0 with preserved memory: 35.06963014602661 GB
[[0, 1]] [[2, 3, 4]]
[r10] vp_bank built: 30 layers x 1560 tokens (1 latent frame(s))
[ok] 0089_A_dog: 81 frames
[run_fivebench] done edit5: 9/9 ok -> /projects/dataggen/outputs/five_bench/r21_blend_full/cos_third_pvp/edit5/_manifest.csv
[r21_infer] --- cos_third_pvp / edit6 ---
Free VRAM 43.969970703125 GB
KV inference with 3 frames per block
[run_fivebench] edit_type=6 method=cos_third_pvp pairs=10 vp_mode=pvp blend_sched=cos_third out=/projects/dataggen/outputs/five_bench/r21_blend_full/cos_third_pvp/edit6
Moving DynamicSwap_WanTextEncoder to cuda:0 with preserved memory: 35.388591289520264 GB
[[20, 21, 22, 23, 24, 25, 26, 27]] [[20, 21, 22, 23, 24, 25, 26, 27, 28]]
[r10] vp_bank built: 30 layers x 1560 tokens (1 latent frame(s))
[ok] 0002_girl-dog: 81 frames
Moving DynamicSwap_WanTextEncoder to cuda:0 with preserved memory: 35.019489765167236 GB
[[0, 1, 2]] [[23, 24, 25]]
[r10] vp_bank built: 30 layers x 1560 tokens (1 latent frame(s))
[ok] 0017_kid-football: 57 frames
Moving DynamicSwap_WanTextEncoder to cuda:0 with preserved memory: 35.12485933303833 GB
[[1, 2]] [[8, 9, 10, 11, 12]]
[r10] vp_bank built: 30 layers x 1560 tokens (1 latent frame(s))
[ok] 0025_baseball: 81 frames
Moving DynamicSwap_WanTextEncoder to cuda:0 with preserved memory: 35.018234729766846 GB
[[0, 1, 2, 3, 4, 5]] [[9]]
[r10] vp_bank built: 30 layers x 1560 tokens (1 latent frame(s))
[ok] 0041_longboard: 45 frames
Moving DynamicSwap_WanTextEncoder to cuda:0 with preserved memory: 35.177793979644775 GB
[[0, 1]] [[6, 7, 8, 9, 10]]
[r10] vp_bank built: 30 layers x 1560 tokens (1 latent frame(s))
[ok] 0042_gym-ball: 69 frames
Moving DynamicSwap_WanTextEncoder to cuda:0 with preserved memory: 35.070677280426025 GB
[[0, 1, 2, 3, 4]] [[4]]
[r10] vp_bank built: 30 layers x 1560 tokens (1 latent frame(s))
[ok] 0048_hike: 69 frames
Moving DynamicSwap_WanTextEncoder to cuda:0 with preserved memory: 35.07109498977661 GB
[[8, 9]] [[8, 9, 10]]
[r10] vp_bank built: 30 layers x 1560 tokens (1 latent frame(s))
[ok] 0051_dogs-jump: 57 frames
Moving DynamicSwap_WanTextEncoder to cuda:0 with preserved memory: 35.1242356300354 GB
[[0, 1, 2, 3, 4, 5, 6, 7, 8, 9, 10, 11]] [[0, 1, 2, 3, 4, 5, 6, 7, 8, 9, 10, 11, 12, 13, 14, 15]]
[r10] vp_bank built: 30 layers x 1560 tokens (1 latent frame(s))
[ok] 0055_pigs: 69 frames
Moving DynamicSwap_WanTextEncoder to cuda:0 with preserved memory: 35.06963014602661 GB
[[0, 1]] [[8, 9]]
[r10] vp_bank built: 30 layers x 1560 tokens (1 latent frame(s))
[ok] 0078_A_cat: 81 frames
Moving DynamicSwap_WanTextEncoder to cuda:0 with preserved memory: 35.01578950881958 GB
[[0, 1, 2]] [[6, 7]]
[r10] vp_bank built: 30 layers x 1560 tokens (1 latent frame(s))
[ok] 0088_A_cyclist: 81 frames
[run_fivebench] done edit6: 10/10 ok -> /projects/dataggen/outputs/five_bench/r21_blend_full/cos_third_pvp/edit6/_manifest.csv
[r21_infer] cos_third_pvp frame dirs (all edit types): 419
[r21_infer] failures: 0
