[srcfmt] === --src_frames video ===
Free VRAM 43.969970703125 GB
KV inference with 3 frames per block
[run_fivebench] edit_type=1 method=src_video pairs=3 vp_mode=novp blend_sched=paper(eq4) out=/projects/dataggen/outputs/five_bench/r21_srcfmt/src_video/edit1
Moving DynamicSwap_WanTextEncoder to cuda:0 with preserved memory: 35.39012956619263 GB
[[0, 1, 2]] [[0, 1, 2]]
[ok] 0001_bus: 69 frames
Moving DynamicSwap_WanTextEncoder to cuda:0 with preserved memory: 35.07185888290405 GB
[[22, 23, 24]] [[22, 23, 24, 25]]
[ok] 0002_girl-dog: 81 frames
Moving DynamicSwap_WanTextEncoder to cuda:0 with preserved memory: 35.01925802230835 GB
[[0, 1, 2, 3]] [[0, 1, 2, 3]]
[ok] 0004_car-roundabout: 69 frames
[run_fivebench] done edit1: 3/3 ok -> /projects/dataggen/outputs/five_bench/r21_srcfmt/src_video/edit1/_manifest.csv
[srcfmt] === --src_frames images ===
Free VRAM 43.969970703125 GB
KV inference with 3 frames per block
[run_fivebench] edit_type=1 method=src_images pairs=3 vp_mode=novp blend_sched=paper(eq4) out=/projects/dataggen/outputs/five_bench/r21_srcfmt/src_images/edit1
Moving DynamicSwap_WanTextEncoder to cuda:0 with preserved memory: 35.39012956619263 GB
[[0, 1, 2]] [[0, 1, 2]]
[ok] 0001_bus: 69 frames
Moving DynamicSwap_WanTextEncoder to cuda:0 with preserved memory: 35.07185888290405 GB
[[22, 23, 24]] [[22, 23, 24, 25]]
[ok] 0002_girl-dog: 81 frames
Moving DynamicSwap_WanTextEncoder to cuda:0 with preserved memory: 35.01925802230835 GB
[[0, 1, 2, 3]] [[0, 1, 2, 3]]
[ok] 0004_car-roundabout: 69 frames
[run_fivebench] done edit1: 3/3 ok -> /projects/dataggen/outputs/five_bench/r21_srcfmt/src_images/edit1/_manifest.csv
[srcfmt] --- control: arm A must be bit-identical to the stored baseline ---
  0001_bus: IDENTICAL to stored baseline
  0002_girl-dog: IDENTICAL to stored baseline
  0004_car-roundabout: IDENTICAL to stored baseline
[srcfmt] control: 3 identical / 0 differ  (expect 3/0)
[srcfmt] done
