[r22_dump] job=938004_0 arm=paper_novp
[r22_dump] vp_mode=novp sched=paper(eq4) steps=15
[r22_dump] edit_types=1 2 5 6 -> /projects/dataggen/outputs/five_bench/r22_step_dump/paper_novp
[r22_dump] --- paper_novp / edit1 ---
Free VRAM 43.969970703125 GB
KV inference with 3 frames per block
[r22_dump] edit_type=1 method=paper_novp pairs=1 vp_mode=novp steps=15 blend_sched=paper(eq4) out=/projects/dataggen/outputs/five_bench/r22_step_dump/paper_novp
Moving DynamicSwap_WanTextEncoder to cuda:0 with preserved memory: 35.39012956619263 GB
[[0, 1, 2]] [[0, 1, 2]]
[r22_dump] GATE1 PASS 0001_bus: step[14] == final latent (shape (15, 1, 18, 16, 60, 104))
[ok] 0001_bus: 15 steps x 69 frames
[r22_dump] done edit1: 1/1 ok -> /projects/dataggen/outputs/five_bench/r22_step_dump/paper_novp/_manifest_edit1.csv
[r22_dump] --- paper_novp / edit2 ---
Free VRAM 43.969970703125 GB
KV inference with 3 frames per block
[r22_dump] edit_type=2 method=paper_novp pairs=16 vp_mode=novp steps=15 blend_sched=paper(eq4) out=/projects/dataggen/outputs/five_bench/r22_step_dump/paper_novp
Moving DynamicSwap_WanTextEncoder to cuda:0 with preserved memory: 35.39012956619263 GB
[[0, 1, 2, 3, 4, 5]] [[0, 1, 2]]
[r22_dump] GATE1 PASS 0011_lucia: step[14] == final latent (shape (15, 1, 18, 16, 60, 104))
[ok] 0011_lucia: 15 steps x 69 frames
Moving DynamicSwap_WanTextEncoder to cuda:0 with preserved memory: 35.377429485321045 GB
[[0, 1, 2]] [[0, 1, 2]]
[r22_dump] GATE1 PASS 0014_burnout: step[14] == final latent (shape (15, 1, 18, 16, 60, 104))
[ok] 0014_burnout: 15 steps x 69 frames
Moving DynamicSwap_WanTextEncoder to cuda:0 with preserved memory: 35.37854528427124 GB
[[0, 1, 2, 3, 4]] [[0, 1, 2, 3]]
[r22_dump] GATE1 PASS 0016_horsejump-high: step[14] == final latent (shape (15, 1, 12, 16, 60, 104))
[ok] 0016_horsejump-high: 15 steps x 45 frames
Moving DynamicSwap_WanTextEncoder to cuda:0 with preserved memory: 35.37854528427124 GB
[[0, 1]] [[1, 2]]
[r22_dump] GATE1 PASS 0028_kite-walk: step[14] == final latent (shape (15, 1, 18, 16, 60, 104))
[ok] 0028_kite-walk: 15 steps x 69 frames
Moving DynamicSwap_WanTextEncoder to cuda:0 with preserved memory: 35.37412405014038 GB
[[0, 1, 2, 3, 4]] [[0, 1]]
Moving DynamicSwap_WanTextEncoder to cuda:0 with preserved memory: 35.31083059310913 GB
[[0, 1, 2, 3, 4]] [[0, 1]]
[r22_dump] GATE1 PASS 0034_cows: step[14] == final latent (shape (15, 1, 24, 16, 60, 104))
[ok] 0034_cows: 15 steps x 93 frames
Moving DynamicSwap_WanTextEncoder to cuda:0 with preserved memory: 35.37412405014038 GB
[[0, 1, 2]] [[0, 1]]
[r22_dump] GATE1 PASS 0040_tennis: step[14] == final latent (shape (15, 1, 18, 16, 60, 104))
[ok] 0040_tennis: 15 steps x 69 frames
Moving DynamicSwap_WanTextEncoder to cuda:0 with preserved memory: 35.375476360321045 GB
[[0, 1, 2, 3, 4]] [[3]]
[r22_dump] GATE1 PASS 0045_butterfly: step[14] == final latent (shape (15, 1, 18, 16, 60, 104))
[ok] 0045_butterfly: 15 steps x 69 frames
Moving DynamicSwap_WanTextEncoder to cuda:0 with preserved memory: 35.37603425979614 GB
[[0, 1, 2, 3]] [[0, 1, 2]]
[r22_dump] GATE1 PASS 0057_dog: step[14] == final latent (shape (15, 1, 15, 16, 60, 104))
[ok] 0057_dog: 15 steps x 57 frames
Moving DynamicSwap_WanTextEncoder to cuda:0 with preserved memory: 35.37747144699097 GB
[[0, 1, 2, 3, 4]] [[0, 1, 2, 3]]
[r22_dump] GATE1 PASS 0068_planes-water: step[14] == final latent (shape (15, 1, 9, 16, 60, 104))
[ok] 0068_planes-water: 15 steps x 33 frames
Moving DynamicSwap_WanTextEncoder to cuda:0 with preserved memory: 35.37875318527222 GB
[[0, 1, 2, 3]] [[0, 1, 2]]
[r22_dump] GATE1 PASS 0072_dog-agility: step[14] == final latent (shape (15, 1, 6, 16, 60, 104))
[ok] 0072_dog-agility: 15 steps x 21 frames
Moving DynamicSwap_WanTextEncoder to cuda:0 with preserved memory: 35.37640142440796 GB
[[0, 1, 2, 3, 4]] [[0, 1, 2, 3]]
[r22_dump] GATE1 PASS 0074_rhino: step[14] == final latent (shape (15, 1, 21, 16, 60, 104))
[ok] 0074_rhino: 15 steps x 81 frames
Moving DynamicSwap_WanTextEncoder to cuda:0 with preserved memory: 35.37277173995972 GB
[[0, 1]] [[0, 1]]
[r22_dump] GATE1 PASS 0075_A_bicycle: step[14] == final latent (shape (15, 1, 21, 16, 60, 104))
[ok] 0075_A_bicycle: 15 steps x 81 frames
Moving DynamicSwap_WanTextEncoder to cuda:0 with preserved memory: 35.37316656112671 GB
[[0, 1, 2]] [[0, 1]]
[r22_dump] GATE1 PASS 0076_A_rabbit: step[14] == final latent (shape (15, 1, 21, 16, 60, 104))
[ok] 0076_A_rabbit: 15 steps x 81 frames
Moving DynamicSwap_WanTextEncoder to cuda:0 with preserved memory: 35.37277173995972 GB
[[0, 1]] [[0, 1, 2, 3]]
[r22_dump] GATE1 PASS 0079_A_bus: step[14] == final latent (shape (15, 1, 21, 16, 60, 104))
[ok] 0079_A_bus: 15 steps x 81 frames
Moving DynamicSwap_WanTextEncoder to cuda:0 with preserved memory: 35.37316656112671 GB
[[0, 1, 2]] [[0, 1, 2]]
[r22_dump] GATE1 PASS 0090_A_deer: step[14] == final latent (shape (15, 1, 21, 16, 60, 104))
[ok] 0090_A_deer: 15 steps x 81 frames
Moving DynamicSwap_WanTextEncoder to cuda:0 with preserved memory: 35.37277173995972 GB
[[0, 1, 2]] [[0, 1, 2, 3, 4]]
[r22_dump] GATE1 PASS 0091_A_hawk: step[14] == final latent (shape (15, 1, 21, 16, 60, 104))
[ok] 0091_A_hawk: 15 steps x 81 frames
[r22_dump] done edit2: 16/16 ok -> /projects/dataggen/outputs/five_bench/r22_step_dump/paper_novp/_manifest_edit2.csv
[r22_dump] --- paper_novp / edit5 ---
Free VRAM 43.969970703125 GB
KV inference with 3 frames per block
[r22_dump] edit_type=5 method=paper_novp pairs=3 vp_mode=novp steps=15 blend_sched=paper(eq4) out=/projects/dataggen/outputs/five_bench/r22_step_dump/paper_novp
Moving DynamicSwap_WanTextEncoder to cuda:0 with preserved memory: 35.39124536514282 GB
[[0, 1]] [[0, 1, 2, 3, 4]]
[r22_dump] GATE1 PASS 0007_guitar-violin: step[14] == final latent (shape (15, 1, 12, 16, 60, 104))
[ok] 0007_guitar-violin: 15 steps x 45 frames
Moving DynamicSwap_WanTextEncoder to cuda:0 with preserved memory: 35.37854528427124 GB
[[0, 1, 2, 3, 4, 5]] [[7, 8, 9, 10, 11]]
[r22_dump] GATE1 PASS 0011_lucia: step[14] == final latent (shape (15, 1, 18, 16, 60, 104))
[ok] 0011_lucia: 15 steps x 69 frames
Moving DynamicSwap_WanTextEncoder to cuda:0 with preserved memory: 35.377429485321045 GB
[[0, 1, 2]] [[4, 5, 6, 7, 8, 9, 10]]
[r22_dump] GATE1 PASS 0069_car-turn: step[14] == final latent (shape (15, 1, 18, 16, 60, 104))
[ok] 0069_car-turn: 15 steps x 69 frames
[r22_dump] done edit5: 3/3 ok -> /projects/dataggen/outputs/five_bench/r22_step_dump/paper_novp/_manifest_edit5.csv
[r22_dump] --- paper_novp / edit6 ---
Free VRAM 43.969970703125 GB
KV inference with 3 frames per block
[r22_dump] edit_type=6 method=paper_novp pairs=2 vp_mode=novp steps=15 blend_sched=paper(eq4) out=/projects/dataggen/outputs/five_bench/r22_step_dump/paper_novp
Moving DynamicSwap_WanTextEncoder to cuda:0 with preserved memory: 35.38877725601196 GB
[[20, 21, 22, 23, 24, 25, 26, 27]] [[20, 21, 22, 23, 24, 25, 26, 27, 28]]
[r22_dump] GATE1 PASS 0002_girl-dog: step[14] == final latent (shape (15, 1, 21, 16, 60, 104))
[ok] 0002_girl-dog: 15 steps x 81 frames
Moving DynamicSwap_WanTextEncoder to cuda:0 with preserved memory: 35.37412405014038 GB
[[0, 1]] [[6, 7, 8, 9, 10]]
[r22_dump] GATE1 PASS 0042_gym-ball: step[14] == final latent (shape (15, 1, 18, 16, 60, 104))
[ok] 0042_gym-ball: 15 steps x 69 frames
[r22_dump] done edit6: 2/2 ok -> /projects/dataggen/outputs/five_bench/r22_step_dump/paper_novp/_manifest_edit6.csv
[r22_dump] arm=paper_novp frame dirs: 330 (expect 330 = 22 clips x 15 steps)
[r22_dump] GATE1 lines: 22 (expect 22)
[r22_dump] failures: 0
