[r25_infer] node=node39 CUDA_VISIBLE_DEVICES=0
[r25_infer] SLURM_JOB_GPUS=3 LD_LIBRARY_PATH=/home/ids/skhairi/anaconda3/envs/streamgve/lib:/home/ids/skhairi/anaconda3/envs/streamgve/lib64:
GPU 0: NVIDIA L40S (UUID: GPU-25914df1-99ab-e6a7-5f87-359345c089bf)
[r25_infer] torch 2.8.0+cu128 cuda_ok True n 1
[r25_infer] job=960704_4 edit_type=5 method=r25_adaptive_vp
[r25_infer] tau_map=/home/ids/skhairi/Code/StreamEdit_bigchantier/evaluation/csv/r25_tau_map.csv cases=/home/ids/skhairi/Code/StreamEdit_bigchantier/evaluation/cases.json expect 3 clip(s)
Free VRAM 43.969970703125 GB
KV inference with 3 frames per block
[run_fivebench] tau_map: 22 pairs loaded, 3 needed for edit5
[run_fivebench] edit_type=5 method=r25_adaptive_vp pairs=3 vp_mode=vp blend_sched=paper(eq4) out=/projects/dataggen/outputs/five_bench/r25_adaptive_tau/r25_adaptive_vp/edit5
Moving DynamicSwap_WanTextEncoder to cuda:0 with preserved memory: 35.390873432159424 GB
[[0, 1]] [[0, 1, 2, 3, 4]]
[ok] 0007_guitar-violin: 45 frames  tau=2.0
Moving DynamicSwap_WanTextEncoder to cuda:0 with preserved memory: 35.179561138153076 GB
[[0, 1, 2, 3, 4, 5]] [[7, 8, 9, 10, 11]]
[ok] 0011_lucia: 69 frames  tau=5.475
Moving DynamicSwap_WanTextEncoder to cuda:0 with preserved memory: 35.072444438934326 GB
[[0, 1, 2]] [[4, 5, 6, 7, 8, 9, 10]]
[ok] 0069_car-turn: 69 frames  tau=6.909
[run_fivebench] done edit5: 3/3 ok -> /projects/dataggen/outputs/five_bench/r25_adaptive_tau/r25_adaptive_vp/edit5/_manifest.csv
[r25_infer] edit5 frame dirs: 3 (expected 3)
[r25_infer] failures: 0
