[r25_infer] node=node39 CUDA_VISIBLE_DEVICES=0
[r25_infer] SLURM_JOB_GPUS=3 LD_LIBRARY_PATH=/home/ids/skhairi/anaconda3/envs/streamgve/lib:/home/ids/skhairi/anaconda3/envs/streamgve/lib64:
GPU 0: NVIDIA L40S (UUID: GPU-25914df1-99ab-e6a7-5f87-359345c089bf)
[r25_infer] torch 2.8.0+cu128 cuda_ok True n 1
[r25_infer] job=960704_3 edit_type=4 method=r25_adaptive_vp
[r25_infer] tau_map=/home/ids/skhairi/Code/StreamEdit_bigchantier/evaluation/csv/r25_tau_map.csv cases=/home/ids/skhairi/Code/StreamEdit_bigchantier/evaluation/cases.json expect 2 clip(s)
Free VRAM 43.969970703125 GB
KV inference with 3 frames per block
[run_fivebench] tau_map: 22 pairs loaded, 2 needed for edit4
[run_fivebench] edit_type=4 method=r25_adaptive_vp pairs=2 vp_mode=vp blend_sched=paper(eq4) out=/projects/dataggen/outputs/five_bench/r25_adaptive_tau/r25_adaptive_vp/edit4
Moving DynamicSwap_WanTextEncoder to cuda:0 with preserved memory: 35.38975763320923 GB
[[0, 1]] [[0, 1, 2]]
[ok] 0028_kite-walk: 69 frames  tau=5.6406
Moving DynamicSwap_WanTextEncoder to cuda:0 with preserved memory: 35.069533824920654 GB
[[0, 1]] [[1, 2]]
Moving DynamicSwap_WanTextEncoder to cuda:0 with preserved memory: 35.06600046157837 GB
[[0, 1]] [[1, 2]]
[ok] 0089_A_dog: 81 frames  tau=4.4526
[run_fivebench] done edit4: 2/2 ok -> /projects/dataggen/outputs/five_bench/r25_adaptive_tau/r25_adaptive_vp/edit4/_manifest.csv
[r25_infer] edit4 frame dirs: 2 (expected 2)
[r25_infer] failures: 0
