[r25_reinfer] START arm=adaptive edit_type=1 expect=1 2026-09-01T11:55:59+02:00
[r25_reinfer] OK   arm=adaptive edit1 dirs=1 elapsed=113s
[r25_reinfer] START arm=adaptive edit_type=2 expect=13 2026-09-01T11:57:52+02:00
[r25_reinfer] OK   arm=adaptive edit2 dirs=13 elapsed=1121s
[r25_reinfer] START arm=adaptive edit_type=3 expect=2 2026-09-01T12:16:33+02:00
[r25_reinfer] OK   arm=adaptive edit3 dirs=2 elapsed=197s
[r25_reinfer] START arm=adaptive edit_type=4 expect=2 2026-09-01T12:19:50+02:00
[r25_reinfer] OK   arm=adaptive edit4 dirs=2 elapsed=207s
[r25_reinfer] START arm=adaptive edit_type=5 expect=3 2026-09-01T12:23:17+02:00
[r25_reinfer] OK   arm=adaptive edit5 dirs=3 elapsed=248s
[r25_reinfer] START arm=adaptive edit_type=6 expect=1 2026-09-01T12:27:25+02:00
[r25_reinfer] OK   arm=adaptive edit6 dirs=1 elapsed=114s
[r25_reinfer] START arm=reversed edit_type=1 expect=1 2026-09-01T12:29:19+02:00
[r25_reinfer] OK   arm=reversed edit1 dirs=1 elapsed=106s
[r25_reinfer] START arm=reversed edit_type=2 expect=13 2026-09-01T12:31:05+02:00
[r25_reinfer] OK   arm=reversed edit2 dirs=13 elapsed=1120s
[r25_reinfer] START arm=reversed edit_type=3 expect=2 2026-09-01T12:49:45+02:00
[r25_reinfer] OK   arm=reversed edit3 dirs=2 elapsed=182s
[r25_reinfer] START arm=reversed edit_type=4 expect=2 2026-09-01T12:52:47+02:00
[r25_reinfer] OK   arm=reversed edit4 dirs=2 elapsed=223s
[r25_reinfer] START arm=reversed edit_type=5 expect=3 2026-09-01T12:56:30+02:00
[r25_reinfer] OK   arm=reversed edit5 dirs=3 elapsed=246s
[r25_reinfer] START arm=reversed edit_type=6 expect=1 2026-09-01T13:00:36+02:00
[r25_reinfer] OK   arm=reversed edit6 dirs=1 elapsed=114s
[r25_reinfer] START arm=constant edit_type=1 expect=1 2026-09-01T13:02:30+02:00
[r25_reinfer] OK   arm=constant edit1 dirs=1 elapsed=112s
[r25_reinfer] START arm=constant edit_type=2 expect=13 2026-09-01T13:04:22+02:00
[r25_reinfer] OK   arm=constant edit2 dirs=13 elapsed=1124s
[r25_reinfer] START arm=constant edit_type=3 expect=2 2026-09-01T13:23:06+02:00
[r25_reinfer] OK   arm=constant edit3 dirs=2 elapsed=180s
[r25_reinfer] START arm=constant edit_type=4 expect=2 2026-09-01T13:26:06+02:00
[r25_reinfer] OK   arm=constant edit4 dirs=2 elapsed=219s
[r25_reinfer] START arm=constant edit_type=5 expect=3 2026-09-01T13:29:45+02:00
[r25_reinfer] OK   arm=constant edit5 dirs=3 elapsed=237s
[r25_reinfer] START arm=constant edit_type=6 expect=1 2026-09-01T13:33:42+02:00
[r25_reinfer] OK   arm=constant edit6 dirs=1 elapsed=108s
[r25_reinfer] DONE total_failures=0 2026-09-01T13:35:30+02:00
