=== R25 step 3: IoU -> tau (budget_linear) ===
iou_csv     evaluation/csv/r25_iou.csv (22 cases)
IoU range   [0.0000, 0.9077]  span 0.9077
assign      constant
tau range   [2.0, 20.0]  (Eq.4 baseline blend_power = 2.0)
schedule    --step 15, --flow_shift 1.0
budget      A(2) = 4.5062   A(20) = 0.3200

video_name               type      iou      tau  vs Eq.4
0042_gym-ball               6   0.0000   7.5745  +5.57
0011_lucia                  5   0.0228   7.5745  +5.57
0069_car-turn               5   0.0263   7.5745  +5.57
0075_A_bicycle              2   0.0652   7.5745  +5.57
0091_A_hawk                 2   0.1065   7.5745  +5.57
0007_guitar-violin          5   0.1184   7.5745  +5.57
0011_lucia                  2   0.2117   7.5745  +5.57
0090_A_deer                 2   0.2274   7.5745  +5.57
0040_tennis                 2   0.2310   7.5745  +5.57
0068_planes-water           2   0.2551   7.5745  +5.57
0016_horsejump-high         2   0.2812   7.5745  +5.57
0028_kite-walk              2   0.2861   7.5745  +5.57
0014_burnout                2   0.3329   7.5745  +5.57
0034_cows                   2   0.3577   7.5745  +5.57
0074_rhino                  2   0.4190   7.5745  +5.57
0076_A_rabbit               2   0.4575   7.5745  +5.57
0001_bus                    1   0.4618   7.5745  +5.57
0057_dog                    2   0.5175   7.5745  +5.57
0028_kite-walk              4   0.5217   7.5745  +5.57
0089_A_dog                  4   0.6639   7.5745  +5.57
0058_boat                   3   0.8589   7.5745  +5.57
0017_kid-football           3   0.9077   7.5745  +5.57

realized tau spread: [7.5745, 7.5745]  span 0.0000
cases routed FASTER than Eq.4 (tau > 2.0): 22/22

wrote evaluation/csv/r25_tau_map_constant.csv  (22 rows)
wrote evaluation/csv/r25_tau_map_constant.meta.json
