/bin/bash: /home/ids/skhairi/anaconda3/envs/streamgve/lib/libtinfo.so.6: no version information available (required by /bin/bash)
Traceback (most recent call last):
  File "/home/ids/skhairi/Code/StreamEdit_bigchantier/evaluation/run_fivebench.py", line 446, in <module>
    main()
  File "/home/ids/skhairi/Code/StreamEdit_bigchantier/evaluation/run_fivebench.py", line 215, in main
    from inference_edit_streamedit import load_pipe, find_closest_num_frame, read_json
  File "/home/ids/skhairi/Code/StreamEdit_bigchantier/Self-Forcing_StreamEdit/inference_edit_streamedit.py", line 16, in <module>
    from pipeline import (
  File "/home/ids/skhairi/Code/StreamEdit_bigchantier/Self-Forcing_StreamEdit/pipeline/__init__.py", line 1, in <module>
    from .bidirectional_diffusion_inference import BidirectionalDiffusionInferencePipeline
  File "/home/ids/skhairi/Code/StreamEdit_bigchantier/Self-Forcing_StreamEdit/pipeline/bidirectional_diffusion_inference.py", line 5, in <module>
    from wan.utils.fm_solvers import FlowDPMSolverMultistepScheduler, get_sampling_sigmas, retrieve_timesteps
  File "/home/ids/skhairi/Code/StreamEdit_bigchantier/Self-Forcing_StreamEdit/wan/__init__.py", line 1, in <module>
    from . import configs, distributed, modules
  File "/home/ids/skhairi/Code/StreamEdit_bigchantier/Self-Forcing_StreamEdit/wan/modules/__init__.py", line 3, in <module>
    from .t5 import T5Decoder, T5Encoder, T5EncoderModel, T5Model
  File "/home/ids/skhairi/Code/StreamEdit_bigchantier/Self-Forcing_StreamEdit/wan/modules/t5.py", line 522, in <module>
    class T5EncoderModel:
  File "/home/ids/skhairi/Code/StreamEdit_bigchantier/Self-Forcing_StreamEdit/wan/modules/t5.py", line 528, in T5EncoderModel
    device=torch.cuda.current_device(),
           ^^^^^^^^^^^^^^^^^^^^^^^^^^^
  File "/home/ids/skhairi/anaconda3/envs/streamgve/lib/python3.12/site-packages/torch/cuda/__init__.py", line 1071, in current_device
    _lazy_init()
  File "/home/ids/skhairi/anaconda3/envs/streamgve/lib/python3.12/site-packages/torch/cuda/__init__.py", line 412, in _lazy_init
    torch._C._cuda_init()
RuntimeError: CUDA unknown error - this may be due to an incorrectly set up environment, e.g. changing env variable CUDA_VISIBLE_DEVICES after program start. Setting the available devices to be zero.
