=== R25 step 1: single-phrase-per-side IoU ===
cases       evaluation/cases.json (22 cases)
data_root   /home/ids/skhairi/Data/FiVE-Fine-Grained-Video-Editing-Benchmark
anchor_root /projects/dataggen/outputs/five_bench/anchors
gdino       IDEA-Research/grounding-dino-base
sam2        facebook/sam2-hiera-large
box_thr     0.35   device cuda   seed 0
viz_dir     evaluation/figures/r25_iou_panels
M_edit      types 1-5: m(trg, anchor) | type 6: empty
torch 2.8.0+cu128  cuda 12.8
[ok] 0001_bus               type 1 iou 0.461752  iou_gt_src 0.994905  src 0.9306 trg 0.9458
[ok] 0028_kite-walk         type 2 iou 0.286122  iou_gt_src 0.976636  src 0.908 trg 0.4109
[ok] 0040_tennis            type 2 iou 0.231006  iou_gt_src 0.939396  src 0.9361 trg 0.948
[ok] 0057_dog               type 2 iou 0.517504  iou_gt_src 0.975521  src 0.9275 trg 0.9278
[ok] 0011_lucia_e2          type 2 iou 0.211731  iou_gt_src 0.946086  src 0.8565 trg 0.8978
[ok] 0014_burnout           type 2 iou 0.332926  iou_gt_src 0.985722  src 0.968 trg 0.7608
[ok] 0016_horsejump-high    type 2 iou 0.281169  iou_gt_src 0.72589  src 0.7481 trg 0.9445
[ok] 0068_planes-water      type 2 iou 0.255124  iou_gt_src 0.929586  src 0.5955 trg 0.9233
[ok] 0074_rhino             type 2 iou 0.419019  iou_gt_src 0.973997  src 0.9582 trg 0.9386
[ok] 0075_A_bicycle         type 2 iou 0.065163  iou_gt_src 0.897994  src 0.9533 trg 0.9452
[ok] 0076_A_rabbit          type 2 iou 0.457481  iou_gt_src 0.985717  src 0.88 trg 0.8629
[ok] 0090_A_deer            type 2 iou 0.227388  iou_gt_src 0.984583  src 0.9718 trg 0.9393
[ok] 0091_A_hawk            type 2 iou 0.106484  iou_gt_src 0.963822  src 0.9565 trg 0.9388
[ok] 0007_guitar-violin     type 5 iou 0.11843  iou_gt_src 0.990088  src 0.6957 trg 0.6243
[ok] 0069_car-turn          type 5 iou 0.026331  iou_gt_src 0.983799  src 0.9517 trg 0.8801
[ok] 0011_lucia_e5          type 5 iou 0.022773  iou_gt_src 0.946086  src 0.8565 trg 0.9145
[ok] 0042_gym-ball          type 6 iou 0.0  iou_gt_src 6.2e-05  src 0.5726 trg 0.0  TYPE6-EMPTY-BY-CONSTRUCTION
[ok] 0034_cows              type 2 iou 0.35772  iou_gt_src 0.969924  src 0.9263 trg 0.929
[ok] 0017_kid-football      type 3 iou 0.907656  iou_gt_src 0.176822  src 0.7461 trg 0.7761
[ok] 0058_boat              type 3 iou 0.85887  iou_gt_src 0.948998  src 0.9174 trg 0.4479
[ok] 0089_A_dog             type 4 iou 0.663889  iou_gt_src 0.99397  src 0.7909 trg 0.8865
[ok] 0028_kite-walk_e4      type 4 iou 0.521712  iou_gt_src 0.976636  src 0.908 trg 0.556

wrote evaluation/csv/r25_iou.csv  (22 rows)
wrote 22 audit panels to evaluation/figures/r25_iou_panels
IoU range over 22 measured cases: [0.000, 0.908]
failures: 0
