[r25_infer] node=node50 CUDA_VISIBLE_DEVICES=0
[r25_infer] SLURM_JOB_GPUS=2 LD_LIBRARY_PATH=/home/ids/skhairi/anaconda3/envs/streamgve/lib:/home/ids/skhairi/anaconda3/envs/streamgve/lib64:
GPU 0: NVIDIA L40S (UUID: GPU-4ad72a50-6fd4-8e56-c533-3f2f8af50f6f)
[r25_infer] torch 2.8.0+cu128 cuda_ok True n 1
[r25_infer] job=962629_4 edit_type=5 arm=constant method=r25_constant_vp
[r25_infer] tau_map=/home/ids/skhairi/Code/StreamEdit_bigchantier/evaluation/csv/r25_tau_map_constant.csv cases=/home/ids/skhairi/Code/StreamEdit_bigchantier/evaluation/cases.json expect 3 clip(s)
Free VRAM 43.96807861328125 GB
KV inference with 3 frames per block
[run_fivebench] tau_map: 22 pairs loaded, 3 needed for edit5
[run_fivebench] edit_type=5 method=r25_constant_vp pairs=3 vp_mode=vp blend_sched=paper(eq4) out=/projects/dataggen/outputs/five_bench/r25_adaptive_tau/r25_constant_vp/edit5
Moving DynamicSwap_WanTextEncoder to cuda:0 with preserved memory: 35.388981342315674 GB
[[0, 1]] [[0, 1, 2, 3, 4]]
[ok] 0007_guitar-violin: 45 frames  tau=6.5697
Moving DynamicSwap_WanTextEncoder to cuda:0 with preserved memory: 35.177669048309326 GB
[[0, 1, 2, 3, 4, 5]] [[7, 8, 9, 10, 11]]
[ok] 0011_lucia: 69 frames  tau=6.5697
Moving DynamicSwap_WanTextEncoder to cuda:0 with preserved memory: 35.070552349090576 GB
[[0, 1, 2]] [[4, 5, 6, 7, 8, 9, 10]]
[ok] 0069_car-turn: 69 frames  tau=6.5697
[run_fivebench] done edit5: 3/3 ok -> /projects/dataggen/outputs/five_bench/r25_adaptive_tau/r25_constant_vp/edit5/_manifest.csv
[r25_infer] edit5 frame dirs: 3 (expected 3)
[r25_infer] failures: 0
