--- rendering baseline_rho2 ---
Free VRAM 43.969970703125 GB
KV inference with 3 frames per block
[run_fivebench] edit_type=1 method=baseline_rho2 pairs=1 vp_mode=vp blend_sched=paper(eq4) out=/projects/dataggen/outputs/five_bench/r25_smoke/baseline_rho2/edit1
Moving DynamicSwap_WanTextEncoder to cuda:0 with preserved memory: 35.38975763320923 GB
[[0, 1, 2]] [[0, 1, 2]]
[ok] 0001_bus: 69 frames  tau=2.0
[run_fivebench] done edit1: 1/1 ok -> /projects/dataggen/outputs/five_bench/r25_smoke/baseline_rho2/edit1/_manifest.csv
--- rendering map_tau2 ---
Free VRAM 43.969970703125 GB
KV inference with 3 frames per block
[run_fivebench] tau_map: 1 pairs loaded, 1 needed for edit1
[run_fivebench] edit_type=1 method=map_tau2 pairs=1 vp_mode=vp blend_sched=paper(eq4) out=/projects/dataggen/outputs/five_bench/r25_smoke/map_tau2/edit1
Moving DynamicSwap_WanTextEncoder to cuda:0 with preserved memory: 35.38975763320923 GB
[[0, 1, 2]] [[0, 1, 2]]
[ok] 0001_bus: 69 frames  tau=2.0
[run_fivebench] done edit1: 1/1 ok -> /projects/dataggen/outputs/five_bench/r25_smoke/map_tau2/edit1/_manifest.csv
--- rendering map_tau8 ---
Free VRAM 43.969970703125 GB
KV inference with 3 frames per block
[run_fivebench] tau_map: 1 pairs loaded, 1 needed for edit1
[run_fivebench] edit_type=1 method=map_tau8 pairs=1 vp_mode=vp blend_sched=paper(eq4) out=/projects/dataggen/outputs/five_bench/r25_smoke/map_tau8/edit1
Moving DynamicSwap_WanTextEncoder to cuda:0 with preserved memory: 35.38975763320923 GB
[[0, 1, 2]] [[0, 1, 2]]
[ok] 0001_bus: 69 frames  tau=8.0
[run_fivebench] done edit1: 1/1 ok -> /projects/dataggen/outputs/five_bench/r25_smoke/map_tau8/edit1/_manifest.csv
baseline_rho2 62297f5d52ea1269535f61f33cfe0b92b1ecdd4374c02ccaeba14e4944dd018f
map_tau2      62297f5d52ea1269535f61f33cfe0b92b1ecdd4374c02ccaeba14e4944dd018f
map_tau8      21d1996d48d2c2d27844d7372966bee13613fe81bd91855e11c371f3df501010
IDENTICAL gate1: tau_map(tau=2) == --blend_power 2
DIFFERS gate2: tau=8 differs from tau=2
--- coverage check (expected to fail) ---
Free VRAM 43.969970703125 GB
KV inference with 3 frames per block
COVERAGE-OK gate3: incomplete tau_map raised SystemExit
--- r25_smoke done ---
