[r25_infer] node=node39 CUDA_VISIBLE_DEVICES=0
[r25_infer] SLURM_JOB_GPUS=3 LD_LIBRARY_PATH=/home/ids/skhairi/anaconda3/envs/streamgve/lib:/home/ids/skhairi/anaconda3/envs/streamgve/lib64:
GPU 0: NVIDIA L40S (UUID: GPU-25914df1-99ab-e6a7-5f87-359345c089bf)
[r25_infer] torch 2.8.0+cu128 cuda_ok True n 1
[r25_infer] job=960704_1 edit_type=2 method=r25_adaptive_vp
[r25_infer] tau_map=/home/ids/skhairi/Code/StreamEdit_bigchantier/evaluation/csv/r25_tau_map.csv cases=/home/ids/skhairi/Code/StreamEdit_bigchantier/evaluation/cases.json expect 13 clip(s)
Free VRAM 43.969970703125 GB
KV inference with 3 frames per block
[run_fivebench] tau_map: 22 pairs loaded, 13 needed for edit2
[run_fivebench] edit_type=2 method=r25_adaptive_vp pairs=13 vp_mode=vp blend_sched=paper(eq4) out=/projects/dataggen/outputs/five_bench/r25_adaptive_tau/r25_adaptive_vp/edit2
Moving DynamicSwap_WanTextEncoder to cuda:0 with preserved memory: 35.38975763320923 GB
[[0, 1, 2, 3, 4, 5]] [[0, 1, 2]]
[ok] 0011_lucia: 69 frames  tau=8.2308
Moving DynamicSwap_WanTextEncoder to cuda:0 with preserved memory: 35.072444438934326 GB
[[0, 1, 2]] [[0, 1, 2]]
[ok] 0014_burnout: 69 frames  tau=7.2181
Moving DynamicSwap_WanTextEncoder to cuda:0 with preserved memory: 35.07356023788452 GB
[[0, 1, 2, 3, 4]] [[0, 1, 2, 3]]
[ok] 0016_horsejump-high: 45 frames  tau=7.6506
Moving DynamicSwap_WanTextEncoder to cuda:0 with preserved memory: 35.179561138153076 GB
[[0, 1]] [[1, 2]]
[ok] 0028_kite-walk: 69 frames  tau=7.6092
Moving DynamicSwap_WanTextEncoder to cuda:0 with preserved memory: 35.06913900375366 GB
[[0, 1, 2, 3, 4]] [[0, 1]]
Moving DynamicSwap_WanTextEncoder to cuda:0 with preserved memory: 35.06560564041138 GB
[[0, 1, 2, 3, 4]] [[0, 1]]
[ok] 0034_cows: 93 frames  tau=7.0109
Moving DynamicSwap_WanTextEncoder to cuda:0 with preserved memory: 34.963374614715576 GB
[[0, 1, 2]] [[0, 1]]
[ok] 0040_tennis: 69 frames  tau=8.0697
Moving DynamicSwap_WanTextEncoder to cuda:0 with preserved memory: 35.071049213409424 GB
[[0, 1, 2, 3]] [[0, 1, 2]]
[ok] 0057_dog: 57 frames  tau=5.6758
Moving DynamicSwap_WanTextEncoder to cuda:0 with preserved memory: 35.125486850738525 GB
[[0, 1, 2, 3, 4]] [[0, 1, 2, 3]]
[ok] 0068_planes-water: 33 frames  tau=7.8683
Moving DynamicSwap_WanTextEncoder to cuda:0 with preserved memory: 35.23020887374878 GB
[[0, 1, 2, 3, 4]] [[0, 1, 2, 3]]
Moving DynamicSwap_WanTextEncoder to cuda:0 with preserved memory: 35.226675510406494 GB
[[0, 1, 2, 3, 4]] [[0, 1, 2, 3]]
[ok] 0074_rhino: 81 frames  tau=6.4987
Moving DynamicSwap_WanTextEncoder to cuda:0 with preserved memory: 35.01558065414429 GB
[[0, 1]] [[0, 1]]
Moving DynamicSwap_WanTextEncoder to cuda:0 with preserved memory: 35.012047290802 GB
[[0, 1]] [[0, 1]]
[ok] 0075_A_bicycle: 81 frames  tau=9.4555
Moving DynamicSwap_WanTextEncoder to cuda:0 with preserved memory: 35.01597547531128 GB
[[0, 1, 2]] [[0, 1]]
Moving DynamicSwap_WanTextEncoder to cuda:0 with preserved memory: 35.012442111968994 GB
[[0, 1, 2]] [[0, 1]]
[ok] 0076_A_rabbit: 81 frames  tau=6.1773
Moving DynamicSwap_WanTextEncoder to cuda:0 with preserved memory: 35.01558065414429 GB
[[0, 1, 2]] [[0, 1, 2]]
Moving DynamicSwap_WanTextEncoder to cuda:0 with preserved memory: 35.012047290802 GB
[[0, 1, 2]] [[0, 1, 2]]
[ok] 0090_A_deer: 81 frames  tau=8.1
Moving DynamicSwap_WanTextEncoder to cuda:0 with preserved memory: 35.01597547531128 GB
[[0, 1, 2]] [[0, 1, 2, 3, 4]]
Moving DynamicSwap_WanTextEncoder to cuda:0 with preserved memory: 35.012442111968994 GB
[[0, 1, 2]] [[0, 1, 2, 3, 4]]
[ok] 0091_A_hawk: 81 frames  tau=9.1102
[run_fivebench] done edit2: 13/13 ok -> /projects/dataggen/outputs/five_bench/r25_adaptive_tau/r25_adaptive_vp/edit2/_manifest.csv
[r25_infer] edit2 frame dirs: 13 (expected 13)
[r25_infer] failures: 0
