[r26_infer] node=node50 CUDA_VISIBLE_DEVICES=0
[r26_infer] SLURM_JOB_GPUS=1
GPU 0: NVIDIA L40S (UUID: GPU-05c460fc-7504-bd5b-1903-33b59e490ca7)
[r26_infer] torch 2.8.0+cu128 cuda_ok True n 1
[r26_infer] job=976094_47 arm=taubg10_taufg20_vp tau_bg=10 tau_fg=20
[r26_infer] masks edit1: 1 (expected 1)
[r26_infer] masks edit2: 13 (expected 13)
[r26_infer] masks edit3: 2 (expected 2)
[r26_infer] masks edit4: 2 (expected 2)
[r26_infer] masks edit5: 3 (expected 3)
[r26_infer] masks edit6: 1 (expected 1)
--- [r26_infer] taubg10_taufg20_vp edit1 (expect 1 clip(s)) ---
Free VRAM 43.96807861328125 GB
KV inference with 3 frames per block
[run_fivebench] edit_type=1 method=taubg10_taufg20_vp pairs=1 vp_mode=vp blend_sched=paper(eq4) out=/projects/dataggen/outputs/five_bench/r26_spatial_tau/taubg10_taufg20_vp/edit1
[run_fivebench] R26 pass 2: spatial tau from /projects/dataggen/outputs/five_bench/r26_masks/edit1/ tau_bg=10.0 tau_fg=20.0
Moving DynamicSwap_WanTextEncoder to cuda:0 with preserved memory: 35.38783931732178 GB
[[0, 1, 2]] [[0, 1, 2]]
[ok] 0001_bus: 69 frames  tau=2.0
[run_fivebench] done edit1: 1/1 ok -> /projects/dataggen/outputs/five_bench/r26_spatial_tau/taubg10_taufg20_vp/edit1/_manifest.csv
--- [r26_infer] taubg10_taufg20_vp edit2 (expect 13 clip(s)) ---
Free VRAM 43.96807861328125 GB
KV inference with 3 frames per block
[run_fivebench] edit_type=2 method=taubg10_taufg20_vp pairs=13 vp_mode=vp blend_sched=paper(eq4) out=/projects/dataggen/outputs/five_bench/r26_spatial_tau/taubg10_taufg20_vp/edit2
[run_fivebench] R26 pass 2: spatial tau from /projects/dataggen/outputs/five_bench/r26_masks/edit2/ tau_bg=10.0 tau_fg=20.0
Moving DynamicSwap_WanTextEncoder to cuda:0 with preserved memory: 35.38783931732178 GB
[[0, 1, 2, 3, 4, 5]] [[0, 1, 2]]
[ok] 0011_lucia: 69 frames  tau=2.0
Moving DynamicSwap_WanTextEncoder to cuda:0 with preserved memory: 35.068572998046875 GB
[[0, 1, 2]] [[0, 1, 2]]
[ok] 0014_burnout: 69 frames  tau=2.0
Moving DynamicSwap_WanTextEncoder to cuda:0 with preserved memory: 35.06969738006592 GB
[[0, 1, 2, 3, 4]] [[0, 1, 2, 3]]
[ok] 0016_horsejump-high: 45 frames  tau=2.0
Moving DynamicSwap_WanTextEncoder to cuda:0 with preserved memory: 35.175689697265625 GB
[[0, 1]] [[1, 2]]
[ok] 0028_kite-walk: 69 frames  tau=2.0
Moving DynamicSwap_WanTextEncoder to cuda:0 with preserved memory: 35.067211627960205 GB
[[0, 1, 2, 3, 4]] [[0, 1]]
Moving DynamicSwap_WanTextEncoder to cuda:0 with preserved memory: 35.06367826461792 GB
[[0, 1, 2, 3, 4]] [[0, 1]]
[ok] 0034_cows: 93 frames  tau=2.0
Moving DynamicSwap_WanTextEncoder to cuda:0 with preserved memory: 34.961456298828125 GB
[[0, 1, 2]] [[0, 1]]
[ok] 0040_tennis: 69 frames  tau=2.0
Moving DynamicSwap_WanTextEncoder to cuda:0 with preserved memory: 35.0691351890564 GB
[[0, 1, 2, 3]] [[0, 1, 2]]
[ok] 0057_dog: 57 frames  tau=2.0
Moving DynamicSwap_WanTextEncoder to cuda:0 with preserved memory: 35.123581409454346 GB
[[0, 1, 2, 3, 4]] [[0, 1, 2, 3]]
[ok] 0068_planes-water: 33 frames  tau=2.0
Moving DynamicSwap_WanTextEncoder to cuda:0 with preserved memory: 35.228286266326904 GB
[[0, 1, 2, 3, 4]] [[0, 1, 2, 3]]
Moving DynamicSwap_WanTextEncoder to cuda:0 with preserved memory: 35.22475290298462 GB
[[0, 1, 2, 3, 4]] [[0, 1, 2, 3]]
[ok] 0074_rhino: 81 frames  tau=2.0
Moving DynamicSwap_WanTextEncoder to cuda:0 with preserved memory: 35.01365804672241 GB
[[0, 1]] [[0, 1]]
Moving DynamicSwap_WanTextEncoder to cuda:0 with preserved memory: 35.01012468338013 GB
[[0, 1]] [[0, 1]]
[ok] 0075_A_bicycle: 81 frames  tau=2.0
Moving DynamicSwap_WanTextEncoder to cuda:0 with preserved memory: 35.014052867889404 GB
[[0, 1, 2]] [[0, 1]]
Moving DynamicSwap_WanTextEncoder to cuda:0 with preserved memory: 35.01051950454712 GB
[[0, 1, 2]] [[0, 1]]
[ok] 0076_A_rabbit: 81 frames  tau=2.0
Moving DynamicSwap_WanTextEncoder to cuda:0 with preserved memory: 35.01365804672241 GB
[[0, 1, 2]] [[0, 1, 2]]
Moving DynamicSwap_WanTextEncoder to cuda:0 with preserved memory: 35.01012468338013 GB
[[0, 1, 2]] [[0, 1, 2]]
[ok] 0090_A_deer: 81 frames  tau=2.0
Moving DynamicSwap_WanTextEncoder to cuda:0 with preserved memory: 35.014052867889404 GB
[[0, 1, 2]] [[0, 1, 2, 3, 4]]
Moving DynamicSwap_WanTextEncoder to cuda:0 with preserved memory: 35.01051950454712 GB
[[0, 1, 2]] [[0, 1, 2, 3, 4]]
[ok] 0091_A_hawk: 81 frames  tau=2.0
[run_fivebench] done edit2: 13/13 ok -> /projects/dataggen/outputs/five_bench/r26_spatial_tau/taubg10_taufg20_vp/edit2/_manifest.csv
--- [r26_infer] taubg10_taufg20_vp edit3 (expect 2 clip(s)) ---
Free VRAM 43.96807861328125 GB
KV inference with 3 frames per block
[run_fivebench] edit_type=3 method=taubg10_taufg20_vp pairs=2 vp_mode=vp blend_sched=paper(eq4) out=/projects/dataggen/outputs/five_bench/r26_spatial_tau/taubg10_taufg20_vp/edit3
[run_fivebench] R26 pass 2: spatial tau from /projects/dataggen/outputs/five_bench/r26_masks/edit3/ tau_bg=10.0 tau_fg=20.0
Moving DynamicSwap_WanTextEncoder to cuda:0 with preserved memory: 35.3884015083313 GB
[[0, 1, 2]] [[4, 5, 6]]
[ok] 0017_kid-football: 57 frames  tau=2.0
Moving DynamicSwap_WanTextEncoder to cuda:0 with preserved memory: 35.12213134765625 GB
[[0, 1, 2, 3]] [[0, 1, 2, 3]]
[ok] 0058_boat: 69 frames  tau=2.0
[run_fivebench] done edit3: 2/2 ok -> /projects/dataggen/outputs/five_bench/r26_spatial_tau/taubg10_taufg20_vp/edit3/_manifest.csv
--- [r26_infer] taubg10_taufg20_vp edit4 (expect 2 clip(s)) ---
Free VRAM 43.96807861328125 GB
KV inference with 3 frames per block
[run_fivebench] edit_type=4 method=taubg10_taufg20_vp pairs=2 vp_mode=vp blend_sched=paper(eq4) out=/projects/dataggen/outputs/five_bench/r26_spatial_tau/taubg10_taufg20_vp/edit4
[run_fivebench] R26 pass 2: spatial tau from /projects/dataggen/outputs/five_bench/r26_masks/edit4/ tau_bg=10.0 tau_fg=20.0
Moving DynamicSwap_WanTextEncoder to cuda:0 with preserved memory: 35.38783931732178 GB
[[0, 1]] [[0, 1, 2]]
[ok] 0028_kite-walk: 69 frames  tau=2.0
Moving DynamicSwap_WanTextEncoder to cuda:0 with preserved memory: 35.06761121749878 GB
[[0, 1]] [[1, 2]]
Moving DynamicSwap_WanTextEncoder to cuda:0 with preserved memory: 35.064077854156494 GB
[[0, 1]] [[1, 2]]
[ok] 0089_A_dog: 81 frames  tau=2.0
[run_fivebench] done edit4: 2/2 ok -> /projects/dataggen/outputs/five_bench/r26_spatial_tau/taubg10_taufg20_vp/edit4/_manifest.csv
--- [r26_infer] taubg10_taufg20_vp edit5 (expect 3 clip(s)) ---
Free VRAM 43.96807861328125 GB
KV inference with 3 frames per block
[run_fivebench] edit_type=5 method=taubg10_taufg20_vp pairs=3 vp_mode=vp blend_sched=paper(eq4) out=/projects/dataggen/outputs/five_bench/r26_spatial_tau/taubg10_taufg20_vp/edit5
[run_fivebench] R26 pass 2: spatial tau from /projects/dataggen/outputs/five_bench/r26_masks/edit5/ tau_bg=10.0 tau_fg=20.0
Moving DynamicSwap_WanTextEncoder to cuda:0 with preserved memory: 35.38896369934082 GB
[[0, 1]] [[0, 1, 2, 3, 4]]
[ok] 0007_guitar-violin: 45 frames  tau=2.0
Moving DynamicSwap_WanTextEncoder to cuda:0 with preserved memory: 35.175689697265625 GB
[[0, 1, 2, 3, 4, 5]] [[7, 8, 9, 10, 11]]
[ok] 0011_lucia: 69 frames  tau=2.0
Moving DynamicSwap_WanTextEncoder to cuda:0 with preserved memory: 35.068572998046875 GB
[[0, 1, 2]] [[4, 5, 6, 7, 8, 9, 10]]
[ok] 0069_car-turn: 69 frames  tau=2.0
[run_fivebench] done edit5: 3/3 ok -> /projects/dataggen/outputs/five_bench/r26_spatial_tau/taubg10_taufg20_vp/edit5/_manifest.csv
--- [r26_infer] taubg10_taufg20_vp edit6 (expect 1 clip(s)) ---
Free VRAM 43.96807861328125 GB
KV inference with 3 frames per block
[run_fivebench] edit_type=6 method=taubg10_taufg20_vp pairs=1 vp_mode=vp blend_sched=paper(eq4) out=/projects/dataggen/outputs/five_bench/r26_spatial_tau/taubg10_taufg20_vp/edit6
[run_fivebench] R26 pass 2: spatial tau from /projects/dataggen/outputs/five_bench/r26_masks/edit6/ tau_bg=10.0 tau_fg=20.0
Moving DynamicSwap_WanTextEncoder to cuda:0 with preserved memory: 35.38783931732178 GB
[[0, 1]] [[6, 7, 8, 9, 10]]
[ok] 0042_gym-ball: 69 frames  tau=2.0
[run_fivebench] done edit6: 1/1 ok -> /projects/dataggen/outputs/five_bench/r26_spatial_tau/taubg10_taufg20_vp/edit6/_manifest.csv
[r26_infer] taubg10_taufg20_vp total frame dirs: 22 (expected 22)
[r26_infer] taubg10_taufg20_vp non-ok manifest rows: 0
[r26_infer] failures: 0
