[r26_dump] node=node39 CUDA_VISIBLE_DEVICES=0
[r26_dump] SLURM_JOB_GPUS=3 LD_LIBRARY_PATH=/home/ids/skhairi/anaconda3/envs/loraedit/lib:/home/ids/skhairi/anaconda3/envs/loraedit/lib64:/home/ids/skhairi/anaconda3/envs/loraedit/lib:/home/ids/skhairi/anaconda3/envs/loraedit/lib64:
GPU 0: NVIDIA L40S (UUID: GPU-25914df1-99ab-e6a7-5f87-359345c089bf)
[r26_dump] torch 2.8.0+cu128 cuda_ok True n 1
[r26_dump] job=960715_2 edit_type=3 method=r26_dump
[r26_dump] cases=/home/ids/skhairi/Code/StreamEdit_bigchantier/evaluation/cases.json masks->/projects/dataggen/outputs/five_bench/r26_masks/edit3/ expect 2 clip(s)
Free VRAM 43.969970703125 GB
KV inference with 3 frames per block
[run_fivebench] edit_type=3 method=r26_dump pairs=2 vp_mode=vp blend_sched=zero out=/projects/dataggen/outputs/five_bench/r26_masks_render/r26_dump/edit3
[run_fivebench] R26 pass 1: dumping M_f -> /projects/dataggen/outputs/five_bench/r26_masks/edit3/
Moving DynamicSwap_WanTextEncoder to cuda:0 with preserved memory: 35.390315532684326 GB
[[0, 1, 2]] [[4, 5, 6]]
[ok] 0017_kid-football: 57 frames  tau=2.0
Moving DynamicSwap_WanTextEncoder to cuda:0 with preserved memory: 35.1260027885437 GB
[[0, 1, 2, 3]] [[0, 1, 2, 3]]
[ok] 0058_boat: 69 frames  tau=2.0
[run_fivebench] done edit3: 2/2 ok -> /projects/dataggen/outputs/five_bench/r26_masks_render/r26_dump/edit3/_manifest.csv
[r26_dump] edit3 frame dirs: 2 (expected 2)
[r26_dump] edit3 mask npz: 2 (expected 2)
  0017_kid-football.npz            shape=(15,1560) distinct=15/15 fg_frac min=0.115 med=0.153 max=0.234
  0058_boat.npz                    shape=(18,1560) distinct=18/18 fg_frac min=0.148 med=0.166 max=0.327
[r26_dump] npz sanity: 0 bad
[r26_dump] failures: 0
