[r27_infer] node=node57 CUDA_VISIBLE_DEVICES=0
[r27_infer] SLURM_JOB_GPUS=0 LD_LIBRARY_PATH=/home/ids/skhairi/anaconda3/envs/streamgve/lib:/home/ids/skhairi/anaconda3/envs/streamgve/lib64:
GPU 0: NVIDIA L40S (UUID: GPU-f3271a82-cfa7-97c3-b3bf-c8a57846ca6b)
[r27_infer] torch 2.8.0+cu128 cuda_ok True n 1
[r27_infer] job=972542_3 edit_type=4 arm=depth method=r27_depth_vp
[r27_infer] tau_map=/home/ids/skhairi/Code/StreamEdit_bigchantier/evaluation/csv/r27_tau_map.csv cases=/home/ids/skhairi/Code/StreamEdit_bigchantier/evaluation/cases.json expect 2 clip(s)
Free VRAM 43.969970703125 GB
KV inference with 3 frames per block
[run_fivebench] tau_map: 22 pairs loaded, 2 needed for edit4
[run_fivebench] edit_type=4 method=r27_depth_vp pairs=2 vp_mode=vp blend_sched=paper(eq4) out=/projects/dataggen/outputs/five_bench/r27_depth_tau/r27_depth_vp/edit4
Moving DynamicSwap_WanTextEncoder to cuda:0 with preserved memory: 35.38975763320923 GB
[[0, 1]] [[0, 1, 2]]
[ok] 0028_kite-walk: 69 frames  tau=3.183
Moving DynamicSwap_WanTextEncoder to cuda:0 with preserved memory: 35.069533824920654 GB
[[0, 1]] [[1, 2]]
Moving DynamicSwap_WanTextEncoder to cuda:0 with preserved memory: 35.06600046157837 GB
[[0, 1]] [[1, 2]]
[ok] 0089_A_dog: 81 frames  tau=4.326
[run_fivebench] done edit4: 2/2 ok -> /projects/dataggen/outputs/five_bench/r27_depth_tau/r27_depth_vp/edit4/_manifest.csv
[r27_infer] edit4 frame dirs: 2 (expected 2)
[r27_infer] failures: 0
