[r28_dump] node=node39 task=7 arm=taubg2_taufg6_vp
GPU 0: NVIDIA L40S (UUID: GPU-b6aad0ab-9542-dbeb-b0e0-668fb96dc8b2)
[r28_dump] torch 2.8.0+cu128 cuda_ok True
[r28_masks] 22 case(s), stride 8, arm root /projects/dataggen/outputs/five_bench/r26_spatial_tau/taubg2_taufg6_vp
[r28_masks] GroundingDINO + SAM2 loaded on cuda
[r28_masks] edit1/0001_bus               n=  9 fired=  9/9 tgt_fg=0.099 union_fg=0.182
[r28_masks] edit2/0028_kite-walk         n=  9 fired=  9/9 tgt_fg=0.035 union_fg=0.046
[r28_masks] edit2/0040_tennis            n=  9 fired=  9/9 tgt_fg=0.049 union_fg=0.062
[r28_masks] edit2/0057_dog               n=  8 fired=  8/8 tgt_fg=0.079 union_fg=0.129
[r28_masks] edit2/0011_lucia             n=  9 fired=  9/9 tgt_fg=0.062 union_fg=0.074
[r28_masks] edit2/0014_burnout           n=  9 fired=  9/9 tgt_fg=0.059 union_fg=0.092
[r28_masks] edit2/0016_horsejump-high    n=  6 fired=  6/6 tgt_fg=0.032 union_fg=0.061
[r28_masks] edit2/0068_planes-water      n=  5 fired=  5/5 tgt_fg=0.110 union_fg=0.157
[r28_masks] edit2/0074_rhino             n= 11 fired= 11/11 tgt_fg=0.131 union_fg=0.182
[r28_masks] edit2/0075_A_bicycle         n= 11 fired= 11/11 tgt_fg=0.016 union_fg=0.065
[r28_masks] edit2/0076_A_rabbit          n= 11 fired= 11/11 tgt_fg=0.052 union_fg=0.123
[r28_masks] edit2/0090_A_deer            n= 11 fired= 11/11 tgt_fg=0.025 union_fg=0.075
[r28_masks] edit2/0091_A_hawk            n= 11 fired= 11/11 tgt_fg=0.060 union_fg=0.065
[r28_masks] edit5/0007_guitar-violin     n=  6 fired=  6/6 tgt_fg=0.278 union_fg=0.278
[r28_masks] edit5/0069_car-turn          n=  9 fired=  9/9 tgt_fg=0.093 union_fg=0.093
[r28_masks] edit5/0011_lucia             n=  9 fired=  8/9 tgt_fg=0.052 union_fg=0.052
[r28_masks] edit6/0042_gym-ball          n=  9 fired=  0/9 tgt_fg=0.000 union_fg=0.114
[r28_masks] edit2/0034_cows              n= 12 fired= 12/12 tgt_fg=0.141 union_fg=0.164
[r28_masks] edit3/0017_kid-football      n=  8 fired=  8/8 tgt_fg=0.023 union_fg=0.183
[r28_masks] edit3/0058_boat              n=  9 fired=  9/9 tgt_fg=0.072 union_fg=0.082
[r28_masks] edit4/0089_A_dog             n= 11 fired= 11/11 tgt_fg=0.197 union_fg=0.217
[r28_masks] edit4/0028_kite-walk         n=  9 fired=  9/9 tgt_fg=0.025 union_fg=0.035
[r28_masks] failures: 0
[r28_dump] taubg2_taufg6_vp: 22 npz written (expected 22)
[r28_dump] failures: 0
