[r28_dump] node=node39 task=10 arm=taubg1_taufg50_vp
GPU 0: NVIDIA L40S (UUID: GPU-b6aad0ab-9542-dbeb-b0e0-668fb96dc8b2)
[r28_dump] torch 2.8.0+cu128 cuda_ok True
[r28_masks] 22 case(s), stride 8, arm root /projects/dataggen/outputs/five_bench/r26_spatial_tau/taubg1_taufg50_vp
[r28_masks] GroundingDINO + SAM2 loaded on cuda
[r28_masks] edit1/0001_bus               n=  9 fired=  9/9 tgt_fg=0.088 union_fg=0.186
[r28_masks] edit2/0028_kite-walk         n=  9 fired=  9/9 tgt_fg=0.057 union_fg=0.066
[r28_masks] edit2/0040_tennis            n=  9 fired=  9/9 tgt_fg=0.156 union_fg=0.174
[r28_masks] edit2/0057_dog               n=  8 fired=  8/8 tgt_fg=0.132 union_fg=0.186
[r28_masks] edit2/0011_lucia             n=  9 fired=  9/9 tgt_fg=0.189 union_fg=0.205
[r28_masks] edit2/0014_burnout           n=  9 fired=  9/9 tgt_fg=0.072 union_fg=0.131
[r28_masks] edit2/0016_horsejump-high    n=  6 fired=  6/6 tgt_fg=0.039 union_fg=0.067
[r28_masks] edit2/0068_planes-water      n=  5 fired=  5/5 tgt_fg=0.183 union_fg=0.228
[r28_masks] edit2/0074_rhino             n= 11 fired= 11/11 tgt_fg=0.181 union_fg=0.224
[r28_masks] edit2/0075_A_bicycle         n= 11 fired= 11/11 tgt_fg=0.035 union_fg=0.087
[r28_masks] edit2/0076_A_rabbit          n= 11 fired= 11/11 tgt_fg=0.091 union_fg=0.161
[r28_masks] edit2/0090_A_deer            n= 11 fired= 11/11 tgt_fg=0.107 union_fg=0.142
[r28_masks] edit2/0091_A_hawk            n= 11 fired= 11/11 tgt_fg=0.064 union_fg=0.070
[r28_masks] edit5/0007_guitar-violin     n=  6 fired=  6/6 tgt_fg=0.280 union_fg=0.280
[r28_masks] edit5/0069_car-turn          n=  9 fired=  9/9 tgt_fg=0.131 union_fg=0.131
[r28_masks] edit5/0011_lucia             n=  9 fired=  9/9 tgt_fg=0.086 union_fg=0.086
[r28_masks] edit6/0042_gym-ball          n=  9 fired=  0/9 tgt_fg=0.000 union_fg=0.114
[r28_masks] edit2/0034_cows              n= 12 fired= 12/12 tgt_fg=0.282 union_fg=0.306
[r28_masks] edit3/0017_kid-football      n=  8 fired=  8/8 tgt_fg=0.020 union_fg=0.186
[r28_masks] edit3/0058_boat              n=  9 fired=  9/9 tgt_fg=0.069 union_fg=0.086
[r28_masks] edit4/0089_A_dog             n= 11 fired= 11/11 tgt_fg=0.308 union_fg=0.319
[r28_masks] edit4/0028_kite-walk         n=  9 fired=  9/9 tgt_fg=0.024 union_fg=0.043
[r28_masks] failures: 0
[r28_dump] taubg1_taufg50_vp: 22 npz written (expected 22)
[r28_dump] failures: 0
