[r28_dump] node=node57 task=1 arm=taubg0_taufg6_vp
GPU 0: NVIDIA L40S (UUID: GPU-f3271a82-cfa7-97c3-b3bf-c8a57846ca6b)
[r28_dump] torch 2.8.0+cu128 cuda_ok True
[r28_masks] 22 case(s), stride 8, arm root /projects/dataggen/outputs/five_bench/r26_spatial_tau/taubg0_taufg6_vp
[r28_masks] GroundingDINO + SAM2 loaded on cuda
[r28_masks] edit1/0001_bus               n=  9 fired=  9/9 tgt_fg=0.097 union_fg=0.181
[r28_masks] edit2/0028_kite-walk         n=  9 fired=  9/9 tgt_fg=0.035 union_fg=0.045
[r28_masks] edit2/0040_tennis            n=  9 fired=  9/9 tgt_fg=0.046 union_fg=0.059
[r28_masks] edit2/0057_dog               n=  8 fired=  8/8 tgt_fg=0.080 union_fg=0.127
[r28_masks] edit2/0011_lucia             n=  9 fired=  9/9 tgt_fg=0.060 union_fg=0.072
[r28_masks] edit2/0014_burnout           n=  9 fired=  9/9 tgt_fg=0.057 union_fg=0.089
[r28_masks] edit2/0016_horsejump-high    n=  6 fired=  6/6 tgt_fg=0.033 union_fg=0.061
[r28_masks] edit2/0068_planes-water      n=  5 fired=  5/5 tgt_fg=0.116 union_fg=0.155
[r28_masks] edit2/0074_rhino             n= 11 fired= 11/11 tgt_fg=0.124 union_fg=0.179
[r28_masks] edit2/0075_A_bicycle         n= 11 fired= 11/11 tgt_fg=0.015 union_fg=0.065
[r28_masks] edit2/0076_A_rabbit          n= 11 fired= 11/11 tgt_fg=0.048 union_fg=0.121
[r28_masks] edit2/0090_A_deer            n= 11 fired= 11/11 tgt_fg=0.024 union_fg=0.074
[r28_masks] edit2/0091_A_hawk            n= 11 fired=  9/11 tgt_fg=0.034 union_fg=0.040
[r28_masks] edit5/0007_guitar-violin     n=  6 fired=  6/6 tgt_fg=0.278 union_fg=0.278
[r28_masks] edit5/0069_car-turn          n=  9 fired=  9/9 tgt_fg=0.091 union_fg=0.091
[r28_masks] edit5/0011_lucia             n=  9 fired=  9/9 tgt_fg=0.059 union_fg=0.059
[r28_masks] edit6/0042_gym-ball          n=  9 fired=  0/9 tgt_fg=0.000 union_fg=0.114
[r28_masks] edit2/0034_cows              n= 12 fired= 12/12 tgt_fg=0.136 union_fg=0.161
[r28_masks] edit3/0017_kid-football      n=  8 fired=  8/8 tgt_fg=0.022 union_fg=0.182
[r28_masks] edit3/0058_boat              n=  9 fired=  9/9 tgt_fg=0.070 union_fg=0.080
[r28_masks] edit4/0089_A_dog             n= 11 fired= 11/11 tgt_fg=0.193 union_fg=0.215
[r28_masks] edit4/0028_kite-walk         n=  9 fired=  9/9 tgt_fg=0.023 union_fg=0.035
[r28_masks] failures: 0
[r28_dump] taubg0_taufg6_vp: 22 npz written (expected 22)
[r28_dump] failures: 0
