[r28_dump] node=nodeaudible01 task=43 arm=taubg8_taufg10_vp
GPU 0: NVIDIA A100-SXM4-40GB (UUID: GPU-a5154c34-486c-8788-7885-d7534f9d0e28)
[r28_dump] torch 2.8.0+cu128 cuda_ok True
[r28_masks] 22 case(s), stride 8, arm root /projects/dataggen/outputs/five_bench/r26_spatial_tau/taubg8_taufg10_vp
[r28_masks] GroundingDINO + SAM2 loaded on cuda
[r28_masks] edit1/0001_bus               n=  9 fired=  9/9 tgt_fg=0.098 union_fg=0.188
[r28_masks] edit2/0028_kite-walk         n=  9 fired=  9/9 tgt_fg=0.043 union_fg=0.053
[r28_masks] edit2/0040_tennis            n=  9 fired=  9/9 tgt_fg=0.072 union_fg=0.086
[r28_masks] edit2/0057_dog               n=  8 fired=  8/8 tgt_fg=0.084 union_fg=0.144
[r28_masks] edit2/0011_lucia             n=  9 fired=  9/9 tgt_fg=0.135 union_fg=0.147
[r28_masks] edit2/0014_burnout           n=  9 fired=  9/9 tgt_fg=0.065 union_fg=0.110
[r28_masks] edit2/0016_horsejump-high    n=  6 fired=  6/6 tgt_fg=0.037 union_fg=0.065
[r28_masks] edit2/0068_planes-water      n=  5 fired=  5/5 tgt_fg=0.115 union_fg=0.161
[r28_masks] edit2/0074_rhino             n= 11 fired= 11/11 tgt_fg=0.134 union_fg=0.199
[r28_masks] edit2/0075_A_bicycle         n= 11 fired= 11/11 tgt_fg=0.019 union_fg=0.071
[r28_masks] edit2/0076_A_rabbit          n= 11 fired= 11/11 tgt_fg=0.064 union_fg=0.131
[r28_masks] edit2/0090_A_deer            n= 11 fired= 11/11 tgt_fg=0.030 union_fg=0.079
[r28_masks] edit2/0091_A_hawk            n= 11 fired= 10/11 tgt_fg=0.066 union_fg=0.072
[r28_masks] edit5/0007_guitar-violin     n=  6 fired=  6/6 tgt_fg=0.280 union_fg=0.280
[r28_masks] edit5/0069_car-turn          n=  9 fired=  9/9 tgt_fg=0.107 union_fg=0.107
[r28_masks] edit5/0011_lucia             n=  9 fired=  9/9 tgt_fg=0.054 union_fg=0.054
[r28_masks] edit6/0042_gym-ball          n=  9 fired=  0/9 tgt_fg=0.000 union_fg=0.114
[r28_masks] edit2/0034_cows              n= 12 fired= 12/12 tgt_fg=0.160 union_fg=0.180
[r28_masks] edit3/0017_kid-football      n=  8 fired=  8/8 tgt_fg=0.025 union_fg=0.185
[r28_masks] edit3/0058_boat              n=  9 fired=  9/9 tgt_fg=0.070 union_fg=0.084
[r28_masks] edit4/0089_A_dog             n= 11 fired= 11/11 tgt_fg=0.219 union_fg=0.241
[r28_masks] edit4/0028_kite-walk         n=  9 fired=  9/9 tgt_fg=0.025 union_fg=0.039
[r28_masks] failures: 0
[r28_dump] taubg8_taufg10_vp: 22 npz written (expected 22)
[r28_dump] failures: 0
