[r28_dump] node=nodeaudible01 task=20 arm=taubg2_taufg8_vp
GPU 0: NVIDIA A100-SXM4-40GB (UUID: GPU-a5154c34-486c-8788-7885-d7534f9d0e28)
[r28_dump] torch 2.8.0+cu128 cuda_ok True
[r28_masks] 22 case(s), stride 8, arm root /projects/dataggen/outputs/five_bench/r26_spatial_tau/taubg2_taufg8_vp
[r28_masks] GroundingDINO + SAM2 loaded on cuda
[r28_masks] edit1/0001_bus               n=  9 fired=  9/9 tgt_fg=0.103 union_fg=0.184
[r28_masks] edit2/0028_kite-walk         n=  9 fired=  9/9 tgt_fg=0.041 union_fg=0.051
[r28_masks] edit2/0040_tennis            n=  9 fired=  9/9 tgt_fg=0.055 union_fg=0.069
[r28_masks] edit2/0057_dog               n=  8 fired=  8/8 tgt_fg=0.080 union_fg=0.136
[r28_masks] edit2/0011_lucia             n=  9 fired=  9/9 tgt_fg=0.099 union_fg=0.111
[r28_masks] edit2/0014_burnout           n=  9 fired=  9/9 tgt_fg=0.059 union_fg=0.096
[r28_masks] edit2/0016_horsejump-high    n=  6 fired=  6/6 tgt_fg=0.033 union_fg=0.062
[r28_masks] edit2/0068_planes-water      n=  5 fired=  5/5 tgt_fg=0.117 union_fg=0.162
[r28_masks] edit2/0074_rhino             n= 11 fired= 11/11 tgt_fg=0.125 union_fg=0.186
[r28_masks] edit2/0075_A_bicycle         n= 11 fired= 11/11 tgt_fg=0.017 union_fg=0.069
[r28_masks] edit2/0076_A_rabbit          n= 11 fired= 11/11 tgt_fg=0.061 union_fg=0.127
[r28_masks] edit2/0090_A_deer            n= 11 fired= 11/11 tgt_fg=0.028 union_fg=0.077
[r28_masks] edit2/0091_A_hawk            n= 11 fired= 10/11 tgt_fg=0.063 union_fg=0.069
[r28_masks] edit5/0007_guitar-violin     n=  6 fired=  6/6 tgt_fg=0.279 union_fg=0.279
[r28_masks] edit5/0069_car-turn          n=  9 fired=  9/9 tgt_fg=0.100 union_fg=0.100
[r28_masks] edit5/0011_lucia             n=  9 fired=  9/9 tgt_fg=0.052 union_fg=0.052
[r28_masks] edit6/0042_gym-ball          n=  9 fired=  0/9 tgt_fg=0.000 union_fg=0.114
[r28_masks] edit2/0034_cows              n= 12 fired= 12/12 tgt_fg=0.151 union_fg=0.172
[r28_masks] edit3/0017_kid-football      n=  8 fired=  8/8 tgt_fg=0.023 union_fg=0.183
[r28_masks] edit3/0058_boat              n=  9 fired=  9/9 tgt_fg=0.071 union_fg=0.083
[r28_masks] edit4/0089_A_dog             n= 11 fired= 11/11 tgt_fg=0.206 union_fg=0.230
[r28_masks] edit4/0028_kite-walk         n=  9 fired=  9/9 tgt_fg=0.025 union_fg=0.036
[r28_masks] failures: 0
[r28_dump] taubg2_taufg8_vp: 22 npz written (expected 22)
[r28_dump] failures: 0
