[r28_dump] node=node51 task=10 arm=taubg1_taufg4_vp
GPU 0: NVIDIA L40S (UUID: GPU-75ea2052-b419-caae-7462-0919048b5ddf)
[r28_dump] torch 2.8.0+cu128 cuda_ok True
[r28_masks] 22 case(s), stride 8, arm root /projects/dataggen/outputs/five_bench/r26_spatial_tau/taubg1_taufg4_vp
[r28_masks] GroundingDINO + SAM2 loaded on cuda
[r28_masks] edit1/0001_bus               n=  9 fired=  9/9 tgt_fg=0.107 union_fg=0.181
[r28_masks] edit2/0028_kite-walk         n=  9 fired=  9/9 tgt_fg=0.029 union_fg=0.040
[r28_masks] edit2/0040_tennis            n=  9 fired=  9/9 tgt_fg=0.044 union_fg=0.054
[r28_masks] edit2/0057_dog               n=  8 fired=  8/8 tgt_fg=0.083 union_fg=0.122
[r28_masks] edit2/0011_lucia             n=  9 fired=  9/9 tgt_fg=0.057 union_fg=0.069
[r28_masks] edit2/0014_burnout           n=  9 fired=  9/9 tgt_fg=0.059 union_fg=0.087
[r28_masks] edit2/0016_horsejump-high    n=  6 fired=  6/6 tgt_fg=0.034 union_fg=0.059
[r28_masks] edit2/0068_planes-water      n=  5 fired=  5/5 tgt_fg=0.110 union_fg=0.155
[r28_masks] edit2/0074_rhino             n= 11 fired= 11/11 tgt_fg=0.131 union_fg=0.176
[r28_masks] edit2/0075_A_bicycle         n= 11 fired= 11/11 tgt_fg=0.011 union_fg=0.063
[r28_masks] edit2/0076_A_rabbit          n= 11 fired= 11/11 tgt_fg=0.053 union_fg=0.119
[r28_masks] edit2/0090_A_deer            n= 11 fired= 11/11 tgt_fg=0.022 union_fg=0.072
[r28_masks] edit2/0091_A_hawk            n= 11 fired= 10/11 tgt_fg=0.013 union_fg=0.020
[r28_masks] edit5/0007_guitar-violin     n=  6 fired=  6/6 tgt_fg=0.277 union_fg=0.277
[r28_masks] edit5/0069_car-turn          n=  9 fired=  9/9 tgt_fg=0.088 union_fg=0.088
[r28_masks] edit5/0011_lucia             n=  9 fired=  9/9 tgt_fg=0.053 union_fg=0.053
[r28_masks] edit6/0042_gym-ball          n=  9 fired=  0/9 tgt_fg=0.000 union_fg=0.114
[r28_masks] edit2/0034_cows              n= 12 fired= 12/12 tgt_fg=0.117 union_fg=0.145
[r28_masks] edit3/0017_kid-football      n=  8 fired=  8/8 tgt_fg=0.022 union_fg=0.182
[r28_masks] edit3/0058_boat              n=  9 fired=  9/9 tgt_fg=0.070 union_fg=0.079
[r28_masks] edit4/0089_A_dog             n= 11 fired= 11/11 tgt_fg=0.184 union_fg=0.206
[r28_masks] edit4/0028_kite-walk         n=  9 fired=  9/9 tgt_fg=0.024 union_fg=0.035
[r28_masks] failures: 0
[r28_dump] taubg1_taufg4_vp: 22 npz written (expected 22)
[r28_dump] failures: 0
