[r28_dump] node=node54 task=24 arm=taubg3_taufg3_vp
GPU 0: NVIDIA A100-PCIE-40GB (UUID: GPU-82908c6d-6987-f08e-d650-171f590cd310)
[r28_dump] torch 2.8.0+cu128 cuda_ok True
[r28_masks] 22 case(s), stride 8, arm root /projects/dataggen/outputs/five_bench/r26_spatial_tau/taubg3_taufg3_vp
[r28_masks] GroundingDINO + SAM2 loaded on cuda
[r28_masks] edit1/0001_bus               n=  9 fired=  9/9 tgt_fg=0.122 union_fg=0.181
[r28_masks] edit2/0028_kite-walk         n=  9 fired=  9/9 tgt_fg=0.028 union_fg=0.040
[r28_masks] edit2/0040_tennis            n=  9 fired=  9/9 tgt_fg=0.043 union_fg=0.052
[r28_masks] edit2/0057_dog               n=  8 fired=  8/8 tgt_fg=0.080 union_fg=0.120
[r28_masks] edit2/0011_lucia             n=  9 fired=  9/9 tgt_fg=0.052 union_fg=0.066
[r28_masks] edit2/0014_burnout           n=  9 fired=  9/9 tgt_fg=0.059 union_fg=0.085
[r28_masks] edit2/0016_horsejump-high    n=  6 fired=  6/6 tgt_fg=0.034 union_fg=0.058
[r28_masks] edit2/0068_planes-water      n=  5 fired=  5/5 tgt_fg=0.108 union_fg=0.153
[r28_masks] edit2/0074_rhino             n= 11 fired= 11/11 tgt_fg=0.129 union_fg=0.173
[r28_masks] edit2/0075_A_bicycle         n= 11 fired= 11/11 tgt_fg=0.011 union_fg=0.062
[r28_masks] edit2/0076_A_rabbit          n= 11 fired= 11/11 tgt_fg=0.058 union_fg=0.118
[r28_masks] edit2/0090_A_deer            n= 11 fired= 11/11 tgt_fg=0.026 union_fg=0.068
[r28_masks] edit2/0091_A_hawk            n= 11 fired= 11/11 tgt_fg=0.038 union_fg=0.044
[r28_masks] edit5/0007_guitar-violin     n=  6 fired=  6/6 tgt_fg=0.276 union_fg=0.276
[r28_masks] edit5/0069_car-turn          n=  9 fired=  9/9 tgt_fg=0.086 union_fg=0.086
[r28_masks] edit5/0011_lucia             n=  9 fired=  9/9 tgt_fg=0.053 union_fg=0.053
[r28_masks] edit6/0042_gym-ball          n=  9 fired=  0/9 tgt_fg=0.000 union_fg=0.114
[r28_masks] edit2/0034_cows              n= 12 fired= 12/12 tgt_fg=0.113 union_fg=0.139
[r28_masks] edit3/0017_kid-football      n=  8 fired=  8/8 tgt_fg=0.022 union_fg=0.182
[r28_masks] edit3/0058_boat              n=  9 fired=  9/9 tgt_fg=0.069 union_fg=0.079
[r28_masks] edit4/0089_A_dog             n= 11 fired= 11/11 tgt_fg=0.183 union_fg=0.203
[r28_masks] edit4/0028_kite-walk         n=  9 fired=  9/9 tgt_fg=0.025 union_fg=0.035
[r28_masks] failures: 0
[r28_dump] taubg3_taufg3_vp: 22 npz written (expected 22)
[r28_dump] failures: 0
