[r28_dump] node=node39 task=1 arm=taubg0_taufg3_vp
GPU 0: NVIDIA L40S (UUID: GPU-25914df1-99ab-e6a7-5f87-359345c089bf)
[r28_dump] torch 2.8.0+cu128 cuda_ok True
[r28_masks] 22 case(s), stride 8, arm root /projects/dataggen/outputs/five_bench/r26_spatial_tau/taubg0_taufg3_vp
[r28_masks] GroundingDINO + SAM2 loaded on cuda
[r28_masks] edit1/0001_bus               n=  9 fired=  9/9 tgt_fg=0.120 union_fg=0.180
[r28_masks] edit2/0028_kite-walk         n=  9 fired=  9/9 tgt_fg=0.026 union_fg=0.038
[r28_masks] edit2/0040_tennis            n=  9 fired=  9/9 tgt_fg=0.043 union_fg=0.052
[r28_masks] edit2/0057_dog               n=  8 fired=  8/8 tgt_fg=0.085 union_fg=0.119
[r28_masks] edit2/0011_lucia             n=  9 fired=  9/9 tgt_fg=0.050 union_fg=0.064
[r28_masks] edit2/0014_burnout           n=  9 fired=  9/9 tgt_fg=0.062 union_fg=0.085
[r28_masks] edit2/0016_horsejump-high    n=  6 fired=  6/6 tgt_fg=0.033 union_fg=0.057
[r28_masks] edit2/0068_planes-water      n=  5 fired=  5/5 tgt_fg=0.117 union_fg=0.153
[r28_masks] edit2/0074_rhino             n= 11 fired= 11/11 tgt_fg=0.130 union_fg=0.171
[r28_masks] edit2/0075_A_bicycle         n= 11 fired= 11/11 tgt_fg=0.011 union_fg=0.061
[r28_masks] edit2/0076_A_rabbit          n= 11 fired= 11/11 tgt_fg=0.059 union_fg=0.118
[r28_masks] edit2/0090_A_deer            n= 11 fired= 11/11 tgt_fg=0.026 union_fg=0.067
[r28_masks] edit2/0091_A_hawk            n= 11 fired=  9/11 tgt_fg=0.012 union_fg=0.019
[r28_masks] edit5/0007_guitar-violin     n=  6 fired=  4/6 tgt_fg=0.276 union_fg=0.276
[r28_masks] edit5/0069_car-turn          n=  9 fired=  9/9 tgt_fg=0.086 union_fg=0.086
[r28_masks] edit5/0011_lucia             n=  9 fired=  9/9 tgt_fg=0.053 union_fg=0.053
[r28_masks] edit6/0042_gym-ball          n=  9 fired=  0/9 tgt_fg=0.000 union_fg=0.114
[r28_masks] edit2/0034_cows              n= 12 fired= 12/12 tgt_fg=0.113 union_fg=0.138
[r28_masks] edit3/0017_kid-football      n=  8 fired=  8/8 tgt_fg=0.022 union_fg=0.182
[r28_masks] edit3/0058_boat              n=  9 fired=  9/9 tgt_fg=0.067 union_fg=0.078
[r28_masks] edit4/0089_A_dog             n= 11 fired= 11/11 tgt_fg=0.183 union_fg=0.203
[r28_masks] edit4/0028_kite-walk         n=  9 fired=  9/9 tgt_fg=0.025 union_fg=0.035
[r28_masks] failures: 0
[r28_dump] taubg0_taufg3_vp: 22 npz written (expected 22)
[r28_dump] failures: 0
