[r28_dump] node=node51 task=45 arm=taubg8_taufg50_vp
GPU 0: NVIDIA L40S (UUID: GPU-75ea2052-b419-caae-7462-0919048b5ddf)
[r28_dump] torch 2.8.0+cu128 cuda_ok True
[r28_masks] 22 case(s), stride 8, arm root /projects/dataggen/outputs/five_bench/r26_spatial_tau/taubg8_taufg50_vp
[r28_masks] GroundingDINO + SAM2 loaded on cuda
[r28_masks] edit1/0001_bus               n=  9 fired=  9/9 tgt_fg=0.089 union_fg=0.187
[r28_masks] edit2/0028_kite-walk         n=  9 fired=  9/9 tgt_fg=0.056 union_fg=0.068
[r28_masks] edit2/0040_tennis            n=  9 fired=  9/9 tgt_fg=0.172 union_fg=0.190
[r28_masks] edit2/0057_dog               n=  8 fired=  8/8 tgt_fg=0.145 union_fg=0.198
[r28_masks] edit2/0011_lucia             n=  9 fired=  9/9 tgt_fg=0.197 union_fg=0.212
[r28_masks] edit2/0014_burnout           n=  9 fired=  9/9 tgt_fg=0.093 union_fg=0.139
[r28_masks] edit2/0016_horsejump-high    n=  6 fired=  6/6 tgt_fg=0.050 union_fg=0.079
[r28_masks] edit2/0068_planes-water      n=  5 fired=  5/5 tgt_fg=0.180 union_fg=0.227
[r28_masks] edit2/0074_rhino             n= 11 fired= 11/11 tgt_fg=0.190 union_fg=0.234
[r28_masks] edit2/0075_A_bicycle         n= 11 fired= 11/11 tgt_fg=0.036 union_fg=0.088
[r28_masks] edit2/0076_A_rabbit          n= 11 fired= 11/11 tgt_fg=0.095 union_fg=0.165
[r28_masks] edit2/0090_A_deer            n= 11 fired= 11/11 tgt_fg=0.111 union_fg=0.143
[r28_masks] edit2/0091_A_hawk            n= 11 fired= 11/11 tgt_fg=0.065 union_fg=0.072
[r28_masks] edit5/0007_guitar-violin     n=  6 fired=  6/6 tgt_fg=0.281 union_fg=0.281
[r28_masks] edit5/0069_car-turn          n=  9 fired=  9/9 tgt_fg=0.136 union_fg=0.136
[r28_masks] edit5/0011_lucia             n=  9 fired=  9/9 tgt_fg=0.090 union_fg=0.090
[r28_masks] edit6/0042_gym-ball          n=  9 fired=  0/9 tgt_fg=0.000 union_fg=0.114
[r28_masks] edit2/0034_cows              n= 12 fired= 12/12 tgt_fg=0.286 union_fg=0.308
[r28_masks] edit3/0017_kid-football      n=  8 fired=  8/8 tgt_fg=0.021 union_fg=0.188
[r28_masks] edit3/0058_boat              n=  9 fired=  9/9 tgt_fg=0.069 union_fg=0.091
[r28_masks] edit4/0089_A_dog             n= 11 fired= 11/11 tgt_fg=0.314 union_fg=0.325
[r28_masks] edit4/0028_kite-walk         n=  9 fired=  9/9 tgt_fg=0.035 union_fg=0.052
[r28_masks] failures: 0
[r28_dump] taubg8_taufg50_vp: 22 npz written (expected 22)
[r28_dump] failures: 0
