/bin/bash: /home/ids/skhairi/anaconda3/envs/streamgve/lib/libtinfo.so.6: no version information available (required by /bin/bash)
W0831 15:46:40.075000 307113 site-packages/torch/utils/cpp_extension.py:2425] TORCH_CUDA_ARCH_LIST is not set, all archs for visible cards are included for compilation. 
W0831 15:46:40.075000 307113 site-packages/torch/utils/cpp_extension.py:2425] If this is not desired, please set os.environ['TORCH_CUDA_ARCH_LIST'] to specific architectures.
Could not load the custom kernel for multi-scale deformable attention: Error building extension 'MultiScaleDeformableAttention': [1/2] /home/ids/skhairi/anaconda3/envs/streamgve/bin/nvcc --generate-dependencies-with-compile --dependency-output ms_deform_attn_cuda.cuda.o.d -ccbin /usr/bin/gcc-13 -DTORCH_EXTENSION_NAME=MultiScaleDeformableAttention -DTORCH_API_INCLUDE_EXTENSION_H -DPYBIND11_COMPILER_TYPE=\"_gcc\" -DPYBIND11_STDLIB=\"_libstdcpp\" -DPYBIND11_BUILD_ABI=\"_cxxabi1018\" -I/home/ids/skhairi/anaconda3/envs/addit/lib/python3.11/site-packages/transformers/kernels/deformable_detr -isystem /home/ids/skhairi/anaconda3/envs/addit/lib/python3.11/site-packages/torch/include -isystem /home/ids/skhairi/anaconda3/envs/addit/lib/python3.11/site-packages/torch/include/torch/csrc/api/include -isystem /home/ids/skhairi/anaconda3/envs/streamgve/include -isystem /home/ids/skhairi/anaconda3/envs/addit/include/python3.11 -D__CUDA_NO_HALF_OPERATORS__ -D__CUDA_NO_HALF_CONVERSIONS__ -D__CUDA_NO_BFLOAT16_CONVERSIONS__ -D__CUDA_NO_HALF2_OPERATORS__ --expt-relaxed-constexpr -gencode=arch=compute_80,code=compute_80 -gencode=arch=compute_80,code=sm_80 --compiler-options '-fPIC' -DCUDA_HAS_FP16=1 -D__CUDA_NO_HALF_OPERATORS__ -D__CUDA_NO_HALF_CONVERSIONS__ -D__CUDA_NO_HALF2_OPERATORS__ -std=c++17 -c /home/ids/skhairi/anaconda3/envs/addit/lib/python3.11/site-packages/transformers/kernels/deformable_detr/cuda/ms_deform_attn_cuda.cu -o ms_deform_attn_cuda.cuda.o 
FAILED: ms_deform_attn_cuda.cuda.o 
/home/ids/skhairi/anaconda3/envs/streamgve/bin/nvcc --generate-dependencies-with-compile --dependency-output ms_deform_attn_cuda.cuda.o.d -ccbin /usr/bin/gcc-13 -DTORCH_EXTENSION_NAME=MultiScaleDeformableAttention -DTORCH_API_INCLUDE_EXTENSION_H -DPYBIND11_COMPILER_TYPE=\"_gcc\" -DPYBIND11_STDLIB=\"_libstdcpp\" -DPYBIND11_BUILD_ABI=\"_cxxabi1018\" -I/home/ids/skhairi/anaconda3/envs/addit/lib/python3.11/site-packages/transformers/kernels/deformable_detr -isystem /home/ids/skhairi/anaconda3/envs/addit/lib/python3.11/site-packages/torch/include -isystem /home/ids/skhairi/anaconda3/envs/addit/lib/python3.11/site-packages/torch/include/torch/csrc/api/include -isystem /home/ids/skhairi/anaconda3/envs/streamgve/include -isystem /home/ids/skhairi/anaconda3/envs/addit/include/python3.11 -D__CUDA_NO_HALF_OPERATORS__ -D__CUDA_NO_HALF_CONVERSIONS__ -D__CUDA_NO_BFLOAT16_CONVERSIONS__ -D__CUDA_NO_HALF2_OPERATORS__ --expt-relaxed-constexpr -gencode=arch=compute_80,code=compute_80 -gencode=arch=compute_80,code=sm_80 --compiler-options '-fPIC' -DCUDA_HAS_FP16=1 -D__CUDA_NO_HALF_OPERATORS__ -D__CUDA_NO_HALF_CONVERSIONS__ -D__CUDA_NO_HALF2_OPERATORS__ -std=c++17 -c /home/ids/skhairi/anaconda3/envs/addit/lib/python3.11/site-packages/transformers/kernels/deformable_detr/cuda/ms_deform_attn_cuda.cu -o ms_deform_attn_cuda.cuda.o 
/home/ids/skhairi/anaconda3/envs/addit/lib/python3.11/site-packages/transformers/kernels/deformable_detr/cuda/ms_deform_attn_cuda.cu:19:9: warning: #pragma once in main file
   19 | #pragma once
      |         ^~~~
/home/ids/skhairi/anaconda3/envs/addit/lib/python3.11/site-packages/transformers/kernels/deformable_detr/cuda/ms_deform_attn_cuda.cu:19:9: warning: #pragma once in main file
   19 | #pragma once
      |         ^~~~
/home/ids/skhairi/anaconda3/envs/addit/lib/python3.11/site-packages/transformers/kernels/deformable_detr/cuda/ms_deform_attn_cuda.cu(67): error: no suitable conversion function from "const at::DeprecatedTypeProperties" to "c10::ScalarType" exists
         ; at::ScalarType _st = ::detail::scalar_type(the_type); ; switch (_st) { case at::ScalarType::Double: { do { if constexpr (!at::should_include_kernel_dtype( at_dispatch_name, at::ScalarType::Double)) { if (!(false)) { ::c10::detail::torchCheckFail( __func__, "/home/ids/skhairi/anaconda3/envs/addit/lib/python3.11/site-packages/transformers/kernels/deformable_detr/cuda/ms_deform_attn_cuda.cu", static_cast<uint32_t>(67), (::c10::detail::torchCheckMsgImpl( "Expected " "false" " to be true, but got false.  " "(Could this error message be improved?  If so, " "please report an enhancement request to PyTorch.)", "dtype '", toString(at::ScalarType::Double), "' not selected for kernel tag ", at_dispatch_name))); }; } } while (0); using scalar_t [[maybe_unused]] = c10::impl::ScalarTypeToCPPTypeT<at::ScalarType::Double>; return 
                                                      ^

/home/ids/skhairi/anaconda3/envs/addit/lib/python3.11/site-packages/transformers/kernels/deformable_detr/cuda/ms_deform_attn_cuda.cu(137): error: no suitable conversion function from "const at::DeprecatedTypeProperties" to "c10::ScalarType" exists
         ; at::ScalarType _st = ::detail::scalar_type(the_type); ; switch (_st) { case at::ScalarType::Double: { do { if constexpr (!at::should_include_kernel_dtype( at_dispatch_name, at::ScalarType::Double)) { if (!(false)) { ::c10::detail::torchCheckFail( __func__, "/home/ids/skhairi/anaconda3/envs/addit/lib/python3.11/site-packages/transformers/kernels/deformable_detr/cuda/ms_deform_attn_cuda.cu", static_cast<uint32_t>(137), (::c10::detail::torchCheckMsgImpl( "Expected " "false" " to be true, but got false.  " "(Could this error message be improved?  If so, " "please report an enhancement request to PyTorch.)", "dtype '", toString(at::ScalarType::Double), "' not selected for kernel tag ", at_dispatch_name))); }; } } while (0); using scalar_t [[maybe_unused]] = c10::impl::ScalarTypeToCPPTypeT<at::ScalarType::Double>; return 
                                                      ^

2 errors detected in the compilation of "/home/ids/skhairi/anaconda3/envs/addit/lib/python3.11/site-packages/transformers/kernels/deformable_detr/cuda/ms_deform_attn_cuda.cu".
ninja: build stopped: subcommand failed.

Could not load the custom kernel for multi-scale deformable attention: /home/ids/skhairi/.cache/torch_extensions/py311_cu128/MultiScaleDeformableAttention/MultiScaleDeformableAttention.so: cannot open shared object file: No such file or directory
Could not load the custom kernel for multi-scale deformable attention: /home/ids/skhairi/.cache/torch_extensions/py311_cu128/MultiScaleDeformableAttention/MultiScaleDeformableAttention.so: cannot open shared object file: No such file or directory
Could not load the custom kernel for multi-scale deformable attention: /home/ids/skhairi/.cache/torch_extensions/py311_cu128/MultiScaleDeformableAttention/MultiScaleDeformableAttention.so: cannot open shared object file: No such file or directory
Could not load the custom kernel for multi-scale deformable attention: /home/ids/skhairi/.cache/torch_extensions/py311_cu128/MultiScaleDeformableAttention/MultiScaleDeformableAttention.so: cannot open shared object file: No such file or directory
Could not load the custom kernel for multi-scale deformable attention: /home/ids/skhairi/.cache/torch_extensions/py311_cu128/MultiScaleDeformableAttention/MultiScaleDeformableAttention.so: cannot open shared object file: No such file or directory
Could not load the custom kernel for multi-scale deformable attention: /home/ids/skhairi/.cache/torch_extensions/py311_cu128/MultiScaleDeformableAttention/MultiScaleDeformableAttention.so: cannot open shared object file: No such file or directory
Could not load the custom kernel for multi-scale deformable attention: /home/ids/skhairi/.cache/torch_extensions/py311_cu128/MultiScaleDeformableAttention/MultiScaleDeformableAttention.so: cannot open shared object file: No such file or directory
Could not load the custom kernel for multi-scale deformable attention: /home/ids/skhairi/.cache/torch_extensions/py311_cu128/MultiScaleDeformableAttention/MultiScaleDeformableAttention.so: cannot open shared object file: No such file or directory
Could not load the custom kernel for multi-scale deformable attention: /home/ids/skhairi/.cache/torch_extensions/py311_cu128/MultiScaleDeformableAttention/MultiScaleDeformableAttention.so: cannot open shared object file: No such file or directory
Could not load the custom kernel for multi-scale deformable attention: /home/ids/skhairi/.cache/torch_extensions/py311_cu128/MultiScaleDeformableAttention/MultiScaleDeformableAttention.so: cannot open shared object file: No such file or directory
Could not load the custom kernel for multi-scale deformable attention: /home/ids/skhairi/.cache/torch_extensions/py311_cu128/MultiScaleDeformableAttention/MultiScaleDeformableAttention.so: cannot open shared object file: No such file or directory
Traceback (most recent call last):
  File "/home/ids/skhairi/Code/StreamEdit_bigchantier/evaluation/r28_target_masks.py", line 235, in <module>
    sys.exit(main())
             ^^^^^^
  File "/home/ids/skhairi/Code/StreamEdit_bigchantier/evaluation/r28_target_masks.py", line 211, in main
    masks, fired, scores = build_target_masks(
                           ^^^^^^^^^^^^^^^^^^^
  File "/home/ids/skhairi/Code/StreamEdit_bigchantier/evaluation/r28_target_masks.py", line 117, in build_target_masks
    m, score, _ = phrase_mask(img, trg_word, gdino_proc, gdino, predictor, device, box_thr)
                  ^^^^^^^^^^^^^^^^^^^^^^^^^^^^^^^^^^^^^^^^^^^^^^^^^^^^^^^^^^^^^^^^^^^^^^^^^
  File "/home/ids/skhairi/anaconda3/envs/addit/lib/python3.11/site-packages/torch/utils/_contextlib.py", line 120, in decorate_context
    return func(*args, **kwargs)
           ^^^^^^^^^^^^^^^^^^^^^
  File "/home/ids/skhairi/Code/StreamEdit_bigchantier/evaluation/r25_iou.py", line 124, in phrase_mask
    det = gdino_proc.post_process_grounded_object_detection(
          ^^^^^^^^^^^^^^^^^^^^^^^^^^^^^^^^^^^^^^^^^^^^^^^^^^
TypeError: GroundingDinoProcessor.post_process_grounded_object_detection() got an unexpected keyword argument 'threshold'
