[r28_dump] node=node39 task=14 arm=taubg1_taufg20_vp
GPU 0: NVIDIA L40S (UUID: GPU-25914df1-99ab-e6a7-5f87-359345c089bf)
[r28_dump] torch 2.8.0+cu128 cuda_ok True
[r28_masks] 22 case(s), stride 8, arm root /projects/dataggen/outputs/five_bench/r26_spatial_tau/taubg1_taufg20_vp
[r28_masks] GroundingDINO + SAM2 loaded on cuda
[r28_masks] edit1/0001_bus               n=  9 fired=  9/9 tgt_fg=0.088 union_fg=0.185
[r28_masks] edit2/0028_kite-walk         n=  9 fired=  9/9 tgt_fg=0.045 union_fg=0.056
[r28_masks] edit2/0040_tennis            n=  9 fired=  9/9 tgt_fg=0.112 union_fg=0.129
[r28_masks] edit2/0057_dog               n=  8 fired=  8/8 tgt_fg=0.112 union_fg=0.166
[r28_masks] edit2/0011_lucia             n=  9 fired=  9/9 tgt_fg=0.172 union_fg=0.186
[r28_masks] edit2/0014_burnout           n=  9 fired=  8/9 tgt_fg=0.061 union_fg=0.111
[r28_masks] edit2/0016_horsejump-high    n=  6 fired=  6/6 tgt_fg=0.038 union_fg=0.066
[r28_masks] edit2/0068_planes-water      n=  5 fired=  5/5 tgt_fg=0.148 union_fg=0.188
[r28_masks] edit2/0074_rhino             n= 11 fired= 11/11 tgt_fg=0.178 union_fg=0.221
[r28_masks] edit2/0075_A_bicycle         n= 11 fired= 11/11 tgt_fg=0.028 union_fg=0.080
[r28_masks] edit2/0076_A_rabbit          n= 11 fired= 11/11 tgt_fg=0.089 union_fg=0.148
[r28_masks] edit2/0090_A_deer            n= 11 fired= 11/11 tgt_fg=0.080 union_fg=0.113
[r28_masks] edit2/0091_A_hawk            n= 11 fired= 11/11 tgt_fg=0.088 union_fg=0.093
[r28_masks] edit5/0007_guitar-violin     n=  6 fired=  6/6 tgt_fg=0.279 union_fg=0.279
[r28_masks] edit5/0069_car-turn          n=  9 fired=  9/9 tgt_fg=0.127 union_fg=0.127
[r28_masks] edit5/0011_lucia             n=  9 fired=  9/9 tgt_fg=0.073 union_fg=0.073
[r28_masks] edit6/0042_gym-ball          n=  9 fired=  0/9 tgt_fg=0.000 union_fg=0.114
[r28_masks] edit2/0034_cows              n= 12 fired= 12/12 tgt_fg=0.216 union_fg=0.238
[r28_masks] edit3/0017_kid-football      n=  8 fired=  8/8 tgt_fg=0.024 union_fg=0.185
[r28_masks] edit3/0058_boat              n=  9 fired=  9/9 tgt_fg=0.071 union_fg=0.086
[r28_masks] edit4/0089_A_dog             n= 11 fired= 11/11 tgt_fg=0.242 union_fg=0.264
[r28_masks] edit4/0028_kite-walk         n=  9 fired=  9/9 tgt_fg=0.025 union_fg=0.039
[r28_masks] failures: 0
[r28_dump] taubg1_taufg20_vp: 22 npz written (expected 22)
[r28_dump] failures: 0
