[r28_dump] node=node02 task=25 arm=taubg3_taufg4_vp
GPU 0: NVIDIA A100-PCIE-40GB (UUID: GPU-e0d9e564-da31-8dde-3f9c-ffb6841b3a80)
[r28_dump] torch 2.8.0+cu128 cuda_ok True
[r28_masks] 22 case(s), stride 8, arm root /projects/dataggen/outputs/five_bench/r26_spatial_tau/taubg3_taufg4_vp
[r28_masks] GroundingDINO + SAM2 loaded on cuda
[r28_masks] edit1/0001_bus               n=  9 fired=  9/9 tgt_fg=0.107 union_fg=0.181
[r28_masks] edit2/0028_kite-walk         n=  9 fired=  8/9 tgt_fg=0.029 union_fg=0.042
[r28_masks] edit2/0040_tennis            n=  9 fired=  9/9 tgt_fg=0.046 union_fg=0.056
[r28_masks] edit2/0057_dog               n=  8 fired=  8/8 tgt_fg=0.081 union_fg=0.122
[r28_masks] edit2/0011_lucia             n=  9 fired=  9/9 tgt_fg=0.058 union_fg=0.070
[r28_masks] edit2/0014_burnout           n=  9 fired=  9/9 tgt_fg=0.059 union_fg=0.087
[r28_masks] edit2/0016_horsejump-high    n=  6 fired=  6/6 tgt_fg=0.035 union_fg=0.060
[r28_masks] edit2/0068_planes-water      n=  5 fired=  5/5 tgt_fg=0.107 union_fg=0.153
[r28_masks] edit2/0074_rhino             n= 11 fired= 11/11 tgt_fg=0.128 union_fg=0.176
[r28_masks] edit2/0075_A_bicycle         n= 11 fired= 11/11 tgt_fg=0.008 union_fg=0.063
[r28_masks] edit2/0076_A_rabbit          n= 11 fired= 11/11 tgt_fg=0.053 union_fg=0.120
[r28_masks] edit2/0090_A_deer            n= 11 fired= 11/11 tgt_fg=0.021 union_fg=0.072
[r28_masks] edit2/0091_A_hawk            n= 11 fired= 11/11 tgt_fg=0.058 union_fg=0.063
[r28_masks] edit5/0007_guitar-violin     n=  6 fired=  6/6 tgt_fg=0.278 union_fg=0.278
[r28_masks] edit5/0069_car-turn          n=  9 fired=  9/9 tgt_fg=0.089 union_fg=0.089
[r28_masks] edit5/0011_lucia             n=  9 fired=  9/9 tgt_fg=0.053 union_fg=0.053
[r28_masks] edit6/0042_gym-ball          n=  9 fired=  0/9 tgt_fg=0.000 union_fg=0.114
[r28_masks] edit2/0034_cows              n= 12 fired= 12/12 tgt_fg=0.116 union_fg=0.143
[r28_masks] edit3/0017_kid-football      n=  8 fired=  8/8 tgt_fg=0.022 union_fg=0.183
[r28_masks] edit3/0058_boat              n=  9 fired=  9/9 tgt_fg=0.071 union_fg=0.080
[r28_masks] edit4/0089_A_dog             n= 11 fired= 11/11 tgt_fg=0.185 union_fg=0.207
[r28_masks] edit4/0028_kite-walk         n=  9 fired=  9/9 tgt_fg=0.024 union_fg=0.035
[r28_masks] failures: 0
[r28_dump] taubg3_taufg4_vp: 22 npz written (expected 22)
[r28_dump] failures: 0
