[r28_fixed_union] node=nodecpu03 job=976585
[r28_fixed_union] 54 arm dirs under /projects/dataggen/outputs/five_bench/r28_tgt_masks (expected 54)
[r28_union] 54 arms: baseline, r7_visual_prompting, taubg0_taufg10_vp, taubg0_taufg20_vp, taubg0_taufg2_vp, taubg0_taufg3_vp, taubg0_taufg4_vp, taubg0_taufg50_vp, taubg0_taufg6_vp, taubg0_taufg8_vp, taubg10_taufg10_vp, taubg10_taufg20_vp, taubg10_taufg50_vp, taubg1_taufg10_vp, taubg1_taufg20_vp, taubg1_taufg2_vp, taubg1_taufg3_vp, taubg1_taufg4_vp, taubg1_taufg50_vp, taubg1_taufg6_vp, taubg1_taufg8_vp, taubg20_taufg20_vp, taubg20_taufg50_vp, taubg2_taufg10_vp, taubg2_taufg20_vp, taubg2_taufg2_vp, taubg2_taufg3_vp, taubg2_taufg4_vp, taubg2_taufg50_vp, taubg2_taufg6_vp, taubg2_taufg8_vp, taubg3_taufg10_vp, taubg3_taufg20_vp, taubg3_taufg3_vp, taubg3_taufg4_vp, taubg3_taufg50_vp, taubg3_taufg6_vp, taubg3_taufg8_vp, taubg4_taufg10_vp, taubg4_taufg20_vp, taubg4_taufg4_vp, taubg4_taufg50_vp, taubg4_taufg6_vp, taubg4_taufg8_vp, taubg50_taufg50_vp, taubg6_taufg10_vp, taubg6_taufg20_vp, taubg6_taufg50_vp, taubg6_taufg6_vp, taubg6_taufg8_vp, taubg8_taufg10_vp, taubg8_taufg20_vp, taubg8_taufg50_vp, taubg8_taufg8_vp
[r28_union] 22 cases, stride 8 -> /projects/dataggen/outputs/five_bench/r28_tgt_masks/_fixed_union
[r28_union] edit1/0001_bus               n=  9 union_fg=0.209 (src 0.178)
[r28_union] edit2/0028_kite-walk         n=  9 union_fg=0.106 (src 0.034)
[r28_union] edit2/0040_tennis            n=  9 union_fg=0.292 (src 0.044)
[r28_union] edit2/0057_dog               n=  8 union_fg=0.265 (src 0.117)
[r28_union] edit2/0011_lucia             n=  9 union_fg=0.270 (src 0.052)
[r28_union] edit2/0014_burnout           n=  9 union_fg=0.193 (src 0.078)
[r28_union] edit2/0016_horsejump-high    n=  6 union_fg=0.122 (src 0.053)
[r28_union] edit2/0068_planes-water      n=  5 union_fg=0.261 (src 0.139)
[r28_union] edit2/0074_rhino             n= 11 union_fg=0.308 (src 0.164)
[r28_union] edit2/0075_A_bicycle         n= 11 union_fg=0.119 (src 0.059)
[r28_union] edit2/0076_A_rabbit          n= 11 union_fg=0.237 (src 0.116)
[r28_union] edit2/0090_A_deer            n= 11 union_fg=0.235 (src 0.063)
[r28_union] edit2/0091_A_hawk            n= 11 union_fg=0.124 (src 0.011)
[r28_union] edit5/0007_guitar-violin     n=  6 union_fg=0.287 (src 0.275)
[r28_union] edit5/0069_car-turn          n=  9 union_fg=0.187 (src 0.083)
[r28_union] edit5/0011_lucia             n=  9 union_fg=0.134 (src 0.052)
[r28_union] edit6/0042_gym-ball          n=  9 union_fg=0.114 (src 0.114)
[r28_union] edit2/0034_cows              n= 12 union_fg=0.402 (src 0.126)
[r28_union] edit3/0017_kid-football      n=  8 union_fg=0.209 (src 0.182)
[r28_union] edit3/0058_boat              n=  9 union_fg=0.108 (src 0.073)
[r28_union] edit4/0089_A_dog             n= 11 union_fg=0.348 (src 0.196)
[r28_union] edit4/0028_kite-walk         n=  9 union_fg=0.080 (src 0.034)

[r28_union] wrote 22 clips, failures: 0
[r28_union] mean marginal contribution per arm (fraction of pixels ONLY that arm adds; a large value = that arm is driving the union, the signature of an over-firing grounding):
    taubg50_taufg50_vp           0.00471
    taubg20_taufg50_vp           0.00244
    taubg20_taufg20_vp           0.00130
    taubg10_taufg50_vp           0.00066
    taubg10_taufg10_vp           0.00065
    taubg0_taufg50_vp            0.00051
    baseline                     0.00039
    taubg10_taufg20_vp           0.00035
    taubg8_taufg50_vp            0.00032
    taubg6_taufg20_vp            0.00028
    taubg6_taufg50_vp            0.00022
    taubg8_taufg20_vp            0.00018
    taubg8_taufg10_vp            0.00016
    taubg3_taufg20_vp            0.00015
    taubg4_taufg50_vp            0.00015
    taubg8_taufg8_vp             0.00014
    taubg4_taufg20_vp            0.00013
    taubg3_taufg50_vp            0.00013
    taubg1_taufg20_vp            0.00012
    taubg2_taufg50_vp            0.00012
    taubg6_taufg6_vp             0.00012
    taubg6_taufg10_vp            0.00010
    taubg2_taufg20_vp            0.00010
    taubg1_taufg50_vp            0.00010
    taubg0_taufg4_vp             0.00008
    taubg1_taufg3_vp             0.00007
    taubg0_taufg20_vp            0.00007
    taubg4_taufg4_vp             0.00006
    taubg3_taufg10_vp            0.00006
    taubg6_taufg8_vp             0.00006
    taubg2_taufg4_vp             0.00005
    taubg2_taufg8_vp             0.00004
    taubg4_taufg10_vp            0.00003
    taubg2_taufg10_vp            0.00003
    taubg3_taufg8_vp             0.00003
    taubg3_taufg3_vp             0.00002
    taubg3_taufg6_vp             0.00002
    taubg0_taufg8_vp             0.00002
    taubg1_taufg6_vp             0.00002
    taubg0_taufg6_vp             0.00002
    taubg0_taufg2_vp             0.00002
    taubg0_taufg10_vp            0.00002
    taubg4_taufg8_vp             0.00002
    taubg4_taufg6_vp             0.00001
    taubg1_taufg10_vp            0.00001
    taubg1_taufg4_vp             0.00001
    taubg3_taufg4_vp             0.00001
    taubg2_taufg3_vp             0.00001
    taubg1_taufg8_vp             0.00001
    taubg0_taufg3_vp             0.00001
    taubg2_taufg6_vp             0.00001
    taubg1_taufg2_vp             0.00001
    r7_visual_prompting          0.00000
    taubg2_taufg2_vp             0.00000
[r28_fixed_union] exit=0
[r28_fixed_union] OK -> /projects/dataggen/outputs/five_bench/r28_tgt_masks/_fixed_union
