[r28_dump] node=nodeaudible01 task=6 arm=taubg0_taufg20_vp
GPU 0: NVIDIA A100-SXM4-40GB (UUID: GPU-f70ca5b3-d385-e485-cc83-52d11907d91b)
[r28_dump] torch 2.8.0+cu128 cuda_ok True
[r28_masks] 22 case(s), stride 8, arm root /projects/dataggen/outputs/five_bench/r26_spatial_tau/taubg0_taufg20_vp
[r28_masks] GroundingDINO + SAM2 loaded on cuda
[r28_masks] edit1/0001_bus               n=  9 fired=  9/9 tgt_fg=0.088 union_fg=0.184
[r28_masks] edit2/0028_kite-walk         n=  9 fired=  9/9 tgt_fg=0.045 union_fg=0.054
[r28_masks] edit2/0040_tennis            n=  9 fired=  9/9 tgt_fg=0.102 union_fg=0.119
[r28_masks] edit2/0057_dog               n=  8 fired=  8/8 tgt_fg=0.110 union_fg=0.168
[r28_masks] edit2/0011_lucia             n=  9 fired=  9/9 tgt_fg=0.172 union_fg=0.187
[r28_masks] edit2/0014_burnout           n=  9 fired=  8/9 tgt_fg=0.054 union_fg=0.109
[r28_masks] edit2/0016_horsejump-high    n=  6 fired=  6/6 tgt_fg=0.037 union_fg=0.065
[r28_masks] edit2/0068_planes-water      n=  5 fired=  5/5 tgt_fg=0.163 union_fg=0.199
[r28_masks] edit2/0074_rhino             n= 11 fired= 11/11 tgt_fg=0.157 union_fg=0.205
[r28_masks] edit2/0075_A_bicycle         n= 11 fired= 11/11 tgt_fg=0.029 union_fg=0.080
[r28_masks] edit2/0076_A_rabbit          n= 11 fired= 11/11 tgt_fg=0.070 union_fg=0.142
[r28_masks] edit2/0090_A_deer            n= 11 fired= 11/11 tgt_fg=0.082 union_fg=0.111
[r28_masks] edit2/0091_A_hawk            n= 11 fired= 10/11 tgt_fg=0.064 union_fg=0.070
[r28_masks] edit5/0007_guitar-violin     n=  6 fired=  6/6 tgt_fg=0.278 union_fg=0.278
[r28_masks] edit5/0069_car-turn          n=  9 fired=  9/9 tgt_fg=0.129 union_fg=0.129
[r28_masks] edit5/0011_lucia             n=  9 fired=  9/9 tgt_fg=0.071 union_fg=0.071
[r28_masks] edit6/0042_gym-ball          n=  9 fired=  0/9 tgt_fg=0.000 union_fg=0.114
[r28_masks] edit2/0034_cows              n= 12 fired= 12/12 tgt_fg=0.214 union_fg=0.237
[r28_masks] edit3/0017_kid-football      n=  8 fired=  8/8 tgt_fg=0.023 union_fg=0.184
[r28_masks] edit3/0058_boat              n=  9 fired=  9/9 tgt_fg=0.068 union_fg=0.084
[r28_masks] edit4/0089_A_dog             n= 11 fired= 11/11 tgt_fg=0.242 union_fg=0.263
[r28_masks] edit4/0028_kite-walk         n=  9 fired=  9/9 tgt_fg=0.025 union_fg=0.037
[r28_masks] failures: 0
[r28_dump] taubg0_taufg20_vp: 22 npz written (expected 22)
[r28_dump] failures: 0
