[r28_dump] node=node39 task=38 arm=taubg6_taufg8_vp
GPU 0: NVIDIA L40S (UUID: GPU-25914df1-99ab-e6a7-5f87-359345c089bf)
[r28_dump] torch 2.8.0+cu128 cuda_ok True
[r28_masks] 22 case(s), stride 8, arm root /projects/dataggen/outputs/five_bench/r26_spatial_tau/taubg6_taufg8_vp
[r28_masks] GroundingDINO + SAM2 loaded on cuda
[r28_masks] edit1/0001_bus               n=  9 fired=  9/9 tgt_fg=0.105 union_fg=0.186
[r28_masks] edit2/0028_kite-walk         n=  9 fired=  8/9 tgt_fg=0.040 union_fg=0.052
[r28_masks] edit2/0040_tennis            n=  9 fired=  9/9 tgt_fg=0.059 union_fg=0.073
[r28_masks] edit2/0057_dog               n=  8 fired=  8/8 tgt_fg=0.080 union_fg=0.137
[r28_masks] edit2/0011_lucia             n=  9 fired=  9/9 tgt_fg=0.099 union_fg=0.110
[r28_masks] edit2/0014_burnout           n=  9 fired=  9/9 tgt_fg=0.059 union_fg=0.104
[r28_masks] edit2/0016_horsejump-high    n=  6 fired=  6/6 tgt_fg=0.034 union_fg=0.063
[r28_masks] edit2/0068_planes-water      n=  5 fired=  5/5 tgt_fg=0.108 union_fg=0.158
[r28_masks] edit2/0074_rhino             n= 11 fired= 11/11 tgt_fg=0.122 union_fg=0.185
[r28_masks] edit2/0075_A_bicycle         n= 11 fired= 11/11 tgt_fg=0.016 union_fg=0.068
[r28_masks] edit2/0076_A_rabbit          n= 11 fired= 11/11 tgt_fg=0.058 union_fg=0.128
[r28_masks] edit2/0090_A_deer            n= 11 fired= 11/11 tgt_fg=0.030 union_fg=0.078
[r28_masks] edit2/0091_A_hawk            n= 11 fired=  9/11 tgt_fg=0.062 union_fg=0.068
[r28_masks] edit5/0007_guitar-violin     n=  6 fired=  6/6 tgt_fg=0.279 union_fg=0.279
[r28_masks] edit5/0069_car-turn          n=  9 fired=  9/9 tgt_fg=0.102 union_fg=0.102
[r28_masks] edit5/0011_lucia             n=  9 fired=  7/9 tgt_fg=0.052 union_fg=0.052
[r28_masks] edit6/0042_gym-ball          n=  9 fired=  0/9 tgt_fg=0.000 union_fg=0.114
[r28_masks] edit2/0034_cows              n= 12 fired= 12/12 tgt_fg=0.151 union_fg=0.173
[r28_masks] edit3/0017_kid-football      n=  8 fired=  8/8 tgt_fg=0.024 union_fg=0.185
[r28_masks] edit3/0058_boat              n=  9 fired=  9/9 tgt_fg=0.070 union_fg=0.083
[r28_masks] edit4/0089_A_dog             n= 11 fired= 11/11 tgt_fg=0.208 union_fg=0.230
[r28_masks] edit4/0028_kite-walk         n=  9 fired=  9/9 tgt_fg=0.024 union_fg=0.037
[r28_masks] failures: 0
[r28_dump] taubg6_taufg8_vp: 22 npz written (expected 22)
[r28_dump] failures: 0
