[r30_stage2] === render task 0: arm=lpips ===
[r30_stage2] node=node39 CUDA_VISIBLE_DEVICES=0
GPU 0: NVIDIA L40S (UUID: GPU-b6aad0ab-9542-dbeb-b0e0-668fb96dc8b2)
--- [r30_stage2] lpips edit1 (expect 1 clip(s)) ---
Free VRAM 43.969970703125 GB
KV inference with 3 frames per block
[run_fivebench] tau_map: 22 pairs loaded, 1 needed for edit1
[run_fivebench] edit_type=1 method=lpips pairs=1 vp_mode=vp blend_sched=paper(eq4) out=/projects/dataggen/outputs/five_bench/r30_arms/lpips/edit1
[run_fivebench] R26/R30 pass 2: spatial tau from /projects/dataggen/outputs/five_bench/r26_masks/edit1/ tau_bg=0.0 per-pair from /home/ids/skhairi/Code/StreamEdit_bigchantier/evaluation/csv/r30_b_map_lpips.csv
Moving DynamicSwap_WanTextEncoder to cuda:0 with preserved memory: 35.39573574066162 GB
[[0, 1, 2]] [[0, 1, 2]]
[ok] 0001_bus: 69 frames  tau=5.3185
[run_fivebench] done edit1: 1/1 ok -> /projects/dataggen/outputs/five_bench/r30_arms/lpips/edit1/_manifest.csv
--- [r30_stage2] lpips edit2 (expect 13 clip(s)) ---
Free VRAM 43.969970703125 GB
KV inference with 3 frames per block
[run_fivebench] tau_map: 22 pairs loaded, 13 needed for edit2
[run_fivebench] edit_type=2 method=lpips pairs=13 vp_mode=vp blend_sched=paper(eq4) out=/projects/dataggen/outputs/five_bench/r30_arms/lpips/edit2
[run_fivebench] R26/R30 pass 2: spatial tau from /projects/dataggen/outputs/five_bench/r26_masks/edit2/ tau_bg=0.0 per-pair from /home/ids/skhairi/Code/StreamEdit_bigchantier/evaluation/csv/r30_b_map_lpips.csv
Moving DynamicSwap_WanTextEncoder to cuda:0 with preserved memory: 35.39573574066162 GB
[[0, 1, 2, 3, 4, 5]] [[0, 1, 2]]
[ok] 0011_lucia: 69 frames  tau=20.5723
Moving DynamicSwap_WanTextEncoder to cuda:0 with preserved memory: 35.07646942138672 GB
[[0, 1, 2]] [[0, 1, 2]]
[ok] 0014_burnout: 69 frames  tau=12.9414
Moving DynamicSwap_WanTextEncoder to cuda:0 with preserved memory: 35.07759380340576 GB
[[0, 1, 2, 3, 4]] [[0, 1, 2, 3]]
[ok] 0016_horsejump-high: 45 frames  tau=5.2858
Moving DynamicSwap_WanTextEncoder to cuda:0 with preserved memory: 35.18358612060547 GB
[[0, 1]] [[1, 2]]
[ok] 0028_kite-walk: 69 frames  tau=10.8578
Moving DynamicSwap_WanTextEncoder to cuda:0 with preserved memory: 35.07534456253052 GB
[[0, 1, 2, 3, 4]] [[0, 1]]
Moving DynamicSwap_WanTextEncoder to cuda:0 with preserved memory: 35.07181119918823 GB
[[0, 1, 2, 3, 4]] [[0, 1]]
[ok] 0034_cows: 93 frames  tau=7.2253
Moving DynamicSwap_WanTextEncoder to cuda:0 with preserved memory: 34.96935272216797 GB
[[0, 1, 2]] [[0, 1]]
[ok] 0040_tennis: 69 frames  tau=9.0587
Moving DynamicSwap_WanTextEncoder to cuda:0 with preserved memory: 35.07703161239624 GB
[[0, 1, 2, 3]] [[0, 1, 2]]
[ok] 0057_dog: 57 frames  tau=14.7833
Moving DynamicSwap_WanTextEncoder to cuda:0 with preserved memory: 35.13171434402466 GB
[[0, 1, 2, 3, 4]] [[0, 1, 2, 3]]
[ok] 0068_planes-water: 33 frames  tau=8.7054
Moving DynamicSwap_WanTextEncoder to cuda:0 with preserved memory: 35.23658227920532 GB
[[0, 1, 2, 3, 4]] [[0, 1, 2, 3]]
Moving DynamicSwap_WanTextEncoder to cuda:0 with preserved memory: 35.23304891586304 GB
[[0, 1, 2, 3, 4]] [[0, 1, 2, 3]]
[ok] 0074_rhino: 81 frames  tau=9.3668
Moving DynamicSwap_WanTextEncoder to cuda:0 with preserved memory: 35.02234888076782 GB
[[0, 1]] [[0, 1]]
Moving DynamicSwap_WanTextEncoder to cuda:0 with preserved memory: 35.01881551742554 GB
[[0, 1]] [[0, 1]]
[ok] 0075_A_bicycle: 81 frames  tau=5.0483
Moving DynamicSwap_WanTextEncoder to cuda:0 with preserved memory: 35.02234888076782 GB
[[0, 1, 2]] [[0, 1]]
Moving DynamicSwap_WanTextEncoder to cuda:0 with preserved memory: 35.01881551742554 GB
[[0, 1, 2]] [[0, 1]]
[ok] 0076_A_rabbit: 81 frames  tau=11.1906
Moving DynamicSwap_WanTextEncoder to cuda:0 with preserved memory: 35.02234888076782 GB
[[0, 1, 2]] [[0, 1, 2]]
Moving DynamicSwap_WanTextEncoder to cuda:0 with preserved memory: 35.01881551742554 GB
[[0, 1, 2]] [[0, 1, 2]]
[ok] 0090_A_deer: 81 frames  tau=8.6954
Moving DynamicSwap_WanTextEncoder to cuda:0 with preserved memory: 35.02234888076782 GB
[[0, 1, 2]] [[0, 1, 2, 3, 4]]
Moving DynamicSwap_WanTextEncoder to cuda:0 with preserved memory: 35.01881551742554 GB
[[0, 1, 2]] [[0, 1, 2, 3, 4]]
[ok] 0091_A_hawk: 81 frames  tau=50.0
[run_fivebench] done edit2: 13/13 ok -> /projects/dataggen/outputs/five_bench/r30_arms/lpips/edit2/_manifest.csv
--- [r30_stage2] lpips edit3 (expect 2 clip(s)) ---
Free VRAM 43.969970703125 GB
KV inference with 3 frames per block
[run_fivebench] tau_map: 22 pairs loaded, 2 needed for edit3
[run_fivebench] edit_type=3 method=lpips pairs=2 vp_mode=vp blend_sched=paper(eq4) out=/projects/dataggen/outputs/five_bench/r30_arms/lpips/edit3
[run_fivebench] R26/R30 pass 2: spatial tau from /projects/dataggen/outputs/five_bench/r26_masks/edit3/ tau_bg=0.0 per-pair from /home/ids/skhairi/Code/StreamEdit_bigchantier/evaluation/csv/r30_b_map_lpips.csv
Moving DynamicSwap_WanTextEncoder to cuda:0 with preserved memory: 35.39629793167114 GB
[[0, 1, 2]] [[4, 5, 6]]
[ok] 0017_kid-football: 57 frames  tau=3.7804
Moving DynamicSwap_WanTextEncoder to cuda:0 with preserved memory: 35.130027770996094 GB
[[0, 1, 2, 3]] [[0, 1, 2, 3]]
[ok] 0058_boat: 69 frames  tau=2.9379
[run_fivebench] done edit3: 2/2 ok -> /projects/dataggen/outputs/five_bench/r30_arms/lpips/edit3/_manifest.csv
--- [r30_stage2] lpips edit4 (expect 2 clip(s)) ---
Free VRAM 43.969970703125 GB
KV inference with 3 frames per block
[run_fivebench] tau_map: 22 pairs loaded, 2 needed for edit4
[run_fivebench] edit_type=4 method=lpips pairs=2 vp_mode=vp blend_sched=paper(eq4) out=/projects/dataggen/outputs/five_bench/r30_arms/lpips/edit4
[run_fivebench] R26/R30 pass 2: spatial tau from /projects/dataggen/outputs/five_bench/r26_masks/edit4/ tau_bg=0.0 per-pair from /home/ids/skhairi/Code/StreamEdit_bigchantier/evaluation/csv/r30_b_map_lpips.csv
Moving DynamicSwap_WanTextEncoder to cuda:0 with preserved memory: 35.39573574066162 GB
[[0, 1]] [[0, 1, 2]]
[ok] 0028_kite-walk: 69 frames  tau=4.1685
Moving DynamicSwap_WanTextEncoder to cuda:0 with preserved memory: 35.0759072303772 GB
[[0, 1]] [[1, 2]]
Moving DynamicSwap_WanTextEncoder to cuda:0 with preserved memory: 35.07237386703491 GB
[[0, 1]] [[1, 2]]
[ok] 0089_A_dog: 81 frames  tau=7.4831
[run_fivebench] done edit4: 2/2 ok -> /projects/dataggen/outputs/five_bench/r30_arms/lpips/edit4/_manifest.csv
--- [r30_stage2] lpips edit5 (expect 3 clip(s)) ---
Free VRAM 43.969970703125 GB
KV inference with 3 frames per block
[run_fivebench] tau_map: 22 pairs loaded, 3 needed for edit5
[run_fivebench] edit_type=5 method=lpips pairs=3 vp_mode=vp blend_sched=paper(eq4) out=/projects/dataggen/outputs/five_bench/r30_arms/lpips/edit5
[run_fivebench] R26/R30 pass 2: spatial tau from /projects/dataggen/outputs/five_bench/r26_masks/edit5/ tau_bg=0.0 per-pair from /home/ids/skhairi/Code/StreamEdit_bigchantier/evaluation/csv/r30_b_map_lpips.csv
Moving DynamicSwap_WanTextEncoder to cuda:0 with preserved memory: 35.396860122680664 GB
[[0, 1]] [[0, 1, 2, 3, 4]]
[ok] 0007_guitar-violin: 45 frames  tau=2.0
Moving DynamicSwap_WanTextEncoder to cuda:0 with preserved memory: 35.18358612060547 GB
[[0, 1, 2, 3, 4, 5]] [[7, 8, 9, 10, 11]]
[ok] 0011_lucia: 69 frames  tau=3.7088
Moving DynamicSwap_WanTextEncoder to cuda:0 with preserved memory: 35.07646942138672 GB
[[0, 1, 2]] [[4, 5, 6, 7, 8, 9, 10]]
[ok] 0069_car-turn: 69 frames  tau=4.9787
[run_fivebench] done edit5: 3/3 ok -> /projects/dataggen/outputs/five_bench/r30_arms/lpips/edit5/_manifest.csv
--- [r30_stage2] lpips edit6 (expect 1 clip(s)) ---
Free VRAM 43.969970703125 GB
KV inference with 3 frames per block
[run_fivebench] tau_map: 22 pairs loaded, 1 needed for edit6
[run_fivebench] edit_type=6 method=lpips pairs=1 vp_mode=vp blend_sched=paper(eq4) out=/projects/dataggen/outputs/five_bench/r30_arms/lpips/edit6
[run_fivebench] R26/R30 pass 2: spatial tau from /projects/dataggen/outputs/five_bench/r26_masks/edit6/ tau_bg=0.0 per-pair from /home/ids/skhairi/Code/StreamEdit_bigchantier/evaluation/csv/r30_b_map_lpips.csv
Moving DynamicSwap_WanTextEncoder to cuda:0 with preserved memory: 35.39573574066162 GB
[[0, 1]] [[6, 7, 8, 9, 10]]
[ok] 0042_gym-ball: 69 frames  tau=2.2355
[run_fivebench] done edit6: 1/1 ok -> /projects/dataggen/outputs/five_bench/r30_arms/lpips/edit6/_manifest.csv
[r30_stage2] lpips total frame dirs: 22 (expected 22)
[r30_stage2] lpips non-ok manifest rows: 0
[r30_stage2] lpips failures: 0
