[r30_arm_grids] loading 4 spatial-arm models on cuda ...
/home/ids/skhairi/anaconda3/envs/five-bench/lib/python3.11/site-packages/torchvision/models/_utils.py:208: UserWarning: The parameter 'pretrained' is deprecated since 0.13 and may be removed in the future, please use 'weights' instead.
  warnings.warn(
/home/ids/skhairi/anaconda3/envs/five-bench/lib/python3.11/site-packages/torchvision/models/_utils.py:223: UserWarning: Arguments other than a weight enum or `None` for 'weights' are deprecated since 0.13 and may be removed in the future. The current behavior is equivalent to passing `weights=AlexNet_Weights.IMAGENET1K_V1`. You can also use `weights=AlexNet_Weights.DEFAULT` to get the most up-to-date weights.
  warnings.warn(msg)
/home/ids/skhairi/anaconda3/envs/five-bench/lib/python3.11/site-packages/lpips/lpips.py:107: FutureWarning: You are using `torch.load` with `weights_only=False` (the current default value), which uses the default pickle module implicitly. It is possible to construct malicious pickle data which will execute arbitrary code during unpickling (See https://github.com/pytorch/pytorch/blob/main/SECURITY.md#untrusted-models for more details). In a future release, the default value for `weights_only` will be flipped to `True`. This limits the functions that could be executed during unpickling. Arbitrary objects will no longer be allowed to be loaded via this mode unless they are explicitly allowlisted by the user via `torch.serialization.add_safe_globals`. We recommend you start setting `weights_only=True` for any use case where you don't have full control of the loaded file. Please open an issue on GitHub for any issues related to this experimental feature.
  self.load_state_dict(torch.load(model_path, map_location='cpu'), strict=False)
Setting up [LPIPS] perceptual loss: trunk [alex], v[0.1], spatial [on]
Loading model from: /home/ids/skhairi/anaconda3/envs/five-bench/lib/python3.11/site-packages/lpips/weights/v0.1/alex.pth
Loading weights:   0%|          | 0/224 [00:00<?, ?it/s]Loading weights: 100%|██████████| 224/224 [00:00<00:00, 43698.80it/s]
The image processor of type `DPTImageProcessor` is now loaded as a fast processor by default, even if the model checkpoint was saved with a slow processor. This is a breaking change and may produce slightly different outputs. To continue using the slow processor, instantiate this class with `use_fast=False`. 
Loading weights:   0%|          | 0/503 [00:00<?, ?it/s]Loading weights: 100%|██████████| 503/503 [00:00<00:00, 15988.65it/s]
Couldn't connect to the Hub: Cannot reach https://huggingface.co/api/models/prs-eth/marigold-normals-v1-1: offline mode is enabled. To disable it, please unset the `HF_HUB_OFFLINE` environment variable..
Will try to load from local cache.
Loading pipeline components...:   0%|          | 0/5 [00:00<?, ?it/s]
Loading weights:   0%|          | 0/372 [00:00<?, ?it/s][ALoading weights: 100%|██████████| 372/372 [00:00<00:00, 13151.39it/s]
[1mCLIPTextModel LOAD REPORT[0m from: /home/ids/skhairi/.cache/huggingface/hub/models--prs-eth--marigold-normals-v1-1/snapshots/09cfdd258cb281fa006cf1afcd2284376d16687d/text_encoder
Key                                | Status     |  | 
-----------------------------------+------------+--+-
text_model.embeddings.position_ids | UNEXPECTED |  | 

[3mNotes:
- UNEXPECTED[3m	:can be ignored when loading from different task/architecture; not ok if you expect identical arch.[0m
Loading pipeline components...:  20%|██        | 1/5 [00:00<00:00,  4.09it/s]Loading pipeline components...:  80%|████████  | 4/5 [00:00<00:00, 12.10it/s]Loading pipeline components...: 100%|██████████| 5/5 [00:00<00:00, 12.41it/s]
[r30_arm_grids] models loaded
[r30_arm_grids] wrote evaluation/figures/r30_arm_grids/lpips/0001_bus.png
[r30_arm_grids] wrote evaluation/figures/r30_arm_grids/dino_cls/0001_bus.png
[r30_arm_grids] wrote evaluation/figures/r30_arm_grids/dino_patch/0001_bus.png
[r30_arm_grids] wrote evaluation/figures/r30_arm_grids/clip_image/0001_bus.png
[r30_arm_grids] wrote evaluation/figures/r30_arm_grids/clip_prompt/0001_bus.png
[r30_arm_grids] wrote evaluation/figures/r30_arm_grids/depth/0001_bus.png
[r30_arm_grids] wrote evaluation/figures/r30_arm_grids/normals/0001_bus.png
[r30_arm_grids] wrote evaluation/figures/r30_arm_grids/selfsim/0001_bus.png
[r30_arm_grids] wrote evaluation/figures/r30_arm_grids/lpips/0028_kite-walk.png
[r30_arm_grids] wrote evaluation/figures/r30_arm_grids/dino_cls/0028_kite-walk.png
[r30_arm_grids] wrote evaluation/figures/r30_arm_grids/dino_patch/0028_kite-walk.png
[r30_arm_grids] wrote evaluation/figures/r30_arm_grids/clip_image/0028_kite-walk.png
[r30_arm_grids] wrote evaluation/figures/r30_arm_grids/clip_prompt/0028_kite-walk.png
[r30_arm_grids] wrote evaluation/figures/r30_arm_grids/depth/0028_kite-walk.png
[r30_arm_grids] wrote evaluation/figures/r30_arm_grids/normals/0028_kite-walk.png
[r30_arm_grids] wrote evaluation/figures/r30_arm_grids/selfsim/0028_kite-walk.png
[r30_arm_grids] wrote evaluation/figures/r30_arm_grids/lpips/0040_tennis.png
[r30_arm_grids] wrote evaluation/figures/r30_arm_grids/dino_cls/0040_tennis.png
[r30_arm_grids] wrote evaluation/figures/r30_arm_grids/dino_patch/0040_tennis.png
[r30_arm_grids] wrote evaluation/figures/r30_arm_grids/clip_image/0040_tennis.png
[r30_arm_grids] wrote evaluation/figures/r30_arm_grids/clip_prompt/0040_tennis.png
[r30_arm_grids] wrote evaluation/figures/r30_arm_grids/depth/0040_tennis.png
[r30_arm_grids] wrote evaluation/figures/r30_arm_grids/normals/0040_tennis.png
[r30_arm_grids] wrote evaluation/figures/r30_arm_grids/selfsim/0040_tennis.png
[r30_arm_grids] wrote evaluation/figures/r30_arm_grids/lpips/0057_dog.png
[r30_arm_grids] wrote evaluation/figures/r30_arm_grids/dino_cls/0057_dog.png
[r30_arm_grids] wrote evaluation/figures/r30_arm_grids/dino_patch/0057_dog.png
[r30_arm_grids] wrote evaluation/figures/r30_arm_grids/clip_image/0057_dog.png
[r30_arm_grids] wrote evaluation/figures/r30_arm_grids/clip_prompt/0057_dog.png
[r30_arm_grids] wrote evaluation/figures/r30_arm_grids/depth/0057_dog.png
[r30_arm_grids] wrote evaluation/figures/r30_arm_grids/normals/0057_dog.png
[r30_arm_grids] wrote evaluation/figures/r30_arm_grids/selfsim/0057_dog.png
[r30_arm_grids] wrote evaluation/figures/r30_arm_grids/lpips/0011_lucia_e2.png
[r30_arm_grids] wrote evaluation/figures/r30_arm_grids/dino_cls/0011_lucia_e2.png
[r30_arm_grids] wrote evaluation/figures/r30_arm_grids/dino_patch/0011_lucia_e2.png
[r30_arm_grids] wrote evaluation/figures/r30_arm_grids/clip_image/0011_lucia_e2.png
[r30_arm_grids] wrote evaluation/figures/r30_arm_grids/clip_prompt/0011_lucia_e2.png
[r30_arm_grids] wrote evaluation/figures/r30_arm_grids/depth/0011_lucia_e2.png
[r30_arm_grids] wrote evaluation/figures/r30_arm_grids/normals/0011_lucia_e2.png
[r30_arm_grids] wrote evaluation/figures/r30_arm_grids/selfsim/0011_lucia_e2.png
[r30_arm_grids] wrote evaluation/figures/r30_arm_grids/lpips/0014_burnout.png
[r30_arm_grids] wrote evaluation/figures/r30_arm_grids/dino_cls/0014_burnout.png
[r30_arm_grids] wrote evaluation/figures/r30_arm_grids/dino_patch/0014_burnout.png
[r30_arm_grids] wrote evaluation/figures/r30_arm_grids/clip_image/0014_burnout.png
[r30_arm_grids] wrote evaluation/figures/r30_arm_grids/clip_prompt/0014_burnout.png
[r30_arm_grids] wrote evaluation/figures/r30_arm_grids/depth/0014_burnout.png
[r30_arm_grids] wrote evaluation/figures/r30_arm_grids/normals/0014_burnout.png
[r30_arm_grids] wrote evaluation/figures/r30_arm_grids/selfsim/0014_burnout.png
[r30_arm_grids] wrote evaluation/figures/r30_arm_grids/lpips/0016_horsejump-high.png
[r30_arm_grids] wrote evaluation/figures/r30_arm_grids/dino_cls/0016_horsejump-high.png
[r30_arm_grids] wrote evaluation/figures/r30_arm_grids/dino_patch/0016_horsejump-high.png
[r30_arm_grids] wrote evaluation/figures/r30_arm_grids/clip_image/0016_horsejump-high.png
[r30_arm_grids] wrote evaluation/figures/r30_arm_grids/clip_prompt/0016_horsejump-high.png
[r30_arm_grids] wrote evaluation/figures/r30_arm_grids/depth/0016_horsejump-high.png
[r30_arm_grids] wrote evaluation/figures/r30_arm_grids/normals/0016_horsejump-high.png
[r30_arm_grids] wrote evaluation/figures/r30_arm_grids/selfsim/0016_horsejump-high.png
[r30_arm_grids] wrote evaluation/figures/r30_arm_grids/lpips/0068_planes-water.png
[r30_arm_grids] wrote evaluation/figures/r30_arm_grids/dino_cls/0068_planes-water.png
[r30_arm_grids] wrote evaluation/figures/r30_arm_grids/dino_patch/0068_planes-water.png
[r30_arm_grids] wrote evaluation/figures/r30_arm_grids/clip_image/0068_planes-water.png
[r30_arm_grids] wrote evaluation/figures/r30_arm_grids/clip_prompt/0068_planes-water.png
[r30_arm_grids] wrote evaluation/figures/r30_arm_grids/depth/0068_planes-water.png
[r30_arm_grids] wrote evaluation/figures/r30_arm_grids/normals/0068_planes-water.png
[r30_arm_grids] wrote evaluation/figures/r30_arm_grids/selfsim/0068_planes-water.png
[r30_arm_grids] wrote evaluation/figures/r30_arm_grids/lpips/0074_rhino.png
[r30_arm_grids] wrote evaluation/figures/r30_arm_grids/dino_cls/0074_rhino.png
[r30_arm_grids] wrote evaluation/figures/r30_arm_grids/dino_patch/0074_rhino.png
[r30_arm_grids] wrote evaluation/figures/r30_arm_grids/clip_image/0074_rhino.png
[r30_arm_grids] wrote evaluation/figures/r30_arm_grids/clip_prompt/0074_rhino.png
[r30_arm_grids] wrote evaluation/figures/r30_arm_grids/depth/0074_rhino.png
[r30_arm_grids] wrote evaluation/figures/r30_arm_grids/normals/0074_rhino.png
[r30_arm_grids] wrote evaluation/figures/r30_arm_grids/selfsim/0074_rhino.png
[r30_arm_grids] wrote evaluation/figures/r30_arm_grids/lpips/0075_A_bicycle.png
[r30_arm_grids] wrote evaluation/figures/r30_arm_grids/dino_cls/0075_A_bicycle.png
[r30_arm_grids] wrote evaluation/figures/r30_arm_grids/dino_patch/0075_A_bicycle.png
[r30_arm_grids] wrote evaluation/figures/r30_arm_grids/clip_image/0075_A_bicycle.png
[r30_arm_grids] wrote evaluation/figures/r30_arm_grids/clip_prompt/0075_A_bicycle.png
[r30_arm_grids] wrote evaluation/figures/r30_arm_grids/depth/0075_A_bicycle.png
[r30_arm_grids] wrote evaluation/figures/r30_arm_grids/normals/0075_A_bicycle.png
[r30_arm_grids] wrote evaluation/figures/r30_arm_grids/selfsim/0075_A_bicycle.png
[r30_arm_grids] wrote evaluation/figures/r30_arm_grids/lpips/0076_A_rabbit.png
[r30_arm_grids] wrote evaluation/figures/r30_arm_grids/dino_cls/0076_A_rabbit.png
[r30_arm_grids] wrote evaluation/figures/r30_arm_grids/dino_patch/0076_A_rabbit.png
[r30_arm_grids] wrote evaluation/figures/r30_arm_grids/clip_image/0076_A_rabbit.png
[r30_arm_grids] wrote evaluation/figures/r30_arm_grids/clip_prompt/0076_A_rabbit.png
[r30_arm_grids] wrote evaluation/figures/r30_arm_grids/depth/0076_A_rabbit.png
[r30_arm_grids] wrote evaluation/figures/r30_arm_grids/normals/0076_A_rabbit.png
[r30_arm_grids] wrote evaluation/figures/r30_arm_grids/selfsim/0076_A_rabbit.png
[r30_arm_grids] wrote evaluation/figures/r30_arm_grids/lpips/0090_A_deer.png
[r30_arm_grids] wrote evaluation/figures/r30_arm_grids/dino_cls/0090_A_deer.png
[r30_arm_grids] wrote evaluation/figures/r30_arm_grids/dino_patch/0090_A_deer.png
[r30_arm_grids] wrote evaluation/figures/r30_arm_grids/clip_image/0090_A_deer.png
[r30_arm_grids] wrote evaluation/figures/r30_arm_grids/clip_prompt/0090_A_deer.png
[r30_arm_grids] wrote evaluation/figures/r30_arm_grids/depth/0090_A_deer.png
[r30_arm_grids] wrote evaluation/figures/r30_arm_grids/normals/0090_A_deer.png
[r30_arm_grids] wrote evaluation/figures/r30_arm_grids/selfsim/0090_A_deer.png
[r30_arm_grids] wrote evaluation/figures/r30_arm_grids/lpips/0091_A_hawk.png
[r30_arm_grids] wrote evaluation/figures/r30_arm_grids/dino_cls/0091_A_hawk.png
[r30_arm_grids] wrote evaluation/figures/r30_arm_grids/dino_patch/0091_A_hawk.png
[r30_arm_grids] wrote evaluation/figures/r30_arm_grids/clip_image/0091_A_hawk.png
[r30_arm_grids] wrote evaluation/figures/r30_arm_grids/clip_prompt/0091_A_hawk.png
[r30_arm_grids] wrote evaluation/figures/r30_arm_grids/depth/0091_A_hawk.png
[r30_arm_grids] wrote evaluation/figures/r30_arm_grids/normals/0091_A_hawk.png
[r30_arm_grids] wrote evaluation/figures/r30_arm_grids/selfsim/0091_A_hawk.png
[r30_arm_grids] wrote evaluation/figures/r30_arm_grids/lpips/0007_guitar-violin.png
[r30_arm_grids] wrote evaluation/figures/r30_arm_grids/dino_cls/0007_guitar-violin.png
[r30_arm_grids] wrote evaluation/figures/r30_arm_grids/dino_patch/0007_guitar-violin.png
[r30_arm_grids] wrote evaluation/figures/r30_arm_grids/clip_image/0007_guitar-violin.png
[r30_arm_grids] wrote evaluation/figures/r30_arm_grids/clip_prompt/0007_guitar-violin.png
[r30_arm_grids] wrote evaluation/figures/r30_arm_grids/depth/0007_guitar-violin.png
[r30_arm_grids] wrote evaluation/figures/r30_arm_grids/normals/0007_guitar-violin.png
[r30_arm_grids] wrote evaluation/figures/r30_arm_grids/selfsim/0007_guitar-violin.png
[r30_arm_grids] wrote evaluation/figures/r30_arm_grids/lpips/0069_car-turn.png
[r30_arm_grids] wrote evaluation/figures/r30_arm_grids/dino_cls/0069_car-turn.png
[r30_arm_grids] wrote evaluation/figures/r30_arm_grids/dino_patch/0069_car-turn.png
[r30_arm_grids] wrote evaluation/figures/r30_arm_grids/clip_image/0069_car-turn.png
[r30_arm_grids] wrote evaluation/figures/r30_arm_grids/clip_prompt/0069_car-turn.png
[r30_arm_grids] wrote evaluation/figures/r30_arm_grids/depth/0069_car-turn.png
[r30_arm_grids] wrote evaluation/figures/r30_arm_grids/normals/0069_car-turn.png
[r30_arm_grids] wrote evaluation/figures/r30_arm_grids/selfsim/0069_car-turn.png
[r30_arm_grids] wrote evaluation/figures/r30_arm_grids/lpips/0011_lucia_e5.png
[r30_arm_grids] wrote evaluation/figures/r30_arm_grids/dino_cls/0011_lucia_e5.png
[r30_arm_grids] wrote evaluation/figures/r30_arm_grids/dino_patch/0011_lucia_e5.png
[r30_arm_grids] wrote evaluation/figures/r30_arm_grids/clip_image/0011_lucia_e5.png
[r30_arm_grids] wrote evaluation/figures/r30_arm_grids/clip_prompt/0011_lucia_e5.png
[r30_arm_grids] wrote evaluation/figures/r30_arm_grids/depth/0011_lucia_e5.png
[r30_arm_grids] wrote evaluation/figures/r30_arm_grids/normals/0011_lucia_e5.png
[r30_arm_grids] wrote evaluation/figures/r30_arm_grids/selfsim/0011_lucia_e5.png
[r30_arm_grids] wrote evaluation/figures/r30_arm_grids/lpips/0042_gym-ball.png
[r30_arm_grids] wrote evaluation/figures/r30_arm_grids/dino_cls/0042_gym-ball.png
[r30_arm_grids] wrote evaluation/figures/r30_arm_grids/dino_patch/0042_gym-ball.png
[r30_arm_grids] wrote evaluation/figures/r30_arm_grids/clip_image/0042_gym-ball.png
[r30_arm_grids] wrote evaluation/figures/r30_arm_grids/clip_prompt/0042_gym-ball.png
[r30_arm_grids] wrote evaluation/figures/r30_arm_grids/depth/0042_gym-ball.png
[r30_arm_grids] wrote evaluation/figures/r30_arm_grids/normals/0042_gym-ball.png
[r30_arm_grids] wrote evaluation/figures/r30_arm_grids/selfsim/0042_gym-ball.png
[r30_arm_grids] wrote evaluation/figures/r30_arm_grids/lpips/0034_cows.png
[r30_arm_grids] wrote evaluation/figures/r30_arm_grids/dino_cls/0034_cows.png
[r30_arm_grids] wrote evaluation/figures/r30_arm_grids/dino_patch/0034_cows.png
[r30_arm_grids] wrote evaluation/figures/r30_arm_grids/clip_image/0034_cows.png
[r30_arm_grids] wrote evaluation/figures/r30_arm_grids/clip_prompt/0034_cows.png
[r30_arm_grids] wrote evaluation/figures/r30_arm_grids/depth/0034_cows.png
[r30_arm_grids] wrote evaluation/figures/r30_arm_grids/normals/0034_cows.png
[r30_arm_grids] wrote evaluation/figures/r30_arm_grids/selfsim/0034_cows.png
[r30_arm_grids] wrote evaluation/figures/r30_arm_grids/lpips/0017_kid-football.png
[r30_arm_grids] wrote evaluation/figures/r30_arm_grids/dino_cls/0017_kid-football.png
[r30_arm_grids] wrote evaluation/figures/r30_arm_grids/dino_patch/0017_kid-football.png
[r30_arm_grids] wrote evaluation/figures/r30_arm_grids/clip_image/0017_kid-football.png
[r30_arm_grids] wrote evaluation/figures/r30_arm_grids/clip_prompt/0017_kid-football.png
[r30_arm_grids] wrote evaluation/figures/r30_arm_grids/depth/0017_kid-football.png
[r30_arm_grids] wrote evaluation/figures/r30_arm_grids/normals/0017_kid-football.png
[r30_arm_grids] wrote evaluation/figures/r30_arm_grids/selfsim/0017_kid-football.png
[r30_arm_grids] wrote evaluation/figures/r30_arm_grids/lpips/0058_boat.png
[r30_arm_grids] wrote evaluation/figures/r30_arm_grids/dino_cls/0058_boat.png
[r30_arm_grids] wrote evaluation/figures/r30_arm_grids/dino_patch/0058_boat.png
[r30_arm_grids] wrote evaluation/figures/r30_arm_grids/clip_image/0058_boat.png
[r30_arm_grids] wrote evaluation/figures/r30_arm_grids/clip_prompt/0058_boat.png
[r30_arm_grids] wrote evaluation/figures/r30_arm_grids/depth/0058_boat.png
[r30_arm_grids] wrote evaluation/figures/r30_arm_grids/normals/0058_boat.png
[r30_arm_grids] wrote evaluation/figures/r30_arm_grids/selfsim/0058_boat.png
[r30_arm_grids] wrote evaluation/figures/r30_arm_grids/lpips/0089_A_dog.png
[r30_arm_grids] wrote evaluation/figures/r30_arm_grids/dino_cls/0089_A_dog.png
[r30_arm_grids] wrote evaluation/figures/r30_arm_grids/dino_patch/0089_A_dog.png
[r30_arm_grids] wrote evaluation/figures/r30_arm_grids/clip_image/0089_A_dog.png
[r30_arm_grids] wrote evaluation/figures/r30_arm_grids/clip_prompt/0089_A_dog.png
[r30_arm_grids] wrote evaluation/figures/r30_arm_grids/depth/0089_A_dog.png
[r30_arm_grids] wrote evaluation/figures/r30_arm_grids/normals/0089_A_dog.png
[r30_arm_grids] wrote evaluation/figures/r30_arm_grids/selfsim/0089_A_dog.png
[r30_arm_grids] wrote evaluation/figures/r30_arm_grids/lpips/0028_kite-walk_e4.png
[r30_arm_grids] wrote evaluation/figures/r30_arm_grids/dino_cls/0028_kite-walk_e4.png
[r30_arm_grids] wrote evaluation/figures/r30_arm_grids/dino_patch/0028_kite-walk_e4.png
[r30_arm_grids] wrote evaluation/figures/r30_arm_grids/clip_image/0028_kite-walk_e4.png
[r30_arm_grids] wrote evaluation/figures/r30_arm_grids/clip_prompt/0028_kite-walk_e4.png
[r30_arm_grids] wrote evaluation/figures/r30_arm_grids/depth/0028_kite-walk_e4.png
[r30_arm_grids] wrote evaluation/figures/r30_arm_grids/normals/0028_kite-walk_e4.png
[r30_arm_grids] wrote evaluation/figures/r30_arm_grids/selfsim/0028_kite-walk_e4.png

[r30_arm_grids] wrote 176 page(s) under evaluation/figures/r30_arm_grids, 0 failure(s)
