[r30_stage2] === render task 6: arm=normals ===
[r30_stage2] node=nodeaudible01 CUDA_VISIBLE_DEVICES=0
GPU 0: NVIDIA A100-SXM4-40GB (UUID: GPU-a5154c34-486c-8788-7885-d7534f9d0e28)
--- [r30_stage2] normals edit1 (expect 1 clip(s)) ---
Free VRAM 39.10040283203125 GB
KV inference with 3 frames per block
[run_fivebench] tau_map: 22 pairs loaded, 1 needed for edit1
[run_fivebench] edit_type=1 method=normals pairs=1 vp_mode=vp blend_sched=paper(eq4) out=/projects/dataggen/outputs/five_bench/r30_arms/normals/edit1
[run_fivebench] R26/R30 pass 2: spatial tau from /projects/dataggen/outputs/five_bench/r26_masks/edit1/ tau_bg=0.0 per-pair from /home/ids/skhairi/Code/StreamEdit_bigchantier/evaluation/csv/r30_b_map_normals.csv
Moving DynamicSwap_WanTextEncoder to cuda:0 with preserved memory: 30.51835536956787 GB
[[0, 1, 2]] [[0, 1, 2]]
[ok] 0001_bus: 69 frames  tau=5.6631
[run_fivebench] done edit1: 1/1 ok -> /projects/dataggen/outputs/five_bench/r30_arms/normals/edit1/_manifest.csv
--- [r30_stage2] normals edit2 (expect 13 clip(s)) ---
Free VRAM 39.10040283203125 GB
KV inference with 3 frames per block
[run_fivebench] tau_map: 22 pairs loaded, 13 needed for edit2
[run_fivebench] edit_type=2 method=normals pairs=13 vp_mode=vp blend_sched=paper(eq4) out=/projects/dataggen/outputs/five_bench/r30_arms/normals/edit2
[run_fivebench] R26/R30 pass 2: spatial tau from /projects/dataggen/outputs/five_bench/r26_masks/edit2/ tau_bg=0.0 per-pair from /home/ids/skhairi/Code/StreamEdit_bigchantier/evaluation/csv/r30_b_map_normals.csv
Moving DynamicSwap_WanTextEncoder to cuda:0 with preserved memory: 30.51835536956787 GB
[[0, 1, 2, 3, 4, 5]] [[0, 1, 2]]
[ok] 0011_lucia: 69 frames  tau=6.2844
Moving DynamicSwap_WanTextEncoder to cuda:0 with preserved memory: 30.19908905029297 GB
[[0, 1, 2]] [[0, 1, 2]]
[ok] 0014_burnout: 69 frames  tau=50.0
Moving DynamicSwap_WanTextEncoder to cuda:0 with preserved memory: 30.20021343231201 GB
[[0, 1, 2, 3, 4]] [[0, 1, 2, 3]]
[ok] 0016_horsejump-high: 45 frames  tau=5.9623
Moving DynamicSwap_WanTextEncoder to cuda:0 with preserved memory: 30.30620574951172 GB
[[0, 1]] [[1, 2]]
[ok] 0028_kite-walk: 69 frames  tau=3.8195
Moving DynamicSwap_WanTextEncoder to cuda:0 with preserved memory: 30.197964191436768 GB
[[0, 1, 2, 3, 4]] [[0, 1]]
Moving DynamicSwap_WanTextEncoder to cuda:0 with preserved memory: 30.194430828094482 GB
[[0, 1, 2, 3, 4]] [[0, 1]]
[ok] 0034_cows: 93 frames  tau=12.57
Moving DynamicSwap_WanTextEncoder to cuda:0 with preserved memory: 30.09197235107422 GB
[[0, 1, 2]] [[0, 1]]
[ok] 0040_tennis: 69 frames  tau=6.7077
Moving DynamicSwap_WanTextEncoder to cuda:0 with preserved memory: 30.19965124130249 GB
[[0, 1, 2, 3]] [[0, 1, 2]]
[ok] 0057_dog: 57 frames  tau=5.2743
Moving DynamicSwap_WanTextEncoder to cuda:0 with preserved memory: 30.254333972930908 GB
[[0, 1, 2, 3, 4]] [[0, 1, 2, 3]]
[ok] 0068_planes-water: 33 frames  tau=5.9732
Moving DynamicSwap_WanTextEncoder to cuda:0 with preserved memory: 30.359201908111572 GB
[[0, 1, 2, 3, 4]] [[0, 1, 2, 3]]
Moving DynamicSwap_WanTextEncoder to cuda:0 with preserved memory: 30.355668544769287 GB
[[0, 1, 2, 3, 4]] [[0, 1, 2, 3]]
[ok] 0074_rhino: 81 frames  tau=8.8753
Moving DynamicSwap_WanTextEncoder to cuda:0 with preserved memory: 30.144968509674072 GB
[[0, 1]] [[0, 1]]
Moving DynamicSwap_WanTextEncoder to cuda:0 with preserved memory: 30.141435146331787 GB
[[0, 1]] [[0, 1]]
[ok] 0075_A_bicycle: 81 frames  tau=4.5421
Moving DynamicSwap_WanTextEncoder to cuda:0 with preserved memory: 30.144968509674072 GB
[[0, 1, 2]] [[0, 1]]
Moving DynamicSwap_WanTextEncoder to cuda:0 with preserved memory: 30.141435146331787 GB
[[0, 1, 2]] [[0, 1]]
[ok] 0076_A_rabbit: 81 frames  tau=3.4622
Moving DynamicSwap_WanTextEncoder to cuda:0 with preserved memory: 30.144968509674072 GB
[[0, 1, 2]] [[0, 1, 2]]
Moving DynamicSwap_WanTextEncoder to cuda:0 with preserved memory: 30.141435146331787 GB
[[0, 1, 2]] [[0, 1, 2]]
[ok] 0090_A_deer: 81 frames  tau=4.2321
Moving DynamicSwap_WanTextEncoder to cuda:0 with preserved memory: 30.144968509674072 GB
[[0, 1, 2]] [[0, 1, 2, 3, 4]]
Moving DynamicSwap_WanTextEncoder to cuda:0 with preserved memory: 30.141435146331787 GB
[[0, 1, 2]] [[0, 1, 2, 3, 4]]
[ok] 0091_A_hawk: 81 frames  tau=3.6686
[run_fivebench] done edit2: 13/13 ok -> /projects/dataggen/outputs/five_bench/r30_arms/normals/edit2/_manifest.csv
--- [r30_stage2] normals edit3 (expect 2 clip(s)) ---
Free VRAM 39.10040283203125 GB
KV inference with 3 frames per block
[run_fivebench] tau_map: 22 pairs loaded, 2 needed for edit3
[run_fivebench] edit_type=3 method=normals pairs=2 vp_mode=vp blend_sched=paper(eq4) out=/projects/dataggen/outputs/five_bench/r30_arms/normals/edit3
[run_fivebench] R26/R30 pass 2: spatial tau from /projects/dataggen/outputs/five_bench/r26_masks/edit3/ tau_bg=0.0 per-pair from /home/ids/skhairi/Code/StreamEdit_bigchantier/evaluation/csv/r30_b_map_normals.csv
Moving DynamicSwap_WanTextEncoder to cuda:0 with preserved memory: 30.518917560577393 GB
[[0, 1, 2]] [[4, 5, 6]]
[ok] 0017_kid-football: 57 frames  tau=2.38
Moving DynamicSwap_WanTextEncoder to cuda:0 with preserved memory: 30.252647399902344 GB
[[0, 1, 2, 3]] [[0, 1, 2, 3]]
[ok] 0058_boat: 69 frames  tau=2.1086
[run_fivebench] done edit3: 2/2 ok -> /projects/dataggen/outputs/five_bench/r30_arms/normals/edit3/_manifest.csv
--- [r30_stage2] normals edit4 (expect 2 clip(s)) ---
Free VRAM 39.10040283203125 GB
KV inference with 3 frames per block
[run_fivebench] tau_map: 22 pairs loaded, 2 needed for edit4
[run_fivebench] edit_type=4 method=normals pairs=2 vp_mode=vp blend_sched=paper(eq4) out=/projects/dataggen/outputs/five_bench/r30_arms/normals/edit4
[run_fivebench] R26/R30 pass 2: spatial tau from /projects/dataggen/outputs/five_bench/r26_masks/edit4/ tau_bg=0.0 per-pair from /home/ids/skhairi/Code/StreamEdit_bigchantier/evaluation/csv/r30_b_map_normals.csv
Moving DynamicSwap_WanTextEncoder to cuda:0 with preserved memory: 30.51835536956787 GB
[[0, 1]] [[0, 1, 2]]
[ok] 0028_kite-walk: 69 frames  tau=3.5802
Moving DynamicSwap_WanTextEncoder to cuda:0 with preserved memory: 30.198526859283447 GB
[[0, 1]] [[1, 2]]
Moving DynamicSwap_WanTextEncoder to cuda:0 with preserved memory: 30.194993495941162 GB
[[0, 1]] [[1, 2]]
[ok] 0089_A_dog: 81 frames  tau=5.9984
[run_fivebench] done edit4: 2/2 ok -> /projects/dataggen/outputs/five_bench/r30_arms/normals/edit4/_manifest.csv
--- [r30_stage2] normals edit5 (expect 3 clip(s)) ---
Free VRAM 39.10040283203125 GB
KV inference with 3 frames per block
[run_fivebench] tau_map: 22 pairs loaded, 3 needed for edit5
[run_fivebench] edit_type=5 method=normals pairs=3 vp_mode=vp blend_sched=paper(eq4) out=/projects/dataggen/outputs/five_bench/r30_arms/normals/edit5
[run_fivebench] R26/R30 pass 2: spatial tau from /projects/dataggen/outputs/five_bench/r26_masks/edit5/ tau_bg=0.0 per-pair from /home/ids/skhairi/Code/StreamEdit_bigchantier/evaluation/csv/r30_b_map_normals.csv
Moving DynamicSwap_WanTextEncoder to cuda:0 with preserved memory: 30.519479751586914 GB
[[0, 1]] [[0, 1, 2, 3, 4]]
[ok] 0007_guitar-violin: 45 frames  tau=2.6555
Moving DynamicSwap_WanTextEncoder to cuda:0 with preserved memory: 30.30620574951172 GB
[[0, 1, 2, 3, 4, 5]] [[7, 8, 9, 10, 11]]
[ok] 0011_lucia: 69 frames  tau=3.0698
Moving DynamicSwap_WanTextEncoder to cuda:0 with preserved memory: 30.19908905029297 GB
[[0, 1, 2]] [[4, 5, 6, 7, 8, 9, 10]]
[ok] 0069_car-turn: 69 frames  tau=3.5145
[run_fivebench] done edit5: 3/3 ok -> /projects/dataggen/outputs/five_bench/r30_arms/normals/edit5/_manifest.csv
--- [r30_stage2] normals edit6 (expect 1 clip(s)) ---
Free VRAM 39.10040283203125 GB
KV inference with 3 frames per block
[run_fivebench] tau_map: 22 pairs loaded, 1 needed for edit6
[run_fivebench] edit_type=6 method=normals pairs=1 vp_mode=vp blend_sched=paper(eq4) out=/projects/dataggen/outputs/five_bench/r30_arms/normals/edit6
[run_fivebench] R26/R30 pass 2: spatial tau from /projects/dataggen/outputs/five_bench/r26_masks/edit6/ tau_bg=0.0 per-pair from /home/ids/skhairi/Code/StreamEdit_bigchantier/evaluation/csv/r30_b_map_normals.csv
Moving DynamicSwap_WanTextEncoder to cuda:0 with preserved memory: 30.51835536956787 GB
[[0, 1]] [[6, 7, 8, 9, 10]]
[ok] 0042_gym-ball: 69 frames  tau=3.2719
[run_fivebench] done edit6: 1/1 ok -> /projects/dataggen/outputs/five_bench/r30_arms/normals/edit6/_manifest.csv
[r30_stage2] normals total frame dirs: 22 (expected 22)
[r30_stage2] normals non-ok manifest rows: 0
[r30_stage2] normals failures: 0
