[r30_stage2] === render task 2: arm=dino_patch ===
[r30_stage2] node=node50 CUDA_VISIBLE_DEVICES=0
GPU 0: NVIDIA L40S (UUID: GPU-f1e85481-4264-e23b-92ec-e41664b2064f)
--- [r30_stage2] dino_patch edit1 (expect 1 clip(s)) ---
Free VRAM 43.96807861328125 GB
KV inference with 3 frames per block
[run_fivebench] tau_map: 22 pairs loaded, 1 needed for edit1
[run_fivebench] edit_type=1 method=dino_patch pairs=1 vp_mode=vp blend_sched=paper(eq4) out=/projects/dataggen/outputs/five_bench/r30_arms/dino_patch/edit1
[run_fivebench] R26/R30 pass 2: spatial tau from /projects/dataggen/outputs/five_bench/r26_masks/edit1/ tau_bg=0.0 per-pair from /home/ids/skhairi/Code/StreamEdit_bigchantier/evaluation/csv/r30_b_map_dino_patch.csv
Moving DynamicSwap_WanTextEncoder to cuda:0 with preserved memory: 35.39384365081787 GB
[[0, 1, 2]] [[0, 1, 2]]
[ok] 0001_bus: 69 frames  tau=6.6471
[run_fivebench] done edit1: 1/1 ok -> /projects/dataggen/outputs/five_bench/r30_arms/dino_patch/edit1/_manifest.csv
--- [r30_stage2] dino_patch edit2 (expect 13 clip(s)) ---
Free VRAM 43.96807861328125 GB
KV inference with 3 frames per block
[run_fivebench] tau_map: 22 pairs loaded, 13 needed for edit2
[run_fivebench] edit_type=2 method=dino_patch pairs=13 vp_mode=vp blend_sched=paper(eq4) out=/projects/dataggen/outputs/five_bench/r30_arms/dino_patch/edit2
[run_fivebench] R26/R30 pass 2: spatial tau from /projects/dataggen/outputs/five_bench/r26_masks/edit2/ tau_bg=0.0 per-pair from /home/ids/skhairi/Code/StreamEdit_bigchantier/evaluation/csv/r30_b_map_dino_patch.csv
Moving DynamicSwap_WanTextEncoder to cuda:0 with preserved memory: 35.39384365081787 GB
[[0, 1, 2, 3, 4, 5]] [[0, 1, 2]]
[ok] 0011_lucia: 69 frames  tau=30.8733
Moving DynamicSwap_WanTextEncoder to cuda:0 with preserved memory: 35.07457733154297 GB
[[0, 1, 2]] [[0, 1, 2]]
[ok] 0014_burnout: 69 frames  tau=15.9924
Moving DynamicSwap_WanTextEncoder to cuda:0 with preserved memory: 35.07570171356201 GB
[[0, 1, 2, 3, 4]] [[0, 1, 2, 3]]
[ok] 0016_horsejump-high: 45 frames  tau=6.4906
Moving DynamicSwap_WanTextEncoder to cuda:0 with preserved memory: 35.18169403076172 GB
[[0, 1]] [[1, 2]]
[ok] 0028_kite-walk: 69 frames  tau=7.4855
Moving DynamicSwap_WanTextEncoder to cuda:0 with preserved memory: 35.07345247268677 GB
[[0, 1, 2, 3, 4]] [[0, 1]]
Moving DynamicSwap_WanTextEncoder to cuda:0 with preserved memory: 35.06991910934448 GB
[[0, 1, 2, 3, 4]] [[0, 1]]
[ok] 0034_cows: 93 frames  tau=9.4188
Moving DynamicSwap_WanTextEncoder to cuda:0 with preserved memory: 34.96746063232422 GB
[[0, 1, 2]] [[0, 1]]
[ok] 0040_tennis: 69 frames  tau=14.7278
Moving DynamicSwap_WanTextEncoder to cuda:0 with preserved memory: 35.07513952255249 GB
[[0, 1, 2, 3]] [[0, 1, 2]]
[ok] 0057_dog: 57 frames  tau=10.682
Moving DynamicSwap_WanTextEncoder to cuda:0 with preserved memory: 35.12982225418091 GB
[[0, 1, 2, 3, 4]] [[0, 1, 2, 3]]
[ok] 0068_planes-water: 33 frames  tau=8.2409
Moving DynamicSwap_WanTextEncoder to cuda:0 with preserved memory: 35.23469018936157 GB
[[0, 1, 2, 3, 4]] [[0, 1, 2, 3]]
Moving DynamicSwap_WanTextEncoder to cuda:0 with preserved memory: 35.23115682601929 GB
[[0, 1, 2, 3, 4]] [[0, 1, 2, 3]]
[ok] 0074_rhino: 81 frames  tau=14.5883
Moving DynamicSwap_WanTextEncoder to cuda:0 with preserved memory: 35.02045679092407 GB
[[0, 1]] [[0, 1]]
Moving DynamicSwap_WanTextEncoder to cuda:0 with preserved memory: 35.01692342758179 GB
[[0, 1]] [[0, 1]]
[ok] 0075_A_bicycle: 81 frames  tau=5.5058
Moving DynamicSwap_WanTextEncoder to cuda:0 with preserved memory: 35.02045679092407 GB
[[0, 1, 2]] [[0, 1]]
Moving DynamicSwap_WanTextEncoder to cuda:0 with preserved memory: 35.01692342758179 GB
[[0, 1, 2]] [[0, 1]]
[ok] 0076_A_rabbit: 81 frames  tau=50.0
Moving DynamicSwap_WanTextEncoder to cuda:0 with preserved memory: 35.02045679092407 GB
[[0, 1, 2]] [[0, 1, 2]]
Moving DynamicSwap_WanTextEncoder to cuda:0 with preserved memory: 35.01692342758179 GB
[[0, 1, 2]] [[0, 1, 2]]
[ok] 0090_A_deer: 81 frames  tau=8.0042
Moving DynamicSwap_WanTextEncoder to cuda:0 with preserved memory: 35.02045679092407 GB
[[0, 1, 2]] [[0, 1, 2, 3, 4]]
Moving DynamicSwap_WanTextEncoder to cuda:0 with preserved memory: 35.01692342758179 GB
[[0, 1, 2]] [[0, 1, 2, 3, 4]]
[ok] 0091_A_hawk: 81 frames  tau=17.3722
[run_fivebench] done edit2: 13/13 ok -> /projects/dataggen/outputs/five_bench/r30_arms/dino_patch/edit2/_manifest.csv
--- [r30_stage2] dino_patch edit3 (expect 2 clip(s)) ---
Free VRAM 43.96807861328125 GB
KV inference with 3 frames per block
[run_fivebench] tau_map: 22 pairs loaded, 2 needed for edit3
[run_fivebench] edit_type=3 method=dino_patch pairs=2 vp_mode=vp blend_sched=paper(eq4) out=/projects/dataggen/outputs/five_bench/r30_arms/dino_patch/edit3
[run_fivebench] R26/R30 pass 2: spatial tau from /projects/dataggen/outputs/five_bench/r26_masks/edit3/ tau_bg=0.0 per-pair from /home/ids/skhairi/Code/StreamEdit_bigchantier/evaluation/csv/r30_b_map_dino_patch.csv
Moving DynamicSwap_WanTextEncoder to cuda:0 with preserved memory: 35.39440584182739 GB
[[0, 1, 2]] [[4, 5, 6]]
[ok] 0017_kid-football: 57 frames  tau=2.2331
Moving DynamicSwap_WanTextEncoder to cuda:0 with preserved memory: 35.128135681152344 GB
[[0, 1, 2, 3]] [[0, 1, 2, 3]]
[ok] 0058_boat: 69 frames  tau=2.0
[run_fivebench] done edit3: 2/2 ok -> /projects/dataggen/outputs/five_bench/r30_arms/dino_patch/edit3/_manifest.csv
--- [r30_stage2] dino_patch edit4 (expect 2 clip(s)) ---
Free VRAM 43.96807861328125 GB
KV inference with 3 frames per block
[run_fivebench] tau_map: 22 pairs loaded, 2 needed for edit4
[run_fivebench] edit_type=4 method=dino_patch pairs=2 vp_mode=vp blend_sched=paper(eq4) out=/projects/dataggen/outputs/five_bench/r30_arms/dino_patch/edit4
[run_fivebench] R26/R30 pass 2: spatial tau from /projects/dataggen/outputs/five_bench/r26_masks/edit4/ tau_bg=0.0 per-pair from /home/ids/skhairi/Code/StreamEdit_bigchantier/evaluation/csv/r30_b_map_dino_patch.csv
Moving DynamicSwap_WanTextEncoder to cuda:0 with preserved memory: 35.39384365081787 GB
[[0, 1]] [[0, 1, 2]]
[ok] 0028_kite-walk: 69 frames  tau=4.8159
Moving DynamicSwap_WanTextEncoder to cuda:0 with preserved memory: 35.07401514053345 GB
[[0, 1]] [[1, 2]]
Moving DynamicSwap_WanTextEncoder to cuda:0 with preserved memory: 35.07048177719116 GB
[[0, 1]] [[1, 2]]
[ok] 0089_A_dog: 81 frames  tau=6.657
[run_fivebench] done edit4: 2/2 ok -> /projects/dataggen/outputs/five_bench/r30_arms/dino_patch/edit4/_manifest.csv
--- [r30_stage2] dino_patch edit5 (expect 3 clip(s)) ---
Free VRAM 43.96807861328125 GB
KV inference with 3 frames per block
[run_fivebench] tau_map: 22 pairs loaded, 3 needed for edit5
[run_fivebench] edit_type=5 method=dino_patch pairs=3 vp_mode=vp blend_sched=paper(eq4) out=/projects/dataggen/outputs/five_bench/r30_arms/dino_patch/edit5
[run_fivebench] R26/R30 pass 2: spatial tau from /projects/dataggen/outputs/five_bench/r26_masks/edit5/ tau_bg=0.0 per-pair from /home/ids/skhairi/Code/StreamEdit_bigchantier/evaluation/csv/r30_b_map_dino_patch.csv
Moving DynamicSwap_WanTextEncoder to cuda:0 with preserved memory: 35.394968032836914 GB
[[0, 1]] [[0, 1, 2, 3, 4]]
[ok] 0007_guitar-violin: 45 frames  tau=2.5141
Moving DynamicSwap_WanTextEncoder to cuda:0 with preserved memory: 35.18169403076172 GB
[[0, 1, 2, 3, 4, 5]] [[7, 8, 9, 10, 11]]
[ok] 0011_lucia: 69 frames  tau=4.7239
Moving DynamicSwap_WanTextEncoder to cuda:0 with preserved memory: 35.07457733154297 GB
[[0, 1, 2]] [[4, 5, 6, 7, 8, 9, 10]]
[ok] 0069_car-turn: 69 frames  tau=4.2027
[run_fivebench] done edit5: 3/3 ok -> /projects/dataggen/outputs/five_bench/r30_arms/dino_patch/edit5/_manifest.csv
--- [r30_stage2] dino_patch edit6 (expect 1 clip(s)) ---
Free VRAM 43.96807861328125 GB
KV inference with 3 frames per block
[run_fivebench] tau_map: 22 pairs loaded, 1 needed for edit6
[run_fivebench] edit_type=6 method=dino_patch pairs=1 vp_mode=vp blend_sched=paper(eq4) out=/projects/dataggen/outputs/five_bench/r30_arms/dino_patch/edit6
[run_fivebench] R26/R30 pass 2: spatial tau from /projects/dataggen/outputs/five_bench/r26_masks/edit6/ tau_bg=0.0 per-pair from /home/ids/skhairi/Code/StreamEdit_bigchantier/evaluation/csv/r30_b_map_dino_patch.csv
Moving DynamicSwap_WanTextEncoder to cuda:0 with preserved memory: 35.39384365081787 GB
[[0, 1]] [[6, 7, 8, 9, 10]]
[ok] 0042_gym-ball: 69 frames  tau=2.9151
[run_fivebench] done edit6: 1/1 ok -> /projects/dataggen/outputs/five_bench/r30_arms/dino_patch/edit6/_manifest.csv
[r30_stage2] dino_patch total frame dirs: 22 (expected 22)
[r30_stage2] dino_patch non-ok manifest rows: 0
[r30_stage2] dino_patch failures: 0
