[r30_stage1] node=node50 job=988591
GPU 0: NVIDIA L40S (UUID: GPU-bc991228-330e-965c-3b75-7cf253e70da1)
[r30_stage1] === divergences (8 arms x 22 cases, no rollout) ===
=== R30 stage 1: static anchor-vs-source divergences ===
cases       /home/ids/skhairi/Code/StreamEdit_bigchantier/evaluation/cases.json (22 cases)
data_root   /home/ids/skhairi/Data/FiVE-Fine-Grained-Video-Editing-Benchmark
anchor_root /projects/dataggen/outputs/five_bench/anchors
mask_dir    /projects/dataggen/outputs/five_bench/r26_masks   (R26 pass-1 union, frame 0)
arms        lpips, dino_cls, dino_patch, clip_image, clip_prompt, depth, normals, selfsim
masks       used EXACTLY as dumped (no dilation)   depth_norm iqr
normals     prs-eth/marigold-normals-v1-1  steps 4  ensemble 5  (STOCHASTIC, seed 0)
device      cuda   seed 0
viz_dir     /home/ids/skhairi/Code/StreamEdit_bigchantier/evaluation/figures/r30_divergence_panels
torch 2.5.1+cu121  cuda 12.1
Setting up [LPIPS] perceptual loss: trunk [alex], v[0.1], spatial [on]
Loading model from: /home/ids/skhairi/anaconda3/envs/five-bench/lib/python3.11/site-packages/lpips/weights/v0.1/alex.pth
loaded      clip, depth, dinov2, lpips, normals

[ok  ] 0001_bus               type 1 union 0.500  lpips=0.295173  dino_cls=0.949926  dino_patch=0.396662  clip_image=0.285018  clip_prompt=0.189852  depth=0.17064  normals=19.115635  selfsim=0.07552
[ok  ] 0028_kite-walk         type 2 union 0.183  lpips=0.495936  dino_cls=0.172072  dino_patch=0.518908  clip_image=0.293631  clip_prompt=0.13288  depth=0.369084  normals=19.323559  selfsim=0.078019
[ok  ] 0040_tennis            type 2 union 0.436  lpips=0.304826  dino_cls=0.855082  dino_patch=0.443929  clip_image=0.282627  clip_prompt=0.127215  depth=0.232646  normals=17.622798  selfsim=0.087462
[ok  ] 0057_dog               type 2 union 0.331  lpips=0.472176  dino_cls=0.903488  dino_patch=0.580428  clip_image=0.409111  clip_prompt=0.161612  depth=0.317561  normals=23.123026  selfsim=0.10487
[ok  ] 0011_lucia_e2          type 2 union 0.375  lpips=0.471328  dino_cls=0.905643  dino_patch=0.607662  clip_image=0.275726  clip_prompt=0.236405  depth=0.573934  normals=22.520718  selfsim=0.101469
[ok  ] 0014_burnout           type 2 union 0.376  lpips=0.365793  dino_cls=0.636512  dino_patch=0.447263  clip_image=0.348482  clip_prompt=0.205402  depth=0.183168  normals=24.368765  selfsim=0.076011
[ok  ] 0016_horsejump-high    type 2 union 0.238  lpips=0.336578  dino_cls=0.678312  dino_patch=0.423105  clip_image=0.192863  clip_prompt=0.130497  depth=0.111777  normals=21.840106  selfsim=0.079194
[ok  ] 0068_planes-water      type 2 union 0.433  lpips=0.502682  dino_cls=0.680801  dino_patch=0.568964  clip_image=0.375974  clip_prompt=0.085106  depth=0.300673  normals=22.885626  selfsim=0.124297
[ok  ] 0074_rhino             type 2 union 0.506  lpips=0.486358  dino_cls=0.91835  dino_patch=0.638129  clip_image=0.383007  clip_prompt=0.21554  depth=0.303803  normals=30.205569  selfsim=0.112882
[ok  ] 0075_A_bicycle         type 2 union 0.577  lpips=0.258904  dino_cls=0.625634  dino_patch=0.324574  clip_image=0.292961  clip_prompt=0.191979  depth=0.157861  normals=15.647675  selfsim=0.078962
[ok  ] 0076_A_rabbit          type 2 union 0.379  lpips=0.338289  dino_cls=0.926923  dino_patch=0.579136  clip_image=0.395484  clip_prompt=0.286709  depth=0.179161  normals=10.07491  selfsim=0.10654
[ok  ] 0090_A_deer            type 2 union 0.559  lpips=0.326066  dino_cls=0.979068  dino_patch=0.38911  clip_image=0.314674  clip_prompt=0.262412  depth=0.158748  normals=15.214919  selfsim=0.101167
[ok  ] 0091_A_hawk            type 2 union 0.288  lpips=0.337275  dino_cls=0.469135  dino_patch=0.438306  clip_image=0.272695  clip_prompt=0.276024  depth=0.363164  normals=11.300336  selfsim=0.088543
[ok  ] 0007_guitar-violin     type 5 union 0.317  lpips=0.127578  dino_cls=0.005253  dino_patch=0.132514  clip_image=0.058263  clip_prompt=0.042317  depth=0.09087  normals=10.79295  selfsim=0.058752
[ok  ] 0069_car-turn          type 5 union 0.211  lpips=0.288999  dino_cls=0.228145  dino_patch=0.287011  clip_image=0.047447  clip_prompt=0.187907  depth=0.127091  normals=12.361261  selfsim=0.078453
[ok  ] 0011_lucia_e5          type 5 union 0.112  lpips=0.421711  dino_cls=0.677299  dino_patch=0.49334  clip_image=0.152684  clip_prompt=0.061192  depth=0.258272  normals=17.992338  selfsim=0.079379
[FAIL] 0042_gym-ball: depth -- the union's complement is 0.000 of the frame (< 0.05); the affine alignment cannot be fitted independently of the changed region. Arm left blank for this clip, so r30_b_map.py will refuse the depth map.
[part] 0042_gym-ball          type 6 union 1.000  lpips=0.050441  dino_cls=0.277196  dino_patch=0.061629  clip_image=0.062179  clip_prompt=0.030272  normals=3.566687  selfsim=0.042121
[ok  ] 0034_cows              type 2 union 0.760  lpips=0.457907  dino_cls=1.003497  dino_patch=0.583508  clip_image=0.336592  clip_prompt=0.314009  depth=0.310737  normals=35.981043  selfsim=0.118938
[ok  ] 0017_kid-football      type 3 union 0.196  lpips=0.229821  dino_cls=0.018068  dino_patch=0.095092  clip_image=0.068418  clip_prompt=0.060312  depth=0.042268  normals=7.274391  selfsim=0.047084
[ok  ] 0058_boat              type 3 union 0.327  lpips=0.144777  dino_cls=0.057285  dino_patch=0.055364  clip_image=0.134682  clip_prompt=0.082695  depth=0.019138  normals=3.386449  selfsim=0.034859
[ok  ] 0089_A_dog             type 4 union 0.558  lpips=0.466795  dino_cls=0.871958  dino_patch=0.485842  clip_image=0.230039  clip_prompt=0.073824  depth=0.286615  normals=25.788142  selfsim=0.080467
[ok  ] 0028_kite-walk_e4      type 4 union 0.171  lpips=0.251256  dino_cls=0.179528  dino_patch=0.305047  clip_image=0.1894  clip_prompt=0.041828  depth=0.138262  normals=15.206604  selfsim=0.052437

wrote /home/ids/skhairi/Code/StreamEdit_bigchantier/evaluation/csv/r30_divergence.csv  (22 rows)
wrote audit panels to /home/ids/skhairi/Code/StreamEdit_bigchantier/evaluation/figures/r30_divergence_panels

arm          n_distinct        min        max  argmin                 argmax                
lpips                22     0.0504     0.5027  0042_gym-ball          0068_planes-water     
dino_cls             22     0.0053     1.0035  0007_guitar-violin     0034_cows             
dino_patch           22     0.0554     0.6381  0058_boat              0074_rhino            
clip_image           22     0.0474     0.4091  0069_car-turn          0057_dog              
clip_prompt          22     0.0303     0.3140  0042_gym-ball          0034_cows             
depth                21     0.0191     0.5739  0058_boat              0011_lucia_e2         
normals              22     3.3864    35.9810  0058_boat              0034_cows             
selfsim              22     0.0349     0.1243  0058_boat              0068_planes-water     

Note: the argmin/argmax clips above are pinned to b_min/b_max by the min-max normalisation. Read their panels before trusting any arm.

note: source and anchor differ in aspect on 17 case(s) (the pipeline's own Resize). Both sides were compared on the ANCHOR grid, so no warp was introduced.

union coverage (as dumped): median 0.376   min 0.112 (0011_lucia_e5)   max 1.000 (0042_gym-ball)
  ** 1 clip(s) with union > 0.90 of the frame: ['0042_gym-ball']. There is almost no background there, so the masked reduction is the global one and the depth arm has nothing to align against. **

** 1 arm(s) do not cover all 22 clips and therefore CANNOT be rendered: **
     depth        missing 1: ['0042_gym-ball']

per-arm failures: 1

Failures -- each is scoped to one arm on one clip:
  - 0042_gym-ball: depth -- the union's complement is 0.000 of the frame (< 0.05); the affine alignment cannot be fitted independently of the changed region. Arm left blank for this clip, so r30_b_map.py will refuse the depth map.
[r30_stage1] FAILED -- r30_divergence.py exit 1. No b maps written.
