[r30_stage2] === render task 4: arm=clip_prompt ===
[r30_stage2] node=node56 CUDA_VISIBLE_DEVICES=0
GPU 0: NVIDIA A100-PCIE-40GB (UUID: GPU-c347348a-8f4a-1f91-7e19-e4e8cf8adcbd)
--- [r30_stage2] clip_prompt edit1 (expect 1 clip(s)) ---
Free VRAM 39.07861328125 GB
KV inference with 3 frames per block
[run_fivebench] tau_map: 22 pairs loaded, 1 needed for edit1
[run_fivebench] edit_type=1 method=clip_prompt pairs=1 vp_mode=vp blend_sched=paper(eq4) out=/projects/dataggen/outputs/five_bench/r30_arms/clip_prompt/edit1
[run_fivebench] R26/R30 pass 2: spatial tau from /projects/dataggen/outputs/five_bench/r26_masks/edit1/ tau_bg=0.0 per-pair from /home/ids/skhairi/Code/StreamEdit_bigchantier/evaluation/csv/r30_b_map_clip_prompt.csv
Moving DynamicSwap_WanTextEncoder to cuda:0 with preserved memory: 30.49851894378662 GB
[[0, 1, 2]] [[0, 1, 2]]
[ok] 0001_bus: 69 frames  tau=5.0822
[run_fivebench] done edit1: 1/1 ok -> /projects/dataggen/outputs/five_bench/r30_arms/clip_prompt/edit1/_manifest.csv
--- [r30_stage2] clip_prompt edit2 (expect 13 clip(s)) ---
Free VRAM 39.07861328125 GB
KV inference with 3 frames per block
[run_fivebench] tau_map: 22 pairs loaded, 13 needed for edit2
[run_fivebench] edit_type=2 method=clip_prompt pairs=13 vp_mode=vp blend_sched=paper(eq4) out=/projects/dataggen/outputs/five_bench/r30_arms/clip_prompt/edit2
[run_fivebench] R26/R30 pass 2: spatial tau from /projects/dataggen/outputs/five_bench/r26_masks/edit2/ tau_bg=0.0 per-pair from /home/ids/skhairi/Code/StreamEdit_bigchantier/evaluation/csv/r30_b_map_clip_prompt.csv
Moving DynamicSwap_WanTextEncoder to cuda:0 with preserved memory: 30.49851894378662 GB
[[0, 1, 2, 3, 4, 5]] [[0, 1, 2]]
[ok] 0011_lucia: 69 frames  tau=7.7354
Moving DynamicSwap_WanTextEncoder to cuda:0 with preserved memory: 30.17925262451172 GB
[[0, 1, 2]] [[0, 1, 2]]
[ok] 0014_burnout: 69 frames  tau=5.7655
Moving DynamicSwap_WanTextEncoder to cuda:0 with preserved memory: 30.18037700653076 GB
[[0, 1, 2, 3, 4]] [[0, 1, 2, 3]]
[ok] 0016_horsejump-high: 45 frames  tau=3.3967
Moving DynamicSwap_WanTextEncoder to cuda:0 with preserved memory: 30.28636932373047 GB
[[0, 1]] [[1, 2]]
[ok] 0028_kite-walk: 69 frames  tau=3.446
Moving DynamicSwap_WanTextEncoder to cuda:0 with preserved memory: 30.178127765655518 GB
[[0, 1, 2, 3, 4]] [[0, 1]]
Moving DynamicSwap_WanTextEncoder to cuda:0 with preserved memory: 30.174594402313232 GB
[[0, 1, 2, 3, 4]] [[0, 1]]
[ok] 0034_cows: 93 frames  tau=50.0
Moving DynamicSwap_WanTextEncoder to cuda:0 with preserved memory: 30.07213592529297 GB
[[0, 1, 2]] [[0, 1]]
[ok] 0040_tennis: 69 frames  tau=3.3305
Moving DynamicSwap_WanTextEncoder to cuda:0 with preserved memory: 30.17981481552124 GB
[[0, 1, 2, 3]] [[0, 1, 2]]
[ok] 0057_dog: 57 frames  tau=4.1426
Moving DynamicSwap_WanTextEncoder to cuda:0 with preserved memory: 30.234497547149658 GB
[[0, 1, 2, 3, 4]] [[0, 1, 2, 3]]
[ok] 0068_planes-water: 33 frames  tau=2.6304
Moving DynamicSwap_WanTextEncoder to cuda:0 with preserved memory: 30.339365482330322 GB
[[0, 1, 2, 3, 4]] [[0, 1, 2, 3]]
Moving DynamicSwap_WanTextEncoder to cuda:0 with preserved memory: 30.335832118988037 GB
[[0, 1, 2, 3, 4]] [[0, 1, 2, 3]]
[ok] 0074_rhino: 81 frames  tau=6.302
Moving DynamicSwap_WanTextEncoder to cuda:0 with preserved memory: 30.125132083892822 GB
[[0, 1]] [[0, 1]]
Moving DynamicSwap_WanTextEncoder to cuda:0 with preserved memory: 30.121598720550537 GB
[[0, 1]] [[0, 1]]
[ok] 0075_A_bicycle: 81 frames  tau=5.1673
Moving DynamicSwap_WanTextEncoder to cuda:0 with preserved memory: 30.125132083892822 GB
[[0, 1, 2]] [[0, 1]]
Moving DynamicSwap_WanTextEncoder to cuda:0 with preserved memory: 30.121598720550537 GB
[[0, 1, 2]] [[0, 1]]
[ok] 0076_A_rabbit: 81 frames  tau=16.0914
Moving DynamicSwap_WanTextEncoder to cuda:0 with preserved memory: 30.125132083892822 GB
[[0, 1, 2]] [[0, 1, 2]]
Moving DynamicSwap_WanTextEncoder to cuda:0 with preserved memory: 30.121598720550537 GB
[[0, 1, 2]] [[0, 1, 2]]
[ok] 0090_A_deer: 81 frames  tau=10.6199
Moving DynamicSwap_WanTextEncoder to cuda:0 with preserved memory: 30.125132083892822 GB
[[0, 1, 2]] [[0, 1, 2, 3, 4]]
Moving DynamicSwap_WanTextEncoder to cuda:0 with preserved memory: 30.121598720550537 GB
[[0, 1, 2]] [[0, 1, 2, 3, 4]]
[ok] 0091_A_hawk: 81 frames  tau=13.1192
[run_fivebench] done edit2: 13/13 ok -> /projects/dataggen/outputs/five_bench/r30_arms/clip_prompt/edit2/_manifest.csv
--- [r30_stage2] clip_prompt edit3 (expect 2 clip(s)) ---
Free VRAM 39.07861328125 GB
KV inference with 3 frames per block
[run_fivebench] tau_map: 22 pairs loaded, 2 needed for edit3
[run_fivebench] edit_type=3 method=clip_prompt pairs=2 vp_mode=vp blend_sched=paper(eq4) out=/projects/dataggen/outputs/five_bench/r30_arms/clip_prompt/edit3
[run_fivebench] R26/R30 pass 2: spatial tau from /projects/dataggen/outputs/five_bench/r26_masks/edit3/ tau_bg=0.0 per-pair from /home/ids/skhairi/Code/StreamEdit_bigchantier/evaluation/csv/r30_b_map_clip_prompt.csv
Moving DynamicSwap_WanTextEncoder to cuda:0 with preserved memory: 30.499081134796143 GB
[[0, 1, 2]] [[4, 5, 6]]
[ok] 0017_kid-football: 57 frames  tau=2.3153
Moving DynamicSwap_WanTextEncoder to cuda:0 with preserved memory: 30.232810974121094 GB
[[0, 1, 2, 3]] [[0, 1, 2, 3]]
[ok] 0058_boat: 69 frames  tau=2.5972
[run_fivebench] done edit3: 2/2 ok -> /projects/dataggen/outputs/five_bench/r30_arms/clip_prompt/edit3/_manifest.csv
--- [r30_stage2] clip_prompt edit4 (expect 2 clip(s)) ---
Free VRAM 39.07861328125 GB
KV inference with 3 frames per block
[run_fivebench] tau_map: 22 pairs loaded, 2 needed for edit4
[run_fivebench] edit_type=4 method=clip_prompt pairs=2 vp_mode=vp blend_sched=paper(eq4) out=/projects/dataggen/outputs/five_bench/r30_arms/clip_prompt/edit4
[run_fivebench] R26/R30 pass 2: spatial tau from /projects/dataggen/outputs/five_bench/r26_masks/edit4/ tau_bg=0.0 per-pair from /home/ids/skhairi/Code/StreamEdit_bigchantier/evaluation/csv/r30_b_map_clip_prompt.csv
Moving DynamicSwap_WanTextEncoder to cuda:0 with preserved memory: 30.49851894378662 GB
[[0, 1]] [[0, 1, 2]]
[ok] 0028_kite-walk: 69 frames  tau=2.1139
Moving DynamicSwap_WanTextEncoder to cuda:0 with preserved memory: 30.178690433502197 GB
[[0, 1]] [[1, 2]]
Moving DynamicSwap_WanTextEncoder to cuda:0 with preserved memory: 30.175157070159912 GB
[[0, 1]] [[1, 2]]
[ok] 0089_A_dog: 81 frames  tau=2.4799
[run_fivebench] done edit4: 2/2 ok -> /projects/dataggen/outputs/five_bench/r30_arms/clip_prompt/edit4/_manifest.csv
--- [r30_stage2] clip_prompt edit5 (expect 3 clip(s)) ---
Free VRAM 39.07861328125 GB
KV inference with 3 frames per block
[run_fivebench] tau_map: 22 pairs loaded, 3 needed for edit5
[run_fivebench] edit_type=5 method=clip_prompt pairs=3 vp_mode=vp blend_sched=paper(eq4) out=/projects/dataggen/outputs/five_bench/r30_arms/clip_prompt/edit5
[run_fivebench] R26/R30 pass 2: spatial tau from /projects/dataggen/outputs/five_bench/r26_masks/edit5/ tau_bg=0.0 per-pair from /home/ids/skhairi/Code/StreamEdit_bigchantier/evaluation/csv/r30_b_map_clip_prompt.csv
Moving DynamicSwap_WanTextEncoder to cuda:0 with preserved memory: 30.499643325805664 GB
[[0, 1]] [[0, 1, 2, 3, 4]]
[ok] 0007_guitar-violin: 45 frames  tau=2.1189
Moving DynamicSwap_WanTextEncoder to cuda:0 with preserved memory: 30.28636932373047 GB
[[0, 1, 2, 3, 4, 5]] [[7, 8, 9, 10, 11]]
[ok] 0011_lucia: 69 frames  tau=2.3255
Moving DynamicSwap_WanTextEncoder to cuda:0 with preserved memory: 30.17925262451172 GB
[[0, 1, 2]] [[4, 5, 6, 7, 8, 9, 10]]
[ok] 0069_car-turn: 69 frames  tau=5.0065
[run_fivebench] done edit5: 3/3 ok -> /projects/dataggen/outputs/five_bench/r30_arms/clip_prompt/edit5/_manifest.csv
--- [r30_stage2] clip_prompt edit6 (expect 1 clip(s)) ---
Free VRAM 39.07861328125 GB
KV inference with 3 frames per block
[run_fivebench] tau_map: 22 pairs loaded, 1 needed for edit6
[run_fivebench] edit_type=6 method=clip_prompt pairs=1 vp_mode=vp blend_sched=paper(eq4) out=/projects/dataggen/outputs/five_bench/r30_arms/clip_prompt/edit6
[run_fivebench] R26/R30 pass 2: spatial tau from /projects/dataggen/outputs/five_bench/r26_masks/edit6/ tau_bg=0.0 per-pair from /home/ids/skhairi/Code/StreamEdit_bigchantier/evaluation/csv/r30_b_map_clip_prompt.csv
Moving DynamicSwap_WanTextEncoder to cuda:0 with preserved memory: 30.49851894378662 GB
[[0, 1]] [[6, 7, 8, 9, 10]]
[ok] 0042_gym-ball: 69 frames  tau=2.0
[run_fivebench] done edit6: 1/1 ok -> /projects/dataggen/outputs/five_bench/r30_arms/clip_prompt/edit6/_manifest.csv
[r30_stage2] clip_prompt total frame dirs: 22 (expected 22)
[r30_stage2] clip_prompt non-ok manifest rows: 0
[r30_stage2] clip_prompt failures: 0
