[r31_stage2] job=993071_1 arm=dino_patch
[r31_stage2] target=/projects/dataggen/outputs/five_bench/r31_stage1/r31_unblended_s7/step06
[r31_stage2] latents=/projects/dataggen/outputs/five_bench/r31_latents_s7  ->  /projects/dataggen/outputs/five_bench/r31_div/dino_patch
[r31_stage2] stage-1 latents found: 22 (expect 22)
[r31_stage2] --- dino_patch / edit1 ---
[r31_div] DINOv3 prefix = 5 (1 CLS + 4 registers, read from the checkpoint)
[r31_div] arm=dino_patch edit_type=1 cases=1 temporal=mean -> /projects/dataggen/outputs/five_bench/r31_div/dino_patch/edit1
[ok] 0001_bus: d=[0.01291, 0.71094] frac(m>0.5)=0.228 native=(18, 30, 52) 
[r31_div] done arm=dino_patch edit1: 1/1 ok
[r31_stage2] --- dino_patch / edit2 ---
[r31_div] DINOv3 prefix = 5 (1 CLS + 4 registers, read from the checkpoint)
[r31_div] arm=dino_patch edit_type=2 cases=13 temporal=mean -> /projects/dataggen/outputs/five_bench/r31_div/dino_patch/edit2
[ok] 0028_kite-walk: d=[0.01365, 0.64300] frac(m>0.5)=0.122 native=(18, 30, 52) 
[ok] 0040_tennis: d=[0.04057, 0.76832] frac(m>0.5)=0.217 native=(18, 30, 52) 
[ok] 0057_dog: d=[0.04022, 0.74586] frac(m>0.5)=0.217 native=(15, 30, 52) 
[ok] 0011_lucia: d=[0.05403, 0.79383] frac(m>0.5)=0.213 native=(18, 30, 52) 
[ok] 0014_burnout: d=[0.01656, 0.74461] frac(m>0.5)=0.341 native=(18, 30, 52) 
[ok] 0016_horsejump-high: d=[0.01106, 0.63916] frac(m>0.5)=0.116 native=(12, 30, 52) 
[ok] 0068_planes-water: d=[0.01348, 0.63632] frac(m>0.5)=0.141 native=(9, 30, 52) 
[ok] 0074_rhino: d=[0.05780, 0.71963] frac(m>0.5)=0.255 native=(21, 30, 52) 
[ok] 0075_A_bicycle: d=[0.00885, 0.69714] frac(m>0.5)=0.125 native=(21, 30, 52) 
[ok] 0076_A_rabbit: d=[0.05205, 0.76144] frac(m>0.5)=0.176 native=(21, 30, 52) 
[ok] 0090_A_deer: d=[0.04592, 0.71349] frac(m>0.5)=0.287 native=(21, 30, 52) 
[ok] 0091_A_hawk: d=[0.01916, 0.74170] frac(m>0.5)=0.101 native=(21, 30, 52) 
[ok] 0034_cows: d=[0.06241, 0.77553] frac(m>0.5)=0.353 native=(24, 30, 52) 
[r31_div] done arm=dino_patch edit2: 13/13 ok
[r31_stage2] --- dino_patch / edit3 ---
[r31_div] DINOv3 prefix = 5 (1 CLS + 4 registers, read from the checkpoint)
[r31_div] arm=dino_patch edit_type=3 cases=2 temporal=mean -> /projects/dataggen/outputs/five_bench/r31_div/dino_patch/edit3
[ok] 0017_kid-football: d=[0.00327, 0.66492] frac(m>0.5)=0.134 native=(15, 30, 52) 
[ok] 0058_boat: d=[0.00476, 0.61799] frac(m>0.5)=0.033 native=(18, 30, 52) 
[r31_div] done arm=dino_patch edit3: 2/2 ok
[r31_stage2] --- dino_patch / edit4 ---
[r31_div] DINOv3 prefix = 5 (1 CLS + 4 registers, read from the checkpoint)
[r31_div] arm=dino_patch edit_type=4 cases=2 temporal=mean -> /projects/dataggen/outputs/five_bench/r31_div/dino_patch/edit4
[ok] 0089_A_dog: d=[0.01667, 0.74749] frac(m>0.5)=0.337 native=(21, 30, 52) 
[ok] 0028_kite-walk: d=[0.01122, 0.69795] frac(m>0.5)=0.056 native=(18, 30, 52) 
[r31_div] done arm=dino_patch edit4: 2/2 ok
[r31_stage2] --- dino_patch / edit5 ---
[r31_div] DINOv3 prefix = 5 (1 CLS + 4 registers, read from the checkpoint)
[r31_div] arm=dino_patch edit_type=5 cases=3 temporal=mean -> /projects/dataggen/outputs/five_bench/r31_div/dino_patch/edit5
[ok] 0007_guitar-violin: d=[0.00373, 0.65146] frac(m>0.5)=0.111 native=(12, 30, 52) 
[ok] 0069_car-turn: d=[0.00535, 0.76118] frac(m>0.5)=0.252 native=(18, 30, 52) 
[ok] 0011_lucia: d=[0.01230, 0.68444] frac(m>0.5)=0.050 native=(18, 30, 52) 
[r31_div] done arm=dino_patch edit5: 3/3 ok
[r31_stage2] --- dino_patch / edit6 ---
[r31_div] DINOv3 prefix = 5 (1 CLS + 4 registers, read from the checkpoint)
[r31_div] arm=dino_patch edit_type=6 cases=1 temporal=mean -> /projects/dataggen/outputs/five_bench/r31_div/dino_patch/edit6
[ok] 0042_gym-ball: d=[0.00480, 0.64195] frac(m>0.5)=0.032 native=(18, 30, 52) 
[r31_div] done arm=dino_patch edit6: 1/1 ok
[r31_stage2] arm=dino_patch: 22 npz (expect 22) failures=0
[r31_stage2] 44/88 npz present -- another arm is still running; grids skipped
