[r31_stage2] job=993075_3 arm=latent
[r31_stage2] target=/projects/dataggen/outputs/five_bench/r31_stage1/r31_unblended_s7/step06
[r31_stage2] latents=/projects/dataggen/outputs/five_bench/r31_latents_s7  ->  /projects/dataggen/outputs/five_bench/r31_div/latent
[r31_stage2] stage-1 latents found: 22 (expect 22)
[r31_stage2] --- latent / edit1 ---
[r31_div] arm=latent edit_type=1 cases=1 temporal=mean -> /projects/dataggen/outputs/five_bench/r31_div/latent/edit1
[ok] 0001_bus: d=[0.01305, 1.97527] frac(m>0.5)=0.084 native=(18, 60, 104) latent_hw=[60, 104]
[r31_div] done arm=latent edit1: 1/1 ok
[r31_stage2] --- latent / edit2 ---
[r31_div] arm=latent edit_type=2 cases=13 temporal=mean -> /projects/dataggen/outputs/five_bench/r31_div/latent/edit2
[ok] 0028_kite-walk: d=[0.01243, 1.93243] frac(m>0.5)=0.049 native=(18, 60, 104) latent_hw=[60, 104]
[ok] 0040_tennis: d=[0.01297, 1.65287] frac(m>0.5)=0.063 native=(18, 60, 104) latent_hw=[60, 104]
[ok] 0057_dog: d=[0.01133, 1.74774] frac(m>0.5)=0.040 native=(15, 60, 104) latent_hw=[60, 104]
[ok] 0011_lucia: d=[0.00958, 1.47607] frac(m>0.5)=0.074 native=(18, 60, 104) latent_hw=[60, 104]
[ok] 0014_burnout: d=[0.01667, 2.12187] frac(m>0.5)=0.062 native=(18, 60, 104) latent_hw=[60, 104]
[ok] 0016_horsejump-high: d=[0.00877, 1.47724] frac(m>0.5)=0.032 native=(12, 60, 104) latent_hw=[60, 104]
[ok] 0068_planes-water: d=[0.00842, 1.67845] frac(m>0.5)=0.041 native=(9, 60, 104) latent_hw=[60, 104]
[ok] 0074_rhino: d=[0.01274, 1.60124] frac(m>0.5)=0.089 native=(21, 60, 104) latent_hw=[60, 104]
[ok] 0075_A_bicycle: d=[0.01404, 1.90101] frac(m>0.5)=0.050 native=(21, 60, 104) latent_hw=[60, 104]
[ok] 0076_A_rabbit: d=[0.01913, 1.62863] frac(m>0.5)=0.060 native=(21, 60, 104) latent_hw=[60, 104]
[ok] 0090_A_deer: d=[0.01664, 2.18110] frac(m>0.5)=0.131 native=(21, 60, 104) latent_hw=[60, 104]
[ok] 0091_A_hawk: d=[0.00844, 2.33447] frac(m>0.5)=0.044 native=(21, 60, 104) latent_hw=[60, 104]
[ok] 0034_cows: d=[0.02113, 1.74216] frac(m>0.5)=0.072 native=(24, 60, 104) latent_hw=[60, 104]
[r31_div] done arm=latent edit2: 13/13 ok
[r31_stage2] --- latent / edit3 ---
[r31_div] arm=latent edit_type=3 cases=2 temporal=mean -> /projects/dataggen/outputs/five_bench/r31_div/latent/edit3
[ok] 0017_kid-football: d=[0.00632, 1.95325] frac(m>0.5)=0.028 native=(15, 60, 104) latent_hw=[60, 104]
[ok] 0058_boat: d=[0.00711, 1.32735] frac(m>0.5)=0.020 native=(18, 60, 104) latent_hw=[60, 104]
[r31_div] done arm=latent edit3: 2/2 ok
[r31_stage2] --- latent / edit4 ---
[r31_div] arm=latent edit_type=4 cases=2 temporal=mean -> /projects/dataggen/outputs/five_bench/r31_div/latent/edit4
[ok] 0089_A_dog: d=[0.00959, 1.89815] frac(m>0.5)=0.115 native=(21, 60, 104) latent_hw=[60, 104]
[ok] 0028_kite-walk: d=[0.01301, 1.43245] frac(m>0.5)=0.026 native=(18, 60, 104) latent_hw=[60, 104]
[r31_div] done arm=latent edit4: 2/2 ok
[r31_stage2] --- latent / edit5 ---
[r31_div] arm=latent edit_type=5 cases=3 temporal=mean -> /projects/dataggen/outputs/five_bench/r31_div/latent/edit5
[ok] 0007_guitar-violin: d=[0.01086, 1.43082] frac(m>0.5)=0.025 native=(12, 60, 104) latent_hw=[60, 104]
[ok] 0069_car-turn: d=[0.00973, 2.26192] frac(m>0.5)=0.082 native=(18, 60, 104) latent_hw=[60, 104]
[ok] 0011_lucia: d=[0.00965, 1.39262] frac(m>0.5)=0.030 native=(18, 60, 104) latent_hw=[60, 104]
[r31_div] done arm=latent edit5: 3/3 ok
[r31_stage2] --- latent / edit6 ---
[r31_div] arm=latent edit_type=6 cases=1 temporal=mean -> /projects/dataggen/outputs/five_bench/r31_div/latent/edit6
[ok] 0042_gym-ball: d=[0.02663, 1.70364] frac(m>0.5)=0.012 native=(18, 60, 104) latent_hw=[60, 104]
[r31_div] done arm=latent edit6: 1/1 ok
[r31_stage2] arm=latent: 22 npz (expect 22) failures=0
[r31_stage2] 45/88 npz present -- another arm is still running; grids skipped
