[r31_stage1] job=989942_3 edit_type=4
[r31_stage1] method=r31_unblended steps=15 blend_sched=zero (Q/K blend OFF)
[r31_stage1] dump_steps=7,14 measure_index=7
[r31_stage1] frames -> /projects/dataggen/outputs/five_bench/r31_stage1/r31_unblended   latents -> /projects/dataggen/outputs/five_bench/r31_latents/edit4
Free VRAM 43.96807861328125 GB
KV inference with 3 frames per block
[r31_stage1] edit_type=4 method=r31_unblended pairs=2 vp_mode=vp steps=15 blend_sched=zero (Q/K blend OFF) dump_steps=[7, 14] measure_index=7
[r31_stage1] frames -> /projects/dataggen/outputs/five_bench/r31_stage1/r31_unblended
[r31_stage1] latents -> /projects/dataggen/outputs/five_bench/r31_latents/edit4
Moving DynamicSwap_WanTextEncoder to cuda:0 with preserved memory: 35.38786554336548 GB
[[0, 1]] [[0, 1, 2]]
[r31_stage1] GATE1 PASS 0028_kite-walk: step[14] == final latent (shape (15, 1, 18, 16, 60, 104))
[ok] 0028_kite-walk: 2 steps x 69 frames + latents -> 0028_kite-walk.npz
Moving DynamicSwap_WanTextEncoder to cuda:0 with preserved memory: 35.322043895721436 GB
[[0, 1]] [[1, 2]]
Moving DynamicSwap_WanTextEncoder to cuda:0 with preserved memory: 35.26551008224487 GB
[[0, 1]] [[1, 2]]
[r31_stage1] GATE1 PASS 0089_A_dog: step[14] == final latent (shape (15, 1, 21, 16, 60, 104))
[ok] 0089_A_dog: 2 steps x 81 frames + latents -> 0089_A_dog.npz
[r31_stage1] done edit4: 2/2 ok -> /projects/dataggen/outputs/five_bench/r31_stage1/r31_unblended/_manifest_edit4.csv
[r31_stage1] edit4: npz=2 frame_dirs=4 (expect npz x 2) GATE1=2
[r31_stage1] failures: 0
