/bin/bash: /home/ids/skhairi/anaconda3/envs/streamgve/lib/libtinfo.so.6: no version information available (required by /bin/bash)
Skipping import of cpp extensions due to incompatible torch version. Please upgrade to torch >= 2.11.0 (found 2.8.0+cu128).
Traceback (most recent call last):
  File "/home/ids/skhairi/anaconda3/envs/streamgve/lib/python3.12/site-packages/diffusers/utils/import_utils.py", line 853, in _get_module
    return importlib.import_module("." + module_name, self.__name__)
           ^^^^^^^^^^^^^^^^^^^^^^^^^^^^^^^^^^^^^^^^^^^^^^^^^^^^^^^^^
  File "/home/ids/skhairi/anaconda3/envs/streamgve/lib/python3.12/importlib/__init__.py", line 90, in import_module
    return _bootstrap._gcd_import(name[level:], package, level)
           ^^^^^^^^^^^^^^^^^^^^^^^^^^^^^^^^^^^^^^^^^^^^^^^^^^^^
  File "<frozen importlib._bootstrap>", line 1387, in _gcd_import
  File "<frozen importlib._bootstrap>", line 1360, in _find_and_load
  File "<frozen importlib._bootstrap>", line 1331, in _find_and_load_unlocked
  File "<frozen importlib._bootstrap>", line 935, in _load_unlocked
  File "<frozen importlib._bootstrap_external>", line 999, in exec_module
  File "<frozen importlib._bootstrap>", line 488, in _call_with_frames_removed
  File "/home/ids/skhairi/anaconda3/envs/streamgve/lib/python3.12/site-packages/diffusers/pipelines/marigold/pipeline_marigold_normals.py", line 43, in <module>
    from ..pipeline_utils import DiffusionPipeline
  File "/home/ids/skhairi/anaconda3/envs/streamgve/lib/python3.12/site-packages/diffusers/pipelines/pipeline_utils.py", line 70, in <module>
    from .pipeline_loading_utils import (
  File "/home/ids/skhairi/anaconda3/envs/streamgve/lib/python3.12/site-packages/diffusers/pipelines/pipeline_loading_utils.py", line 49, in <module>
    from transformers.utils import FLAX_WEIGHTS_NAME as TRANSFORMERS_FLAX_WEIGHTS_NAME
ImportError: cannot import name 'FLAX_WEIGHTS_NAME' from 'transformers.utils' (/home/ids/skhairi/anaconda3/envs/streamgve/lib/python3.12/site-packages/transformers/utils/__init__.py). Did you mean: 'SAFE_WEIGHTS_NAME'?

The above exception was the direct cause of the following exception:

Traceback (most recent call last):
  File "/home/ids/skhairi/Code/StreamEdit_bigchantier/evaluation/r31_divergence.py", line 476, in <module>
    raise SystemExit(main())
                     ^^^^^^
  File "/home/ids/skhairi/Code/StreamEdit_bigchantier/evaluation/r31_divergence.py", line 395, in main
    models["normals"] = load_normals(args.normals_model_id, device,
                        ^^^^^^^^^^^^^^^^^^^^^^^^^^^^^^^^^^^^^^^^^^^
  File "/home/ids/skhairi/Code/StreamEdit_bigchantier/evaluation/r30_divergence.py", line 341, in load_normals
    from diffusers import MarigoldNormalsPipeline
  File "<frozen importlib._bootstrap>", line 1412, in _handle_fromlist
  File "/home/ids/skhairi/anaconda3/envs/streamgve/lib/python3.12/site-packages/diffusers/utils/import_utils.py", line 844, in __getattr__
    value = getattr(module, name)
            ^^^^^^^^^^^^^^^^^^^^^
  File "/home/ids/skhairi/anaconda3/envs/streamgve/lib/python3.12/site-packages/diffusers/utils/import_utils.py", line 844, in __getattr__
    value = getattr(module, name)
            ^^^^^^^^^^^^^^^^^^^^^
  File "/home/ids/skhairi/anaconda3/envs/streamgve/lib/python3.12/site-packages/diffusers/utils/import_utils.py", line 843, in __getattr__
    module = self._get_module(self._class_to_module[name])
             ^^^^^^^^^^^^^^^^^^^^^^^^^^^^^^^^^^^^^^^^^^^^^
  File "/home/ids/skhairi/anaconda3/envs/streamgve/lib/python3.12/site-packages/diffusers/utils/import_utils.py", line 855, in _get_module
    raise RuntimeError(
RuntimeError: Failed to import diffusers.pipelines.marigold.pipeline_marigold_normals because of the following error (look up to see its traceback):
cannot import name 'FLAX_WEIGHTS_NAME' from 'transformers.utils' (/home/ids/skhairi/anaconda3/envs/streamgve/lib/python3.12/site-packages/transformers/utils/__init__.py)
Skipping import of cpp extensions due to incompatible torch version. Please upgrade to torch >= 2.11.0 (found 2.8.0+cu128).
Traceback (most recent call last):
  File "/home/ids/skhairi/anaconda3/envs/streamgve/lib/python3.12/site-packages/diffusers/utils/import_utils.py", line 853, in _get_module
    return importlib.import_module("." + module_name, self.__name__)
           ^^^^^^^^^^^^^^^^^^^^^^^^^^^^^^^^^^^^^^^^^^^^^^^^^^^^^^^^^
  File "/home/ids/skhairi/anaconda3/envs/streamgve/lib/python3.12/importlib/__init__.py", line 90, in import_module
    return _bootstrap._gcd_import(name[level:], package, level)
           ^^^^^^^^^^^^^^^^^^^^^^^^^^^^^^^^^^^^^^^^^^^^^^^^^^^^
  File "<frozen importlib._bootstrap>", line 1387, in _gcd_import
  File "<frozen importlib._bootstrap>", line 1360, in _find_and_load
  File "<frozen importlib._bootstrap>", line 1331, in _find_and_load_unlocked
  File "<frozen importlib._bootstrap>", line 935, in _load_unlocked
  File "<frozen importlib._bootstrap_external>", line 999, in exec_module
  File "<frozen importlib._bootstrap>", line 488, in _call_with_frames_removed
  File "/home/ids/skhairi/anaconda3/envs/streamgve/lib/python3.12/site-packages/diffusers/pipelines/marigold/pipeline_marigold_normals.py", line 43, in <module>
    from ..pipeline_utils import DiffusionPipeline
  File "/home/ids/skhairi/anaconda3/envs/streamgve/lib/python3.12/site-packages/diffusers/pipelines/pipeline_utils.py", line 70, in <module>
    from .pipeline_loading_utils import (
  File "/home/ids/skhairi/anaconda3/envs/streamgve/lib/python3.12/site-packages/diffusers/pipelines/pipeline_loading_utils.py", line 49, in <module>
    from transformers.utils import FLAX_WEIGHTS_NAME as TRANSFORMERS_FLAX_WEIGHTS_NAME
ImportError: cannot import name 'FLAX_WEIGHTS_NAME' from 'transformers.utils' (/home/ids/skhairi/anaconda3/envs/streamgve/lib/python3.12/site-packages/transformers/utils/__init__.py). Did you mean: 'SAFE_WEIGHTS_NAME'?

The above exception was the direct cause of the following exception:

Traceback (most recent call last):
  File "/home/ids/skhairi/Code/StreamEdit_bigchantier/evaluation/r31_divergence.py", line 476, in <module>
    raise SystemExit(main())
                     ^^^^^^
  File "/home/ids/skhairi/Code/StreamEdit_bigchantier/evaluation/r31_divergence.py", line 395, in main
    models["normals"] = load_normals(args.normals_model_id, device,
                        ^^^^^^^^^^^^^^^^^^^^^^^^^^^^^^^^^^^^^^^^^^^
  File "/home/ids/skhairi/Code/StreamEdit_bigchantier/evaluation/r30_divergence.py", line 341, in load_normals
    from diffusers import MarigoldNormalsPipeline
  File "<frozen importlib._bootstrap>", line 1412, in _handle_fromlist
  File "/home/ids/skhairi/anaconda3/envs/streamgve/lib/python3.12/site-packages/diffusers/utils/import_utils.py", line 844, in __getattr__
    value = getattr(module, name)
            ^^^^^^^^^^^^^^^^^^^^^
  File "/home/ids/skhairi/anaconda3/envs/streamgve/lib/python3.12/site-packages/diffusers/utils/import_utils.py", line 844, in __getattr__
    value = getattr(module, name)
            ^^^^^^^^^^^^^^^^^^^^^
  File "/home/ids/skhairi/anaconda3/envs/streamgve/lib/python3.12/site-packages/diffusers/utils/import_utils.py", line 843, in __getattr__
    module = self._get_module(self._class_to_module[name])
             ^^^^^^^^^^^^^^^^^^^^^^^^^^^^^^^^^^^^^^^^^^^^^
  File "/home/ids/skhairi/anaconda3/envs/streamgve/lib/python3.12/site-packages/diffusers/utils/import_utils.py", line 855, in _get_module
    raise RuntimeError(
RuntimeError: Failed to import diffusers.pipelines.marigold.pipeline_marigold_normals because of the following error (look up to see its traceback):
cannot import name 'FLAX_WEIGHTS_NAME' from 'transformers.utils' (/home/ids/skhairi/anaconda3/envs/streamgve/lib/python3.12/site-packages/transformers/utils/__init__.py)
Skipping import of cpp extensions due to incompatible torch version. Please upgrade to torch >= 2.11.0 (found 2.8.0+cu128).
Traceback (most recent call last):
  File "/home/ids/skhairi/anaconda3/envs/streamgve/lib/python3.12/site-packages/diffusers/utils/import_utils.py", line 853, in _get_module
    return importlib.import_module("." + module_name, self.__name__)
           ^^^^^^^^^^^^^^^^^^^^^^^^^^^^^^^^^^^^^^^^^^^^^^^^^^^^^^^^^
  File "/home/ids/skhairi/anaconda3/envs/streamgve/lib/python3.12/importlib/__init__.py", line 90, in import_module
    return _bootstrap._gcd_import(name[level:], package, level)
           ^^^^^^^^^^^^^^^^^^^^^^^^^^^^^^^^^^^^^^^^^^^^^^^^^^^^
  File "<frozen importlib._bootstrap>", line 1387, in _gcd_import
  File "<frozen importlib._bootstrap>", line 1360, in _find_and_load
  File "<frozen importlib._bootstrap>", line 1331, in _find_and_load_unlocked
  File "<frozen importlib._bootstrap>", line 935, in _load_unlocked
  File "<frozen importlib._bootstrap_external>", line 999, in exec_module
  File "<frozen importlib._bootstrap>", line 488, in _call_with_frames_removed
  File "/home/ids/skhairi/anaconda3/envs/streamgve/lib/python3.12/site-packages/diffusers/pipelines/marigold/pipeline_marigold_normals.py", line 43, in <module>
    from ..pipeline_utils import DiffusionPipeline
  File "/home/ids/skhairi/anaconda3/envs/streamgve/lib/python3.12/site-packages/diffusers/pipelines/pipeline_utils.py", line 70, in <module>
    from .pipeline_loading_utils import (
  File "/home/ids/skhairi/anaconda3/envs/streamgve/lib/python3.12/site-packages/diffusers/pipelines/pipeline_loading_utils.py", line 49, in <module>
    from transformers.utils import FLAX_WEIGHTS_NAME as TRANSFORMERS_FLAX_WEIGHTS_NAME
ImportError: cannot import name 'FLAX_WEIGHTS_NAME' from 'transformers.utils' (/home/ids/skhairi/anaconda3/envs/streamgve/lib/python3.12/site-packages/transformers/utils/__init__.py). Did you mean: 'SAFE_WEIGHTS_NAME'?

The above exception was the direct cause of the following exception:

Traceback (most recent call last):
  File "/home/ids/skhairi/Code/StreamEdit_bigchantier/evaluation/r31_divergence.py", line 476, in <module>
    raise SystemExit(main())
                     ^^^^^^
  File "/home/ids/skhairi/Code/StreamEdit_bigchantier/evaluation/r31_divergence.py", line 395, in main
    models["normals"] = load_normals(args.normals_model_id, device,
                        ^^^^^^^^^^^^^^^^^^^^^^^^^^^^^^^^^^^^^^^^^^^
  File "/home/ids/skhairi/Code/StreamEdit_bigchantier/evaluation/r30_divergence.py", line 341, in load_normals
    from diffusers import MarigoldNormalsPipeline
  File "<frozen importlib._bootstrap>", line 1412, in _handle_fromlist
  File "/home/ids/skhairi/anaconda3/envs/streamgve/lib/python3.12/site-packages/diffusers/utils/import_utils.py", line 844, in __getattr__
    value = getattr(module, name)
            ^^^^^^^^^^^^^^^^^^^^^
  File "/home/ids/skhairi/anaconda3/envs/streamgve/lib/python3.12/site-packages/diffusers/utils/import_utils.py", line 844, in __getattr__
    value = getattr(module, name)
            ^^^^^^^^^^^^^^^^^^^^^
  File "/home/ids/skhairi/anaconda3/envs/streamgve/lib/python3.12/site-packages/diffusers/utils/import_utils.py", line 843, in __getattr__
    module = self._get_module(self._class_to_module[name])
             ^^^^^^^^^^^^^^^^^^^^^^^^^^^^^^^^^^^^^^^^^^^^^
  File "/home/ids/skhairi/anaconda3/envs/streamgve/lib/python3.12/site-packages/diffusers/utils/import_utils.py", line 855, in _get_module
    raise RuntimeError(
RuntimeError: Failed to import diffusers.pipelines.marigold.pipeline_marigold_normals because of the following error (look up to see its traceback):
cannot import name 'FLAX_WEIGHTS_NAME' from 'transformers.utils' (/home/ids/skhairi/anaconda3/envs/streamgve/lib/python3.12/site-packages/transformers/utils/__init__.py)
Skipping import of cpp extensions due to incompatible torch version. Please upgrade to torch >= 2.11.0 (found 2.8.0+cu128).
Traceback (most recent call last):
  File "/home/ids/skhairi/anaconda3/envs/streamgve/lib/python3.12/site-packages/diffusers/utils/import_utils.py", line 853, in _get_module
    return importlib.import_module("." + module_name, self.__name__)
           ^^^^^^^^^^^^^^^^^^^^^^^^^^^^^^^^^^^^^^^^^^^^^^^^^^^^^^^^^
  File "/home/ids/skhairi/anaconda3/envs/streamgve/lib/python3.12/importlib/__init__.py", line 90, in import_module
    return _bootstrap._gcd_import(name[level:], package, level)
           ^^^^^^^^^^^^^^^^^^^^^^^^^^^^^^^^^^^^^^^^^^^^^^^^^^^^
  File "<frozen importlib._bootstrap>", line 1387, in _gcd_import
  File "<frozen importlib._bootstrap>", line 1360, in _find_and_load
  File "<frozen importlib._bootstrap>", line 1331, in _find_and_load_unlocked
  File "<frozen importlib._bootstrap>", line 935, in _load_unlocked
  File "<frozen importlib._bootstrap_external>", line 999, in exec_module
  File "<frozen importlib._bootstrap>", line 488, in _call_with_frames_removed
  File "/home/ids/skhairi/anaconda3/envs/streamgve/lib/python3.12/site-packages/diffusers/pipelines/marigold/pipeline_marigold_normals.py", line 43, in <module>
    from ..pipeline_utils import DiffusionPipeline
  File "/home/ids/skhairi/anaconda3/envs/streamgve/lib/python3.12/site-packages/diffusers/pipelines/pipeline_utils.py", line 70, in <module>
    from .pipeline_loading_utils import (
  File "/home/ids/skhairi/anaconda3/envs/streamgve/lib/python3.12/site-packages/diffusers/pipelines/pipeline_loading_utils.py", line 49, in <module>
    from transformers.utils import FLAX_WEIGHTS_NAME as TRANSFORMERS_FLAX_WEIGHTS_NAME
ImportError: cannot import name 'FLAX_WEIGHTS_NAME' from 'transformers.utils' (/home/ids/skhairi/anaconda3/envs/streamgve/lib/python3.12/site-packages/transformers/utils/__init__.py). Did you mean: 'SAFE_WEIGHTS_NAME'?

The above exception was the direct cause of the following exception:

Traceback (most recent call last):
  File "/home/ids/skhairi/Code/StreamEdit_bigchantier/evaluation/r31_divergence.py", line 476, in <module>
    raise SystemExit(main())
                     ^^^^^^
  File "/home/ids/skhairi/Code/StreamEdit_bigchantier/evaluation/r31_divergence.py", line 395, in main
    models["normals"] = load_normals(args.normals_model_id, device,
                        ^^^^^^^^^^^^^^^^^^^^^^^^^^^^^^^^^^^^^^^^^^^
  File "/home/ids/skhairi/Code/StreamEdit_bigchantier/evaluation/r30_divergence.py", line 341, in load_normals
    from diffusers import MarigoldNormalsPipeline
  File "<frozen importlib._bootstrap>", line 1412, in _handle_fromlist
  File "/home/ids/skhairi/anaconda3/envs/streamgve/lib/python3.12/site-packages/diffusers/utils/import_utils.py", line 844, in __getattr__
    value = getattr(module, name)
            ^^^^^^^^^^^^^^^^^^^^^
  File "/home/ids/skhairi/anaconda3/envs/streamgve/lib/python3.12/site-packages/diffusers/utils/import_utils.py", line 844, in __getattr__
    value = getattr(module, name)
            ^^^^^^^^^^^^^^^^^^^^^
  File "/home/ids/skhairi/anaconda3/envs/streamgve/lib/python3.12/site-packages/diffusers/utils/import_utils.py", line 843, in __getattr__
    module = self._get_module(self._class_to_module[name])
             ^^^^^^^^^^^^^^^^^^^^^^^^^^^^^^^^^^^^^^^^^^^^^
  File "/home/ids/skhairi/anaconda3/envs/streamgve/lib/python3.12/site-packages/diffusers/utils/import_utils.py", line 855, in _get_module
    raise RuntimeError(
RuntimeError: Failed to import diffusers.pipelines.marigold.pipeline_marigold_normals because of the following error (look up to see its traceback):
cannot import name 'FLAX_WEIGHTS_NAME' from 'transformers.utils' (/home/ids/skhairi/anaconda3/envs/streamgve/lib/python3.12/site-packages/transformers/utils/__init__.py)
Skipping import of cpp extensions due to incompatible torch version. Please upgrade to torch >= 2.11.0 (found 2.8.0+cu128).
Traceback (most recent call last):
  File "/home/ids/skhairi/anaconda3/envs/streamgve/lib/python3.12/site-packages/diffusers/utils/import_utils.py", line 853, in _get_module
    return importlib.import_module("." + module_name, self.__name__)
           ^^^^^^^^^^^^^^^^^^^^^^^^^^^^^^^^^^^^^^^^^^^^^^^^^^^^^^^^^
  File "/home/ids/skhairi/anaconda3/envs/streamgve/lib/python3.12/importlib/__init__.py", line 90, in import_module
    return _bootstrap._gcd_import(name[level:], package, level)
           ^^^^^^^^^^^^^^^^^^^^^^^^^^^^^^^^^^^^^^^^^^^^^^^^^^^^
  File "<frozen importlib._bootstrap>", line 1387, in _gcd_import
  File "<frozen importlib._bootstrap>", line 1360, in _find_and_load
  File "<frozen importlib._bootstrap>", line 1331, in _find_and_load_unlocked
  File "<frozen importlib._bootstrap>", line 935, in _load_unlocked
  File "<frozen importlib._bootstrap_external>", line 999, in exec_module
  File "<frozen importlib._bootstrap>", line 488, in _call_with_frames_removed
  File "/home/ids/skhairi/anaconda3/envs/streamgve/lib/python3.12/site-packages/diffusers/pipelines/marigold/pipeline_marigold_normals.py", line 43, in <module>
    from ..pipeline_utils import DiffusionPipeline
  File "/home/ids/skhairi/anaconda3/envs/streamgve/lib/python3.12/site-packages/diffusers/pipelines/pipeline_utils.py", line 70, in <module>
    from .pipeline_loading_utils import (
  File "/home/ids/skhairi/anaconda3/envs/streamgve/lib/python3.12/site-packages/diffusers/pipelines/pipeline_loading_utils.py", line 49, in <module>
    from transformers.utils import FLAX_WEIGHTS_NAME as TRANSFORMERS_FLAX_WEIGHTS_NAME
ImportError: cannot import name 'FLAX_WEIGHTS_NAME' from 'transformers.utils' (/home/ids/skhairi/anaconda3/envs/streamgve/lib/python3.12/site-packages/transformers/utils/__init__.py). Did you mean: 'SAFE_WEIGHTS_NAME'?

The above exception was the direct cause of the following exception:

Traceback (most recent call last):
  File "/home/ids/skhairi/Code/StreamEdit_bigchantier/evaluation/r31_divergence.py", line 476, in <module>
    raise SystemExit(main())
                     ^^^^^^
  File "/home/ids/skhairi/Code/StreamEdit_bigchantier/evaluation/r31_divergence.py", line 395, in main
    models["normals"] = load_normals(args.normals_model_id, device,
                        ^^^^^^^^^^^^^^^^^^^^^^^^^^^^^^^^^^^^^^^^^^^
  File "/home/ids/skhairi/Code/StreamEdit_bigchantier/evaluation/r30_divergence.py", line 341, in load_normals
    from diffusers import MarigoldNormalsPipeline
  File "<frozen importlib._bootstrap>", line 1412, in _handle_fromlist
  File "/home/ids/skhairi/anaconda3/envs/streamgve/lib/python3.12/site-packages/diffusers/utils/import_utils.py", line 844, in __getattr__
    value = getattr(module, name)
            ^^^^^^^^^^^^^^^^^^^^^
  File "/home/ids/skhairi/anaconda3/envs/streamgve/lib/python3.12/site-packages/diffusers/utils/import_utils.py", line 844, in __getattr__
    value = getattr(module, name)
            ^^^^^^^^^^^^^^^^^^^^^
  File "/home/ids/skhairi/anaconda3/envs/streamgve/lib/python3.12/site-packages/diffusers/utils/import_utils.py", line 843, in __getattr__
    module = self._get_module(self._class_to_module[name])
             ^^^^^^^^^^^^^^^^^^^^^^^^^^^^^^^^^^^^^^^^^^^^^
  File "/home/ids/skhairi/anaconda3/envs/streamgve/lib/python3.12/site-packages/diffusers/utils/import_utils.py", line 855, in _get_module
    raise RuntimeError(
RuntimeError: Failed to import diffusers.pipelines.marigold.pipeline_marigold_normals because of the following error (look up to see its traceback):
cannot import name 'FLAX_WEIGHTS_NAME' from 'transformers.utils' (/home/ids/skhairi/anaconda3/envs/streamgve/lib/python3.12/site-packages/transformers/utils/__init__.py)
Skipping import of cpp extensions due to incompatible torch version. Please upgrade to torch >= 2.11.0 (found 2.8.0+cu128).
Traceback (most recent call last):
  File "/home/ids/skhairi/anaconda3/envs/streamgve/lib/python3.12/site-packages/diffusers/utils/import_utils.py", line 853, in _get_module
    return importlib.import_module("." + module_name, self.__name__)
           ^^^^^^^^^^^^^^^^^^^^^^^^^^^^^^^^^^^^^^^^^^^^^^^^^^^^^^^^^
  File "/home/ids/skhairi/anaconda3/envs/streamgve/lib/python3.12/importlib/__init__.py", line 90, in import_module
    return _bootstrap._gcd_import(name[level:], package, level)
           ^^^^^^^^^^^^^^^^^^^^^^^^^^^^^^^^^^^^^^^^^^^^^^^^^^^^
  File "<frozen importlib._bootstrap>", line 1387, in _gcd_import
  File "<frozen importlib._bootstrap>", line 1360, in _find_and_load
  File "<frozen importlib._bootstrap>", line 1331, in _find_and_load_unlocked
  File "<frozen importlib._bootstrap>", line 935, in _load_unlocked
  File "<frozen importlib._bootstrap_external>", line 999, in exec_module
  File "<frozen importlib._bootstrap>", line 488, in _call_with_frames_removed
  File "/home/ids/skhairi/anaconda3/envs/streamgve/lib/python3.12/site-packages/diffusers/pipelines/marigold/pipeline_marigold_normals.py", line 43, in <module>
    from ..pipeline_utils import DiffusionPipeline
  File "/home/ids/skhairi/anaconda3/envs/streamgve/lib/python3.12/site-packages/diffusers/pipelines/pipeline_utils.py", line 70, in <module>
    from .pipeline_loading_utils import (
  File "/home/ids/skhairi/anaconda3/envs/streamgve/lib/python3.12/site-packages/diffusers/pipelines/pipeline_loading_utils.py", line 49, in <module>
    from transformers.utils import FLAX_WEIGHTS_NAME as TRANSFORMERS_FLAX_WEIGHTS_NAME
ImportError: cannot import name 'FLAX_WEIGHTS_NAME' from 'transformers.utils' (/home/ids/skhairi/anaconda3/envs/streamgve/lib/python3.12/site-packages/transformers/utils/__init__.py). Did you mean: 'SAFE_WEIGHTS_NAME'?

The above exception was the direct cause of the following exception:

Traceback (most recent call last):
  File "/home/ids/skhairi/Code/StreamEdit_bigchantier/evaluation/r31_divergence.py", line 476, in <module>
    raise SystemExit(main())
                     ^^^^^^
  File "/home/ids/skhairi/Code/StreamEdit_bigchantier/evaluation/r31_divergence.py", line 395, in main
    models["normals"] = load_normals(args.normals_model_id, device,
                        ^^^^^^^^^^^^^^^^^^^^^^^^^^^^^^^^^^^^^^^^^^^
  File "/home/ids/skhairi/Code/StreamEdit_bigchantier/evaluation/r30_divergence.py", line 341, in load_normals
    from diffusers import MarigoldNormalsPipeline
  File "<frozen importlib._bootstrap>", line 1412, in _handle_fromlist
  File "/home/ids/skhairi/anaconda3/envs/streamgve/lib/python3.12/site-packages/diffusers/utils/import_utils.py", line 844, in __getattr__
    value = getattr(module, name)
            ^^^^^^^^^^^^^^^^^^^^^
  File "/home/ids/skhairi/anaconda3/envs/streamgve/lib/python3.12/site-packages/diffusers/utils/import_utils.py", line 844, in __getattr__
    value = getattr(module, name)
            ^^^^^^^^^^^^^^^^^^^^^
  File "/home/ids/skhairi/anaconda3/envs/streamgve/lib/python3.12/site-packages/diffusers/utils/import_utils.py", line 843, in __getattr__
    module = self._get_module(self._class_to_module[name])
             ^^^^^^^^^^^^^^^^^^^^^^^^^^^^^^^^^^^^^^^^^^^^^
  File "/home/ids/skhairi/anaconda3/envs/streamgve/lib/python3.12/site-packages/diffusers/utils/import_utils.py", line 855, in _get_module
    raise RuntimeError(
RuntimeError: Failed to import diffusers.pipelines.marigold.pipeline_marigold_normals because of the following error (look up to see its traceback):
cannot import name 'FLAX_WEIGHTS_NAME' from 'transformers.utils' (/home/ids/skhairi/anaconda3/envs/streamgve/lib/python3.12/site-packages/transformers/utils/__init__.py)
