[r31_stage3] job=993124_1 arm=dino_patch method=r31_dino_patch
[r31_stage3] node=node39 CUDA_VISIBLE_DEVICES=0
GPU 0: NVIDIA L40S (UUID: GPU-36ee7421-9dcc-be9f-5194-33d81d0cd6b5)
[r31_stage3] stage-2 npz for dino_patch: 22 (expect 22)
[r31_stage3] building rho field: /projects/dataggen/outputs/five_bench/r31_div/dino_patch -> /projects/dataggen/outputs/five_bench/r31_rho/dino_patch
[r31_rho_map] div_root=/projects/dataggen/outputs/five_bench/r31_div/dino_patch
[r31_rho_map] STAGE-3 schedule: step=15 flow_shift=1.0 (stage 1's 7 steps are irrelevant here)
[r31_rho_map] tau=[2.0, 50.0] => A_disc=[0.300415, 0.002131]
[ok] edit1/0001_bus: rho (18, 1560) range [2.000, 50.000] mean 4.098 -> /projects/dataggen/outputs/five_bench/r31_rho/dino_patch/edit1/0001_bus.npz
[ok] edit2/0011_lucia: rho (18, 1560) range [2.000, 50.000] mean 4.372 -> /projects/dataggen/outputs/five_bench/r31_rho/dino_patch/edit2/0011_lucia.npz
[ok] edit2/0014_burnout: rho (18, 1560) range [2.000, 50.000] mean 4.902 -> /projects/dataggen/outputs/five_bench/r31_rho/dino_patch/edit2/0014_burnout.npz
[ok] edit2/0016_horsejump-high: rho (12, 1560) range [2.000, 50.000] mean 3.128 -> /projects/dataggen/outputs/five_bench/r31_rho/dino_patch/edit2/0016_horsejump-high.npz
[ok] edit2/0028_kite-walk: rho (18, 1560) range [2.000, 50.000] mean 3.114 -> /projects/dataggen/outputs/five_bench/r31_rho/dino_patch/edit2/0028_kite-walk.npz
[ok] edit2/0034_cows: rho (24, 1560) range [2.000, 50.000] mean 4.549 -> /projects/dataggen/outputs/five_bench/r31_rho/dino_patch/edit2/0034_cows.npz
[ok] edit2/0040_tennis: rho (18, 1560) range [2.000, 50.000] mean 4.581 -> /projects/dataggen/outputs/five_bench/r31_rho/dino_patch/edit2/0040_tennis.npz
[ok] edit2/0057_dog: rho (15, 1560) range [2.000, 50.000] mean 4.047 -> /projects/dataggen/outputs/five_bench/r31_rho/dino_patch/edit2/0057_dog.npz
[ok] edit2/0068_planes-water: rho (9, 1560) range [2.000, 50.000] mean 3.474 -> /projects/dataggen/outputs/five_bench/r31_rho/dino_patch/edit2/0068_planes-water.npz
[ok] edit2/0074_rhino: rho (21, 1560) range [2.000, 50.000] mean 4.000 -> /projects/dataggen/outputs/five_bench/r31_rho/dino_patch/edit2/0074_rhino.npz
[ok] edit2/0075_A_bicycle: rho (21, 1560) range [2.000, 50.000] mean 3.300 -> /projects/dataggen/outputs/five_bench/r31_rho/dino_patch/edit2/0075_A_bicycle.npz
[ok] edit2/0076_A_rabbit: rho (21, 1560) range [2.000, 50.000] mean 4.077 -> /projects/dataggen/outputs/five_bench/r31_rho/dino_patch/edit2/0076_A_rabbit.npz
[ok] edit2/0090_A_deer: rho (21, 1560) range [2.000, 50.000] mean 5.061 -> /projects/dataggen/outputs/five_bench/r31_rho/dino_patch/edit2/0090_A_deer.npz
[ok] edit2/0091_A_hawk: rho (21, 1560) range [2.000, 50.000] mean 3.339 -> /projects/dataggen/outputs/five_bench/r31_rho/dino_patch/edit2/0091_A_hawk.npz
[ok] edit3/0017_kid-football: rho (15, 1560) range [2.000, 50.000] mean 3.163 -> /projects/dataggen/outputs/five_bench/r31_rho/dino_patch/edit3/0017_kid-football.npz
[ok] edit3/0058_boat: rho (18, 1560) range [2.000, 50.000] mean 2.403 -> /projects/dataggen/outputs/five_bench/r31_rho/dino_patch/edit3/0058_boat.npz
[ok] edit4/0028_kite-walk: rho (18, 1560) range [2.000, 50.000] mean 2.444 -> /projects/dataggen/outputs/five_bench/r31_rho/dino_patch/edit4/0028_kite-walk.npz
[ok] edit4/0089_A_dog: rho (21, 1560) range [2.000, 50.000] mean 4.563 -> /projects/dataggen/outputs/five_bench/r31_rho/dino_patch/edit4/0089_A_dog.npz
[ok] edit5/0007_guitar-violin: rho (12, 1560) range [2.000, 50.000] mean 2.876 -> /projects/dataggen/outputs/five_bench/r31_rho/dino_patch/edit5/0007_guitar-violin.npz
[ok] edit5/0011_lucia: rho (18, 1560) range [2.000, 50.000] mean 2.692 -> /projects/dataggen/outputs/five_bench/r31_rho/dino_patch/edit5/0011_lucia.npz
[ok] edit5/0069_car-turn: rho (18, 1560) range [2.000, 50.000] mean 4.136 -> /projects/dataggen/outputs/five_bench/r31_rho/dino_patch/edit5/0069_car-turn.npz
[ok] edit6/0042_gym-ball: rho (18, 1560) range [2.000, 50.000] mean 2.431 -> /projects/dataggen/outputs/five_bench/r31_rho/dino_patch/edit6/0042_gym-ball.npz
[r31_rho_map] done: 22/22 ok -> /projects/dataggen/outputs/five_bench/r31_rho/dino_patch
[r31_stage3] rho field: 22 npz (expect 22) rc=0
--- [r31_stage3] r31_dino_patch edit1 ---
[r31_stage3] preflight: validating 1 rho fields in /projects/dataggen/outputs/five_bench/r31_rho/dino_patch
[r31_stage3]   ok 0001_bus: rho (18, 1560) range [2.00, 50.00]
[r31_stage3] preflight PASS for all 1 clips
Free VRAM 43.969970703125 GB
KV inference with 3 frames per block
[r31_stage3] edit_type=1 method=r31_dino_patch pairs=1 vp_mode=vp steps=15 dump_steps=15 indices rho_dir=/projects/dataggen/outputs/five_bench/r31_rho/dino_patch
Moving DynamicSwap_WanTextEncoder to cuda:0 with preserved memory: 35.39565706253052 GB
[[0, 1, 2]] [[0, 1, 2]]
[r31_stage3] GATE1 PASS 0001_bus: step[14] == final latent (shape (15, 1, 18, 16, 60, 104))
[ok] 0001_bus: 15 steps x 69 frames
[r31_stage3] done edit1: 1/1 ok -> /projects/dataggen/outputs/five_bench/r31_arms/r31_dino_patch/_manifest_edit1.csv
--- [r31_stage3] r31_dino_patch edit2 ---
[r31_stage3] preflight: validating 13 rho fields in /projects/dataggen/outputs/five_bench/r31_rho/dino_patch
[r31_stage3]   ok 0011_lucia: rho (18, 1560) range [2.00, 50.00]
[r31_stage3]   ok 0014_burnout: rho (18, 1560) range [2.00, 50.00]
[r31_stage3]   ok 0016_horsejump-high: rho (12, 1560) range [2.00, 50.00]
[r31_stage3]   ok 0028_kite-walk: rho (18, 1560) range [2.00, 50.00]
[r31_stage3]   ok 0034_cows: rho (24, 1560) range [2.00, 50.00]
[r31_stage3]   ok 0040_tennis: rho (18, 1560) range [2.00, 50.00]
[r31_stage3]   ok 0057_dog: rho (15, 1560) range [2.00, 50.00]
[r31_stage3]   ok 0068_planes-water: rho (9, 1560) range [2.00, 50.00]
[r31_stage3]   ok 0074_rhino: rho (21, 1560) range [2.00, 50.00]
[r31_stage3]   ok 0075_A_bicycle: rho (21, 1560) range [2.00, 50.00]
[r31_stage3]   ok 0076_A_rabbit: rho (21, 1560) range [2.00, 50.00]
[r31_stage3]   ok 0090_A_deer: rho (21, 1560) range [2.00, 50.00]
[r31_stage3]   ok 0091_A_hawk: rho (21, 1560) range [2.00, 50.00]
[r31_stage3] preflight PASS for all 13 clips
Free VRAM 43.969970703125 GB
KV inference with 3 frames per block
[r31_stage3] edit_type=2 method=r31_dino_patch pairs=13 vp_mode=vp steps=15 dump_steps=15 indices rho_dir=/projects/dataggen/outputs/five_bench/r31_rho/dino_patch
Moving DynamicSwap_WanTextEncoder to cuda:0 with preserved memory: 35.39565706253052 GB
[[0, 1, 2, 3, 4, 5]] [[0, 1, 2]]
[r31_stage3] GATE1 PASS 0011_lucia: step[14] == final latent (shape (15, 1, 18, 16, 60, 104))
[ok] 0011_lucia: 15 steps x 69 frames
Moving DynamicSwap_WanTextEncoder to cuda:0 with preserved memory: 35.381003856658936 GB
[[0, 1, 2]] [[0, 1, 2]]
[r31_stage3] GATE1 PASS 0014_burnout: step[14] == final latent (shape (15, 1, 18, 16, 60, 104))
[ok] 0014_burnout: 15 steps x 69 frames
Moving DynamicSwap_WanTextEncoder to cuda:0 with preserved memory: 35.38215446472168 GB
[[0, 1, 2, 3, 4]] [[0, 1, 2, 3]]
[r31_stage3] GATE1 PASS 0016_horsejump-high: step[14] == final latent (shape (15, 1, 12, 16, 60, 104))
[ok] 0016_horsejump-high: 15 steps x 45 frames
Moving DynamicSwap_WanTextEncoder to cuda:0 with preserved memory: 35.38211965560913 GB
[[0, 1]] [[1, 2]]
[r31_stage3] GATE1 PASS 0028_kite-walk: step[14] == final latent (shape (15, 1, 18, 16, 60, 104))
[ok] 0028_kite-walk: 15 steps x 69 frames
Moving DynamicSwap_WanTextEncoder to cuda:0 with preserved memory: 35.37985324859619 GB
[[0, 1, 2, 3, 4]] [[0, 1]]
Moving DynamicSwap_WanTextEncoder to cuda:0 with preserved memory: 35.32331943511963 GB
[[0, 1, 2, 3, 4]] [[0, 1]]
[r31_stage3] GATE1 PASS 0034_cows: step[14] == final latent (shape (15, 1, 24, 16, 60, 104))
[ok] 0034_cows: 15 steps x 93 frames
Moving DynamicSwap_WanTextEncoder to cuda:0 with preserved memory: 35.37988805770874 GB
[[0, 1, 2]] [[0, 1]]
[r31_stage3] GATE1 PASS 0040_tennis: step[14] == final latent (shape (15, 1, 18, 16, 60, 104))
[ok] 0040_tennis: 15 steps x 69 frames
Moving DynamicSwap_WanTextEncoder to cuda:0 with preserved memory: 35.38157939910889 GB
[[0, 1, 2, 3]] [[0, 1, 2]]
[r31_stage3] GATE1 PASS 0057_dog: step[14] == final latent (shape (15, 1, 15, 16, 60, 104))
[ok] 0057_dog: 15 steps x 57 frames
Moving DynamicSwap_WanTextEncoder to cuda:0 with preserved memory: 35.38328790664673 GB
[[0, 1, 2, 3, 4]] [[0, 1, 2, 3]]
[r31_stage3] GATE1 PASS 0068_planes-water: step[14] == final latent (shape (15, 1, 9, 16, 60, 104))
[ok] 0068_planes-water: 15 steps x 33 frames
Moving DynamicSwap_WanTextEncoder to cuda:0 with preserved memory: 35.382102489471436 GB
[[0, 1, 2, 3, 4]] [[0, 1, 2, 3]]
Moving DynamicSwap_WanTextEncoder to cuda:0 with preserved memory: 35.32556867599487 GB
[[0, 1, 2, 3, 4]] [[0, 1, 2, 3]]
[r31_stage3] GATE1 PASS 0074_rhino: step[14] == final latent (shape (15, 1, 21, 16, 60, 104))
[ok] 0074_rhino: 15 steps x 81 frames
Moving DynamicSwap_WanTextEncoder to cuda:0 with preserved memory: 35.379870891571045 GB
[[0, 1]] [[0, 1]]
Moving DynamicSwap_WanTextEncoder to cuda:0 with preserved memory: 35.32333707809448 GB
[[0, 1]] [[0, 1]]
[r31_stage3] GATE1 PASS 0075_A_bicycle: step[14] == final latent (shape (15, 1, 21, 16, 60, 104))
[ok] 0075_A_bicycle: 15 steps x 81 frames
Moving DynamicSwap_WanTextEncoder to cuda:0 with preserved memory: 35.379870891571045 GB
[[0, 1, 2]] [[0, 1]]
Moving DynamicSwap_WanTextEncoder to cuda:0 with preserved memory: 35.32333707809448 GB
[[0, 1, 2]] [[0, 1]]
[r31_stage3] GATE1 PASS 0076_A_rabbit: step[14] == final latent (shape (15, 1, 21, 16, 60, 104))
[ok] 0076_A_rabbit: 15 steps x 81 frames
Moving DynamicSwap_WanTextEncoder to cuda:0 with preserved memory: 35.379870891571045 GB
[[0, 1, 2]] [[0, 1, 2]]
Moving DynamicSwap_WanTextEncoder to cuda:0 with preserved memory: 35.32333707809448 GB
[[0, 1, 2]] [[0, 1, 2]]
[r31_stage3] GATE1 PASS 0090_A_deer: step[14] == final latent (shape (15, 1, 21, 16, 60, 104))
[ok] 0090_A_deer: 15 steps x 81 frames
Moving DynamicSwap_WanTextEncoder to cuda:0 with preserved memory: 35.379870891571045 GB
[[0, 1, 2]] [[0, 1, 2, 3, 4]]
Moving DynamicSwap_WanTextEncoder to cuda:0 with preserved memory: 35.32333707809448 GB
[[0, 1, 2]] [[0, 1, 2, 3, 4]]
[r31_stage3] GATE1 PASS 0091_A_hawk: step[14] == final latent (shape (15, 1, 21, 16, 60, 104))
[ok] 0091_A_hawk: 15 steps x 81 frames
[r31_stage3] done edit2: 13/13 ok -> /projects/dataggen/outputs/five_bench/r31_arms/r31_dino_patch/_manifest_edit2.csv
--- [r31_stage3] r31_dino_patch edit3 ---
[r31_stage3] preflight: validating 2 rho fields in /projects/dataggen/outputs/five_bench/r31_rho/dino_patch
[r31_stage3]   ok 0017_kid-football: rho (15, 1560) range [2.00, 50.00]
[r31_stage3]   ok 0058_boat: rho (18, 1560) range [2.00, 50.00]
[r31_stage3] preflight PASS for all 2 clips
Free VRAM 43.969970703125 GB
KV inference with 3 frames per block
[r31_stage3] edit_type=3 method=r31_dino_patch pairs=2 vp_mode=vp steps=15 dump_steps=15 indices rho_dir=/projects/dataggen/outputs/five_bench/r31_rho/dino_patch
Moving DynamicSwap_WanTextEncoder to cuda:0 with preserved memory: 35.39623260498047 GB
[[0, 1, 2]] [[4, 5, 6]]
[r31_stage3] GATE1 PASS 0017_kid-football: step[14] == final latent (shape (15, 1, 15, 16, 60, 104))
[ok] 0017_kid-football: 15 steps x 57 frames
Moving DynamicSwap_WanTextEncoder to cuda:0 with preserved memory: 35.38156175613403 GB
[[0, 1, 2, 3]] [[0, 1, 2, 3]]
[r31_stage3] GATE1 PASS 0058_boat: step[14] == final latent (shape (15, 1, 18, 16, 60, 104))
[ok] 0058_boat: 15 steps x 69 frames
[r31_stage3] done edit3: 2/2 ok -> /projects/dataggen/outputs/five_bench/r31_arms/r31_dino_patch/_manifest_edit3.csv
--- [r31_stage3] r31_dino_patch edit4 ---
[r31_stage3] preflight: validating 2 rho fields in /projects/dataggen/outputs/five_bench/r31_rho/dino_patch
[r31_stage3]   ok 0028_kite-walk: rho (18, 1560) range [2.00, 50.00]
[r31_stage3]   ok 0089_A_dog: rho (21, 1560) range [2.00, 50.00]
[r31_stage3] preflight PASS for all 2 clips
Free VRAM 43.969970703125 GB
KV inference with 3 frames per block
[r31_stage3] edit_type=4 method=r31_dino_patch pairs=2 vp_mode=vp steps=15 dump_steps=15 indices rho_dir=/projects/dataggen/outputs/five_bench/r31_rho/dino_patch
Moving DynamicSwap_WanTextEncoder to cuda:0 with preserved memory: 35.39565706253052 GB
[[0, 1]] [[0, 1, 2]]
[r31_stage3] GATE1 PASS 0028_kite-walk: step[14] == final latent (shape (15, 1, 18, 16, 60, 104))
[ok] 0028_kite-walk: 15 steps x 69 frames
Moving DynamicSwap_WanTextEncoder to cuda:0 with preserved memory: 35.38042879104614 GB
[[0, 1]] [[1, 2]]
Moving DynamicSwap_WanTextEncoder to cuda:0 with preserved memory: 35.32389497756958 GB
[[0, 1]] [[1, 2]]
[r31_stage3] GATE1 PASS 0089_A_dog: step[14] == final latent (shape (15, 1, 21, 16, 60, 104))
[ok] 0089_A_dog: 15 steps x 81 frames
[r31_stage3] done edit4: 2/2 ok -> /projects/dataggen/outputs/five_bench/r31_arms/r31_dino_patch/_manifest_edit4.csv
--- [r31_stage3] r31_dino_patch edit5 ---
[r31_stage3] preflight: validating 3 rho fields in /projects/dataggen/outputs/five_bench/r31_rho/dino_patch
[r31_stage3]   ok 0007_guitar-violin: rho (12, 1560) range [2.00, 50.00]
[r31_stage3]   ok 0011_lucia: rho (18, 1560) range [2.00, 50.00]
[r31_stage3]   ok 0069_car-turn: rho (18, 1560) range [2.00, 50.00]
[r31_stage3] preflight PASS for all 3 clips
Free VRAM 43.969970703125 GB
KV inference with 3 frames per block
[r31_stage3] edit_type=5 method=r31_dino_patch pairs=3 vp_mode=vp steps=15 dump_steps=15 indices rho_dir=/projects/dataggen/outputs/five_bench/r31_rho/dino_patch
Moving DynamicSwap_WanTextEncoder to cuda:0 with preserved memory: 35.39680767059326 GB
[[0, 1]] [[0, 1, 2, 3, 4]]
[r31_stage3] GATE1 PASS 0007_guitar-violin: step[14] == final latent (shape (15, 1, 12, 16, 60, 104))
[ok] 0007_guitar-violin: 15 steps x 45 frames
Moving DynamicSwap_WanTextEncoder to cuda:0 with preserved memory: 35.38211965560913 GB
[[0, 1, 2, 3, 4, 5]] [[7, 8, 9, 10, 11]]
[r31_stage3] GATE1 PASS 0011_lucia: step[14] == final latent (shape (15, 1, 18, 16, 60, 104))
[ok] 0011_lucia: 15 steps x 69 frames
Moving DynamicSwap_WanTextEncoder to cuda:0 with preserved memory: 35.381003856658936 GB
[[0, 1, 2]] [[4, 5, 6, 7, 8, 9, 10]]
[r31_stage3] GATE1 PASS 0069_car-turn: step[14] == final latent (shape (15, 1, 18, 16, 60, 104))
[ok] 0069_car-turn: 15 steps x 69 frames
[r31_stage3] done edit5: 3/3 ok -> /projects/dataggen/outputs/five_bench/r31_arms/r31_dino_patch/_manifest_edit5.csv
--- [r31_stage3] r31_dino_patch edit6 ---
[r31_stage3] preflight: validating 1 rho fields in /projects/dataggen/outputs/five_bench/r31_rho/dino_patch
[r31_stage3]   ok 0042_gym-ball: rho (18, 1560) range [2.00, 50.00]
[r31_stage3] preflight PASS for all 1 clips
Free VRAM 43.969970703125 GB
KV inference with 3 frames per block
[r31_stage3] edit_type=6 method=r31_dino_patch pairs=1 vp_mode=vp steps=15 dump_steps=15 indices rho_dir=/projects/dataggen/outputs/five_bench/r31_rho/dino_patch
Moving DynamicSwap_WanTextEncoder to cuda:0 with preserved memory: 35.39565706253052 GB
[[0, 1]] [[6, 7, 8, 9, 10]]
[r31_stage3] GATE1 PASS 0042_gym-ball: step[14] == final latent (shape (15, 1, 18, 16, 60, 104))
[ok] 0042_gym-ball: 15 steps x 69 frames
[r31_stage3] done edit6: 1/1 ok -> /projects/dataggen/outputs/five_bench/r31_arms/r31_dino_patch/_manifest_edit6.csv
[r31_stage3] r31_dino_patch: GATE1=22 (expect 22) step14 dirs=22 step00 dirs=22 (expect 22 each)
[r31_stage3] r31_dino_patch: non-ok manifest rows: 0
[r31_stage3] failures: 0
