/bin/bash: /home/ids/skhairi/anaconda3/envs/streamgve/lib/libtinfo.so.6: no version information available (required by /bin/bash)
Traceback (most recent call last):
  File "/home/ids/skhairi/Code/StreamEdit_bigchantier/evaluation/r31_divergence.py", line 476, in <module>
    raise SystemExit(main())
                     ^^^^^^
  File "/home/ids/skhairi/Code/StreamEdit_bigchantier/evaluation/r31_divergence.py", line 388, in main
    models["lpips"] = load_lpips(device)
                      ^^^^^^^^^^^^^^^^^^
  File "/home/ids/skhairi/Code/StreamEdit_bigchantier/evaluation/r30_divergence.py", line 297, in load_lpips
    import lpips as lpips_pkg
ModuleNotFoundError: No module named 'lpips'
Traceback (most recent call last):
  File "/home/ids/skhairi/Code/StreamEdit_bigchantier/evaluation/r31_divergence.py", line 476, in <module>
    raise SystemExit(main())
                     ^^^^^^
  File "/home/ids/skhairi/Code/StreamEdit_bigchantier/evaluation/r31_divergence.py", line 388, in main
    models["lpips"] = load_lpips(device)
                      ^^^^^^^^^^^^^^^^^^
  File "/home/ids/skhairi/Code/StreamEdit_bigchantier/evaluation/r30_divergence.py", line 297, in load_lpips
    import lpips as lpips_pkg
ModuleNotFoundError: No module named 'lpips'
Traceback (most recent call last):
  File "/home/ids/skhairi/Code/StreamEdit_bigchantier/evaluation/r31_divergence.py", line 476, in <module>
    raise SystemExit(main())
                     ^^^^^^
  File "/home/ids/skhairi/Code/StreamEdit_bigchantier/evaluation/r31_divergence.py", line 388, in main
    models["lpips"] = load_lpips(device)
                      ^^^^^^^^^^^^^^^^^^
  File "/home/ids/skhairi/Code/StreamEdit_bigchantier/evaluation/r30_divergence.py", line 297, in load_lpips
    import lpips as lpips_pkg
ModuleNotFoundError: No module named 'lpips'
Traceback (most recent call last):
  File "/home/ids/skhairi/Code/StreamEdit_bigchantier/evaluation/r31_divergence.py", line 476, in <module>
    raise SystemExit(main())
                     ^^^^^^
  File "/home/ids/skhairi/Code/StreamEdit_bigchantier/evaluation/r31_divergence.py", line 388, in main
    models["lpips"] = load_lpips(device)
                      ^^^^^^^^^^^^^^^^^^
  File "/home/ids/skhairi/Code/StreamEdit_bigchantier/evaluation/r30_divergence.py", line 297, in load_lpips
    import lpips as lpips_pkg
ModuleNotFoundError: No module named 'lpips'
Traceback (most recent call last):
  File "/home/ids/skhairi/Code/StreamEdit_bigchantier/evaluation/r31_divergence.py", line 476, in <module>
    raise SystemExit(main())
                     ^^^^^^
  File "/home/ids/skhairi/Code/StreamEdit_bigchantier/evaluation/r31_divergence.py", line 388, in main
    models["lpips"] = load_lpips(device)
                      ^^^^^^^^^^^^^^^^^^
  File "/home/ids/skhairi/Code/StreamEdit_bigchantier/evaluation/r30_divergence.py", line 297, in load_lpips
    import lpips as lpips_pkg
ModuleNotFoundError: No module named 'lpips'
Traceback (most recent call last):
  File "/home/ids/skhairi/Code/StreamEdit_bigchantier/evaluation/r31_divergence.py", line 476, in <module>
    raise SystemExit(main())
                     ^^^^^^
  File "/home/ids/skhairi/Code/StreamEdit_bigchantier/evaluation/r31_divergence.py", line 388, in main
    models["lpips"] = load_lpips(device)
                      ^^^^^^^^^^^^^^^^^^
  File "/home/ids/skhairi/Code/StreamEdit_bigchantier/evaluation/r30_divergence.py", line 297, in load_lpips
    import lpips as lpips_pkg
ModuleNotFoundError: No module named 'lpips'
