[r31_stage2] job=993075_0 arm=lpips
[r31_stage2] target=/projects/dataggen/outputs/five_bench/r31_stage1/r31_unblended_s7/step06
[r31_stage2] latents=/projects/dataggen/outputs/five_bench/r31_latents_s7  ->  /projects/dataggen/outputs/five_bench/r31_div/lpips
[r31_stage2] stage-1 latents found: 22 (expect 22)
[r31_stage2] --- lpips / edit1 ---
Setting up [LPIPS] perceptual loss: trunk [alex], v[0.1], spatial [on]
Loading model from: /home/ids/skhairi/anaconda3/envs/five-bench/lib/python3.11/site-packages/lpips/weights/v0.1/alex.pth
[r31_div] arm=lpips edit_type=1 cases=1 temporal=mean -> /projects/dataggen/outputs/five_bench/r31_div/lpips/edit1
[ok] 0001_bus: d=[0.00671, 1.15073] frac(m>0.5)=0.285 native=(18, 480, 832) 
[r31_div] done arm=lpips edit1: 1/1 ok
[r31_stage2] --- lpips / edit2 ---
Setting up [LPIPS] perceptual loss: trunk [alex], v[0.1], spatial [on]
Loading model from: /home/ids/skhairi/anaconda3/envs/five-bench/lib/python3.11/site-packages/lpips/weights/v0.1/alex.pth
[r31_div] arm=lpips edit_type=2 cases=13 temporal=mean -> /projects/dataggen/outputs/five_bench/r31_div/lpips/edit2
[ok] 0028_kite-walk: d=[0.00176, 1.30876] frac(m>0.5)=0.107 native=(18, 480, 832) 
[ok] 0040_tennis: d=[0.00282, 1.27512] frac(m>0.5)=0.211 native=(18, 480, 832) 
[ok] 0057_dog: d=[0.00570, 1.18004] frac(m>0.5)=0.239 native=(15, 480, 832) 
[ok] 0011_lucia: d=[0.01116, 1.30224] frac(m>0.5)=0.174 native=(18, 480, 832) 
[ok] 0014_burnout: d=[0.00760, 1.18066] frac(m>0.5)=0.405 native=(18, 480, 832) 
[ok] 0016_horsejump-high: d=[0.00212, 0.97531] frac(m>0.5)=0.199 native=(12, 480, 832) 
[ok] 0068_planes-water: d=[0.00068, 0.99518] frac(m>0.5)=0.244 native=(9, 480, 832) 
[ok] 0074_rhino: d=[0.00671, 1.17060] frac(m>0.5)=0.229 native=(21, 480, 832) 
[ok] 0075_A_bicycle: d=[0.00055, 1.09600] frac(m>0.5)=0.194 native=(21, 480, 832) 
[ok] 0076_A_rabbit: d=[0.00182, 1.19319] frac(m>0.5)=0.184 native=(21, 480, 832) 
[ok] 0090_A_deer: d=[0.00042, 1.29987] frac(m>0.5)=0.343 native=(21, 480, 832) 
[ok] 0091_A_hawk: d=[0.00015, 1.32466] frac(m>0.5)=0.090 native=(21, 480, 832) 
[ok] 0034_cows: d=[0.02360, 1.46776] frac(m>0.5)=0.144 native=(24, 480, 832) 
[r31_div] done arm=lpips edit2: 13/13 ok
[r31_stage2] --- lpips / edit3 ---
Setting up [LPIPS] perceptual loss: trunk [alex], v[0.1], spatial [on]
Loading model from: /home/ids/skhairi/anaconda3/envs/five-bench/lib/python3.11/site-packages/lpips/weights/v0.1/alex.pth
[r31_div] arm=lpips edit_type=3 cases=2 temporal=mean -> /projects/dataggen/outputs/five_bench/r31_div/lpips/edit3
[ok] 0017_kid-football: d=[0.00060, 1.26025] frac(m>0.5)=0.121 native=(15, 480, 832) 
[ok] 0058_boat: d=[0.00025, 0.90915] frac(m>0.5)=0.110 native=(18, 480, 832) 
[r31_div] done arm=lpips edit3: 2/2 ok
[r31_stage2] --- lpips / edit4 ---
Setting up [LPIPS] perceptual loss: trunk [alex], v[0.1], spatial [on]
Loading model from: /home/ids/skhairi/anaconda3/envs/five-bench/lib/python3.11/site-packages/lpips/weights/v0.1/alex.pth
[r31_div] arm=lpips edit_type=4 cases=2 temporal=mean -> /projects/dataggen/outputs/five_bench/r31_div/lpips/edit4
[ok] 0089_A_dog: d=[0.00027, 1.41967] frac(m>0.5)=0.224 native=(21, 480, 832) 
[ok] 0028_kite-walk: d=[0.00158, 1.21496] frac(m>0.5)=0.068 native=(18, 480, 832) 
[r31_div] done arm=lpips edit4: 2/2 ok
[r31_stage2] --- lpips / edit5 ---
Setting up [LPIPS] perceptual loss: trunk [alex], v[0.1], spatial [on]
Loading model from: /home/ids/skhairi/anaconda3/envs/five-bench/lib/python3.11/site-packages/lpips/weights/v0.1/alex.pth
[r31_div] arm=lpips edit_type=5 cases=3 temporal=mean -> /projects/dataggen/outputs/five_bench/r31_div/lpips/edit5
[ok] 0007_guitar-violin: d=[0.00299, 1.14312] frac(m>0.5)=0.114 native=(12, 480, 832) 
[ok] 0069_car-turn: d=[0.00254, 1.29500] frac(m>0.5)=0.253 native=(18, 480, 832) 
[ok] 0011_lucia: d=[0.01188, 1.32632] frac(m>0.5)=0.040 native=(18, 480, 832) 
[r31_div] done arm=lpips edit5: 3/3 ok
[r31_stage2] --- lpips / edit6 ---
Setting up [LPIPS] perceptual loss: trunk [alex], v[0.1], spatial [on]
Loading model from: /home/ids/skhairi/anaconda3/envs/five-bench/lib/python3.11/site-packages/lpips/weights/v0.1/alex.pth
[r31_div] arm=lpips edit_type=6 cases=1 temporal=mean -> /projects/dataggen/outputs/five_bench/r31_div/lpips/edit6
[ok] 0042_gym-ball: d=[0.00472, 1.04393] frac(m>0.5)=0.038 native=(18, 480, 832) 
[r31_div] done arm=lpips edit6: 1/1 ok
[r31_stage2] arm=lpips: 22 npz (expect 22) failures=0
[r31_stage2] 66/88 npz present -- another arm is still running; grids skipped
