[r33_clipd] node=node56 CUDA_VISIBLE_DEVICES=0
GPU 0: NVIDIA A100-PCIE-40GB (UUID: GPU-c5ee4f0f-0c09-d430-d580-551c291886b9)
[r33_clipd] which=all suffix=''
[clip_d] 28 method(s) x 22 clip(s), stride 8, prenorm=True
[clip_d] r31_lpips                    0001_bus             n=9   prompt=+0.2862 word=+0.2450 |d_img|=0.7768
[clip_d] r31_dino_patch               0001_bus             n=9   prompt=+0.3149 word=+0.2643 |d_img|=0.8145
[clip_d] r31_normals                  0001_bus             n=9   prompt=+0.3003 word=+0.2547 |d_img|=0.7879
[clip_d] r31_latent                   0001_bus             n=9   prompt=+0.2733 word=+0.2276 |d_img|=0.8119
[clip_d] r26_taubg0_taufg2_vp         0001_bus             n=9   prompt=+0.2192 word=+0.1775 |d_img|=0.7621
[clip_d] r26_taubg0_taufg3_vp         0001_bus             n=9   prompt=+0.2463 word=+0.2055 |d_img|=0.7868
[clip_d] r26_taubg0_taufg4_vp         0001_bus             n=9   prompt=+0.3041 word=+0.2623 |d_img|=0.7982
[clip_d] r26_taubg0_taufg6_vp         0001_bus             n=9   prompt=+0.3058 word=+0.2590 |d_img|=0.7960
[clip_d] r26_taubg0_taufg8_vp         0001_bus             n=9   prompt=+0.3133 word=+0.2653 |d_img|=0.8073
[clip_d] r26_taubg0_taufg10_vp        0001_bus             n=9   prompt=+0.3274 word=+0.2759 |d_img|=0.8029
[clip_d] r26_taubg0_taufg20_vp        0001_bus             n=9   prompt=+0.3148 word=+0.2671 |d_img|=0.8217
[clip_d] r26_taubg0_taufg50_vp        0001_bus             n=9   prompt=+0.3143 word=+0.2607 |d_img|=0.8181
[clip_d] r26_taubg2_taufg2_vp         0001_bus             n=9   prompt=+0.2055 word=+0.1640 |d_img|=0.7658
[clip_d] r26_taubg3_taufg3_vp         0001_bus             n=9   prompt=+0.2408 word=+0.1965 |d_img|=0.7688
[clip_d] r26_taubg4_taufg4_vp         0001_bus             n=9   prompt=+0.2852 word=+0.2419 |d_img|=0.7897
[clip_d] r26_taubg6_taufg6_vp         0001_bus             n=9   prompt=+0.3039 word=+0.2527 |d_img|=0.7943
[clip_d] r26_taubg8_taufg8_vp         0001_bus             n=9   prompt=+0.3136 word=+0.2649 |d_img|=0.8130
[clip_d] r26_taubg10_taufg10_vp       0001_bus             n=9   prompt=+0.3212 word=+0.2663 |d_img|=0.8159
[clip_d] r26_taubg20_taufg20_vp       0001_bus             n=9   prompt=+0.3110 word=+0.2644 |d_img|=0.8203
[clip_d] r26_taubg50_taufg50_vp       0001_bus             n=9   prompt=+0.3069 word=+0.2575 |d_img|=0.8202
[clip_d] r30_lpips                    0001_bus             n=9   prompt=+0.3023 word=+0.2579 |d_img|=0.7935
[clip_d] r30_dino_cls                 0001_bus             n=9   prompt=+0.3150 word=+0.2676 |d_img|=0.8230
[clip_d] r30_dino_patch               0001_bus             n=9   prompt=+0.3015 word=+0.2550 |d_img|=0.7944
[clip_d] r30_clip_image               0001_bus             n=9   prompt=+0.2945 word=+0.2489 |d_img|=0.7927
[clip_d] r30_clip_prompt              0001_bus             n=9   prompt=+0.2952 word=+0.2502 |d_img|=0.7691
[clip_d] r30_depth                    0001_bus             n=9   prompt=+0.2573 word=+0.2151 |d_img|=0.7755
[clip_d] r30_normals                  0001_bus             n=9   prompt=+0.3025 word=+0.2573 |d_img|=0.7854
[clip_d] r30_selfsim                  0001_bus             n=9   prompt=+0.2680 word=+0.2314 |d_img|=0.7669
[clip_d] r31_lpips                    0028_kite-walk       n=9   prompt=+0.2599 word=+0.1326 |d_img|=0.8026
[clip_d] r31_dino_patch               0028_kite-walk       n=9   prompt=+0.2507 word=+0.1259 |d_img|=0.8244
[clip_d] r31_normals                  0028_kite-walk       n=9   prompt=+0.2622 word=+0.1365 |d_img|=0.7964
[clip_d] r31_latent                   0028_kite-walk       n=9   prompt=+0.2620 word=+0.1284 |d_img|=0.8081
[clip_d] r26_taubg0_taufg2_vp         0028_kite-walk       n=9   prompt=+0.2364 word=+0.1301 |d_img|=0.7527
[clip_d] r26_taubg0_taufg3_vp         0028_kite-walk       n=9   prompt=+0.2542 word=+0.1229 |d_img|=0.7953
[clip_d] r26_taubg0_taufg4_vp         0028_kite-walk       n=9   prompt=+0.2593 word=+0.1285 |d_img|=0.8000
[clip_d] r26_taubg0_taufg6_vp         0028_kite-walk       n=9   prompt=+0.2553 word=+0.1217 |d_img|=0.8050
[clip_d] r26_taubg0_taufg8_vp         0028_kite-walk       n=9   prompt=+0.2606 word=+0.1321 |d_img|=0.7948
[clip_d] r26_taubg0_taufg10_vp        0028_kite-walk       n=9   prompt=+0.2633 word=+0.1278 |d_img|=0.8137
[clip_d] r26_taubg0_taufg20_vp        0028_kite-walk       n=9   prompt=+0.2595 word=+0.1306 |d_img|=0.8223
[clip_d] r26_taubg0_taufg50_vp        0028_kite-walk       n=9   prompt=+0.2627 word=+0.1338 |d_img|=0.8220
[clip_d] r26_taubg2_taufg2_vp         0028_kite-walk       n=9   prompt=+0.2442 word=+0.1339 |d_img|=0.7569
[clip_d] r26_taubg3_taufg3_vp         0028_kite-walk       n=9   prompt=+0.2662 word=+0.1435 |d_img|=0.7863
[clip_d] r26_taubg4_taufg4_vp         0028_kite-walk       n=9   prompt=+0.2700 word=+0.1392 |d_img|=0.7879
[clip_d] r26_taubg6_taufg6_vp         0028_kite-walk       n=9   prompt=+0.2405 word=+0.1224 |d_img|=0.7910
[clip_d] r26_taubg8_taufg8_vp         0028_kite-walk       n=9   prompt=+0.2583 word=+0.1277 |d_img|=0.8172
[clip_d] r26_taubg10_taufg10_vp       0028_kite-walk       n=9   prompt=+0.2552 word=+0.1188 |d_img|=0.8194
[clip_d] r26_taubg20_taufg20_vp       0028_kite-walk       n=9   prompt=+0.2697 word=+0.1377 |d_img|=0.8261
[clip_d] r26_taubg50_taufg50_vp       0028_kite-walk       n=9   prompt=+0.2663 word=+0.1322 |d_img|=0.8585
[clip_d] r30_lpips                    0028_kite-walk       n=9   prompt=+0.2598 word=+0.1266 |d_img|=0.8269
[clip_d] r30_dino_cls                 0028_kite-walk       n=9   prompt=+0.2473 word=+0.1246 |d_img|=0.7693
[clip_d] r30_dino_patch               0028_kite-walk       n=9   prompt=+0.2626 word=+0.1323 |d_img|=0.7999
[clip_d] r30_clip_image               0028_kite-walk       n=9   prompt=+0.2675 word=+0.1368 |d_img|=0.8036
[clip_d] r30_clip_prompt              0028_kite-walk       n=9   prompt=+0.2597 word=+0.1331 |d_img|=0.7785
[clip_d] r30_depth                    0028_kite-walk       n=9   prompt=+0.2638 word=+0.1332 |d_img|=0.8031
[clip_d] r30_normals                  0028_kite-walk       n=9   prompt=+0.2588 word=+0.1295 |d_img|=0.8036
[clip_d] r30_selfsim                  0028_kite-walk       n=9   prompt=+0.2610 word=+0.1290 |d_img|=0.8125
[clip_d] r31_lpips                    0040_tennis          n=9   prompt=+0.2166 word=+0.0699 |d_img|=0.8062
[clip_d] r31_dino_patch               0040_tennis          n=9   prompt=+0.2745 word=+0.1072 |d_img|=0.8170
[clip_d] r31_normals                  0040_tennis          n=9   prompt=+0.1939 word=+0.0649 |d_img|=0.8170
[clip_d] r31_latent                   0040_tennis          n=9   prompt=+0.1999 word=+0.0601 |d_img|=0.8080
[clip_d] r26_taubg0_taufg2_vp         0040_tennis          n=9   prompt=+0.1810 word=+0.0656 |d_img|=0.8174
[clip_d] r26_taubg0_taufg3_vp         0040_tennis          n=9   prompt=+0.1925 word=+0.0588 |d_img|=0.8188
[clip_d] r26_taubg0_taufg4_vp         0040_tennis          n=9   prompt=+0.2139 word=+0.0671 |d_img|=0.8187
[clip_d] r26_taubg0_taufg6_vp         0040_tennis          n=9   prompt=+0.2231 word=+0.0808 |d_img|=0.8104
[clip_d] r26_taubg0_taufg8_vp         0040_tennis          n=9   prompt=+0.2313 word=+0.0921 |d_img|=0.8109
[clip_d] r26_taubg0_taufg10_vp        0040_tennis          n=9   prompt=+0.2273 word=+0.0832 |d_img|=0.8047
[clip_d] r26_taubg0_taufg20_vp        0040_tennis          n=9   prompt=+0.3024 word=+0.1213 |d_img|=0.8218
[clip_d] r26_taubg0_taufg50_vp        0040_tennis          n=9   prompt=+0.3157 word=+0.1402 |d_img|=0.8311
[clip_d] r26_taubg2_taufg2_vp         0040_tennis          n=9   prompt=+0.1821 word=+0.0640 |d_img|=0.8067
[clip_d] r26_taubg3_taufg3_vp         0040_tennis          n=9   prompt=+0.1859 word=+0.0529 |d_img|=0.8112
[clip_d] r26_taubg4_taufg4_vp         0040_tennis          n=9   prompt=+0.2243 word=+0.0708 |d_img|=0.8106
[clip_d] r26_taubg6_taufg6_vp         0040_tennis          n=9   prompt=+0.2606 word=+0.1035 |d_img|=0.8105
[clip_d] r26_taubg8_taufg8_vp         0040_tennis          n=9   prompt=+0.2628 word=+0.1004 |d_img|=0.8034
[clip_d] r26_taubg10_taufg10_vp       0040_tennis          n=9   prompt=+0.2744 word=+0.1068 |d_img|=0.8158
[clip_d] r26_taubg20_taufg20_vp       0040_tennis          n=9   prompt=+0.2939 word=+0.1150 |d_img|=0.8291
[clip_d] r26_taubg50_taufg50_vp       0040_tennis          n=9   prompt=+0.3248 word=+0.1086 |d_img|=0.8540
[clip_d] r30_lpips                    0040_tennis          n=9   prompt=+0.2235 word=+0.0783 |d_img|=0.8099
[clip_d] r30_dino_cls                 0040_tennis          n=9   prompt=+0.2531 word=+0.0964 |d_img|=0.8104
[clip_d] r30_dino_patch               0040_tennis          n=9   prompt=+0.2877 word=+0.1117 |d_img|=0.8151
[clip_d] r30_clip_image               0040_tennis          n=9   prompt=+0.2434 word=+0.0973 |d_img|=0.8200
[clip_d] r30_clip_prompt              0040_tennis          n=9   prompt=+0.1653 word=+0.0433 |d_img|=0.8301
[clip_d] r30_depth                    0040_tennis          n=9   prompt=+0.2183 word=+0.0727 |d_img|=0.8110
[clip_d] r30_normals                  0040_tennis          n=9   prompt=+0.2441 word=+0.0935 |d_img|=0.8296
[clip_d] r30_selfsim                  0040_tennis          n=9   prompt=+0.2254 word=+0.0929 |d_img|=0.8146
[clip_d] r31_lpips                    0057_dog             n=8   prompt=+0.2982 word=+0.2350 |d_img|=0.8328
[clip_d] r31_dino_patch               0057_dog             n=8   prompt=+0.2954 word=+0.2341 |d_img|=0.8365
[clip_d] r31_normals                  0057_dog             n=8   prompt=+0.3001 word=+0.2413 |d_img|=0.8327
[clip_d] r31_latent                   0057_dog             n=8   prompt=+0.2956 word=+0.2427 |d_img|=0.8210
[clip_d] r26_taubg0_taufg2_vp         0057_dog             n=8   prompt=+0.2081 word=+0.1640 |d_img|=0.7557
[clip_d] r26_taubg0_taufg3_vp         0057_dog             n=8   prompt=+0.2442 word=+0.1962 |d_img|=0.7997
[clip_d] r26_taubg0_taufg4_vp         0057_dog             n=8   prompt=+0.3032 word=+0.2458 |d_img|=0.8170
[clip_d] r26_taubg0_taufg6_vp         0057_dog             n=8   prompt=+0.2867 word=+0.2267 |d_img|=0.8393
[clip_d] r26_taubg0_taufg8_vp         0057_dog             n=8   prompt=+0.3034 word=+0.2405 |d_img|=0.8341
[clip_d] r26_taubg0_taufg10_vp        0057_dog             n=8   prompt=+0.2989 word=+0.2485 |d_img|=0.8483
[clip_d] r26_taubg0_taufg20_vp        0057_dog             n=8   prompt=+0.2745 word=+0.2263 |d_img|=0.8782
[clip_d] r26_taubg0_taufg50_vp        0057_dog             n=8   prompt=+0.2776 word=+0.2300 |d_img|=0.8965
[clip_d] r26_taubg2_taufg2_vp         0057_dog             n=8   prompt=+0.2385 word=+0.1938 |d_img|=0.7828
[clip_d] r26_taubg3_taufg3_vp         0057_dog             n=8   prompt=+0.2846 word=+0.2314 |d_img|=0.8140
[clip_d] r26_taubg4_taufg4_vp         0057_dog             n=8   prompt=+0.3031 word=+0.2408 |d_img|=0.8153
[clip_d] r26_taubg6_taufg6_vp         0057_dog             n=8   prompt=+0.2835 word=+0.2207 |d_img|=0.8464
[clip_d] r26_taubg8_taufg8_vp         0057_dog             n=8   prompt=+0.3036 word=+0.2411 |d_img|=0.8428
[clip_d] r26_taubg10_taufg10_vp       0057_dog             n=8   prompt=+0.2982 word=+0.2348 |d_img|=0.8452
[clip_d] r26_taubg20_taufg20_vp       0057_dog             n=8   prompt=+0.2692 word=+0.2262 |d_img|=0.8859
[clip_d] r26_taubg50_taufg50_vp       0057_dog             n=8   prompt=+0.2714 word=+0.2258 |d_img|=0.9053
[clip_d] r30_lpips                    0057_dog             n=8   prompt=+0.2787 word=+0.2296 |d_img|=0.8607
[clip_d] r30_dino_cls                 0057_dog             n=8   prompt=+0.2838 word=+0.2321 |d_img|=0.8660
[clip_d] r30_dino_patch               0057_dog             n=8   prompt=+0.2966 word=+0.2482 |d_img|=0.8489
[clip_d] r30_clip_image               0057_dog             n=8   prompt=+0.2808 word=+0.2216 |d_img|=0.8942
[clip_d] r30_clip_prompt              0057_dog             n=8   prompt=+0.2657 word=+0.2131 |d_img|=0.8075
[clip_d] r30_depth                    0057_dog             n=8   prompt=+0.3023 word=+0.2411 |d_img|=0.8222
[clip_d] r30_normals                  0057_dog             n=8   prompt=+0.2699 word=+0.2203 |d_img|=0.8250
[clip_d] r30_selfsim                  0057_dog             n=8   prompt=+0.3049 word=+0.2414 |d_img|=0.8467
[clip_d] r31_lpips                    0011_lucia_e2        n=9   prompt=+0.3395 word=+0.2409 |d_img|=0.7655
[clip_d] r31_dino_patch               0011_lucia_e2        n=9   prompt=+0.3268 word=+0.2382 |d_img|=0.7492
[clip_d] r31_normals                  0011_lucia_e2        n=9   prompt=+0.3322 word=+0.2353 |d_img|=0.7878
[clip_d] r31_latent                   0011_lucia_e2        n=9   prompt=+0.3279 word=+0.2325 |d_img|=0.8039
[clip_d] r26_taubg0_taufg2_vp         0011_lucia_e2        n=9   prompt=+0.3285 word=+0.2342 |d_img|=0.7895
[clip_d] r26_taubg0_taufg3_vp         0011_lucia_e2        n=9   prompt=+0.3291 word=+0.2360 |d_img|=0.7963
[clip_d] r26_taubg0_taufg4_vp         0011_lucia_e2        n=9   prompt=+0.3287 word=+0.2346 |d_img|=0.7902
[clip_d] r26_taubg0_taufg6_vp         0011_lucia_e2        n=9   prompt=+0.3274 word=+0.2382 |d_img|=0.8064
[clip_d] r26_taubg0_taufg8_vp         0011_lucia_e2        n=9   prompt=+0.3416 word=+0.2473 |d_img|=0.7659
[clip_d] r26_taubg0_taufg10_vp        0011_lucia_e2        n=9   prompt=+0.3418 word=+0.2428 |d_img|=0.7609
[clip_d] r26_taubg0_taufg20_vp        0011_lucia_e2        n=9   prompt=+0.3386 word=+0.2489 |d_img|=0.7728
[clip_d] r26_taubg0_taufg50_vp        0011_lucia_e2        n=9   prompt=+0.3303 word=+0.2455 |d_img|=0.7810
[clip_d] r26_taubg2_taufg2_vp         0011_lucia_e2        n=9   prompt=+0.3310 word=+0.2369 |d_img|=0.7981
[clip_d] r26_taubg3_taufg3_vp         0011_lucia_e2        n=9   prompt=+0.3333 word=+0.2368 |d_img|=0.7957
[clip_d] r26_taubg4_taufg4_vp         0011_lucia_e2        n=9   prompt=+0.3294 word=+0.2359 |d_img|=0.7796
[clip_d] r26_taubg6_taufg6_vp         0011_lucia_e2        n=9   prompt=+0.3328 word=+0.2362 |d_img|=0.7926
[clip_d] r26_taubg8_taufg8_vp         0011_lucia_e2        n=9   prompt=+0.3409 word=+0.2456 |d_img|=0.7627
[clip_d] r26_taubg10_taufg10_vp       0011_lucia_e2        n=9   prompt=+0.3397 word=+0.2479 |d_img|=0.7604
[clip_d] r26_taubg20_taufg20_vp       0011_lucia_e2        n=9   prompt=+0.3308 word=+0.2438 |d_img|=0.7536
[clip_d] r26_taubg50_taufg50_vp       0011_lucia_e2        n=9   prompt=+0.3304 word=+0.2462 |d_img|=0.7600
[clip_d] r30_lpips                    0011_lucia_e2        n=9   prompt=+0.3355 word=+0.2470 |d_img|=0.7724
[clip_d] r30_dino_cls                 0011_lucia_e2        n=9   prompt=+0.3395 word=+0.2454 |d_img|=0.7679
[clip_d] r30_dino_patch               0011_lucia_e2        n=9   prompt=+0.3259 word=+0.2412 |d_img|=0.7737
[clip_d] r30_clip_image               0011_lucia_e2        n=9   prompt=+0.3164 word=+0.2339 |d_img|=0.8064
[clip_d] r30_clip_prompt              0011_lucia_e2        n=9   prompt=+0.3296 word=+0.2352 |d_img|=0.7888
[clip_d] r30_depth                    0011_lucia_e2        n=9   prompt=+0.3303 word=+0.2455 |d_img|=0.7810
[clip_d] r30_normals                  0011_lucia_e2        n=9   prompt=+0.3190 word=+0.2336 |d_img|=0.8037
[clip_d] r30_selfsim                  0011_lucia_e2        n=9   prompt=+0.3314 word=+0.2322 |d_img|=0.7754
[clip_d] r31_lpips                    0014_burnout         n=9   prompt=+0.2457 word=+0.2148 |d_img|=0.7810
[clip_d] r31_dino_patch               0014_burnout         n=9   prompt=+0.2657 word=+0.2147 |d_img|=0.7953
[clip_d] r31_normals                  0014_burnout         n=9   prompt=+0.2530 word=+0.2097 |d_img|=0.7680
[clip_d] r31_latent                   0014_burnout         n=9   prompt=+0.2605 word=+0.2177 |d_img|=0.7761
[clip_d] r26_taubg0_taufg2_vp         0014_burnout         n=9   prompt=+0.2448 word=+0.2055 |d_img|=0.7724
[clip_d] r26_taubg0_taufg3_vp         0014_burnout         n=9   prompt=+0.2541 word=+0.2125 |d_img|=0.7689
[clip_d] r26_taubg0_taufg4_vp         0014_burnout         n=9   prompt=+0.2471 word=+0.2157 |d_img|=0.7743
[clip_d] r26_taubg0_taufg6_vp         0014_burnout         n=9   prompt=+0.2548 word=+0.2286 |d_img|=0.7620
[clip_d] r26_taubg0_taufg8_vp         0014_burnout         n=9   prompt=+0.2589 word=+0.2186 |d_img|=0.7916
[clip_d] r26_taubg0_taufg10_vp        0014_burnout         n=9   prompt=+0.2639 word=+0.2128 |d_img|=0.7903
[clip_d] r26_taubg0_taufg20_vp        0014_burnout         n=9   prompt=+0.2646 word=+0.2080 |d_img|=0.7987
[clip_d] r26_taubg0_taufg50_vp        0014_burnout         n=9   prompt=+0.2647 word=+0.2037 |d_img|=0.7974
[clip_d] r26_taubg2_taufg2_vp         0014_burnout         n=9   prompt=+0.2476 word=+0.2081 |d_img|=0.7714
[clip_d] r26_taubg3_taufg3_vp         0014_burnout         n=9   prompt=+0.2480 word=+0.2069 |d_img|=0.7636
[clip_d] r26_taubg4_taufg4_vp         0014_burnout         n=9   prompt=+0.2565 word=+0.2116 |d_img|=0.7693
[clip_d] r26_taubg6_taufg6_vp         0014_burnout         n=9   prompt=+0.2510 word=+0.2159 |d_img|=0.7924
[clip_d] r26_taubg8_taufg8_vp         0014_burnout         n=9   prompt=+0.2653 word=+0.2090 |d_img|=0.7883
[clip_d] r26_taubg10_taufg10_vp       0014_burnout         n=9   prompt=+0.2720 word=+0.2130 |d_img|=0.7826
[clip_d] r26_taubg20_taufg20_vp       0014_burnout         n=9   prompt=+0.2672 word=+0.2005 |d_img|=0.8277
[clip_d] r26_taubg50_taufg50_vp       0014_burnout         n=9   prompt=+0.2622 word=+0.1914 |d_img|=0.8966
[clip_d] r30_lpips                    0014_burnout         n=9   prompt=+0.2720 word=+0.2130 |d_img|=0.7963
[clip_d] r30_dino_cls                 0014_burnout         n=9   prompt=+0.2507 word=+0.2258 |d_img|=0.7591
[clip_d] r30_dino_patch               0014_burnout         n=9   prompt=+0.2597 word=+0.2115 |d_img|=0.8124
[clip_d] r30_clip_image               0014_burnout         n=9   prompt=+0.2582 word=+0.2172 |d_img|=0.7997
[clip_d] r30_clip_prompt              0014_burnout         n=9   prompt=+0.2496 word=+0.2100 |d_img|=0.7873
[clip_d] r30_depth                    0014_burnout         n=9   prompt=+0.2492 word=+0.2122 |d_img|=0.7586
[clip_d] r30_normals                  0014_burnout         n=9   prompt=+0.2525 word=+0.2020 |d_img|=0.8089
[clip_d] r30_selfsim                  0014_burnout         n=9   prompt=+0.2443 word=+0.2151 |d_img|=0.7548
[clip_d] r31_lpips                    0016_horsejump-high  n=6   prompt=+0.1985 word=+0.0759 |d_img|=0.6022
[clip_d] r31_dino_patch               0016_horsejump-high  n=6   prompt=+0.1830 word=+0.0677 |d_img|=0.5827
[clip_d] r31_normals                  0016_horsejump-high  n=6   prompt=+0.1375 word=+0.0369 |d_img|=0.5466
[clip_d] r31_latent                   0016_horsejump-high  n=6   prompt=+0.1395 word=+0.0328 |d_img|=0.5573
[clip_d] r26_taubg0_taufg2_vp         0016_horsejump-high  n=6   prompt=+0.1391 word=+0.0324 |d_img|=0.5487
[clip_d] r26_taubg0_taufg3_vp         0016_horsejump-high  n=6   prompt=+0.1240 word=+0.0270 |d_img|=0.5476
[clip_d] r26_taubg0_taufg4_vp         0016_horsejump-high  n=6   prompt=+0.1558 word=+0.0439 |d_img|=0.5493
[clip_d] r26_taubg0_taufg6_vp         0016_horsejump-high  n=6   prompt=+0.1515 word=+0.0451 |d_img|=0.5580
[clip_d] r26_taubg0_taufg8_vp         0016_horsejump-high  n=6   prompt=+0.1917 word=+0.0749 |d_img|=0.5963
[clip_d] r26_taubg0_taufg10_vp        0016_horsejump-high  n=6   prompt=+0.1825 word=+0.0627 |d_img|=0.6022
[clip_d] r26_taubg0_taufg20_vp        0016_horsejump-high  n=6   prompt=+0.2019 word=+0.0713 |d_img|=0.6156
[clip_d] r26_taubg0_taufg50_vp        0016_horsejump-high  n=6   prompt=+0.1958 word=+0.0662 |d_img|=0.6241
[clip_d] r26_taubg2_taufg2_vp         0016_horsejump-high  n=6   prompt=+0.1436 word=+0.0315 |d_img|=0.5389
[clip_d] r26_taubg3_taufg3_vp         0016_horsejump-high  n=6   prompt=+0.1502 word=+0.0431 |d_img|=0.5561
[clip_d] r26_taubg4_taufg4_vp         0016_horsejump-high  n=6   prompt=+0.1557 word=+0.0471 |d_img|=0.5673
[clip_d] r26_taubg6_taufg6_vp         0016_horsejump-high  n=6   prompt=+0.1834 word=+0.0694 |d_img|=0.5914
[clip_d] r26_taubg8_taufg8_vp         0016_horsejump-high  n=6   prompt=+0.1711 word=+0.0624 |d_img|=0.6062
[clip_d] r26_taubg10_taufg10_vp       0016_horsejump-high  n=6   prompt=+0.2061 word=+0.0933 |d_img|=0.6539
[clip_d] r26_taubg20_taufg20_vp       0016_horsejump-high  n=6   prompt=+0.2218 word=+0.0899 |d_img|=0.6472
[clip_d] r26_taubg50_taufg50_vp       0016_horsejump-high  n=6   prompt=+0.2293 word=+0.1097 |d_img|=0.7290
[clip_d] r30_lpips                    0016_horsejump-high  n=6   prompt=+0.1696 word=+0.0529 |d_img|=0.5660
[clip_d] r30_dino_cls                 0016_horsejump-high  n=6   prompt=+0.1748 word=+0.0605 |d_img|=0.5737
[clip_d] r30_dino_patch               0016_horsejump-high  n=6   prompt=+0.1695 word=+0.0569 |d_img|=0.5653
[clip_d] r30_clip_image               0016_horsejump-high  n=6   prompt=+0.1331 word=+0.0253 |d_img|=0.5479
[clip_d] r30_clip_prompt              0016_horsejump-high  n=6   prompt=+0.1406 word=+0.0368 |d_img|=0.5659
[clip_d] r30_depth                    0016_horsejump-high  n=6   prompt=+0.1290 word=+0.0277 |d_img|=0.5562
[clip_d] r30_normals                  0016_horsejump-high  n=6   prompt=+0.1574 word=+0.0403 |d_img|=0.5382
[clip_d] r30_selfsim                  0016_horsejump-high  n=6   prompt=+0.1208 word=+0.0258 |d_img|=0.5411
[clip_d] r31_lpips                    0068_planes-water    n=5   prompt=-0.0193 word=+0.0447 |d_img|=0.5970
[clip_d] r31_dino_patch               0068_planes-water    n=5   prompt=-0.0359 word=+0.0609 |d_img|=0.5605
[clip_d] r31_normals                  0068_planes-water    n=5   prompt=-0.0082 word=+0.0687 |d_img|=0.5274
[clip_d] r31_latent                   0068_planes-water    n=5   prompt=-0.0450 word=+0.0518 |d_img|=0.5705
[clip_d] r26_taubg0_taufg2_vp         0068_planes-water    n=5   prompt=-0.0014 word=+0.0687 |d_img|=0.5475
[clip_d] r26_taubg0_taufg3_vp         0068_planes-water    n=5   prompt=-0.0196 word=+0.0640 |d_img|=0.5582
[clip_d] r26_taubg0_taufg4_vp         0068_planes-water    n=5   prompt=+0.0171 word=+0.0849 |d_img|=0.5339
[clip_d] r26_taubg0_taufg6_vp         0068_planes-water    n=5   prompt=-0.0043 word=+0.0734 |d_img|=0.5351
[clip_d] r26_taubg0_taufg8_vp         0068_planes-water    n=5   prompt=+0.0124 word=+0.0813 |d_img|=0.5412
[clip_d] r26_taubg0_taufg10_vp        0068_planes-water    n=5   prompt=+0.0386 word=+0.0858 |d_img|=0.6024
[clip_d] r26_taubg0_taufg20_vp        0068_planes-water    n=5   prompt=+0.1024 word=+0.1696 |d_img|=0.7206
[clip_d] r26_taubg0_taufg50_vp        0068_planes-water    n=5   prompt=+0.1507 word=+0.1858 |d_img|=0.7230
[clip_d] r26_taubg2_taufg2_vp         0068_planes-water    n=5   prompt=-0.0395 word=+0.0540 |d_img|=0.5302
[clip_d] r26_taubg3_taufg3_vp         0068_planes-water    n=5   prompt=-0.0285 word=+0.0602 |d_img|=0.5479
[clip_d] r26_taubg4_taufg4_vp         0068_planes-water    n=5   prompt=-0.0185 word=+0.0670 |d_img|=0.5316
[clip_d] r26_taubg6_taufg6_vp         0068_planes-water    n=5   prompt=-0.0131 word=+0.0408 |d_img|=0.5900
[clip_d] r26_taubg8_taufg8_vp         0068_planes-water    n=5   prompt=+0.0477 word=+0.0673 |d_img|=0.5684
[clip_d] r26_taubg10_taufg10_vp       0068_planes-water    n=5   prompt=-0.0190 word=+0.0442 |d_img|=0.6005
[clip_d] r26_taubg20_taufg20_vp       0068_planes-water    n=5   prompt=+0.0886 word=+0.1222 |d_img|=0.7107
[clip_d] r26_taubg50_taufg50_vp       0068_planes-water    n=5   prompt=+0.1267 word=+0.1474 |d_img|=0.7310
[clip_d] r30_lpips                    0068_planes-water    n=5   prompt=+0.0610 word=+0.0922 |d_img|=0.6170
[clip_d] r30_dino_cls                 0068_planes-water    n=5   prompt=-0.0015 word=+0.0688 |d_img|=0.5322
[clip_d] r30_dino_patch               0068_planes-water    n=5   prompt=+0.0229 word=+0.0874 |d_img|=0.5467
[clip_d] r30_clip_image               0068_planes-water    n=5   prompt=+0.0124 word=+0.0748 |d_img|=0.5784
[clip_d] r30_clip_prompt              0068_planes-water    n=5   prompt=+0.0140 word=+0.0736 |d_img|=0.5662
[clip_d] r30_depth                    0068_planes-water    n=5   prompt=+0.0166 word=+0.0841 |d_img|=0.5378
[clip_d] r30_normals                  0068_planes-water    n=5   prompt=+0.0236 word=+0.0584 |d_img|=0.6080
[clip_d] r30_selfsim                  0068_planes-water    n=5   prompt=+0.1768 word=+0.1981 |d_img|=0.7411
[clip_d] r31_lpips                    0074_rhino           n=11  prompt=+0.4124 word=+0.3253 |d_img|=0.8548
[clip_d] r31_dino_patch               0074_rhino           n=11  prompt=+0.4194 word=+0.3299 |d_img|=0.8677
[clip_d] r31_normals                  0074_rhino           n=11  prompt=+0.4010 word=+0.3159 |d_img|=0.8539
[clip_d] r31_latent                   0074_rhino           n=11  prompt=+0.3972 word=+0.3199 |d_img|=0.8464
[clip_d] r26_taubg0_taufg2_vp         0074_rhino           n=11  prompt=+0.3657 word=+0.2831 |d_img|=0.7777
[clip_d] r26_taubg0_taufg3_vp         0074_rhino           n=11  prompt=+0.4127 word=+0.3297 |d_img|=0.8231
[clip_d] r26_taubg0_taufg4_vp         0074_rhino           n=11  prompt=+0.4183 word=+0.3290 |d_img|=0.8444
[clip_d] r26_taubg0_taufg6_vp         0074_rhino           n=11  prompt=+0.4070 word=+0.3166 |d_img|=0.8642
[clip_d] r26_taubg0_taufg8_vp         0074_rhino           n=11  prompt=+0.4102 word=+0.3192 |d_img|=0.8762
[clip_d] r26_taubg0_taufg10_vp        0074_rhino           n=11  prompt=+0.3853 word=+0.2969 |d_img|=0.8672
[clip_d] r26_taubg0_taufg20_vp        0074_rhino           n=11  prompt=+0.4282 word=+0.3398 |d_img|=0.8634
[clip_d] r26_taubg0_taufg50_vp        0074_rhino           n=11  prompt=+0.4348 word=+0.3438 |d_img|=0.8672
[clip_d] r26_taubg2_taufg2_vp         0074_rhino           n=11  prompt=+0.3749 word=+0.2897 |d_img|=0.7994
[clip_d] r26_taubg3_taufg3_vp         0074_rhino           n=11  prompt=+0.4139 word=+0.3303 |d_img|=0.8339
[clip_d] r26_taubg4_taufg4_vp         0074_rhino           n=11  prompt=+0.4099 word=+0.3255 |d_img|=0.8571
[clip_d] r26_taubg6_taufg6_vp         0074_rhino           n=11  prompt=+0.4041 word=+0.3201 |d_img|=0.8645
[clip_d] r26_taubg8_taufg8_vp         0074_rhino           n=11  prompt=+0.4149 word=+0.3311 |d_img|=0.8678
[clip_d] r26_taubg10_taufg10_vp       0074_rhino           n=11  prompt=+0.4241 word=+0.3373 |d_img|=0.8673
[clip_d] r26_taubg20_taufg20_vp       0074_rhino           n=11  prompt=+0.4436 word=+0.3489 |d_img|=0.8795
[clip_d] r26_taubg50_taufg50_vp       0074_rhino           n=11  prompt=+0.4407 word=+0.3492 |d_img|=0.8821
[clip_d] r30_lpips                    0074_rhino           n=11  prompt=+0.4060 word=+0.3196 |d_img|=0.8667
[clip_d] r30_dino_cls                 0074_rhino           n=11  prompt=+0.4212 word=+0.3281 |d_img|=0.8658
[clip_d] r30_dino_patch               0074_rhino           n=11  prompt=+0.4216 word=+0.3260 |d_img|=0.8592
[clip_d] r30_clip_image               0074_rhino           n=11  prompt=+0.3940 word=+0.3147 |d_img|=0.8796
[clip_d] r30_clip_prompt              0074_rhino           n=11  prompt=+0.4105 word=+0.3162 |d_img|=0.8441
[clip_d] r30_depth                    0074_rhino           n=11  prompt=+0.4094 word=+0.3187 |d_img|=0.8393
[clip_d] r30_normals                  0074_rhino           n=11  prompt=+0.4157 word=+0.3244 |d_img|=0.8567
[clip_d] r30_selfsim                  0074_rhino           n=11  prompt=+0.4266 word=+0.3375 |d_img|=0.8582
[clip_d] r31_lpips                    0075_A_bicycle       n=11  prompt=+0.3186 word=+0.2468 |d_img|=0.7574
[clip_d] r31_dino_patch               0075_A_bicycle       n=11  prompt=+0.3568 word=+0.2855 |d_img|=0.7884
[clip_d] r31_normals                  0075_A_bicycle       n=11  prompt=+0.3313 word=+0.2655 |d_img|=0.7649
[clip_d] r31_latent                   0075_A_bicycle       n=11  prompt=+0.2996 word=+0.2383 |d_img|=0.7467
[clip_d] r26_taubg0_taufg2_vp         0075_A_bicycle       n=11  prompt=+0.3484 word=+0.2839 |d_img|=0.7670
[clip_d] r26_taubg0_taufg3_vp         0075_A_bicycle       n=11  prompt=+0.3336 word=+0.2657 |d_img|=0.7618
[clip_d] r26_taubg0_taufg4_vp         0075_A_bicycle       n=11  prompt=+0.3243 word=+0.2604 |d_img|=0.7408
[clip_d] r26_taubg0_taufg6_vp         0075_A_bicycle       n=11  prompt=+0.3370 word=+0.2693 |d_img|=0.7678
[clip_d] r26_taubg0_taufg8_vp         0075_A_bicycle       n=11  prompt=+0.3171 word=+0.2491 |d_img|=0.7637
[clip_d] r26_taubg0_taufg10_vp        0075_A_bicycle       n=11  prompt=+0.3349 word=+0.2628 |d_img|=0.7642
[clip_d] r26_taubg0_taufg20_vp        0075_A_bicycle       n=11  prompt=+0.3288 word=+0.2512 |d_img|=0.8213
[clip_d] r26_taubg0_taufg50_vp        0075_A_bicycle       n=11  prompt=+0.3234 word=+0.2461 |d_img|=0.8161
[clip_d] r26_taubg2_taufg2_vp         0075_A_bicycle       n=11  prompt=+0.3242 word=+0.2601 |d_img|=0.7545
[clip_d] r26_taubg3_taufg3_vp         0075_A_bicycle       n=11  prompt=+0.3497 word=+0.2824 |d_img|=0.7377
[clip_d] r26_taubg4_taufg4_vp         0075_A_bicycle       n=11  prompt=+0.3149 word=+0.2523 |d_img|=0.7643
[clip_d] r26_taubg6_taufg6_vp         0075_A_bicycle       n=11  prompt=+0.3165 word=+0.2509 |d_img|=0.7563
[clip_d] r26_taubg8_taufg8_vp         0075_A_bicycle       n=11  prompt=+0.3421 word=+0.2741 |d_img|=0.7732
[clip_d] r26_taubg10_taufg10_vp       0075_A_bicycle       n=11  prompt=+0.3247 word=+0.2466 |d_img|=0.7816
[clip_d] r26_taubg20_taufg20_vp       0075_A_bicycle       n=11  prompt=+0.3265 word=+0.2501 |d_img|=0.8408
[clip_d] r26_taubg50_taufg50_vp       0075_A_bicycle       n=11  prompt=+0.3276 word=+0.2540 |d_img|=0.8374
[clip_d] r30_lpips                    0075_A_bicycle       n=11  prompt=+0.3382 word=+0.2723 |d_img|=0.7655
[clip_d] r30_dino_cls                 0075_A_bicycle       n=11  prompt=+0.3123 word=+0.2495 |d_img|=0.7742
[clip_d] r30_dino_patch               0075_A_bicycle       n=11  prompt=+0.3477 word=+0.2804 |d_img|=0.7767
[clip_d] r30_clip_image               0075_A_bicycle       n=11  prompt=+0.3350 word=+0.2691 |d_img|=0.7649
[clip_d] r30_clip_prompt              0075_A_bicycle       n=11  prompt=+0.3228 word=+0.2511 |d_img|=0.7591
[clip_d] r30_depth                    0075_A_bicycle       n=11  prompt=+0.3351 word=+0.2714 |d_img|=0.7354
[clip_d] r30_normals                  0075_A_bicycle       n=11  prompt=+0.3503 word=+0.2783 |d_img|=0.7692
[clip_d] r30_selfsim                  0075_A_bicycle       n=11  prompt=+0.3437 word=+0.2707 |d_img|=0.7704
[clip_d] r31_lpips                    0076_A_rabbit        n=11  prompt=+0.2600 word=+0.2979 |d_img|=0.9208
[clip_d] r31_dino_patch               0076_A_rabbit        n=11  prompt=+0.2611 word=+0.2984 |d_img|=0.9408
[clip_d] r31_normals                  0076_A_rabbit        n=11  prompt=+0.2557 word=+0.2970 |d_img|=0.8983
[clip_d] r31_latent                   0076_A_rabbit        n=11  prompt=+0.2526 word=+0.3000 |d_img|=0.9113
[clip_d] r26_taubg0_taufg2_vp         0076_A_rabbit        n=11  prompt=+0.1410 word=+0.1885 |d_img|=0.7979
[clip_d] r26_taubg0_taufg3_vp         0076_A_rabbit        n=11  prompt=+0.2489 word=+0.2898 |d_img|=0.8951
[clip_d] r26_taubg0_taufg4_vp         0076_A_rabbit        n=11  prompt=+0.2549 word=+0.2969 |d_img|=0.9014
[clip_d] r26_taubg0_taufg6_vp         0076_A_rabbit        n=11  prompt=+0.2620 word=+0.3000 |d_img|=0.9118
[clip_d] r26_taubg0_taufg8_vp         0076_A_rabbit        n=11  prompt=+0.2641 word=+0.3035 |d_img|=0.9237
[clip_d] r26_taubg0_taufg10_vp        0076_A_rabbit        n=11  prompt=+0.2565 word=+0.2959 |d_img|=0.9271
[clip_d] r26_taubg0_taufg20_vp        0076_A_rabbit        n=11  prompt=+0.2437 word=+0.2848 |d_img|=0.9535
[clip_d] r26_taubg0_taufg50_vp        0076_A_rabbit        n=11  prompt=+0.2420 word=+0.2802 |d_img|=0.9633
[clip_d] r26_taubg2_taufg2_vp         0076_A_rabbit        n=11  prompt=+0.1554 word=+0.2059 |d_img|=0.8007
[clip_d] r26_taubg3_taufg3_vp         0076_A_rabbit        n=11  prompt=+0.2564 word=+0.2971 |d_img|=0.9041
[clip_d] r26_taubg4_taufg4_vp         0076_A_rabbit        n=11  prompt=+0.2561 word=+0.3011 |d_img|=0.9104
[clip_d] r26_taubg6_taufg6_vp         0076_A_rabbit        n=11  prompt=+0.2645 word=+0.3028 |d_img|=0.9246
[clip_d] r26_taubg8_taufg8_vp         0076_A_rabbit        n=11  prompt=+0.2632 word=+0.3035 |d_img|=0.9318
[clip_d] r26_taubg10_taufg10_vp       0076_A_rabbit        n=11  prompt=+0.2602 word=+0.2977 |d_img|=0.9398
[clip_d] r26_taubg20_taufg20_vp       0076_A_rabbit        n=11  prompt=+0.2459 word=+0.2857 |d_img|=0.9640
[clip_d] r26_taubg50_taufg50_vp       0076_A_rabbit        n=11  prompt=+0.2518 word=+0.2888 |d_img|=0.9536
[clip_d] r30_lpips                    0076_A_rabbit        n=11  prompt=+0.2588 word=+0.2988 |d_img|=0.9454
[clip_d] r30_dino_cls                 0076_A_rabbit        n=11  prompt=+0.2470 word=+0.2863 |d_img|=0.9411
[clip_d] r30_dino_patch               0076_A_rabbit        n=11  prompt=+0.2420 word=+0.2802 |d_img|=0.9633
[clip_d] r30_clip_image               0076_A_rabbit        n=11  prompt=+0.2446 word=+0.2794 |d_img|=0.9660
[clip_d] r30_clip_prompt              0076_A_rabbit        n=11  prompt=+0.2495 word=+0.2872 |d_img|=0.9500
[clip_d] r30_depth                    0076_A_rabbit        n=11  prompt=+0.2523 word=+0.2944 |d_img|=0.8879
[clip_d] r30_normals                  0076_A_rabbit        n=11  prompt=+0.2400 word=+0.2904 |d_img|=0.8853
[clip_d] r30_selfsim                  0076_A_rabbit        n=11  prompt=+0.2580 word=+0.3006 |d_img|=0.9443
[clip_d] r31_lpips                    0090_A_deer          n=11  prompt=+0.3282 word=+0.2539 |d_img|=0.8500
[clip_d] r31_dino_patch               0090_A_deer          n=11  prompt=+0.3311 word=+0.2525 |d_img|=0.8554
[clip_d] r31_normals                  0090_A_deer          n=11  prompt=+0.3302 word=+0.2524 |d_img|=0.8312
[clip_d] r31_latent                   0090_A_deer          n=11  prompt=+0.3305 word=+0.2480 |d_img|=0.8322
[clip_d] r26_taubg0_taufg2_vp         0090_A_deer          n=11  prompt=+0.2138 word=+0.1911 |d_img|=0.7555
[clip_d] r26_taubg0_taufg3_vp         0090_A_deer          n=11  prompt=+0.3125 word=+0.2508 |d_img|=0.8169
[clip_d] r26_taubg0_taufg4_vp         0090_A_deer          n=11  prompt=+0.3433 word=+0.2622 |d_img|=0.8101
[clip_d] r26_taubg0_taufg6_vp         0090_A_deer          n=11  prompt=+0.3241 word=+0.2530 |d_img|=0.8227
[clip_d] r26_taubg0_taufg8_vp         0090_A_deer          n=11  prompt=+0.3293 word=+0.2579 |d_img|=0.8423
[clip_d] r26_taubg0_taufg10_vp        0090_A_deer          n=11  prompt=+0.3175 word=+0.2505 |d_img|=0.8344
[clip_d] r26_taubg0_taufg20_vp        0090_A_deer          n=11  prompt=+0.2950 word=+0.2621 |d_img|=0.8585
[clip_d] r26_taubg0_taufg50_vp        0090_A_deer          n=11  prompt=+0.2812 word=+0.2589 |d_img|=0.8868
[clip_d] r26_taubg2_taufg2_vp         0090_A_deer          n=11  prompt=+0.2167 word=+0.1944 |d_img|=0.7646
[clip_d] r26_taubg3_taufg3_vp         0090_A_deer          n=11  prompt=+0.3231 word=+0.2489 |d_img|=0.8213
[clip_d] r26_taubg4_taufg4_vp         0090_A_deer          n=11  prompt=+0.3315 word=+0.2552 |d_img|=0.8165
[clip_d] r26_taubg6_taufg6_vp         0090_A_deer          n=11  prompt=+0.3240 word=+0.2558 |d_img|=0.8291
[clip_d] r26_taubg8_taufg8_vp         0090_A_deer          n=11  prompt=+0.3222 word=+0.2532 |d_img|=0.8399
[clip_d] r26_taubg10_taufg10_vp       0090_A_deer          n=11  prompt=+0.3281 word=+0.2544 |d_img|=0.8339
[clip_d] r26_taubg20_taufg20_vp       0090_A_deer          n=11  prompt=+0.2945 word=+0.2567 |d_img|=0.8444
[clip_d] r26_taubg50_taufg50_vp       0090_A_deer          n=11  prompt=+0.2784 word=+0.2540 |d_img|=0.8851
[clip_d] r30_lpips                    0090_A_deer          n=11  prompt=+0.3257 word=+0.2580 |d_img|=0.8323
[clip_d] r30_dino_cls                 0090_A_deer          n=11  prompt=+0.2810 word=+0.2468 |d_img|=0.8600
[clip_d] r30_dino_patch               0090_A_deer          n=11  prompt=+0.3291 word=+0.2574 |d_img|=0.8436
[clip_d] r30_clip_image               0090_A_deer          n=11  prompt=+0.3337 word=+0.2602 |d_img|=0.8298
[clip_d] r30_clip_prompt              0090_A_deer          n=11  prompt=+0.3232 word=+0.2555 |d_img|=0.8282
[clip_d] r30_depth                    0090_A_deer          n=11  prompt=+0.3040 word=+0.2475 |d_img|=0.8121
[clip_d] r30_normals                  0090_A_deer          n=11  prompt=+0.3248 word=+0.2559 |d_img|=0.8403
[clip_d] r30_selfsim                  0090_A_deer          n=11  prompt=+0.3301 word=+0.2595 |d_img|=0.8308
[clip_d] r31_lpips                    0091_A_hawk          n=11  prompt=+0.2746 word=+0.2618 |d_img|=0.6435
[clip_d] r31_dino_patch               0091_A_hawk          n=11  prompt=+0.2718 word=+0.2611 |d_img|=0.6491
[clip_d] r31_normals                  0091_A_hawk          n=11  prompt=+0.2680 word=+0.2541 |d_img|=0.6380
[clip_d] r31_latent                   0091_A_hawk          n=11  prompt=+0.2831 word=+0.2667 |d_img|=0.6462
[clip_d] r26_taubg0_taufg2_vp         0091_A_hawk          n=11  prompt=+0.2658 word=+0.2567 |d_img|=0.6260
[clip_d] r26_taubg0_taufg3_vp         0091_A_hawk          n=11  prompt=+0.2713 word=+0.2610 |d_img|=0.6333
[clip_d] r26_taubg0_taufg4_vp         0091_A_hawk          n=11  prompt=+0.2705 word=+0.2576 |d_img|=0.6410
[clip_d] r26_taubg0_taufg6_vp         0091_A_hawk          n=11  prompt=+0.2637 word=+0.2527 |d_img|=0.6446
[clip_d] r26_taubg0_taufg8_vp         0091_A_hawk          n=11  prompt=+0.2462 word=+0.2348 |d_img|=0.6364
[clip_d] r26_taubg0_taufg10_vp        0091_A_hawk          n=11  prompt=+0.2494 word=+0.2406 |d_img|=0.6355
[clip_d] r26_taubg0_taufg20_vp        0091_A_hawk          n=11  prompt=+0.2781 word=+0.2621 |d_img|=0.6640
[clip_d] r26_taubg0_taufg50_vp        0091_A_hawk          n=11  prompt=+0.3332 word=+0.3156 |d_img|=0.6783
[clip_d] r26_taubg2_taufg2_vp         0091_A_hawk          n=11  prompt=+0.2784 word=+0.2658 |d_img|=0.6310
[clip_d] r26_taubg3_taufg3_vp         0091_A_hawk          n=11  prompt=+0.2781 word=+0.2664 |d_img|=0.6327
[clip_d] r26_taubg4_taufg4_vp         0091_A_hawk          n=11  prompt=+0.2532 word=+0.2412 |d_img|=0.6380
[clip_d] r26_taubg6_taufg6_vp         0091_A_hawk          n=11  prompt=+0.2836 word=+0.2675 |d_img|=0.6492
[clip_d] r26_taubg8_taufg8_vp         0091_A_hawk          n=11  prompt=+0.2476 word=+0.2385 |d_img|=0.6363
[clip_d] r26_taubg10_taufg10_vp       0091_A_hawk          n=11  prompt=+0.2462 word=+0.2353 |d_img|=0.6348
[clip_d] r26_taubg20_taufg20_vp       0091_A_hawk          n=11  prompt=+0.2770 word=+0.2606 |d_img|=0.6641
[clip_d] r26_taubg50_taufg50_vp       0091_A_hawk          n=11  prompt=+0.3269 word=+0.3170 |d_img|=0.6901
[clip_d] r30_lpips                    0091_A_hawk          n=11  prompt=+0.3332 word=+0.3156 |d_img|=0.6783
[clip_d] r30_dino_cls                 0091_A_hawk          n=11  prompt=+0.2707 word=+0.2572 |d_img|=0.6418
[clip_d] r30_dino_patch               0091_A_hawk          n=11  prompt=+0.2833 word=+0.2680 |d_img|=0.6646
[clip_d] r30_clip_image               0091_A_hawk          n=11  prompt=+0.2686 word=+0.2573 |d_img|=0.6404
[clip_d] r30_clip_prompt              0091_A_hawk          n=11  prompt=+0.2737 word=+0.2614 |d_img|=0.6501
[clip_d] r30_depth                    0091_A_hawk          n=11  prompt=+0.3323 word=+0.3138 |d_img|=0.6812
[clip_d] r30_normals                  0091_A_hawk          n=11  prompt=+0.2753 word=+0.2623 |d_img|=0.6393
[clip_d] r30_selfsim                  0091_A_hawk          n=11  prompt=+0.2694 word=+0.2574 |d_img|=0.6450
[clip_d] r31_lpips                    0007_guitar-violin   n=6   prompt=+0.2294 word=+0.1049 |d_img|=0.4926
[clip_d] r31_dino_patch               0007_guitar-violin   n=6   prompt=+0.2292 word=+0.1021 |d_img|=0.4963
[clip_d] r31_normals                  0007_guitar-violin   n=6   prompt=+0.2195 word=+0.0959 |d_img|=0.4832
[clip_d] r31_latent                   0007_guitar-violin   n=6   prompt=+0.2232 word=+0.0956 |d_img|=0.4725
[clip_d] r26_taubg0_taufg2_vp         0007_guitar-violin   n=6   prompt=+0.1012 word=+0.0281 |d_img|=0.4527
[clip_d] r26_taubg0_taufg3_vp         0007_guitar-violin   n=6   prompt=+0.1686 word=+0.0626 |d_img|=0.4534
[clip_d] r26_taubg0_taufg4_vp         0007_guitar-violin   n=6   prompt=+0.1673 word=+0.0619 |d_img|=0.4572
[clip_d] r26_taubg0_taufg6_vp         0007_guitar-violin   n=6   prompt=+0.1945 word=+0.0776 |d_img|=0.4604
[clip_d] r26_taubg0_taufg8_vp         0007_guitar-violin   n=6   prompt=+0.1904 word=+0.0745 |d_img|=0.4593
[clip_d] r26_taubg0_taufg10_vp        0007_guitar-violin   n=6   prompt=+0.1977 word=+0.0804 |d_img|=0.4601
[clip_d] r26_taubg0_taufg20_vp        0007_guitar-violin   n=6   prompt=+0.2258 word=+0.0997 |d_img|=0.4781
[clip_d] r26_taubg0_taufg50_vp        0007_guitar-violin   n=6   prompt=+0.2018 word=+0.0866 |d_img|=0.4850
[clip_d] r26_taubg2_taufg2_vp         0007_guitar-violin   n=6   prompt=+0.1805 word=+0.0688 |d_img|=0.4733
[clip_d] r26_taubg3_taufg3_vp         0007_guitar-violin   n=6   prompt=+0.2266 word=+0.0940 |d_img|=0.4801
[clip_d] r26_taubg4_taufg4_vp         0007_guitar-violin   n=6   prompt=+0.2287 word=+0.1005 |d_img|=0.4987
[clip_d] r26_taubg6_taufg6_vp         0007_guitar-violin   n=6   prompt=+0.2291 word=+0.1050 |d_img|=0.4987
[clip_d] r26_taubg8_taufg8_vp         0007_guitar-violin   n=6   prompt=+0.2320 word=+0.1076 |d_img|=0.5241
[clip_d] r26_taubg10_taufg10_vp       0007_guitar-violin   n=6   prompt=+0.2332 word=+0.1046 |d_img|=0.5239
[clip_d] r26_taubg20_taufg20_vp       0007_guitar-violin   n=6   prompt=+0.2204 word=+0.1020 |d_img|=0.5610
[clip_d] r26_taubg50_taufg50_vp       0007_guitar-violin   n=6   prompt=+0.2140 word=+0.1160 |d_img|=0.5595
[clip_d] r30_lpips                    0007_guitar-violin   n=6   prompt=+0.1012 word=+0.0281 |d_img|=0.4527
[clip_d] r30_dino_cls                 0007_guitar-violin   n=6   prompt=+0.1012 word=+0.0281 |d_img|=0.4527
[clip_d] r30_dino_patch               0007_guitar-violin   n=6   prompt=+0.1199 word=+0.0376 |d_img|=0.4503
[clip_d] r30_clip_image               0007_guitar-violin   n=6   prompt=+0.1002 word=+0.0226 |d_img|=0.4402
[clip_d] r30_clip_prompt              0007_guitar-violin   n=6   prompt=+0.1018 word=+0.0238 |d_img|=0.4406
[clip_d] r30_depth                    0007_guitar-violin   n=6   prompt=+0.1123 word=+0.0337 |d_img|=0.4512
[clip_d] r30_normals                  0007_guitar-violin   n=6   prompt=+0.1075 word=+0.0268 |d_img|=0.4396
[clip_d] r30_selfsim                  0007_guitar-violin   n=6   prompt=+0.1217 word=+0.0419 |d_img|=0.4435
[clip_d] r31_lpips                    0069_car-turn        n=9   prompt=+0.1629 word=+0.0959 |d_img|=0.6652
[clip_d] r31_dino_patch               0069_car-turn        n=9   prompt=+0.1543 word=+0.0795 |d_img|=0.7076
[clip_d] r31_normals                  0069_car-turn        n=9   prompt=+0.1140 word=+0.0533 |d_img|=0.6695
[clip_d] r31_latent                   0069_car-turn        n=9   prompt=+0.1123 word=+0.0505 |d_img|=0.6476
[clip_d] r26_taubg0_taufg2_vp         0069_car-turn        n=9   prompt=+0.0271 word=-0.0281 |d_img|=0.6158
[clip_d] r26_taubg0_taufg3_vp         0069_car-turn        n=9   prompt=+0.0206 word=-0.0291 |d_img|=0.6215
[clip_d] r26_taubg0_taufg4_vp         0069_car-turn        n=9   prompt=+0.1263 word=+0.0607 |d_img|=0.6618
[clip_d] r26_taubg0_taufg6_vp         0069_car-turn        n=9   prompt=+0.1693 word=+0.0950 |d_img|=0.6783
[clip_d] r26_taubg0_taufg8_vp         0069_car-turn        n=9   prompt=+0.1306 word=+0.0618 |d_img|=0.6727
[clip_d] r26_taubg0_taufg10_vp        0069_car-turn        n=9   prompt=+0.1342 word=+0.0604 |d_img|=0.6729
[clip_d] r26_taubg0_taufg20_vp        0069_car-turn        n=9   prompt=+0.2786 word=+0.1728 |d_img|=0.7931
[clip_d] r26_taubg0_taufg50_vp        0069_car-turn        n=9   prompt=+0.2543 word=+0.1521 |d_img|=0.7791
[clip_d] r26_taubg2_taufg2_vp         0069_car-turn        n=9   prompt=+0.0192 word=-0.0249 |d_img|=0.6076
[clip_d] r26_taubg3_taufg3_vp         0069_car-turn        n=9   prompt=+0.0137 word=-0.0280 |d_img|=0.6207
[clip_d] r26_taubg4_taufg4_vp         0069_car-turn        n=9   prompt=+0.1237 word=+0.0577 |d_img|=0.6754
[clip_d] r26_taubg6_taufg6_vp         0069_car-turn        n=9   prompt=+0.1453 word=+0.0715 |d_img|=0.6833
[clip_d] r26_taubg8_taufg8_vp         0069_car-turn        n=9   prompt=+0.1382 word=+0.0619 |d_img|=0.6692
[clip_d] r26_taubg10_taufg10_vp       0069_car-turn        n=9   prompt=+0.1896 word=+0.0881 |d_img|=0.7064
[clip_d] r26_taubg20_taufg20_vp       0069_car-turn        n=9   prompt=+0.2901 word=+0.1800 |d_img|=0.7794
[clip_d] r26_taubg50_taufg50_vp       0069_car-turn        n=9   prompt=+0.2617 word=+0.1592 |d_img|=0.7784
[clip_d] r30_lpips                    0069_car-turn        n=9   prompt=+0.0615 word=+0.0165 |d_img|=0.6433
[clip_d] r30_dino_cls                 0069_car-turn        n=9   prompt=+0.0166 word=-0.0291 |d_img|=0.6181
[clip_d] r30_dino_patch               0069_car-turn        n=9   prompt=+0.1155 word=+0.0518 |d_img|=0.6636
[clip_d] r30_clip_image               0069_car-turn        n=9   prompt=+0.1176 word=+0.0455 |d_img|=0.6439
[clip_d] r30_clip_prompt              0069_car-turn        n=9   prompt=+0.0776 word=+0.0146 |d_img|=0.6642
[clip_d] r30_depth                    0069_car-turn        n=9   prompt=+0.0207 word=-0.0290 |d_img|=0.6219
[clip_d] r30_normals                  0069_car-turn        n=9   prompt=+0.0841 word=+0.0187 |d_img|=0.6314
[clip_d] r30_selfsim                  0069_car-turn        n=9   prompt=+0.0867 word=+0.0220 |d_img|=0.6424
[clip_d] r31_lpips                    0011_lucia_e5        n=9   prompt=+0.0329 word=-0.0019 |d_img|=0.5648
[clip_d] r31_dino_patch               0011_lucia_e5        n=9   prompt=+0.0127 word=-0.0149 |d_img|=0.5573
[clip_d] r31_normals                  0011_lucia_e5        n=9   prompt=+0.0534 word=+0.0131 |d_img|=0.5728
[clip_d] r31_latent                   0011_lucia_e5        n=9   prompt=+0.0372 word=+0.0055 |d_img|=0.5653
[clip_d] r26_taubg0_taufg2_vp         0011_lucia_e5        n=9   prompt=-0.0037 word=-0.0289 |d_img|=0.5468
[clip_d] r26_taubg0_taufg3_vp         0011_lucia_e5        n=9   prompt=+0.0026 word=-0.0211 |d_img|=0.5462
[clip_d] r26_taubg0_taufg4_vp         0011_lucia_e5        n=9   prompt=+0.0038 word=-0.0188 |d_img|=0.5456
[clip_d] r26_taubg0_taufg6_vp         0011_lucia_e5        n=9   prompt=+0.0004 word=-0.0202 |d_img|=0.5482
[clip_d] r26_taubg0_taufg8_vp         0011_lucia_e5        n=9   prompt=+0.0112 word=-0.0073 |d_img|=0.5575
[clip_d] r26_taubg0_taufg10_vp        0011_lucia_e5        n=9   prompt=-0.0029 word=-0.0125 |d_img|=0.5616
[clip_d] r26_taubg0_taufg20_vp        0011_lucia_e5        n=9   prompt=+0.1638 word=+0.0868 |d_img|=0.6261
[clip_d] r26_taubg0_taufg50_vp        0011_lucia_e5        n=9   prompt=+0.1760 word=+0.1016 |d_img|=0.6367
[clip_d] r26_taubg2_taufg2_vp         0011_lucia_e5        n=9   prompt=+0.0064 word=-0.0262 |d_img|=0.5467
[clip_d] r26_taubg3_taufg3_vp         0011_lucia_e5        n=9   prompt=+0.0522 word=+0.0129 |d_img|=0.5725
[clip_d] r26_taubg4_taufg4_vp         0011_lucia_e5        n=9   prompt=+0.0095 word=-0.0064 |d_img|=0.5579
[clip_d] r26_taubg6_taufg6_vp         0011_lucia_e5        n=9   prompt=+0.0386 word=+0.0231 |d_img|=0.5909
[clip_d] r26_taubg8_taufg8_vp         0011_lucia_e5        n=9   prompt=+0.1045 word=+0.0475 |d_img|=0.5908
[clip_d] r26_taubg10_taufg10_vp       0011_lucia_e5        n=9   prompt=+0.1575 word=+0.0756 |d_img|=0.6308
[clip_d] r26_taubg20_taufg20_vp       0011_lucia_e5        n=9   prompt=+0.1689 word=+0.1114 |d_img|=0.6656
[clip_d] r26_taubg50_taufg50_vp       0011_lucia_e5        n=9   prompt=+0.1809 word=+0.1133 |d_img|=0.6535
[clip_d] r30_lpips                    0011_lucia_e5        n=9   prompt=+0.0015 word=-0.0206 |d_img|=0.5462
[clip_d] r30_dino_cls                 0011_lucia_e5        n=9   prompt=+0.0005 word=-0.0207 |d_img|=0.5494
[clip_d] r30_dino_patch               0011_lucia_e5        n=9   prompt=+0.0029 word=-0.0185 |d_img|=0.5461
[clip_d] r30_clip_image               0011_lucia_e5        n=9   prompt=+0.0127 word=-0.0095 |d_img|=0.5555
[clip_d] r30_clip_prompt              0011_lucia_e5        n=9   prompt=+0.0074 word=-0.0184 |d_img|=0.5462
[clip_d] r30_depth                    0011_lucia_e5        n=9   prompt=+0.0019 word=-0.0217 |d_img|=0.5476
[clip_d] r30_normals                  0011_lucia_e5        n=9   prompt=+0.0125 word=-0.0098 |d_img|=0.5557
[clip_d] r30_selfsim                  0011_lucia_e5        n=9   prompt=+0.0259 word=-0.0009 |d_img|=0.5508
[clip_d] r31_lpips                    0042_gym-ball        n=9   prompt=+0.0432 word=+0.0723 |d_img|=0.4610
[clip_d] r31_dino_patch               0042_gym-ball        n=9   prompt=+0.0397 word=+0.0722 |d_img|=0.4495
[clip_d] r31_normals                  0042_gym-ball        n=9   prompt=+0.0425 word=+0.0699 |d_img|=0.4570
[clip_d] r31_latent                   0042_gym-ball        n=9   prompt=+0.0375 word=+0.0697 |d_img|=0.4567
[clip_d] r26_taubg0_taufg2_vp         0042_gym-ball        n=9   prompt=+0.0317 word=+0.0640 |d_img|=0.4638
[clip_d] r26_taubg0_taufg3_vp         0042_gym-ball        n=9   prompt=+0.0386 word=+0.0682 |d_img|=0.4553
[clip_d] r26_taubg0_taufg4_vp         0042_gym-ball        n=9   prompt=+0.0373 word=+0.0668 |d_img|=0.4710
[clip_d] r26_taubg0_taufg6_vp         0042_gym-ball        n=9   prompt=+0.0516 word=+0.0774 |d_img|=0.4857
[clip_d] r26_taubg0_taufg8_vp         0042_gym-ball        n=9   prompt=+0.0604 word=+0.0696 |d_img|=0.4981
[clip_d] r26_taubg0_taufg10_vp        0042_gym-ball        n=9   prompt=+0.0544 word=+0.0691 |d_img|=0.4957
[clip_d] r26_taubg0_taufg20_vp        0042_gym-ball        n=9   prompt=+0.0375 word=+0.0461 |d_img|=0.5810
[clip_d] r26_taubg0_taufg50_vp        0042_gym-ball        n=9   prompt=+0.0209 word=+0.0453 |d_img|=0.6383
[clip_d] r26_taubg2_taufg2_vp         0042_gym-ball        n=9   prompt=+0.0317 word=+0.0640 |d_img|=0.4638
[clip_d] r26_taubg3_taufg3_vp         0042_gym-ball        n=9   prompt=+0.0386 word=+0.0682 |d_img|=0.4553
[clip_d] r26_taubg4_taufg4_vp         0042_gym-ball        n=9   prompt=+0.0373 word=+0.0668 |d_img|=0.4710
[clip_d] r26_taubg6_taufg6_vp         0042_gym-ball        n=9   prompt=+0.0516 word=+0.0774 |d_img|=0.4857
[clip_d] r26_taubg8_taufg8_vp         0042_gym-ball        n=9   prompt=+0.0604 word=+0.0696 |d_img|=0.4981
[clip_d] r26_taubg10_taufg10_vp       0042_gym-ball        n=9   prompt=+0.0544 word=+0.0691 |d_img|=0.4957
[clip_d] r26_taubg20_taufg20_vp       0042_gym-ball        n=9   prompt=+0.0375 word=+0.0461 |d_img|=0.5810
[clip_d] r26_taubg50_taufg50_vp       0042_gym-ball        n=9   prompt=+0.0209 word=+0.0453 |d_img|=0.6383
[clip_d] r30_lpips                    0042_gym-ball        n=9   prompt=+0.0385 word=+0.0658 |d_img|=0.4605
[clip_d] r30_dino_cls                 0042_gym-ball        n=9   prompt=+0.0463 word=+0.0709 |d_img|=0.4536
[clip_d] r30_dino_patch               0042_gym-ball        n=9   prompt=+0.0481 word=+0.0733 |d_img|=0.4531
[clip_d] r30_clip_image               0042_gym-ball        n=9   prompt=+0.0404 word=+0.0579 |d_img|=0.4639
[clip_d] r30_clip_prompt              0042_gym-ball        n=9   prompt=+0.0379 word=+0.0554 |d_img|=0.4622
[clip_d] r30_depth                    0042_gym-ball        n=9   prompt=+0.0477 word=+0.0699 |d_img|=0.4718
[clip_d] r30_normals                  0042_gym-ball        n=9   prompt=+0.0596 word=+0.0661 |d_img|=0.4856
[clip_d] r30_selfsim                  0042_gym-ball        n=9   prompt=+0.0396 word=+0.0572 |d_img|=0.4650
[clip_d] r31_lpips                    0034_cows            n=12  prompt=+0.2863 word=+0.2328 |d_img|=0.8317
[clip_d] r31_dino_patch               0034_cows            n=12  prompt=+0.3209 word=+0.2541 |d_img|=0.8579
[clip_d] r31_normals                  0034_cows            n=12  prompt=+0.2725 word=+0.2239 |d_img|=0.8429
[clip_d] r31_latent                   0034_cows            n=12  prompt=+0.2643 word=+0.2164 |d_img|=0.8074
[clip_d] r26_taubg0_taufg2_vp         0034_cows            n=12  prompt=+0.1980 word=+0.1594 |d_img|=0.7830
[clip_d] r26_taubg0_taufg3_vp         0034_cows            n=12  prompt=+0.2570 word=+0.2139 |d_img|=0.8126
[clip_d] r26_taubg0_taufg4_vp         0034_cows            n=12  prompt=+0.2788 word=+0.2301 |d_img|=0.8332
[clip_d] r26_taubg0_taufg6_vp         0034_cows            n=12  prompt=+0.3274 word=+0.2605 |d_img|=0.8445
[clip_d] r26_taubg0_taufg8_vp         0034_cows            n=12  prompt=+0.3405 word=+0.2689 |d_img|=0.8283
[clip_d] r26_taubg0_taufg10_vp        0034_cows            n=12  prompt=+0.3498 word=+0.2699 |d_img|=0.8469
[clip_d] r26_taubg0_taufg20_vp        0034_cows            n=12  prompt=+0.3964 word=+0.3103 |d_img|=0.8321
[clip_d] r26_taubg0_taufg50_vp        0034_cows            n=12  prompt=+0.4163 word=+0.3196 |d_img|=0.8396
[clip_d] r26_taubg2_taufg2_vp         0034_cows            n=12  prompt=+0.1996 word=+0.1616 |d_img|=0.7808
[clip_d] r26_taubg3_taufg3_vp         0034_cows            n=12  prompt=+0.2222 word=+0.1832 |d_img|=0.8105
[clip_d] r26_taubg4_taufg4_vp         0034_cows            n=12  prompt=+0.2769 word=+0.2251 |d_img|=0.8434
[clip_d] r26_taubg6_taufg6_vp         0034_cows            n=12  prompt=+0.3146 word=+0.2488 |d_img|=0.8501
[clip_d] r26_taubg8_taufg8_vp         0034_cows            n=12  prompt=+0.3297 word=+0.2556 |d_img|=0.8647
[clip_d] r26_taubg10_taufg10_vp       0034_cows            n=12  prompt=+0.3386 word=+0.2603 |d_img|=0.8573
[clip_d] r26_taubg20_taufg20_vp       0034_cows            n=12  prompt=+0.4073 word=+0.3195 |d_img|=0.8617
[clip_d] r26_taubg50_taufg50_vp       0034_cows            n=12  prompt=+0.4110 word=+0.3179 |d_img|=0.8489
[clip_d] r30_lpips                    0034_cows            n=12  prompt=+0.3252 word=+0.2592 |d_img|=0.8370
[clip_d] r30_dino_cls                 0034_cows            n=12  prompt=+0.4163 word=+0.3196 |d_img|=0.8396
[clip_d] r30_dino_patch               0034_cows            n=12  prompt=+0.3650 word=+0.2819 |d_img|=0.8369
[clip_d] r30_clip_image               0034_cows            n=12  prompt=+0.3672 word=+0.2834 |d_img|=0.8384
[clip_d] r30_clip_prompt              0034_cows            n=12  prompt=+0.4101 word=+0.3196 |d_img|=0.8262
[clip_d] r30_depth                    0034_cows            n=12  prompt=+0.2777 word=+0.2270 |d_img|=0.8256
[clip_d] r30_normals                  0034_cows            n=12  prompt=+0.3644 word=+0.2870 |d_img|=0.8461
[clip_d] r30_selfsim                  0034_cows            n=12  prompt=+0.3662 word=+0.2928 |d_img|=0.8310
[clip_d] r31_lpips                    0017_kid-football    n=8   prompt=+0.0787 word=+0.0758 |d_img|=0.4816
[clip_d] r31_dino_patch               0017_kid-football    n=8   prompt=+0.0739 word=+0.0712 |d_img|=0.4876
[clip_d] r31_normals                  0017_kid-football    n=8   prompt=+0.0754 word=+0.0747 |d_img|=0.4884
[clip_d] r31_latent                   0017_kid-football    n=8   prompt=+0.0797 word=+0.0779 |d_img|=0.4851
[clip_d] r26_taubg0_taufg2_vp         0017_kid-football    n=8   prompt=+0.0576 word=+0.0560 |d_img|=0.4698
[clip_d] r26_taubg0_taufg3_vp         0017_kid-football    n=8   prompt=+0.0598 word=+0.0597 |d_img|=0.4749
[clip_d] r26_taubg0_taufg4_vp         0017_kid-football    n=8   prompt=+0.0609 word=+0.0619 |d_img|=0.4743
[clip_d] r26_taubg0_taufg6_vp         0017_kid-football    n=8   prompt=+0.0573 word=+0.0591 |d_img|=0.4697
[clip_d] r26_taubg0_taufg8_vp         0017_kid-football    n=8   prompt=+0.0533 word=+0.0544 |d_img|=0.4672
[clip_d] r26_taubg0_taufg10_vp        0017_kid-football    n=8   prompt=+0.0558 word=+0.0547 |d_img|=0.4723
[clip_d] r26_taubg0_taufg20_vp        0017_kid-football    n=8   prompt=+0.0584 word=+0.0557 |d_img|=0.4720
[clip_d] r26_taubg0_taufg50_vp        0017_kid-football    n=8   prompt=+0.0539 word=+0.0514 |d_img|=0.4901
[clip_d] r26_taubg2_taufg2_vp         0017_kid-football    n=8   prompt=+0.0721 word=+0.0717 |d_img|=0.4813
[clip_d] r26_taubg3_taufg3_vp         0017_kid-football    n=8   prompt=+0.0749 word=+0.0739 |d_img|=0.4854
[clip_d] r26_taubg4_taufg4_vp         0017_kid-football    n=8   prompt=+0.0823 word=+0.0785 |d_img|=0.4809
[clip_d] r26_taubg6_taufg6_vp         0017_kid-football    n=8   prompt=+0.1011 word=+0.0985 |d_img|=0.5027
[clip_d] r26_taubg8_taufg8_vp         0017_kid-football    n=8   prompt=+0.0847 word=+0.0846 |d_img|=0.5125
[clip_d] r26_taubg10_taufg10_vp       0017_kid-football    n=8   prompt=+0.0927 word=+0.0909 |d_img|=0.5341
[clip_d] r26_taubg20_taufg20_vp       0017_kid-football    n=8   prompt=+0.0801 word=+0.0791 |d_img|=0.5681
[clip_d] r26_taubg50_taufg50_vp       0017_kid-football    n=8   prompt=+0.0434 word=+0.0462 |d_img|=0.6089
[clip_d] r30_lpips                    0017_kid-football    n=8   prompt=+0.0619 word=+0.0630 |d_img|=0.4722
[clip_d] r30_dino_cls                 0017_kid-football    n=8   prompt=+0.0566 word=+0.0556 |d_img|=0.4697
[clip_d] r30_dino_patch               0017_kid-football    n=8   prompt=+0.0570 word=+0.0557 |d_img|=0.4698
[clip_d] r30_clip_image               0017_kid-football    n=8   prompt=+0.0570 word=+0.0561 |d_img|=0.4770
[clip_d] r30_clip_prompt              0017_kid-football    n=8   prompt=+0.0591 word=+0.0586 |d_img|=0.4783
[clip_d] r30_depth                    0017_kid-football    n=8   prompt=+0.0573 word=+0.0557 |d_img|=0.4706
[clip_d] r30_normals                  0017_kid-football    n=8   prompt=+0.0584 word=+0.0580 |d_img|=0.4759
[clip_d] r30_selfsim                  0017_kid-football    n=8   prompt=+0.0590 word=+0.0584 |d_img|=0.4755
[clip_d] r31_lpips                    0058_boat            n=9   prompt=+0.2864 word=+0.2560 |d_img|=0.6298
[clip_d] r31_dino_patch               0058_boat            n=9   prompt=+0.2969 word=+0.2627 |d_img|=0.6060
[clip_d] r31_normals                  0058_boat            n=9   prompt=+0.2951 word=+0.2632 |d_img|=0.5943
[clip_d] r31_latent                   0058_boat            n=9   prompt=+0.3007 word=+0.2691 |d_img|=0.5984
[clip_d] r26_taubg0_taufg2_vp         0058_boat            n=9   prompt=+0.2887 word=+0.2609 |d_img|=0.5962
[clip_d] r26_taubg0_taufg3_vp         0058_boat            n=9   prompt=+0.2852 word=+0.2537 |d_img|=0.6092
[clip_d] r26_taubg0_taufg4_vp         0058_boat            n=9   prompt=+0.2887 word=+0.2548 |d_img|=0.6107
[clip_d] r26_taubg0_taufg6_vp         0058_boat            n=9   prompt=+0.2781 word=+0.2430 |d_img|=0.6263
[clip_d] r26_taubg0_taufg8_vp         0058_boat            n=9   prompt=+0.2780 word=+0.2426 |d_img|=0.6080
[clip_d] r26_taubg0_taufg10_vp        0058_boat            n=9   prompt=+0.2803 word=+0.2451 |d_img|=0.6111
[clip_d] r26_taubg0_taufg20_vp        0058_boat            n=9   prompt=+0.2733 word=+0.2416 |d_img|=0.6317
[clip_d] r26_taubg0_taufg50_vp        0058_boat            n=9   prompt=+0.2763 word=+0.2427 |d_img|=0.6273
[clip_d] r26_taubg2_taufg2_vp         0058_boat            n=9   prompt=+0.2939 word=+0.2664 |d_img|=0.5815
[clip_d] r26_taubg3_taufg3_vp         0058_boat            n=9   prompt=+0.2951 word=+0.2633 |d_img|=0.5936
[clip_d] r26_taubg4_taufg4_vp         0058_boat            n=9   prompt=+0.2892 word=+0.2568 |d_img|=0.6171
[clip_d] r26_taubg6_taufg6_vp         0058_boat            n=9   prompt=+0.2824 word=+0.2457 |d_img|=0.6261
[clip_d] r26_taubg8_taufg8_vp         0058_boat            n=9   prompt=+0.2818 word=+0.2462 |d_img|=0.6314
[clip_d] r26_taubg10_taufg10_vp       0058_boat            n=9   prompt=+0.2806 word=+0.2408 |d_img|=0.6298
[clip_d] r26_taubg20_taufg20_vp       0058_boat            n=9   prompt=+0.2854 word=+0.2412 |d_img|=0.6219
[clip_d] r26_taubg50_taufg50_vp       0058_boat            n=9   prompt=+0.2877 word=+0.2457 |d_img|=0.6298
[clip_d] r30_lpips                    0058_boat            n=9   prompt=+0.2871 word=+0.2553 |d_img|=0.6074
[clip_d] r30_dino_cls                 0058_boat            n=9   prompt=+0.2856 word=+0.2574 |d_img|=0.6025
[clip_d] r30_dino_patch               0058_boat            n=9   prompt=+0.2887 word=+0.2609 |d_img|=0.5962
[clip_d] r30_clip_image               0058_boat            n=9   prompt=+0.2723 word=+0.2435 |d_img|=0.6127
[clip_d] r30_clip_prompt              0058_boat            n=9   prompt=+0.2732 word=+0.2451 |d_img|=0.6010
[clip_d] r30_depth                    0058_boat            n=9   prompt=+0.2887 word=+0.2609 |d_img|=0.5962
[clip_d] r30_normals                  0058_boat            n=9   prompt=+0.2716 word=+0.2473 |d_img|=0.5845
[clip_d] r30_selfsim                  0058_boat            n=9   prompt=+0.2726 word=+0.2485 |d_img|=0.5781
[clip_d] r31_lpips                    0089_A_dog           n=11  prompt=+0.2586 word=+0.1131 |d_img|=0.6640
[clip_d] r31_dino_patch               0089_A_dog           n=11  prompt=+0.2613 word=+0.1152 |d_img|=0.6568
[clip_d] r31_normals                  0089_A_dog           n=11  prompt=+0.2826 word=+0.1285 |d_img|=0.6467
[clip_d] r31_latent                   0089_A_dog           n=11  prompt=+0.2627 word=+0.1148 |d_img|=0.6715
[clip_d] r26_taubg0_taufg2_vp         0089_A_dog           n=11  prompt=+0.2757 word=+0.1225 |d_img|=0.7086
[clip_d] r26_taubg0_taufg3_vp         0089_A_dog           n=11  prompt=+0.2820 word=+0.1256 |d_img|=0.6655
[clip_d] r26_taubg0_taufg4_vp         0089_A_dog           n=11  prompt=+0.2683 word=+0.1172 |d_img|=0.6749
[clip_d] r26_taubg0_taufg6_vp         0089_A_dog           n=11  prompt=+0.2533 word=+0.1111 |d_img|=0.6579
[clip_d] r26_taubg0_taufg8_vp         0089_A_dog           n=11  prompt=+0.2551 word=+0.1155 |d_img|=0.6658
[clip_d] r26_taubg0_taufg10_vp        0089_A_dog           n=11  prompt=+0.2493 word=+0.1129 |d_img|=0.6615
[clip_d] r26_taubg0_taufg20_vp        0089_A_dog           n=11  prompt=+0.2574 word=+0.1095 |d_img|=0.7038
[clip_d] r26_taubg0_taufg50_vp        0089_A_dog           n=11  prompt=+0.2583 word=+0.1115 |d_img|=0.6932
[clip_d] r26_taubg2_taufg2_vp         0089_A_dog           n=11  prompt=+0.2778 word=+0.1277 |d_img|=0.7049
[clip_d] r26_taubg3_taufg3_vp         0089_A_dog           n=11  prompt=+0.2823 word=+0.1283 |d_img|=0.6688
[clip_d] r26_taubg4_taufg4_vp         0089_A_dog           n=11  prompt=+0.2701 word=+0.1197 |d_img|=0.6709
[clip_d] r26_taubg6_taufg6_vp         0089_A_dog           n=11  prompt=+0.2559 word=+0.1154 |d_img|=0.6460
[clip_d] r26_taubg8_taufg8_vp         0089_A_dog           n=11  prompt=+0.2568 word=+0.1141 |d_img|=0.6533
[clip_d] r26_taubg10_taufg10_vp       0089_A_dog           n=11  prompt=+0.2595 word=+0.1180 |d_img|=0.6598
[clip_d] r26_taubg20_taufg20_vp       0089_A_dog           n=11  prompt=+0.2587 word=+0.1118 |d_img|=0.7133
[clip_d] r26_taubg50_taufg50_vp       0089_A_dog           n=11  prompt=+0.2542 word=+0.1095 |d_img|=0.7256
[clip_d] r30_lpips                    0089_A_dog           n=11  prompt=+0.2577 word=+0.1134 |d_img|=0.6472
[clip_d] r30_dino_cls                 0089_A_dog           n=11  prompt=+0.2477 word=+0.1108 |d_img|=0.6618
[clip_d] r30_dino_patch               0089_A_dog           n=11  prompt=+0.2522 word=+0.1086 |d_img|=0.6511
[clip_d] r30_clip_image               0089_A_dog           n=11  prompt=+0.2622 word=+0.1151 |d_img|=0.6710
[clip_d] r30_clip_prompt              0089_A_dog           n=11  prompt=+0.2743 word=+0.1296 |d_img|=0.6907
[clip_d] r30_depth                    0089_A_dog           n=11  prompt=+0.2670 word=+0.1213 |d_img|=0.6827
[clip_d] r30_normals                  0089_A_dog           n=11  prompt=+0.2506 word=+0.1108 |d_img|=0.6504
[clip_d] r30_selfsim                  0089_A_dog           n=11  prompt=+0.2614 word=+0.1146 |d_img|=0.6737
[clip_d] r31_lpips                    0028_kite-walk_e4    n=9   prompt=+0.1681 word=+0.1632 |d_img|=0.6671
[clip_d] r31_dino_patch               0028_kite-walk_e4    n=9   prompt=+0.1819 word=+0.1810 |d_img|=0.6733
[clip_d] r31_normals                  0028_kite-walk_e4    n=9   prompt=+0.1503 word=+0.1568 |d_img|=0.6524
[clip_d] r31_latent                   0028_kite-walk_e4    n=9   prompt=+0.1461 word=+0.1505 |d_img|=0.6527
[clip_d] r26_taubg0_taufg2_vp         0028_kite-walk_e4    n=9   prompt=+0.1210 word=+0.1379 |d_img|=0.6138
[clip_d] r26_taubg0_taufg3_vp         0028_kite-walk_e4    n=9   prompt=+0.1412 word=+0.1604 |d_img|=0.6227
[clip_d] r26_taubg0_taufg4_vp         0028_kite-walk_e4    n=9   prompt=+0.1327 word=+0.1542 |d_img|=0.6149
[clip_d] r26_taubg0_taufg6_vp         0028_kite-walk_e4    n=9   prompt=+0.1773 word=+0.1821 |d_img|=0.6445
[clip_d] r26_taubg0_taufg8_vp         0028_kite-walk_e4    n=9   prompt=+0.1963 word=+0.1984 |d_img|=0.6698
[clip_d] r26_taubg0_taufg10_vp        0028_kite-walk_e4    n=9   prompt=+0.1928 word=+0.1947 |d_img|=0.6734
[clip_d] r26_taubg0_taufg20_vp        0028_kite-walk_e4    n=9   prompt=+0.1773 word=+0.1844 |d_img|=0.6643
[clip_d] r26_taubg0_taufg50_vp        0028_kite-walk_e4    n=9   prompt=+0.1778 word=+0.1813 |d_img|=0.6726
[clip_d] r26_taubg2_taufg2_vp         0028_kite-walk_e4    n=9   prompt=+0.1422 word=+0.1531 |d_img|=0.6500
[clip_d] r26_taubg3_taufg3_vp         0028_kite-walk_e4    n=9   prompt=+0.1550 word=+0.1644 |d_img|=0.6408
[clip_d] r26_taubg4_taufg4_vp         0028_kite-walk_e4    n=9   prompt=+0.1790 word=+0.1751 |d_img|=0.6634
[clip_d] r26_taubg6_taufg6_vp         0028_kite-walk_e4    n=9   prompt=+0.1957 word=+0.1914 |d_img|=0.6830
[clip_d] r26_taubg8_taufg8_vp         0028_kite-walk_e4    n=9   prompt=+0.1940 word=+0.1909 |d_img|=0.6704
[clip_d] r26_taubg10_taufg10_vp       0028_kite-walk_e4    n=9   prompt=+0.1861 word=+0.1908 |d_img|=0.6810
[clip_d] r26_taubg20_taufg20_vp       0028_kite-walk_e4    n=9   prompt=+0.2069 word=+0.1912 |d_img|=0.6944
[clip_d] r26_taubg50_taufg50_vp       0028_kite-walk_e4    n=9   prompt=+0.2122 word=+0.1964 |d_img|=0.7055
[clip_d] r30_lpips                    0028_kite-walk_e4    n=9   prompt=+0.1540 word=+0.1692 |d_img|=0.6338
[clip_d] r30_dino_cls                 0028_kite-walk_e4    n=9   prompt=+0.1352 word=+0.1541 |d_img|=0.6254
[clip_d] r30_dino_patch               0028_kite-walk_e4    n=9   prompt=+0.1616 word=+0.1777 |d_img|=0.6321
[clip_d] r30_clip_image               0028_kite-walk_e4    n=9   prompt=+0.1680 word=+0.1778 |d_img|=0.6434
[clip_d] r30_clip_prompt              0028_kite-walk_e4    n=9   prompt=+0.1216 word=+0.1383 |d_img|=0.6065
[clip_d] r30_depth                    0028_kite-walk_e4    n=9   prompt=+0.1386 word=+0.1580 |d_img|=0.6236
[clip_d] r30_normals                  0028_kite-walk_e4    n=9   prompt=+0.1718 word=+0.1807 |d_img|=0.6465
[clip_d] r30_selfsim                  0028_kite-walk_e4    n=9   prompt=+0.1459 word=+0.1640 |d_img|=0.6135

[clip_d] wrote evaluation/csv/r33_clip_directional.csv (616 rows)

method                            n  clip_d_prompt  clip_d_word   |d_img|
r31_lpips                        22         0.2257       0.1707    0.7022
r31_dino_patch                   22         0.2312       0.1756    0.7079
r31_normals                      22         0.2210       0.1687    0.6935
r31_latent                       22         0.2155       0.1644    0.6953
r26_taubg0_taufg2_vp             22         0.1813       0.1388    0.6691
r26_taubg0_taufg3_vp             22         0.2027       0.1552    0.6847
r26_taubg0_taufg4_vp             22         0.2184       0.1672    0.6892
r26_taubg0_taufg6_vp             22         0.2229       0.1705    0.6972
r26_taubg0_taufg8_vp             22         0.2271       0.1725    0.7005
r26_taubg0_taufg10_vp            22         0.2272       0.1710    0.7050
r26_taubg0_taufg20_vp            22         0.2500       0.1886    0.7361
r26_taubg0_taufg50_vp            22         0.2528       0.1910    0.7439
r26_taubg2_taufg2_vp             22         0.1875       0.1438    0.6723
r26_taubg3_taufg3_vp             22         0.2119       0.1617    0.6864
r26_taubg4_taufg4_vp             22         0.2213       0.1683    0.6962
r26_taubg6_taufg6_vp             22         0.2295       0.1743    0.7090
r26_taubg8_taufg8_vp             22         0.2380       0.1771    0.7121
r26_taubg10_taufg10_vp           22         0.2420       0.1789    0.7214
r26_taubg20_taufg20_vp           22         0.2543       0.1902    0.7518
r26_taubg50_taufg50_vp           22         0.2559       0.1923    0.7705
r30_lpips                        22         0.2206       0.1687    0.7014
r30_dino_cls                     22         0.2137       0.1653    0.6935
r30_dino_patch                   22         0.2255       0.1720    0.6983
r30_clip_image                   22         0.2173       0.1650    0.7032
r30_clip_prompt                  22         0.2119       0.1606    0.6928
r30_depth                        22         0.2096       0.1615    0.6860
r30_normals                      22         0.2188       0.1651    0.6959
r30_selfsim                      22         0.2245       0.1723    0.6989
[r33_clipd] OK -- 616 rows -> evaluation/csv/r33_clip_directional.csv
[r33_clipd] 10 smallest |d_img| (method, case_id, norm) -- inspect before trusting:
    r30_normals                  0007_guitar-violin   0.43961
    r30_clip_image               0007_guitar-violin   0.44019
    r30_clip_prompt              0007_guitar-violin   0.44062
    r30_selfsim                  0007_guitar-violin   0.44350
    r31_dino_patch               0042_gym-ball        0.44955
    r30_dino_patch               0007_guitar-violin   0.45033
    r30_depth                    0007_guitar-violin   0.45124
    r26_taubg0_taufg2_vp         0007_guitar-violin   0.45269
    r30_lpips                    0007_guitar-violin   0.45269
    r30_dino_cls                 0007_guitar-violin   0.45269
    -> 0/616 rows below 0.05
