[r35_stage3] job=1007670_1 combo=dino_first2 method=r35_dino_first2
[r35_stage3] node=node39 CUDA_VISIBLE_DEVICES=0
GPU 0: NVIDIA L40S (UUID: GPU-25914df1-99ab-e6a7-5f87-359345c089bf)
[r35_stage3] dino_first2 div_abs: 419 npz (expect 419), mismatched types=0
[r35_stage3] dino_first2 rho: 419 npz (expect 419), mismatched types=0
--- [r35_stage3] r35_dino_first2 edit1 ---
[r31_stage3] preflight: validating 100 rho fields in /home/ids/skhairi/Data/dataggen/outputs/five_bench/r35_rho/dino_first2
[r31_stage3]   ok 0001_bus: rho (18, 1560) range [2.05, 50.00]
[r31_stage3]   ok 0002_girl-dog: rho (21, 1560) range [2.01, 50.00]
[r31_stage3]   ok 0003_ocean-birds: rho (9, 1560) range [2.12, 50.00]
[r31_stage3]   ok 0004_car-roundabout: rho (18, 1560) range [2.05, 50.00]
[r31_stage3]   ok 0005_breakdance: rho (21, 1560) range [2.01, 50.00]
[r31_stage3]   ok 0006_paragliding: rho (18, 1560) range [2.04, 50.00]
[r31_stage3]   ok 0007_guitar-violin: rho (12, 1560) range [2.14, 50.00]
[r31_stage3]   ok 0008_snowboard-race: rho (18, 1560) range [2.06, 50.00]
[r31_stage3]   ok 0009_bear: rho (21, 1560) range [2.18, 50.00]
[r31_stage3]   ok 0010_giant-slalom: rho (30, 1560) range [2.03, 13.74]
[r31_stage3]   ok 0011_lucia: rho (18, 1560) range [2.04, 12.66]
[r31_stage3]   ok 0012_goat: rho (21, 1560) range [2.18, 50.00]
[r31_stage3]   ok 0013_golf: rho (18, 1560) range [2.02, 23.74]
[r31_stage3]   ok 0014_burnout: rho (18, 1560) range [2.02, 43.17]
[r31_stage3]   ok 0015_car-shadow: rho (9, 1560) range [2.03, 50.00]
[r31_stage3]   ok 0016_horsejump-high: rho (12, 1560) range [2.03, 50.00]
[r31_stage3]   ok 0017_kid-football: rho (15, 1560) range [2.03, 18.71]
[r31_stage3]   ok 0018_breakdance-flare: rho (18, 1560) range [2.10, 50.00]
[r31_stage3]   ok 0019_tennis-vest: rho (18, 1560) range [2.04, 50.00]
[r31_stage3]   ok 0020_monkeys: rho (21, 1560) range [2.06, 26.10]
[r31_stage3]   ok 0021_landing: rho (9, 1560) range [2.03, 50.00]
[r31_stage3]   ok 0022_skate-jump: rho (15, 1560) range [2.01, 28.33]
[r31_stage3]   ok 0023_kayak-race: rho (15, 1560) range [2.03, 12.97]
[r31_stage3]   ok 0024_hockey: rho (18, 1560) range [2.05, 50.00]
[r31_stage3]   ok 0025_baseball: rho (21, 1560) range [2.03, 15.06]
[r31_stage3]   ok 0026_table-tennis: rho (18, 1560) range [2.02, 13.80]
[r31_stage3]   ok 0027_dance-jump: rho (15, 1560) range [2.03, 50.00]
[r31_stage3]   ok 0028_kite-walk: rho (18, 1560) range [2.03, 9.67]
[r31_stage3]   ok 0029_horsejump-stick: rho (15, 1560) range [2.06, 50.00]
[r31_stage3]   ok 0030_rallye: rho (12, 1560) range [2.04, 50.00]
[r31_stage3]   ok 0031_soccerball: rho (12, 1560) range [2.02, 12.02]
[r31_stage3]   ok 0032_mermaid: rho (18, 1560) range [2.11, 18.26]
[r31_stage3]   ok 0033_horsejump-low: rho (15, 1560) range [2.04, 50.00]
[r31_stage3]   ok 0034_cows: rho (24, 1560) range [2.11, 50.00]
[r31_stage3]   ok 0035_helicopter: rho (12, 1560) range [2.03, 12.51]
[r31_stage3]   ok 0036_camel: rho (21, 1560) range [2.07, 50.00]
[r31_stage3]   ok 0037_snowboard-sand: rho (12, 1560) range [2.10, 50.00]
[r31_stage3]   ok 0038_motorbike: rho (9, 1560) range [2.02, 50.00]
[r31_stage3]   ok 0039_chamaleon: rho (21, 1560) range [2.07, 50.00]
[r31_stage3]   ok 0040_tennis: rho (18, 1560) range [2.05, 30.13]
[r31_stage3]   ok 0041_longboard: rho (12, 1560) range [2.09, 50.00]
[r31_stage3]   ok 0042_gym-ball: rho (18, 1560) range [2.04, 47.31]
[r31_stage3]   ok 0043_parkour: rho (24, 1560) range [2.03, 50.00]
[r31_stage3]   ok 0044_snowboard: rho (15, 1560) range [2.08, 13.40]
[r31_stage3]   ok 0045_butterfly: rho (18, 1560) range [2.11, 50.00]
[r31_stage3]   ok 0046_blackswan: rho (12, 1560) range [2.11, 50.00]
[r31_stage3]   ok 0047_judo: rho (9, 1560) range [2.08, 50.00]
[r31_stage3]   ok 0048_hike: rho (18, 1560) range [2.03, 50.00]
[r31_stage3]   ok 0049_speed-skating: rho (21, 1560) range [2.06, 17.18]
[r31_stage3]   ok 0050_slackline: rho (15, 1560) range [2.04, 50.00]
[r31_stage3]   ok 0051_dogs-jump: rho (15, 1560) range [2.05, 50.00]
[r31_stage3]   ok 0052_mallard-fly: rho (18, 1560) range [2.09, 50.00]
[r31_stage3]   ok 0053_swing: rho (15, 1560) range [2.04, 26.68]
[r31_stage3]   ok 0054_train: rho (18, 1560) range [2.03, 16.28]
[r31_stage3]   ok 0055_pigs: rho (18, 1560) range [2.20, 50.00]
[r31_stage3]   ok 0056_kart-turn: rho (21, 1560) range [2.08, 50.00]
[r31_stage3]   ok 0057_dog: rho (15, 1560) range [2.10, 50.00]
[r31_stage3]   ok 0058_boat: rho (18, 1560) range [2.06, 34.21]
[r31_stage3]   ok 0059_drift-straight: rho (12, 1560) range [2.01, 50.00]
[r31_stage3]   ok 0060_motocross-bumps: rho (15, 1560) range [2.04, 19.97]
[r31_stage3]   ok 0061_mbike-santa: rho (15, 1560) range [2.08, 33.35]
[r31_stage3]   ok 0062_elephant: rho (18, 1560) range [2.21, 50.00]
[r31_stage3]   ok 0063_drift-turn: rho (15, 1560) range [2.03, 50.00]
[r31_stage3]   ok 0064_rollerblade: rho (9, 1560) range [2.02, 14.41]
[r31_stage3]   ok 0065_twist-dance: rho (21, 1560) range [2.02, 50.00]
[r31_stage3]   ok 0066_deer: rho (18, 1560) range [2.09, 50.00]
[r31_stage3]   ok 0067_mbike-trick: rho (18, 1560) range [2.02, 15.05]
[r31_stage3]   ok 0068_planes-water: rho (9, 1560) range [2.02, 13.21]
[r31_stage3]   ok 0069_car-turn: rho (18, 1560) range [2.01, 17.14]
[r31_stage3]   ok 0070_dance-twirl: rho (21, 1560) range [2.03, 50.00]
[r31_stage3]   ok 0071_mallard-water: rho (18, 1560) range [2.17, 40.19]
[r31_stage3]   ok 0072_dog-agility: rho (6, 1560) range [2.03, 50.00]
[r31_stage3]   ok 0073_bmx-rider: rho (21, 1560) range [2.03, 50.00]
[r31_stage3]   ok 0074_rhino: rho (21, 1560) range [2.22, 50.00]
[r31_stage3]   ok 0075_A_bicycle: rho (21, 1560) range [2.02, 50.00]
[r31_stage3]   ok 0076_A_rabbit: rho (21, 1560) range [2.09, 50.00]
[r31_stage3]   ok 0077_A_hawk: rho (21, 1560) range [2.12, 50.00]
[r31_stage3]   ok 0078_A_cat: rho (21, 1560) range [2.03, 50.00]
[r31_stage3]   ok 0079_A_bus: rho (21, 1560) range [2.05, 19.98]
[r31_stage3]   ok 0080_A_motorcycle: rho (21, 1560) range [2.05, 13.99]
[r31_stage3]   ok 0081_A_horse: rho (21, 1560) range [2.05, 50.00]
[r31_stage3]   ok 0082_A_tram: rho (21, 1560) range [2.01, 15.57]
[r31_stage3]   ok 0083_A_boat: rho (21, 1560) range [2.05, 15.55]
[r31_stage3]   ok 0084_A_squirrel: rho (21, 1560) range [2.06, 50.00]
[r31_stage3]   ok 0085_A_tram: rho (21, 1560) range [2.02, 10.02]
[r31_stage3]   ok 0086_A_red_sports_car: rho (21, 1560) range [2.03, 50.00]
[r31_stage3]   ok 0087_A_seagull: rho (21, 1560) range [2.03, 50.00]
[r31_stage3]   ok 0088_A_cyclist: rho (21, 1560) range [2.10, 50.00]
[r31_stage3]   ok 0089_A_dog: rho (21, 1560) range [2.04, 50.00]
[r31_stage3]   ok 0090_A_deer: rho (21, 1560) range [2.07, 42.37]
[r31_stage3]   ok 0091_A_hawk: rho (21, 1560) range [2.05, 27.77]
[r31_stage3]   ok 0092_A_fox: rho (21, 1560) range [2.04, 50.00]
[r31_stage3]   ok 0093_A_helicopter: rho (21, 1560) range [2.06, 50.00]
[r31_stage3]   ok 0094_A_swan: rho (21, 1560) range [2.06, 30.85]
[r31_stage3]   ok 0095_A_crow: rho (21, 1560) range [2.07, 50.00]
[r31_stage3]   ok 0096_A_car: rho (21, 1560) range [2.02, 18.78]
[r31_stage3]   ok 0097_A_bird: rho (21, 1560) range [2.04, 50.00]
[r31_stage3]   ok 0098_A_squirrel: rho (21, 1560) range [2.04, 50.00]
[r31_stage3]   ok 0099_A_jogger: rho (21, 1560) range [2.06, 19.25]
[r31_stage3]   ok 0100_A_deer: rho (21, 1560) range [2.03, 24.63]
[r31_stage3] preflight PASS for all 100 clips
Free VRAM 43.969970703125 GB
KV inference with 3 frames per block
[r31_stage3] edit_type=1 method=r35_dino_first2 pairs=100 vp_mode=vp steps=15 dump_steps=1 indices rho_dir=/home/ids/skhairi/Data/dataggen/outputs/five_bench/r35_rho/dino_first2
Moving DynamicSwap_WanTextEncoder to cuda:0 with preserved memory: 35.39565706253052 GB
[[0, 1, 2]] [[0, 1, 2]]
[r31_stage3] GATE1 PASS 0001_bus: step[14] == final latent (shape (15, 1, 18, 16, 60, 104))
[ok] 0001_bus: 1 steps x 69 frames
Moving DynamicSwap_WanTextEncoder to cuda:0 with preserved memory: 35.38042879104614 GB
[[22, 23, 24]] [[22, 23, 24, 25]]
Moving DynamicSwap_WanTextEncoder to cuda:0 with preserved memory: 35.32389497756958 GB
[[22, 23, 24]] [[22, 23, 24, 25]]
[r31_stage3] GATE1 PASS 0002_girl-dog: step[14] == final latent (shape (15, 1, 21, 16, 60, 104))
[ok] 0002_girl-dog: 1 steps x 81 frames
Moving DynamicSwap_WanTextEncoder to cuda:0 with preserved memory: 35.38217210769653 GB
[[0, 1, 2, 3, 4]] [[2, 3, 4]]
[r31_stage3] GATE1 PASS 0003_ocean-birds: step[14] == final latent (shape (15, 1, 9, 16, 60, 104))
[ok] 0003_ocean-birds: 1 steps x 33 frames
Moving DynamicSwap_WanTextEncoder to cuda:0 with preserved memory: 35.38267755508423 GB
[[0, 1, 2, 3]] [[0, 1, 2, 3]]
[r31_stage3] GATE1 PASS 0004_car-roundabout: step[14] == final latent (shape (15, 1, 18, 16, 60, 104))
[ok] 0004_car-roundabout: 1 steps x 69 frames
Moving DynamicSwap_WanTextEncoder to cuda:0 with preserved memory: 35.38042879104614 GB
[[1, 2, 3]] [[0, 1]]
Moving DynamicSwap_WanTextEncoder to cuda:0 with preserved memory: 35.32389497756958 GB
[[1, 2, 3]] [[0, 1]]
[r31_stage3] GATE1 PASS 0005_breakdance: step[14] == final latent (shape (15, 1, 21, 16, 60, 104))
[ok] 0005_breakdance: 1 steps x 81 frames
Moving DynamicSwap_WanTextEncoder to cuda:0 with preserved memory: 35.38044595718384 GB
[[0, 1, 2, 3]] [[1]]
[r31_stage3] GATE1 PASS 0006_paragliding: step[14] == final latent (shape (15, 1, 18, 16, 60, 104))
[ok] 0006_paragliding: 1 steps x 69 frames
Moving DynamicSwap_WanTextEncoder to cuda:0 with preserved memory: 35.38215446472168 GB
[[0, 1]] [[0, 1]]
[r31_stage3] GATE1 PASS 0007_guitar-violin: step[14] == final latent (shape (15, 1, 12, 16, 60, 104))
[ok] 0007_guitar-violin: 1 steps x 45 frames
Moving DynamicSwap_WanTextEncoder to cuda:0 with preserved memory: 35.38211965560913 GB
[[0, 1, 2]] [[0, 1]]
[r31_stage3] GATE1 PASS 0008_snowboard-race: step[14] == final latent (shape (15, 1, 18, 16, 60, 104))
[ok] 0008_snowboard-race: 1 steps x 69 frames
Moving DynamicSwap_WanTextEncoder to cuda:0 with preserved memory: 35.38042879104614 GB
[[0, 1, 2, 3]] [[0, 1, 2]]
Moving DynamicSwap_WanTextEncoder to cuda:0 with preserved memory: 35.32389497756958 GB
[[0, 1, 2, 3]] [[0, 1, 2]]
[r31_stage3] GATE1 PASS 0009_bear: step[14] == final latent (shape (15, 1, 21, 16, 60, 104))
[ok] 0009_bear: 1 steps x 81 frames
Moving DynamicSwap_WanTextEncoder to cuda:0 with preserved memory: 35.37814474105835 GB
[[0, 1, 2]] [[0, 1, 2]]
Moving DynamicSwap_WanTextEncoder to cuda:0 with preserved memory: 35.32161092758179 GB
[[0, 1, 2]] [[0, 1, 2]]
[r31_stage3] GATE1 PASS 0010_giant-slalom: step[14] == final latent (shape (15, 1, 30, 16, 60, 104))
[ok] 0010_giant-slalom: 1 steps x 117 frames
Moving DynamicSwap_WanTextEncoder to cuda:0 with preserved memory: 35.378772258758545 GB
[[0, 1, 2, 3, 4, 5]] [[0, 1]]
[r31_stage3] GATE1 PASS 0011_lucia: step[14] == final latent (shape (15, 1, 18, 16, 60, 104))
[ok] 0011_lucia: 1 steps x 69 frames
Moving DynamicSwap_WanTextEncoder to cuda:0 with preserved memory: 35.38042879104614 GB
[[0, 1, 2, 3]] [[0, 1, 2, 3]]
Moving DynamicSwap_WanTextEncoder to cuda:0 with preserved memory: 35.32389497756958 GB
[[0, 1, 2, 3]] [[0, 1, 2, 3]]
[r31_stage3] GATE1 PASS 0012_goat: step[14] == final latent (shape (15, 1, 21, 16, 60, 104))
[ok] 0012_goat: 1 steps x 81 frames
Moving DynamicSwap_WanTextEncoder to cuda:0 with preserved memory: 35.38044595718384 GB
[[0, 1]] [[0, 1, 2]]
[r31_stage3] GATE1 PASS 0013_golf: step[14] == final latent (shape (15, 1, 18, 16, 60, 104))
[ok] 0013_golf: 1 steps x 69 frames
Moving DynamicSwap_WanTextEncoder to cuda:0 with preserved memory: 35.381003856658936 GB
[[0, 1, 2]] [[0, 1, 2, 3]]
[r31_stage3] GATE1 PASS 0014_burnout: step[14] == final latent (shape (15, 1, 18, 16, 60, 104))
[ok] 0014_burnout: 1 steps x 69 frames
Moving DynamicSwap_WanTextEncoder to cuda:0 with preserved memory: 35.38273000717163 GB
[[0, 1, 2]] [[0, 1, 2, 3]]
[r31_stage3] GATE1 PASS 0015_car-shadow: step[14] == final latent (shape (15, 1, 9, 16, 60, 104))
[ok] 0015_car-shadow: 1 steps x 33 frames
Moving DynamicSwap_WanTextEncoder to cuda:0 with preserved memory: 35.38382816314697 GB
[[0, 1, 2, 3, 4]] [[0, 1, 2]]
[r31_stage3] GATE1 PASS 0016_horsejump-high: step[14] == final latent (shape (15, 1, 12, 16, 60, 104))
[ok] 0016_horsejump-high: 1 steps x 45 frames
Moving DynamicSwap_WanTextEncoder to cuda:0 with preserved memory: 35.38269519805908 GB
[[0, 1, 2]] [[0, 1, 2]]
[r31_stage3] GATE1 PASS 0017_kid-football: step[14] == final latent (shape (15, 1, 15, 16, 60, 104))
[ok] 0017_kid-football: 1 steps x 57 frames
Moving DynamicSwap_WanTextEncoder to cuda:0 with preserved memory: 35.38156175613403 GB
[[0, 1, 2, 3]] [[0, 1]]
[r31_stage3] GATE1 PASS 0018_breakdance-flare: step[14] == final latent (shape (15, 1, 18, 16, 60, 104))
[ok] 0018_breakdance-flare: 1 steps x 69 frames
Moving DynamicSwap_WanTextEncoder to cuda:0 with preserved memory: 35.381003856658936 GB
[[0, 1, 2]] [[1, 2]]
[r31_stage3] GATE1 PASS 0019_tennis-vest: step[14] == final latent (shape (15, 1, 18, 16, 60, 104))
[ok] 0019_tennis-vest: 1 steps x 69 frames
Moving DynamicSwap_WanTextEncoder to cuda:0 with preserved memory: 35.38042879104614 GB
[[0, 1, 2, 3]] [[2, 3, 4]]
Moving DynamicSwap_WanTextEncoder to cuda:0 with preserved memory: 35.32389497756958 GB
[[0, 1, 2, 3]] [[2, 3, 4]]
[r31_stage3] GATE1 PASS 0020_monkeys: step[14] == final latent (shape (15, 1, 21, 16, 60, 104))
[ok] 0020_monkeys: 1 steps x 81 frames
Moving DynamicSwap_WanTextEncoder to cuda:0 with preserved memory: 35.38217210769653 GB
[[1, 2]] [[0, 1, 2]]
[r31_stage3] GATE1 PASS 0021_landing: step[14] == final latent (shape (15, 1, 9, 16, 60, 104))
[ok] 0021_landing: 1 steps x 33 frames
Moving DynamicSwap_WanTextEncoder to cuda:0 with preserved memory: 35.38325309753418 GB
[[0, 1, 2]] [[0, 1, 2]]
[r31_stage3] GATE1 PASS 0022_skate-jump: step[14] == final latent (shape (15, 1, 15, 16, 60, 104))
[ok] 0022_skate-jump: 1 steps x 57 frames
Moving DynamicSwap_WanTextEncoder to cuda:0 with preserved memory: 35.382137298583984 GB
[[0, 1, 2]] [[1, 2, 3, 4]]
[r31_stage3] GATE1 PASS 0023_kayak-race: step[14] == final latent (shape (15, 1, 15, 16, 60, 104))
[ok] 0023_kayak-race: 1 steps x 57 frames
Moving DynamicSwap_WanTextEncoder to cuda:0 with preserved memory: 35.38156175613403 GB
[[0, 1, 2, 3, 4, 5]] [[0, 1, 2]]
[r31_stage3] GATE1 PASS 0024_hockey: step[14] == final latent (shape (15, 1, 18, 16, 60, 104))
[ok] 0024_hockey: 1 steps x 69 frames
Moving DynamicSwap_WanTextEncoder to cuda:0 with preserved memory: 35.38042879104614 GB
[[1, 2]] [[0, 1, 2]]
Moving DynamicSwap_WanTextEncoder to cuda:0 with preserved memory: 35.32389497756958 GB
[[1, 2]] [[0, 1, 2]]
[r31_stage3] GATE1 PASS 0025_baseball: step[14] == final latent (shape (15, 1, 21, 16, 60, 104))
[ok] 0025_baseball: 1 steps x 81 frames
Moving DynamicSwap_WanTextEncoder to cuda:0 with preserved memory: 35.38044595718384 GB
[[0, 1, 2, 3]] [[0, 1, 2]]
[r31_stage3] GATE1 PASS 0026_table-tennis: step[14] == final latent (shape (15, 1, 18, 16, 60, 104))
[ok] 0026_table-tennis: 1 steps x 69 frames
Moving DynamicSwap_WanTextEncoder to cuda:0 with preserved memory: 35.38157939910889 GB
[[0, 1, 2]] [[0, 1, 2]]
[r31_stage3] GATE1 PASS 0027_dance-jump: step[14] == final latent (shape (15, 1, 15, 16, 60, 104))
[ok] 0027_dance-jump: 1 steps x 57 frames
Moving DynamicSwap_WanTextEncoder to cuda:0 with preserved memory: 35.38156175613403 GB
[[0, 1]] [[0, 1, 2]]
[r31_stage3] GATE1 PASS 0028_kite-walk: step[14] == final latent (shape (15, 1, 18, 16, 60, 104))
[ok] 0028_kite-walk: 1 steps x 69 frames
Moving DynamicSwap_WanTextEncoder to cuda:0 with preserved memory: 35.38157939910889 GB
[[0, 1, 2, 3, 4]] [[0, 1, 2]]
[r31_stage3] GATE1 PASS 0029_horsejump-stick: step[14] == final latent (shape (15, 1, 15, 16, 60, 104))
[ok] 0029_horsejump-stick: 1 steps x 57 frames
Moving DynamicSwap_WanTextEncoder to cuda:0 with preserved memory: 35.38271236419678 GB
[[0, 1, 2]] [[0, 1, 2, 3]]
[r31_stage3] GATE1 PASS 0030_rallye: step[14] == final latent (shape (15, 1, 12, 16, 60, 104))
[ok] 0030_rallye: 1 steps x 45 frames
Moving DynamicSwap_WanTextEncoder to cuda:0 with preserved memory: 35.383270263671875 GB
[[0, 1, 2]] [[0, 1]]
[r31_stage3] GATE1 PASS 0031_soccerball: step[14] == final latent (shape (15, 1, 12, 16, 60, 104))
[ok] 0031_soccerball: 1 steps x 45 frames
Moving DynamicSwap_WanTextEncoder to cuda:0 with preserved memory: 35.38211965560913 GB
[[0, 1, 2, 3, 4, 5, 6, 7]] [[0, 1]]
[r31_stage3] GATE1 PASS 0032_mermaid: step[14] == final latent (shape (15, 1, 18, 16, 60, 104))
[ok] 0032_mermaid: 1 steps x 69 frames
Moving DynamicSwap_WanTextEncoder to cuda:0 with preserved memory: 35.38157939910889 GB
[[0, 1, 2, 3, 4, 5]] [[3, 4, 5, 6]]
[r31_stage3] GATE1 PASS 0033_horsejump-low: step[14] == final latent (shape (15, 1, 15, 16, 60, 104))
[ok] 0033_horsejump-low: 1 steps x 57 frames
Moving DynamicSwap_WanTextEncoder to cuda:0 with preserved memory: 35.38041114807129 GB
[[0, 1, 2, 3, 4]] [[0, 1, 2, 3, 4]]
Moving DynamicSwap_WanTextEncoder to cuda:0 with preserved memory: 35.32387733459473 GB
[[0, 1, 2, 3, 4]] [[0, 1, 2, 3, 4]]
[r31_stage3] GATE1 PASS 0034_cows: step[14] == final latent (shape (15, 1, 24, 16, 60, 104))
[ok] 0034_cows: 1 steps x 93 frames
Moving DynamicSwap_WanTextEncoder to cuda:0 with preserved memory: 35.381038665771484 GB
[[0, 1, 2]] [[0, 1]]
[r31_stage3] GATE1 PASS 0035_helicopter: step[14] == final latent (shape (15, 1, 12, 16, 60, 104))
[ok] 0035_helicopter: 1 steps x 45 frames
Moving DynamicSwap_WanTextEncoder to cuda:0 with preserved memory: 35.38154458999634 GB
[[0, 1, 2]] [[0, 1]]
Moving DynamicSwap_WanTextEncoder to cuda:0 with preserved memory: 35.325010776519775 GB
[[0, 1, 2]] [[0, 1]]
[r31_stage3] GATE1 PASS 0036_camel: step[14] == final latent (shape (15, 1, 21, 16, 60, 104))
[ok] 0036_camel: 1 steps x 81 frames
Moving DynamicSwap_WanTextEncoder to cuda:0 with preserved memory: 35.38159656524658 GB
[[0, 1]] [[0, 1, 2]]
[r31_stage3] GATE1 PASS 0037_snowboard-sand: step[14] == final latent (shape (15, 1, 12, 16, 60, 104))
[ok] 0037_snowboard-sand: 1 steps x 45 frames
Moving DynamicSwap_WanTextEncoder to cuda:0 with preserved memory: 35.383845806121826 GB
[[0, 1, 2, 3, 4, 5, 6]] [[0, 1]]
[r31_stage3] GATE1 PASS 0038_motorbike: step[14] == final latent (shape (15, 1, 9, 16, 60, 104))
[ok] 0038_motorbike: 1 steps x 33 frames
Moving DynamicSwap_WanTextEncoder to cuda:0 with preserved memory: 35.382102489471436 GB
[[0, 1, 2, 3, 4]] [[2, 3]]
Moving DynamicSwap_WanTextEncoder to cuda:0 with preserved memory: 35.32556867599487 GB
[[0, 1, 2, 3, 4]] [[2, 3]]
[r31_stage3] GATE1 PASS 0039_chamaleon: step[14] == final latent (shape (15, 1, 21, 16, 60, 104))
[ok] 0039_chamaleon: 1 steps x 81 frames
Moving DynamicSwap_WanTextEncoder to cuda:0 with preserved memory: 35.38044595718384 GB
[[0, 1, 2]] [[0, 1, 2]]
[r31_stage3] GATE1 PASS 0040_tennis: step[14] == final latent (shape (15, 1, 18, 16, 60, 104))
[ok] 0040_tennis: 1 steps x 69 frames
Moving DynamicSwap_WanTextEncoder to cuda:0 with preserved memory: 35.38215446472168 GB
[[0, 1, 2, 3, 4, 5]] [[0, 1]]
[r31_stage3] GATE1 PASS 0041_longboard: step[14] == final latent (shape (15, 1, 12, 16, 60, 104))
[ok] 0041_longboard: 1 steps x 45 frames
Moving DynamicSwap_WanTextEncoder to cuda:0 with preserved memory: 35.38211965560913 GB
[[0, 1]] [[0, 1, 2]]
[r31_stage3] GATE1 PASS 0042_gym-ball: step[14] == final latent (shape (15, 1, 18, 16, 60, 104))
[ok] 0042_gym-ball: 1 steps x 69 frames
Moving DynamicSwap_WanTextEncoder to cuda:0 with preserved memory: 35.37985324859619 GB
[[0, 1]] [[0, 1, 2]]
Moving DynamicSwap_WanTextEncoder to cuda:0 with preserved memory: 35.32331943511963 GB
[[0, 1]] [[0, 1, 2]]
[r31_stage3] GATE1 PASS 0043_parkour: step[14] == final latent (shape (15, 1, 24, 16, 60, 104))
[ok] 0043_parkour: 1 steps x 93 frames
Moving DynamicSwap_WanTextEncoder to cuda:0 with preserved memory: 35.38046360015869 GB
[[0, 1, 2]] [[1, 2]]
[r31_stage3] GATE1 PASS 0044_snowboard: step[14] == final latent (shape (15, 1, 15, 16, 60, 104))
[ok] 0044_snowboard: 1 steps x 57 frames
Moving DynamicSwap_WanTextEncoder to cuda:0 with preserved memory: 35.38156175613403 GB
[[3, 4]] [[3, 4]]
[r31_stage3] GATE1 PASS 0045_butterfly: step[14] == final latent (shape (15, 1, 18, 16, 60, 104))
[ok] 0045_butterfly: 1 steps x 69 frames
Moving DynamicSwap_WanTextEncoder to cuda:0 with preserved memory: 35.38215446472168 GB
[[0, 1, 2, 3]] [[0, 1, 2]]
[r31_stage3] GATE1 PASS 0046_blackswan: step[14] == final latent (shape (15, 1, 12, 16, 60, 104))
[ok] 0046_blackswan: 1 steps x 45 frames
Moving DynamicSwap_WanTextEncoder to cuda:0 with preserved memory: 35.383845806121826 GB
[[1, 2, 3, 4]] [[0, 1, 2]]
[r31_stage3] GATE1 PASS 0047_judo: step[14] == final latent (shape (15, 1, 9, 16, 60, 104))
[ok] 0047_judo: 1 steps x 33 frames
Moving DynamicSwap_WanTextEncoder to cuda:0 with preserved memory: 35.38267755508423 GB
[[0, 1, 2, 3, 4]] [[1, 2]]
[r31_stage3] GATE1 PASS 0048_hike: step[14] == final latent (shape (15, 1, 18, 16, 60, 104))
[ok] 0048_hike: 1 steps x 69 frames
Moving DynamicSwap_WanTextEncoder to cuda:0 with preserved memory: 35.38042879104614 GB
[[0, 1, 2, 3]] [[1, 2]]
Moving DynamicSwap_WanTextEncoder to cuda:0 with preserved memory: 35.32389497756958 GB
[[0, 1, 2, 3]] [[1, 2]]
[r31_stage3] GATE1 PASS 0049_speed-skating: step[14] == final latent (shape (15, 1, 21, 16, 60, 104))
[ok] 0049_speed-skating: 1 steps x 81 frames
Moving DynamicSwap_WanTextEncoder to cuda:0 with preserved memory: 35.38102149963379 GB
[[0, 1]] [[0, 1, 2]]
