[r35_stage2] job=1007668_0 combo=dino_unblended arm=dino_patch regime=unblended
[r35_stage2] node=node39 CUDA_VISIBLE_DEVICES=0
[r35_stage2] target=/home/ids/skhairi/Data/dataggen/outputs/five_bench/r35_stage1/unblended/step14  latents=/home/ids/skhairi/Data/dataggen/outputs/five_bench/r35_latents/unblended  -> /home/ids/skhairi/Data/dataggen/outputs/five_bench/r35_div/dino_unblended
GPU 0: NVIDIA L40S (UUID: GPU-804bbff4-dcc1-302f-1758-4d95c4e3dd88)
[r35_stage2] preflight OK: 419 stage-1 latents for regime=unblended (expect 419)
--- [r35_stage2] dino_unblended / edit1 ---
[r31_div] DINOv3 prefix = 5 (1 CLS + 4 registers, read from the checkpoint)
[r31_div] arm=dino_patch edit_type=1 cases=100 temporal=mean -> /home/ids/skhairi/Data/dataggen/outputs/five_bench/r35_div/dino_unblended/edit1
[ok] 0001_bus: d=[0.01250, 0.70032] frac(m>0.5)=0.192 
[ok] 0002_girl-dog: d=[0.00374, 0.76086] frac(m>0.5)=0.108 
[ok] 0003_ocean-birds: d=[0.05595, 0.73072] frac(m>0.5)=0.182 
[ok] 0004_car-roundabout: d=[0.01090, 0.68360] frac(m>0.5)=0.128 
[ok] 0005_breakdance: d=[0.00323, 0.75780] frac(m>0.5)=0.084 
[ok] 0006_paragliding: d=[0.01531, 0.69430] frac(m>0.5)=0.052 
[ok] 0007_guitar-violin: d=[0.03345, 0.75047] frac(m>0.5)=0.370 
[ok] 0008_snowboard-race: d=[0.01648, 0.73423] frac(m>0.5)=0.307 
[ok] 0009_bear: d=[0.04250, 0.74843] frac(m>0.5)=0.276 
[ok] 0010_giant-slalom: d=[0.00914, 0.59744] frac(m>0.5)=0.064 
[ok] 0011_lucia: d=[0.00905, 0.61701] frac(m>0.5)=0.035 
[ok] 0012_goat: d=[0.04028, 0.74275] frac(m>0.5)=0.303 
[ok] 0013_golf: d=[0.01081, 0.63699] frac(m>0.5)=0.150 
[ok] 0014_burnout: d=[0.00502, 0.75472] frac(m>0.5)=0.180 
[ok] 0015_car-shadow: d=[0.00877, 0.70140] frac(m>0.5)=0.128 
[ok] 0016_horsejump-high: d=[0.01031, 0.69592] frac(m>0.5)=0.133 
[ok] 0017_kid-football: d=[0.00976, 0.66838] frac(m>0.5)=0.135 
[ok] 0018_breakdance-flare: d=[0.02745, 0.80582] frac(m>0.5)=0.305 
[ok] 0019_tennis-vest: d=[0.01292, 0.70400] frac(m>0.5)=0.090 
[ok] 0020_monkeys: d=[0.02237, 0.72692] frac(m>0.5)=0.213 
[ok] 0021_landing: d=[0.01578, 0.71294] frac(m>0.5)=0.213 
[ok] 0022_skate-jump: d=[0.00542, 0.66327] frac(m>0.5)=0.026 
[ok] 0023_kayak-race: d=[0.00838, 0.59503] frac(m>0.5)=0.049 
[ok] 0024_hockey: d=[0.01270, 0.71401] frac(m>0.5)=0.109 
[ok] 0025_baseball: d=[0.00880, 0.66575] frac(m>0.5)=0.177 
[ok] 0026_table-tennis: d=[0.00604, 0.60505] frac(m>0.5)=0.059 
[ok] 0027_dance-jump: d=[0.01160, 0.70577] frac(m>0.5)=0.143 
[ok] 0028_kite-walk: d=[0.00698, 0.65375] frac(m>0.5)=0.043 
[ok] 0029_horsejump-stick: d=[0.01450, 0.71681] frac(m>0.5)=0.120 
[ok] 0030_rallye: d=[0.02651, 0.75301] frac(m>0.5)=0.313 
[ok] 0031_soccerball: d=[0.01066, 0.71731] frac(m>0.5)=0.118 
[ok] 0032_mermaid: d=[0.02901, 0.69188] frac(m>0.5)=0.188 
[ok] 0033_horsejump-low: d=[0.01088, 0.70835] frac(m>0.5)=0.094 
[ok] 0034_cows: d=[0.02994, 0.68933] frac(m>0.5)=0.173 
[ok] 0035_helicopter: d=[0.00775, 0.64033] frac(m>0.5)=0.067 
[ok] 0036_camel: d=[0.02590, 0.70454] frac(m>0.5)=0.219 
[ok] 0037_snowboard-sand: d=[0.02098, 0.68033] frac(m>0.5)=0.087 
[ok] 0038_motorbike: d=[0.00487, 0.68768] frac(m>0.5)=0.128 
[ok] 0039_chamaleon: d=[0.02224, 0.70661] frac(m>0.5)=0.119 
[ok] 0040_tennis: d=[0.01184, 0.68297] frac(m>0.5)=0.080 
[ok] 0041_longboard: d=[0.02266, 0.73260] frac(m>0.5)=0.225 
[ok] 0042_gym-ball: d=[0.01273, 0.73512] frac(m>0.5)=0.171 
[ok] 0043_parkour: d=[0.00778, 0.78888] frac(m>0.5)=0.156 
[ok] 0044_snowboard: d=[0.02308, 0.62169] frac(m>0.5)=0.215 
[ok] 0045_butterfly: d=[0.02701, 0.78033] frac(m>0.5)=0.101 
[ok] 0046_blackswan: d=[0.02585, 0.68402] frac(m>0.5)=0.082 
[ok] 0047_judo: d=[0.01651, 0.67486] frac(m>0.5)=0.185 
[ok] 0048_hike: d=[0.01225, 0.67354] frac(m>0.5)=0.031 
[ok] 0049_speed-skating: d=[0.01554, 0.67851] frac(m>0.5)=0.152 
[ok] 0050_slackline: d=[0.01309, 0.72863] frac(m>0.5)=0.084 
[ok] 0051_dogs-jump: d=[0.01382, 0.71656] frac(m>0.5)=0.119 
[ok] 0052_mallard-fly: d=[0.02695, 0.73087] frac(m>0.5)=0.164 
[ok] 0053_swing: d=[0.00973, 0.70200] frac(m>0.5)=0.121 
[ok] 0054_train: d=[0.00854, 0.66157] frac(m>0.5)=0.114 
[ok] 0055_pigs: d=[0.05162, 0.70902] frac(m>0.5)=0.262 
[ok] 0056_kart-turn: d=[0.02390, 0.71488] frac(m>0.5)=0.288 
[ok] 0057_dog: d=[0.02330, 0.77607] frac(m>0.5)=0.194 
[ok] 0058_boat: d=[0.01349, 0.63905] frac(m>0.5)=0.086 
[ok] 0059_drift-straight: d=[0.00636, 0.74040] frac(m>0.5)=0.246 
[ok] 0060_motocross-bumps: d=[0.00848, 0.62004] frac(m>0.5)=0.167 
[ok] 0061_mbike-santa: d=[0.01931, 0.68719] frac(m>0.5)=0.364 
[ok] 0062_elephant: d=[0.04857, 0.73786] frac(m>0.5)=0.182 
[ok] 0063_drift-turn: d=[0.01512, 0.70183] frac(m>0.5)=0.331 
[ok] 0064_rollerblade: d=[0.00501, 0.65277] frac(m>0.5)=0.076 
[ok] 0065_twist-dance: d=[0.00605, 0.66995] frac(m>0.5)=0.060 
[ok] 0066_deer: d=[0.02956, 0.71503] frac(m>0.5)=0.241 
[ok] 0067_mbike-trick: d=[0.00380, 0.68833] frac(m>0.5)=0.048 
[ok] 0068_planes-water: d=[0.00528, 0.56330] frac(m>0.5)=0.047 
[ok] 0069_car-turn: d=[0.00287, 0.67178] frac(m>0.5)=0.124 
[ok] 0070_dance-twirl: d=[0.00913, 0.69167] frac(m>0.5)=0.101 
[ok] 0071_mallard-water: d=[0.04114, 0.66237] frac(m>0.5)=0.123 
[ok] 0072_dog-agility: d=[0.00795, 0.70170] frac(m>0.5)=0.178 
[ok] 0073_bmx-rider: d=[0.00600, 0.72224] frac(m>0.5)=0.055 
[ok] 0074_rhino: d=[0.05064, 0.71254] frac(m>0.5)=0.254 
[ok] 0075_A_bicycle: d=[0.00549, 0.67490] frac(m>0.5)=0.086 
[ok] 0076_A_rabbit: d=[0.02513, 0.71020] frac(m>0.5)=0.232 
[ok] 0077_A_hawk: d=[0.04546, 0.75518] frac(m>0.5)=0.112 
[ok] 0078_A_cat: d=[0.00974, 0.73629] frac(m>0.5)=0.167 
[ok] 0079_A_bus: d=[0.01376, 0.69613] frac(m>0.5)=0.118 
[ok] 0080_A_motorcycle: d=[0.01410, 0.68617] frac(m>0.5)=0.170 
[ok] 0081_A_horse: d=[0.01692, 0.74232] frac(m>0.5)=0.094 
[ok] 0082_A_tram: d=[0.00352, 0.63640] frac(m>0.5)=0.185 
[ok] 0083_A_boat: d=[0.01443, 0.60845] frac(m>0.5)=0.104 
[ok] 0084_A_squirrel: d=[0.02850, 0.73751] frac(m>0.5)=0.321 
[ok] 0085_A_tram: d=[0.00372, 0.63758] frac(m>0.5)=0.099 
[ok] 0086_A_red_sports_car: d=[0.00675, 0.78688] frac(m>0.5)=0.237 
[ok] 0087_A_seagull: d=[0.01058, 0.72884] frac(m>0.5)=0.081 
[ok] 0088_A_cyclist: d=[0.02216, 0.70059] frac(m>0.5)=0.209 
[ok] 0089_A_dog: d=[0.01195, 0.75289] frac(m>0.5)=0.227 
[ok] 0090_A_deer: d=[0.01732, 0.64969] frac(m>0.5)=0.102 
[ok] 0091_A_hawk: d=[0.01567, 0.74756] frac(m>0.5)=0.041 
[ok] 0092_A_fox: d=[0.00949, 0.65033] frac(m>0.5)=0.026 
[ok] 0093_A_helicopter: d=[0.01494, 0.70695] frac(m>0.5)=0.170 
[ok] 0094_A_swan: d=[0.01414, 0.63361] frac(m>0.5)=0.060 
[ok] 0095_A_crow: d=[0.02020, 0.73983] frac(m>0.5)=0.169 
[ok] 0096_A_car: d=[0.00612, 0.74016] frac(m>0.5)=0.168 
[ok] 0097_A_bird: d=[0.01231, 0.70621] frac(m>0.5)=0.097 
[ok] 0098_A_squirrel: d=[0.01053, 0.72199] frac(m>0.5)=0.161 
[ok] 0099_A_jogger: d=[0.01505, 0.65743] frac(m>0.5)=0.069 
[ok] 0100_A_deer: d=[0.00743, 0.64157] frac(m>0.5)=0.118 
[r31_div] done arm=dino_patch edit1: 100/100 ok
--- [r35_stage2] dino_unblended / edit2 ---
[r31_div] DINOv3 prefix = 5 (1 CLS + 4 registers, read from the checkpoint)
[r31_div] arm=dino_patch edit_type=2 cases=100 temporal=mean -> /home/ids/skhairi/Data/dataggen/outputs/five_bench/r35_div/dino_unblended/edit2
[ok] 0001_bus: d=[0.02562, 0.71656] frac(m>0.5)=0.262 
[ok] 0002_girl-dog: d=[0.02067, 0.72232] frac(m>0.5)=0.226 
[ok] 0003_ocean-birds: d=[0.05489, 0.74149] frac(m>0.5)=0.173 
[ok] 0004_car-roundabout: d=[0.01892, 0.70430] frac(m>0.5)=0.175 
[ok] 0005_breakdance: d=[0.00674, 0.82863] frac(m>0.5)=0.189 
[ok] 0006_paragliding: d=[0.07012, 0.77754] frac(m>0.5)=0.249 
[ok] 0007_guitar-violin: d=[0.07132, 0.83020] frac(m>0.5)=0.495 
[ok] 0008_snowboard-race: d=[0.03282, 0.74449] frac(m>0.5)=0.232 
[ok] 0009_bear: d=[0.05355, 0.75560] frac(m>0.5)=0.256 
[ok] 0010_giant-slalom: d=[0.01023, 0.61799] frac(m>0.5)=0.050 
[ok] 0011_lucia: d=[0.05181, 0.79752] frac(m>0.5)=0.219 
[ok] 0012_goat: d=[0.04200, 0.77322] frac(m>0.5)=0.153 
[ok] 0013_golf: d=[0.02398, 0.67241] frac(m>0.5)=0.179 
[ok] 0014_burnout: d=[0.01718, 0.73544] frac(m>0.5)=0.307 
[ok] 0015_car-shadow: d=[0.01867, 0.77971] frac(m>0.5)=0.138 
[ok] 0016_horsejump-high: d=[0.01417, 0.68438] frac(m>0.5)=0.096 
[ok] 0017_kid-football: d=[0.05281, 0.77913] frac(m>0.5)=0.360 
[ok] 0018_breakdance-flare: d=[0.04326, 0.77753] frac(m>0.5)=0.284 
[ok] 0019_tennis-vest: d=[0.02248, 0.70091] frac(m>0.5)=0.119 
[ok] 0020_monkeys: d=[0.03231, 0.77868] frac(m>0.5)=0.318 
[ok] 0021_landing: d=[0.02683, 0.77964] frac(m>0.5)=0.322 
[ok] 0022_skate-jump: d=[0.00893, 0.64017] frac(m>0.5)=0.051 
[ok] 0023_kayak-race: d=[0.03019, 0.70257] frac(m>0.5)=0.165 
[ok] 0024_hockey: d=[0.03084, 0.74544] frac(m>0.5)=0.174 
[ok] 0025_baseball: d=[0.01249, 0.69046] frac(m>0.5)=0.202 
[ok] 0026_table-tennis: d=[0.00897, 0.62973] frac(m>0.5)=0.097 
[ok] 0027_dance-jump: d=[0.01551, 0.78691] frac(m>0.5)=0.139 
[ok] 0028_kite-walk: d=[0.01230, 0.65085] frac(m>0.5)=0.096 
[ok] 0029_horsejump-stick: d=[0.03413, 0.77471] frac(m>0.5)=0.149 
[ok] 0030_rallye: d=[0.02379, 0.76050] frac(m>0.5)=0.259 
[ok] 0031_soccerball: d=[0.00981, 0.73568] frac(m>0.5)=0.207 
[ok] 0032_mermaid: d=[0.03389, 0.72893] frac(m>0.5)=0.202 
[ok] 0033_horsejump-low: d=[0.02044, 0.74548] frac(m>0.5)=0.169 
[ok] 0034_cows: d=[0.06567, 0.76588] frac(m>0.5)=0.324 
[ok] 0035_helicopter: d=[0.01407, 0.70843] frac(m>0.5)=0.135 
[ok] 0036_camel: d=[0.02271, 0.74153] frac(m>0.5)=0.232 
[ok] 0037_snowboard-sand: d=[0.02723, 0.68298] frac(m>0.5)=0.108 
[ok] 0038_motorbike: d=[0.00757, 0.72003] frac(m>0.5)=0.094 
[ok] 0039_chamaleon: d=[0.03387, 0.74678] frac(m>0.5)=0.217 
[ok] 0040_tennis: d=[0.04060, 0.76696] frac(m>0.5)=0.225 
[ok] 0041_longboard: d=[0.01249, 0.68365] frac(m>0.5)=0.164 
[ok] 0042_gym-ball: d=[0.02254, 0.77575] frac(m>0.5)=0.235 
[ok] 0043_parkour: d=[0.02984, 0.79767] frac(m>0.5)=0.314 
[ok] 0044_snowboard: d=[0.05364, 0.73118] frac(m>0.5)=0.200 
[ok] 0045_butterfly: d=[0.02760, 0.79484] frac(m>0.5)=0.141 
[ok] 0046_blackswan: d=[0.05821, 0.76747] frac(m>0.5)=0.321 
[ok] 0047_judo: d=[0.02183, 0.64608] frac(m>0.5)=0.211 
[ok] 0048_hike: d=[0.02277, 0.69807] frac(m>0.5)=0.077 
[ok] 0049_speed-skating: d=[0.01769, 0.65999] frac(m>0.5)=0.233 
[ok] 0050_slackline: d=[0.01644, 0.74742] frac(m>0.5)=0.133 
[ok] 0051_dogs-jump: d=[0.02743, 0.70902] frac(m>0.5)=0.153 
[ok] 0052_mallard-fly: d=[0.02198, 0.73049] frac(m>0.5)=0.189 
[ok] 0053_swing: d=[0.01205, 0.70756] frac(m>0.5)=0.139 
[ok] 0054_train: d=[0.01450, 0.67342] frac(m>0.5)=0.261 
[ok] 0055_pigs: d=[0.09421, 0.71967] frac(m>0.5)=0.419 
[ok] 0056_kart-turn: d=[0.02341, 0.67710] frac(m>0.5)=0.412 
[ok] 0057_dog: d=[0.03592, 0.76837] frac(m>0.5)=0.242 
[ok] 0058_boat: d=[0.01770, 0.66752] frac(m>0.5)=0.090 
[ok] 0059_drift-straight: d=[0.00689, 0.72147] frac(m>0.5)=0.278 
[ok] 0060_motocross-bumps: d=[0.02836, 0.72268] frac(m>0.5)=0.195 
[ok] 0061_mbike-santa: d=[0.06222, 0.74799] frac(m>0.5)=0.342 
[ok] 0062_elephant: d=[0.05625, 0.84301] frac(m>0.5)=0.220 
[ok] 0063_drift-turn: d=[0.01796, 0.70272] frac(m>0.5)=0.394 
[ok] 0064_rollerblade: d=[0.00591, 0.68025] frac(m>0.5)=0.147 
[ok] 0065_twist-dance: d=[0.01119, 0.66853] frac(m>0.5)=0.133 
[ok] 0066_deer: d=[0.04160, 0.74654] frac(m>0.5)=0.527 
[ok] 0067_mbike-trick: d=[0.00967, 0.72702] frac(m>0.5)=0.139 
[ok] 0068_planes-water: d=[0.01368, 0.64062] frac(m>0.5)=0.142 
[ok] 0069_car-turn: d=[0.00660, 0.76599] frac(m>0.5)=0.162 
[ok] 0070_dance-twirl: d=[0.01343, 0.73616] frac(m>0.5)=0.120 
[ok] 0071_mallard-water: d=[0.03367, 0.65998] frac(m>0.5)=0.117 
[ok] 0072_dog-agility: d=[0.01491, 0.75884] frac(m>0.5)=0.240 
[ok] 0073_bmx-rider: d=[0.00998, 0.68922] frac(m>0.5)=0.059 
[ok] 0074_rhino: d=[0.05627, 0.71634] frac(m>0.5)=0.251 
[ok] 0075_A_bicycle: d=[0.00897, 0.69939] frac(m>0.5)=0.115 
[ok] 0076_A_rabbit: d=[0.05733, 0.79374] frac(m>0.5)=0.203 
[ok] 0077_A_hawk: d=[0.05888, 0.71963] frac(m>0.5)=0.130 
[ok] 0078_A_cat: d=[0.00960, 0.73444] frac(m>0.5)=0.180 
[ok] 0079_A_bus: d=[0.01953, 0.65490] frac(m>0.5)=0.205 
[ok] 0080_A_motorcycle: d=[0.01337, 0.78056] frac(m>0.5)=0.234 
[ok] 0081_A_horse: d=[0.05105, 0.79789] frac(m>0.5)=0.275 
[ok] 0082_A_tram: d=[0.01134, 0.68860] frac(m>0.5)=0.282 
[ok] 0083_A_boat: d=[0.01557, 0.69291] frac(m>0.5)=0.131 
[ok] 0084_A_squirrel: d=[0.03173, 0.74998] frac(m>0.5)=0.307 
[ok] 0085_A_tram: d=[0.00686, 0.72696] frac(m>0.5)=0.243 
[ok] 0086_A_red_sports_car: d=[0.02070, 0.81577] frac(m>0.5)=0.118 
[ok] 0087_A_seagull: d=[0.02017, 0.71651] frac(m>0.5)=0.102 
[ok] 0088_A_cyclist: d=[0.01103, 0.69304] frac(m>0.5)=0.189 
[ok] 0089_A_dog: d=[0.02369, 0.73862] frac(m>0.5)=0.298 
[ok] 0090_A_deer: d=[0.04769, 0.73403] frac(m>0.5)=0.289 
[ok] 0091_A_hawk: d=[0.01886, 0.73368] frac(m>0.5)=0.093 
[ok] 0092_A_fox: d=[0.03469, 0.75515] frac(m>0.5)=0.225 
[ok] 0093_A_helicopter: d=[0.02982, 0.69365] frac(m>0.5)=0.258 
[ok] 0094_A_swan: d=[0.02076, 0.72625] frac(m>0.5)=0.097 
[ok] 0095_A_crow: d=[0.03855, 0.77385] frac(m>0.5)=0.297 
[ok] 0096_A_car: d=[0.12199, 0.70436] frac(m>0.5)=0.334 
[ok] 0097_A_bird: d=[0.02685, 0.69475] frac(m>0.5)=0.143 
[ok] 0098_A_squirrel: d=[0.03206, 0.76245] frac(m>0.5)=0.341 
[ok] 0099_A_jogger: d=[0.02853, 0.69120] frac(m>0.5)=0.089 
[ok] 0100_A_deer: d=[0.01426, 0.67932] frac(m>0.5)=0.129 
[r31_div] done arm=dino_patch edit2: 100/100 ok
--- [r35_stage2] dino_unblended / edit3 ---
[r31_div] DINOv3 prefix = 5 (1 CLS + 4 registers, read from the checkpoint)
[r31_div] arm=dino_patch edit_type=3 cases=100 temporal=mean -> /home/ids/skhairi/Data/dataggen/outputs/five_bench/r35_div/dino_unblended/edit3
[ok] 0001_bus: d=[0.00683, 0.54292] frac(m>0.5)=0.025 
[ok] 0002_girl-dog: d=[0.00777, 0.73327] frac(m>0.5)=0.115 
[ok] 0003_ocean-birds: d=[0.01739, 0.65726] frac(m>0.5)=0.070 
[ok] 0004_car-roundabout: d=[0.00754, 0.66957] frac(m>0.5)=0.061 
[ok] 0005_breakdance: d=[0.00238, 0.72199] frac(m>0.5)=0.061 
[ok] 0006_paragliding: d=[0.00728, 0.69907] frac(m>0.5)=0.043 
[ok] 0007_guitar-violin: d=[0.00284, 0.66976] frac(m>0.5)=0.129 
[ok] 0008_snowboard-race: d=[0.00446, 0.65524] frac(m>0.5)=0.070 
[ok] 0009_bear: d=[0.01485, 0.70803] frac(m>0.5)=0.052 
[ok] 0010_giant-slalom: d=[0.00619, 0.53976] frac(m>0.5)=0.019 
[ok] 0011_lucia: d=[0.00616, 0.56257] frac(m>0.5)=0.031 
[ok] 0012_goat: d=[0.02428, 0.75330] frac(m>0.5)=0.131 
[ok] 0013_golf: d=[0.00362, 0.56150] frac(m>0.5)=0.021 
[ok] 0014_burnout: d=[0.00490, 0.69573] frac(m>0.5)=0.155 
[ok] 0015_car-shadow: d=[0.00389, 0.71973] frac(m>0.5)=0.051 
[ok] 0016_horsejump-high: d=[0.00374, 0.67097] frac(m>0.5)=0.062 
[ok] 0017_kid-football: d=[0.00435, 0.65948] frac(m>0.5)=0.162 
[ok] 0018_breakdance-flare: d=[0.00380, 0.67567] frac(m>0.5)=0.079 
[ok] 0019_tennis-vest: d=[0.00271, 0.65965] frac(m>0.5)=0.049 
[ok] 0020_monkeys: d=[0.01500, 0.65455] frac(m>0.5)=0.203 
[ok] 0021_landing: d=[0.01148, 0.64411] frac(m>0.5)=0.144 
[ok] 0022_skate-jump: d=[0.00341, 0.66802] frac(m>0.5)=0.031 
[ok] 0023_kayak-race: d=[0.00798, 0.62398] frac(m>0.5)=0.041 
[ok] 0024_hockey: d=[0.00456, 0.64558] frac(m>0.5)=0.062 
[ok] 0025_baseball: d=[0.00651, 0.58924] frac(m>0.5)=0.161 
[ok] 0026_table-tennis: d=[0.00976, 0.54386] frac(m>0.5)=0.108 
[ok] 0027_dance-jump: d=[0.01020, 0.69233] frac(m>0.5)=0.217 
[ok] 0028_kite-walk: d=[0.00220, 0.55666] frac(m>0.5)=0.015 
[ok] 0029_horsejump-stick: d=[0.00820, 0.68654] frac(m>0.5)=0.097 
[ok] 0030_rallye: d=[0.00898, 0.72841] frac(m>0.5)=0.207 
[ok] 0031_soccerball: d=[0.00656, 0.69341] frac(m>0.5)=0.071 
[ok] 0032_mermaid: d=[0.01929, 0.65987] frac(m>0.5)=0.202 
[ok] 0033_horsejump-low: d=[0.00877, 0.69415] frac(m>0.5)=0.072 
[ok] 0034_cows: d=[0.00888, 0.70333] frac(m>0.5)=0.072 
[ok] 0035_helicopter: d=[0.00789, 0.64694] frac(m>0.5)=0.078 
[ok] 0036_camel: d=[0.01329, 0.71318] frac(m>0.5)=0.109 
[ok] 0037_snowboard-sand: d=[0.00670, 0.68966] frac(m>0.5)=0.042 
[ok] 0038_motorbike: d=[0.00591, 0.71330] frac(m>0.5)=0.023 
[ok] 0039_chamaleon: d=[0.01576, 0.66772] frac(m>0.5)=0.169 
[ok] 0040_tennis: d=[0.00377, 0.70090] frac(m>0.5)=0.095 
[ok] 0041_longboard: d=[0.00300, 0.64260] frac(m>0.5)=0.075 
[ok] 0042_gym-ball: d=[0.00362, 0.74054] frac(m>0.5)=0.146 
[ok] 0043_parkour: d=[0.00487, 0.68780] frac(m>0.5)=0.073 
[ok] 0044_snowboard: d=[0.00888, 0.64520] frac(m>0.5)=0.149 
[ok] 0045_butterfly: d=[0.00960, 0.79659] frac(m>0.5)=0.070 
[ok] 0046_blackswan: d=[0.01730, 0.67756] frac(m>0.5)=0.050 
[ok] 0047_judo: d=[0.00678, 0.60606] frac(m>0.5)=0.113 
[ok] 0048_hike: d=[0.00604, 0.62575] frac(m>0.5)=0.023 
[ok] 0049_speed-skating: d=[0.00637, 0.60800] frac(m>0.5)=0.157 
[ok] 0050_slackline: d=[0.00713, 0.67572] frac(m>0.5)=0.108 
[ok] 0051_dogs-jump: d=[0.00521, 0.70821] frac(m>0.5)=0.126 
[ok] 0052_mallard-fly: d=[0.01263, 0.70164] frac(m>0.5)=0.083 
[ok] 0053_swing: d=[0.00411, 0.70463] frac(m>0.5)=0.088 
[ok] 0054_train: d=[0.00632, 0.59790] frac(m>0.5)=0.168 
[ok] 0055_pigs: d=[0.01944, 0.64718] frac(m>0.5)=0.122 
[ok] 0056_kart-turn: d=[0.00623, 0.62806] frac(m>0.5)=0.233 
[ok] 0057_dog: d=[0.02060, 0.71987] frac(m>0.5)=0.182 
[ok] 0058_boat: d=[0.00510, 0.62527] frac(m>0.5)=0.033 
[ok] 0059_drift-straight: d=[0.00714, 0.77308] frac(m>0.5)=0.298 
[ok] 0060_motocross-bumps: d=[0.00765, 0.65546] frac(m>0.5)=0.174 
[ok] 0061_mbike-santa: d=[0.01640, 0.67774] frac(m>0.5)=0.282 
[ok] 0062_elephant: d=[0.02367, 0.69990] frac(m>0.5)=0.047 
[ok] 0063_drift-turn: d=[0.01770, 0.70444] frac(m>0.5)=0.317 
[ok] 0064_rollerblade: d=[0.00390, 0.64857] frac(m>0.5)=0.036 
[ok] 0065_twist-dance: d=[0.00408, 0.61750] frac(m>0.5)=0.061 
[ok] 0066_deer: d=[0.02816, 0.77067] frac(m>0.5)=0.203 
[ok] 0067_mbike-trick: d=[0.00283, 0.70129] frac(m>0.5)=0.095 
[ok] 0068_planes-water: d=[0.00387, 0.18415] frac(m>0.5)=0.010 
[ok] 0069_car-turn: d=[0.00288, 0.68740] frac(m>0.5)=0.115 
[ok] 0070_dance-twirl: d=[0.00618, 0.66820] frac(m>0.5)=0.080 
[ok] 0071_mallard-water: d=[0.02333, 0.65658] frac(m>0.5)=0.058 
[ok] 0072_dog-agility: d=[0.00768, 0.72385] frac(m>0.5)=0.151 
[ok] 0073_bmx-rider: d=[0.00745, 0.66026] frac(m>0.5)=0.093 
[ok] 0074_rhino: d=[0.01106, 0.63485] frac(m>0.5)=0.028 
[ok] 0075_A_bicycle: d=[0.00308, 0.64411] frac(m>0.5)=0.046 
[ok] 0076_A_rabbit: d=[0.01759, 0.71511] frac(m>0.5)=0.205 
[ok] 0077_A_hawk: d=[0.01884, 0.72546] frac(m>0.5)=0.076 
[ok] 0078_A_cat: d=[0.00293, 0.73520] frac(m>0.5)=0.055 
[ok] 0079_A_bus: d=[0.00953, 0.61905] frac(m>0.5)=0.179 
[ok] 0080_A_motorcycle: d=[0.01101, 0.68506] frac(m>0.5)=0.183 
[ok] 0081_A_horse: d=[0.00855, 0.68349] frac(m>0.5)=0.039 
[ok] 0082_A_tram: d=[0.00253, 0.61211] frac(m>0.5)=0.129 
[ok] 0083_A_boat: d=[0.00558, 0.62815] frac(m>0.5)=0.031 
[ok] 0084_A_squirrel: d=[0.01928, 0.72490] frac(m>0.5)=0.281 
[ok] 0085_A_tram: d=[0.00279, 0.67874] frac(m>0.5)=0.213 
[ok] 0086_A_red_sports_car: d=[0.00246, 0.74734] frac(m>0.5)=0.130 
[ok] 0087_A_seagull: d=[0.00820, 0.78851] frac(m>0.5)=0.053 
[ok] 0088_A_cyclist: d=[0.00279, 0.64466] frac(m>0.5)=0.174 
[ok] 0089_A_dog: d=[0.00549, 0.72496] frac(m>0.5)=0.092 
[ok] 0090_A_deer: d=[0.01159, 0.64457] frac(m>0.5)=0.050 
[ok] 0091_A_hawk: d=[0.00983, 0.75476] frac(m>0.5)=0.036 
[ok] 0092_A_fox: d=[0.00808, 0.70261] frac(m>0.5)=0.022 
[ok] 0093_A_helicopter: d=[0.00901, 0.65508] frac(m>0.5)=0.082 
[ok] 0094_A_swan: d=[0.01173, 0.60654] frac(m>0.5)=0.024 
[ok] 0095_A_crow: d=[0.00357, 0.60175] frac(m>0.5)=0.020 
[ok] 0096_A_car: d=[0.00540, 0.73174] frac(m>0.5)=0.248 
[ok] 0097_A_bird: d=[0.00832, 0.62755] frac(m>0.5)=0.032 
[ok] 0098_A_squirrel: d=[0.00337, 0.65576] frac(m>0.5)=0.019 
[ok] 0099_A_jogger: d=[0.00542, 0.66928] frac(m>0.5)=0.028 
[ok] 0100_A_deer: d=[0.00612, 0.61206] frac(m>0.5)=0.060 
[r31_div] done arm=dino_patch edit3: 100/100 ok
--- [r35_stage2] dino_unblended / edit4 ---
[r31_div] DINOv3 prefix = 5 (1 CLS + 4 registers, read from the checkpoint)
[r31_div] arm=dino_patch edit_type=4 cases=100 temporal=mean -> /home/ids/skhairi/Data/dataggen/outputs/five_bench/r35_div/dino_unblended/edit4
[ok] 0001_bus: d=[0.01150, 0.63217] frac(m>0.5)=0.076 
[ok] 0002_girl-dog: d=[0.00342, 0.70658] frac(m>0.5)=0.181 
[ok] 0003_ocean-birds: d=[0.01352, 0.68038] frac(m>0.5)=0.082 
[ok] 0004_car-roundabout: d=[0.01028, 0.64223] frac(m>0.5)=0.030 
[ok] 0005_breakdance: d=[0.00394, 0.72004] frac(m>0.5)=0.121 
[ok] 0006_paragliding: d=[0.00805, 0.68337] frac(m>0.5)=0.032 
[ok] 0007_guitar-violin: d=[0.01563, 0.68694] frac(m>0.5)=0.373 
[ok] 0008_snowboard-race: d=[0.01756, 0.72278] frac(m>0.5)=0.248 
[ok] 0009_bear: d=[0.01570, 0.69085] frac(m>0.5)=0.074 
[ok] 0010_giant-slalom: d=[0.00386, 0.58814] frac(m>0.5)=0.041 
[ok] 0011_lucia: d=[0.01171, 0.65827] frac(m>0.5)=0.068 
[ok] 0012_goat: d=[0.02845, 0.75350] frac(m>0.5)=0.132 
[ok] 0013_golf: d=[0.00532, 0.65815] frac(m>0.5)=0.090 
[ok] 0014_burnout: d=[0.00340, 0.69207] frac(m>0.5)=0.218 
[ok] 0015_car-shadow: d=[0.01053, 0.69421] frac(m>0.5)=0.231 
[ok] 0016_horsejump-high: d=[0.00528, 0.67694] frac(m>0.5)=0.076 
[ok] 0017_kid-football: d=[0.02274, 0.72034] frac(m>0.5)=0.243 
[ok] 0018_breakdance-flare: d=[0.01099, 0.70429] frac(m>0.5)=0.097 
[ok] 0019_tennis-vest: d=[0.00290, 0.66559] frac(m>0.5)=0.045 
[ok] 0020_monkeys: d=[0.01850, 0.69994] frac(m>0.5)=0.228 
[ok] 0021_landing: d=[0.01760, 0.70003] frac(m>0.5)=0.201 
[ok] 0022_skate-jump: d=[0.00837, 0.65477] frac(m>0.5)=0.117 
[ok] 0023_kayak-race: d=[0.01802, 0.63959] frac(m>0.5)=0.063 
[ok] 0024_hockey: d=[0.00363, 0.65174] frac(m>0.5)=0.065 
[ok] 0025_baseball: d=[0.01024, 0.59423] frac(m>0.5)=0.170 
[ok] 0026_table-tennis: d=[0.00530, 0.60018] frac(m>0.5)=0.097 
[ok] 0027_dance-jump: d=[0.01333, 0.69402] frac(m>0.5)=0.193 
[ok] 0028_kite-walk: d=[0.01141, 0.68194] frac(m>0.5)=0.053 
[ok] 0029_horsejump-stick: d=[0.01031, 0.70617] frac(m>0.5)=0.117 
[ok] 0030_rallye: d=[0.01912, 0.76554] frac(m>0.5)=0.195 
[ok] 0031_soccerball: d=[0.00614, 0.70252] frac(m>0.5)=0.220 
[ok] 0032_mermaid: d=[0.02837, 0.68897] frac(m>0.5)=0.261 
[ok] 0033_horsejump-low: d=[0.00433, 0.72036] frac(m>0.5)=0.084 
[ok] 0034_cows: d=[0.00690, 0.67892] frac(m>0.5)=0.029 
[ok] 0035_helicopter: d=[0.00763, 0.66764] frac(m>0.5)=0.119 
[ok] 0036_camel: d=[0.03305, 0.67869] frac(m>0.5)=0.211 
[ok] 0037_snowboard-sand: d=[0.03049, 0.66293] frac(m>0.5)=0.110 
[ok] 0038_motorbike: d=[0.00513, 0.67027] frac(m>0.5)=0.050 
[ok] 0039_chamaleon: d=[0.01952, 0.66548] frac(m>0.5)=0.148 
[ok] 0040_tennis: d=[0.00932, 0.67394] frac(m>0.5)=0.109 
[ok] 0041_longboard: d=[0.01313, 0.72245] frac(m>0.5)=0.194 
[ok] 0042_gym-ball: d=[0.00985, 0.75480] frac(m>0.5)=0.156 
[ok] 0043_parkour: d=[0.00709, 0.72242] frac(m>0.5)=0.109 
[ok] 0044_snowboard: d=[0.00960, 0.63043] frac(m>0.5)=0.155 
[ok] 0045_butterfly: d=[0.01825, 0.81129] frac(m>0.5)=0.145 
[ok] 0046_blackswan: d=[0.01220, 0.63151] frac(m>0.5)=0.019 
[ok] 0047_judo: d=[0.01026, 0.58048] frac(m>0.5)=0.118 
[ok] 0048_hike: d=[0.01450, 0.65236] frac(m>0.5)=0.037 
[ok] 0049_speed-skating: d=[0.00883, 0.62011] frac(m>0.5)=0.160 
[ok] 0050_slackline: d=[0.01170, 0.68335] frac(m>0.5)=0.082 
[ok] 0051_dogs-jump: d=[0.01720, 0.72084] frac(m>0.5)=0.146 
[ok] 0052_mallard-fly: d=[0.00660, 0.75456] frac(m>0.5)=0.058 
[ok] 0053_swing: d=[0.00996, 0.69691] frac(m>0.5)=0.141 
[ok] 0054_train: d=[0.00846, 0.62870] frac(m>0.5)=0.172 
[ok] 0055_pigs: d=[0.02000, 0.63283] frac(m>0.5)=0.141 
[ok] 0056_kart-turn: d=[0.00578, 0.63768] frac(m>0.5)=0.164 
[ok] 0057_dog: d=[0.03152, 0.72174] frac(m>0.5)=0.292 
[ok] 0058_boat: d=[0.00513, 0.62481] frac(m>0.5)=0.039 
[ok] 0059_drift-straight: d=[0.03889, 0.75096] frac(m>0.5)=0.432 
[ok] 0060_motocross-bumps: d=[0.01861, 0.65990] frac(m>0.5)=0.230 
[ok] 0061_mbike-santa: d=[0.04094, 0.68261] frac(m>0.5)=0.462 
[ok] 0062_elephant: d=[0.03805, 0.72981] frac(m>0.5)=0.140 
[ok] 0063_drift-turn: d=[0.02824, 0.78261] frac(m>0.5)=0.307 
[ok] 0064_rollerblade: d=[0.00773, 0.65328] frac(m>0.5)=0.069 
[ok] 0065_twist-dance: d=[0.00519, 0.59393] frac(m>0.5)=0.065 
[ok] 0066_deer: d=[0.03925, 0.71559] frac(m>0.5)=0.371 
[ok] 0067_mbike-trick: d=[0.00531, 0.67065] frac(m>0.5)=0.094 
[ok] 0068_planes-water: d=[0.00854, 0.44213] frac(m>0.5)=0.019 
[ok] 0069_car-turn: d=[0.00570, 0.71333] frac(m>0.5)=0.181 
[ok] 0070_dance-twirl: d=[0.01117, 0.64658] frac(m>0.5)=0.126 
[ok] 0071_mallard-water: d=[0.01512, 0.67549] frac(m>0.5)=0.051 
[ok] 0072_dog-agility: d=[0.00666, 0.74501] frac(m>0.5)=0.142 
[ok] 0073_bmx-rider: d=[0.00798, 0.71581] frac(m>0.5)=0.096 
[ok] 0074_rhino: d=[0.01315, 0.60390] frac(m>0.5)=0.044 
[ok] 0075_A_bicycle: d=[0.00446, 0.69467] frac(m>0.5)=0.049 
[ok] 0076_A_rabbit: d=[0.01674, 0.73746] frac(m>0.5)=0.198 
[ok] 0077_A_hawk: d=[0.04032, 0.73979] frac(m>0.5)=0.172 
[ok] 0078_A_cat: d=[0.00369, 0.71752] frac(m>0.5)=0.066 
[ok] 0079_A_bus: d=[0.01120, 0.64674] frac(m>0.5)=0.211 
[ok] 0080_A_motorcycle: d=[0.01368, 0.65587] frac(m>0.5)=0.154 
[ok] 0081_A_horse: d=[0.01127, 0.70080] frac(m>0.5)=0.045 
[ok] 0082_A_tram: d=[0.00367, 0.62968] frac(m>0.5)=0.240 
[ok] 0083_A_boat: d=[0.00923, 0.61047] frac(m>0.5)=0.080 
[ok] 0084_A_squirrel: d=[0.01889, 0.70666] frac(m>0.5)=0.256 
[ok] 0085_A_tram: d=[0.00520, 0.66026] frac(m>0.5)=0.260 
[ok] 0086_A_red_sports_car: d=[0.00321, 0.74480] frac(m>0.5)=0.122 
[ok] 0087_A_seagull: d=[0.00806, 0.75452] frac(m>0.5)=0.069 
[ok] 0088_A_cyclist: d=[0.01877, 0.68000] frac(m>0.5)=0.257 
[ok] 0089_A_dog: d=[0.01652, 0.74986] frac(m>0.5)=0.320 
[ok] 0090_A_deer: d=[0.00868, 0.64758] frac(m>0.5)=0.038 
[ok] 0091_A_hawk: d=[0.02765, 0.77417] frac(m>0.5)=0.102 
[ok] 0092_A_fox: d=[0.00498, 0.65620] frac(m>0.5)=0.019 
[ok] 0093_A_helicopter: d=[0.00671, 0.63760] frac(m>0.5)=0.085 
[ok] 0094_A_swan: d=[0.00164, 0.58361] frac(m>0.5)=0.009 
[ok] 0095_A_crow: d=[0.01237, 0.69788] frac(m>0.5)=0.129 
[ok] 0096_A_car: d=[0.00597, 0.72430] frac(m>0.5)=0.218 
[ok] 0097_A_bird: d=[0.00587, 0.69831] frac(m>0.5)=0.049 
[ok] 0098_A_squirrel: d=[0.00449, 0.63416] frac(m>0.5)=0.033 
[ok] 0099_A_jogger: d=[0.02119, 0.69736] frac(m>0.5)=0.065 
[ok] 0100_A_deer: d=[0.00824, 0.61617] frac(m>0.5)=0.069 
[r31_div] done arm=dino_patch edit4: 100/100 ok
--- [r35_stage2] dino_unblended / edit5 ---
[r31_div] DINOv3 prefix = 5 (1 CLS + 4 registers, read from the checkpoint)
[r31_div] arm=dino_patch edit_type=5 cases=9 temporal=mean -> /home/ids/skhairi/Data/dataggen/outputs/five_bench/r35_div/dino_unblended/edit5
[ok] 0007_guitar-violin: d=[0.00400, 0.65229] frac(m>0.5)=0.109 
[ok] 0009_bear: d=[0.01324, 0.69141] frac(m>0.5)=0.083 
[ok] 0011_lucia: d=[0.01239, 0.69674] frac(m>0.5)=0.056 
[ok] 0019_tennis-vest: d=[0.00664, 0.71288] frac(m>0.5)=0.136 
[ok] 0034_cows: d=[0.01340, 0.70543] frac(m>0.5)=0.122 
[ok] 0036_camel: d=[0.01261, 0.73286] frac(m>0.5)=0.130 
[ok] 0057_dog: d=[0.02184, 0.71384] frac(m>0.5)=0.255 
[ok] 0069_car-turn: d=[0.00673, 0.76645] frac(m>0.5)=0.177 
[ok] 0089_A_dog: d=[0.00302, 0.72295] frac(m>0.5)=0.098 
[r31_div] done arm=dino_patch edit5: 9/9 ok
--- [r35_stage2] dino_unblended / edit6 ---
[r31_div] DINOv3 prefix = 5 (1 CLS + 4 registers, read from the checkpoint)
[r31_div] arm=dino_patch edit_type=6 cases=10 temporal=mean -> /home/ids/skhairi/Data/dataggen/outputs/five_bench/r35_div/dino_unblended/edit6
[ok] 0002_girl-dog: d=[0.00569, 0.75511] frac(m>0.5)=0.101 
[ok] 0017_kid-football: d=[0.00461, 0.64169] frac(m>0.5)=0.082 
[ok] 0025_baseball: d=[0.00508, 0.63421] frac(m>0.5)=0.219 
[ok] 0041_longboard: d=[0.00502, 0.63360] frac(m>0.5)=0.028 
[ok] 0042_gym-ball: d=[0.00785, 0.70599] frac(m>0.5)=0.125 
[ok] 0048_hike: d=[0.00565, 0.64117] frac(m>0.5)=0.041 
[ok] 0051_dogs-jump: d=[0.00945, 0.69656] frac(m>0.5)=0.083 
[ok] 0055_pigs: d=[0.01165, 0.61923] frac(m>0.5)=0.172 
[ok] 0078_A_cat: d=[0.00166, 0.71913] frac(m>0.5)=0.039 
[ok] 0088_A_cyclist: d=[0.00484, 0.64469] frac(m>0.5)=0.180 
[r31_div] done arm=dino_patch edit6: 10/10 ok
[r35_stage2] dino_unblended edit1: 100 npz -- ok
[r35_stage2] dino_unblended edit2: 100 npz -- ok
[r35_stage2] dino_unblended edit3: 100 npz -- ok
[r35_stage2] dino_unblended edit4: 100 npz -- ok
[r35_stage2] dino_unblended edit5: 9 npz -- ok
[r35_stage2] dino_unblended edit6: 10 npz -- ok
[r35_stage2] dino_unblended: 419 npz total (expect 419)
[r35_stage2] failures: 0
