[ok] edit1_0001_bus_tau.png: 8x12
[ok] edit1_0002_girl-dog_tau.png: 8x12
[ok] edit1_0003_ocean-birds_tau.png: 8x9
[ok] edit1_0004_car-roundabout_tau.png: 8x12
[ok] edit1_0005_breakdance_tau.png: 8x12
[ok] edit1_0006_paragliding_tau.png: 8x12
[ok] edit1_0007_guitar-violin_tau.png: 8x12
[ok] edit1_0008_snowboard-race_tau.png: 8x12
[ok] edit1_0009_bear_tau.png: 8x12
[ok] edit1_0010_giant-slalom_tau.png: 8x12
[ok] edit1_0011_lucia_tau.png: 8x12
[ok] edit1_0012_goat_tau.png: 8x12
[ok] edit1_0013_golf_tau.png: 8x12
[ok] edit1_0014_burnout_tau.png: 8x12
[ok] edit1_0015_car-shadow_tau.png: 8x9
[ok] edit1_0016_horsejump-high_tau.png: 8x12
[ok] edit1_0017_kid-football_tau.png: 8x12
[ok] edit1_0018_breakdance-flare_tau.png: 8x12
[ok] edit1_0019_tennis-vest_tau.png: 8x12
[ok] edit1_0020_monkeys_tau.png: 8x12
[ok] edit1_0021_landing_tau.png: 8x9
[ok] edit1_0022_skate-jump_tau.png: 8x12
[ok] edit1_0023_kayak-race_tau.png: 8x12
[ok] edit1_0024_hockey_tau.png: 8x12
[ok] edit1_0025_baseball_tau.png: 8x12
[ok] edit1_0026_table-tennis_tau.png: 8x12
[ok] edit1_0027_dance-jump_tau.png: 8x12
[ok] edit1_0028_kite-walk_tau.png: 8x12
[ok] edit1_0029_horsejump-stick_tau.png: 8x12
[ok] edit1_0030_rallye_tau.png: 8x12
[ok] edit1_0031_soccerball_tau.png: 8x12
[ok] edit1_0032_mermaid_tau.png: 8x12
[ok] edit1_0033_horsejump-low_tau.png: 8x12
[ok] edit1_0034_cows_tau.png: 8x12
[ok] edit1_0035_helicopter_tau.png: 8x12
[ok] edit1_0036_camel_tau.png: 8x12
[ok] edit1_0037_snowboard-sand_tau.png: 8x12
[ok] edit1_0038_motorbike_tau.png: 8x9
[ok] edit1_0039_chamaleon_tau.png: 8x12
[ok] edit1_0040_tennis_tau.png: 8x12
[ok] edit1_0041_longboard_tau.png: 8x12
[ok] edit1_0042_gym-ball_tau.png: 8x12
[ok] edit1_0043_parkour_tau.png: 8x12
[ok] edit1_0044_snowboard_tau.png: 8x12
[ok] edit1_0045_butterfly_tau.png: 8x12
[ok] edit1_0046_blackswan_tau.png: 8x12
[ok] edit1_0047_judo_tau.png: 8x9
[ok] edit1_0048_hike_tau.png: 8x12
[ok] edit1_0049_speed-skating_tau.png: 8x12
[ok] edit1_0050_slackline_tau.png: 8x12
[ok] edit1_0051_dogs-jump_tau.png: 8x12
[ok] edit1_0052_mallard-fly_tau.png: 8x12
[ok] edit1_0053_swing_tau.png: 8x12
[ok] edit1_0054_train_tau.png: 8x12
[ok] edit1_0055_pigs_tau.png: 8x12
[ok] edit1_0056_kart-turn_tau.png: 8x12
[ok] edit1_0057_dog_tau.png: 8x12
[ok] edit1_0058_boat_tau.png: 8x12
[ok] edit1_0059_drift-straight_tau.png: 8x12
[ok] edit1_0060_motocross-bumps_tau.png: 8x12
[ok] edit1_0061_mbike-santa_tau.png: 8x12
[ok] edit1_0062_elephant_tau.png: 8x12
[ok] edit1_0063_drift-turn_tau.png: 8x12
[ok] edit1_0064_rollerblade_tau.png: 8x9
[ok] edit1_0065_twist-dance_tau.png: 8x12
[ok] edit1_0066_deer_tau.png: 8x12
[ok] edit1_0067_mbike-trick_tau.png: 8x12
[ok] edit1_0068_planes-water_tau.png: 8x9
[ok] edit1_0069_car-turn_tau.png: 8x12
[ok] edit1_0070_dance-twirl_tau.png: 8x12
[ok] edit1_0071_mallard-water_tau.png: 8x12
[ok] edit1_0072_dog-agility_tau.png: 8x6
[ok] edit1_0073_bmx-rider_tau.png: 8x12
[ok] edit1_0074_rhino_tau.png: 8x12
[ok] edit1_0075_A_bicycle_tau.png: 8x12
[ok] edit1_0076_A_rabbit_tau.png: 8x12
[ok] edit1_0077_A_hawk_tau.png: 8x12
[ok] edit1_0078_A_cat_tau.png: 8x12
[ok] edit1_0079_A_bus_tau.png: 8x12
[ok] edit1_0080_A_motorcycle_tau.png: 8x12
[ok] edit1_0081_A_horse_tau.png: 8x12
[ok] edit1_0082_A_tram_tau.png: 8x12
[ok] edit1_0083_A_boat_tau.png: 8x12
[ok] edit1_0084_A_squirrel_tau.png: 8x12
[ok] edit1_0085_A_tram_tau.png: 8x12
[ok] edit1_0086_A_red_sports_car_tau.png: 8x12
[ok] edit1_0087_A_seagull_tau.png: 8x12
[ok] edit1_0088_A_cyclist_tau.png: 8x12
[ok] edit1_0089_A_dog_tau.png: 8x12
[ok] edit1_0090_A_deer_tau.png: 8x12
[ok] edit1_0091_A_hawk_tau.png: 8x12
[ok] edit1_0092_A_fox_tau.png: 8x12
[ok] edit1_0093_A_helicopter_tau.png: 8x12
[ok] edit1_0094_A_swan_tau.png: 8x12
[ok] edit1_0095_A_crow_tau.png: 8x12
[ok] edit1_0096_A_car_tau.png: 8x12
[ok] edit1_0097_A_bird_tau.png: 8x12
[ok] edit1_0098_A_squirrel_tau.png: 8x12
[ok] edit1_0099_A_jogger_tau.png: 8x12
[ok] edit1_0100_A_deer_tau.png: 8x12
[ok] edit2_0001_bus_tau.png: 8x12
[ok] edit2_0002_girl-dog_tau.png: 8x12
[ok] edit2_0003_ocean-birds_tau.png: 8x9
[ok] edit2_0004_car-roundabout_tau.png: 8x12
[ok] edit2_0005_breakdance_tau.png: 8x12
[ok] edit2_0006_paragliding_tau.png: 8x12
[ok] edit2_0007_guitar-violin_tau.png: 8x12
[ok] edit2_0008_snowboard-race_tau.png: 8x12
[ok] edit2_0009_bear_tau.png: 8x12
[ok] edit2_0010_giant-slalom_tau.png: 8x12
[ok] edit2_0011_lucia_tau.png: 8x12
[ok] edit2_0012_goat_tau.png: 8x12
[ok] edit2_0013_golf_tau.png: 8x12
[ok] edit2_0014_burnout_tau.png: 8x12
[ok] edit2_0015_car-shadow_tau.png: 8x9
[ok] edit2_0016_horsejump-high_tau.png: 8x12
[ok] edit2_0017_kid-football_tau.png: 8x12
[ok] edit2_0018_breakdance-flare_tau.png: 8x12
[ok] edit2_0019_tennis-vest_tau.png: 8x12
[ok] edit2_0020_monkeys_tau.png: 8x12
[ok] edit2_0021_landing_tau.png: 8x9
[ok] edit2_0022_skate-jump_tau.png: 8x12
[ok] edit2_0023_kayak-race_tau.png: 8x12
[ok] edit2_0024_hockey_tau.png: 8x12
[ok] edit2_0025_baseball_tau.png: 8x12
[ok] edit2_0026_table-tennis_tau.png: 8x12
[ok] edit2_0027_dance-jump_tau.png: 8x12
[ok] edit2_0028_kite-walk_tau.png: 8x12
[ok] edit2_0029_horsejump-stick_tau.png: 8x12
[ok] edit2_0030_rallye_tau.png: 8x12
[ok] edit2_0031_soccerball_tau.png: 8x12
[ok] edit2_0032_mermaid_tau.png: 8x12
[ok] edit2_0033_horsejump-low_tau.png: 8x12
[ok] edit2_0034_cows_tau.png: 8x12
[ok] edit2_0035_helicopter_tau.png: 8x12
[ok] edit2_0036_camel_tau.png: 8x12
[ok] edit2_0037_snowboard-sand_tau.png: 8x12
[ok] edit2_0038_motorbike_tau.png: 8x9
[ok] edit2_0039_chamaleon_tau.png: 8x12
[ok] edit2_0040_tennis_tau.png: 8x12
[ok] edit2_0041_longboard_tau.png: 8x12
[ok] edit2_0042_gym-ball_tau.png: 8x12
[ok] edit2_0043_parkour_tau.png: 8x12
[ok] edit2_0044_snowboard_tau.png: 8x12
[ok] edit2_0045_butterfly_tau.png: 8x12
[ok] edit2_0046_blackswan_tau.png: 8x12
[ok] edit2_0047_judo_tau.png: 8x9
[ok] edit2_0048_hike_tau.png: 8x12
[ok] edit2_0049_speed-skating_tau.png: 8x12
[ok] edit2_0050_slackline_tau.png: 8x12
[ok] edit2_0051_dogs-jump_tau.png: 8x12
[ok] edit2_0052_mallard-fly_tau.png: 8x12
[ok] edit2_0053_swing_tau.png: 8x12
[ok] edit2_0054_train_tau.png: 8x12
[ok] edit2_0055_pigs_tau.png: 8x12
[ok] edit2_0056_kart-turn_tau.png: 8x12
[ok] edit2_0057_dog_tau.png: 8x12
[ok] edit2_0058_boat_tau.png: 8x12
[ok] edit2_0059_drift-straight_tau.png: 8x12
[ok] edit2_0060_motocross-bumps_tau.png: 8x12
[ok] edit2_0061_mbike-santa_tau.png: 8x12
[ok] edit2_0062_elephant_tau.png: 8x12
[ok] edit2_0063_drift-turn_tau.png: 8x12
[ok] edit2_0064_rollerblade_tau.png: 8x9
[ok] edit2_0065_twist-dance_tau.png: 8x12
[ok] edit2_0066_deer_tau.png: 8x12
[ok] edit2_0067_mbike-trick_tau.png: 8x12
[ok] edit2_0068_planes-water_tau.png: 8x9
[ok] edit2_0069_car-turn_tau.png: 8x12
[ok] edit2_0070_dance-twirl_tau.png: 8x12
[ok] edit2_0071_mallard-water_tau.png: 8x12
[ok] edit2_0072_dog-agility_tau.png: 8x6
[ok] edit2_0073_bmx-rider_tau.png: 8x12
[ok] edit2_0074_rhino_tau.png: 8x12
[ok] edit2_0075_A_bicycle_tau.png: 8x12
[ok] edit2_0076_A_rabbit_tau.png: 8x12
[ok] edit2_0077_A_hawk_tau.png: 8x12
[ok] edit2_0078_A_cat_tau.png: 8x12
[ok] edit2_0079_A_bus_tau.png: 8x12
[ok] edit2_0080_A_motorcycle_tau.png: 8x12
[ok] edit2_0081_A_horse_tau.png: 8x12
[ok] edit2_0082_A_tram_tau.png: 8x12
[ok] edit2_0083_A_boat_tau.png: 8x12
[ok] edit2_0084_A_squirrel_tau.png: 8x12
[ok] edit2_0085_A_tram_tau.png: 8x12
[ok] edit2_0086_A_red_sports_car_tau.png: 8x12
[ok] edit2_0087_A_seagull_tau.png: 8x12
[ok] edit2_0088_A_cyclist_tau.png: 8x12
[ok] edit2_0089_A_dog_tau.png: 8x12
[ok] edit2_0090_A_deer_tau.png: 8x12
[ok] edit2_0091_A_hawk_tau.png: 8x12
[ok] edit2_0092_A_fox_tau.png: 8x12
[ok] edit2_0093_A_helicopter_tau.png: 8x12
[ok] edit2_0094_A_swan_tau.png: 8x12
[ok] edit2_0095_A_crow_tau.png: 8x12
[ok] edit2_0096_A_car_tau.png: 8x12
[ok] edit2_0097_A_bird_tau.png: 8x12
[ok] edit2_0098_A_squirrel_tau.png: 8x12
[ok] edit2_0099_A_jogger_tau.png: 8x12
[ok] edit2_0100_A_deer_tau.png: 8x12
[ok] edit3_0001_bus_tau.png: 8x12
[ok] edit3_0002_girl-dog_tau.png: 8x12
[ok] edit3_0003_ocean-birds_tau.png: 8x9
[ok] edit3_0004_car-roundabout_tau.png: 8x12
[ok] edit3_0005_breakdance_tau.png: 8x12
[ok] edit3_0006_paragliding_tau.png: 8x12
[ok] edit3_0007_guitar-violin_tau.png: 8x12
[ok] edit3_0008_snowboard-race_tau.png: 8x12
[ok] edit3_0009_bear_tau.png: 8x12
[ok] edit3_0010_giant-slalom_tau.png: 8x12
[ok] edit3_0011_lucia_tau.png: 8x12
[ok] edit3_0012_goat_tau.png: 8x12
[ok] edit3_0013_golf_tau.png: 8x12
[ok] edit3_0014_burnout_tau.png: 8x12
[ok] edit3_0015_car-shadow_tau.png: 8x9
[ok] edit3_0016_horsejump-high_tau.png: 8x12
[ok] edit3_0017_kid-football_tau.png: 8x12
[ok] edit3_0018_breakdance-flare_tau.png: 8x12
[ok] edit3_0019_tennis-vest_tau.png: 8x12
[ok] edit3_0020_monkeys_tau.png: 8x12
[ok] edit3_0021_landing_tau.png: 8x9
[ok] edit3_0022_skate-jump_tau.png: 8x12
[ok] edit3_0023_kayak-race_tau.png: 8x12
[ok] edit3_0024_hockey_tau.png: 8x12
[ok] edit3_0025_baseball_tau.png: 8x12
[ok] edit3_0026_table-tennis_tau.png: 8x12
[ok] edit3_0027_dance-jump_tau.png: 8x12
[ok] edit3_0028_kite-walk_tau.png: 8x12
[ok] edit3_0029_horsejump-stick_tau.png: 8x12
[ok] edit3_0030_rallye_tau.png: 8x12
[ok] edit3_0031_soccerball_tau.png: 8x12
[ok] edit3_0032_mermaid_tau.png: 8x12
[ok] edit3_0033_horsejump-low_tau.png: 8x12
[ok] edit3_0034_cows_tau.png: 8x12
[ok] edit3_0035_helicopter_tau.png: 8x12
[ok] edit3_0036_camel_tau.png: 8x12
[ok] edit3_0037_snowboard-sand_tau.png: 8x12
[ok] edit3_0038_motorbike_tau.png: 8x9
[ok] edit3_0039_chamaleon_tau.png: 8x12
[ok] edit3_0040_tennis_tau.png: 8x12
[ok] edit3_0041_longboard_tau.png: 8x12
[ok] edit3_0042_gym-ball_tau.png: 8x12
[ok] edit3_0043_parkour_tau.png: 8x12
[ok] edit3_0044_snowboard_tau.png: 8x12
[ok] edit3_0045_butterfly_tau.png: 8x12
[ok] edit3_0046_blackswan_tau.png: 8x12
[ok] edit3_0047_judo_tau.png: 8x9
[ok] edit3_0048_hike_tau.png: 8x12
[ok] edit3_0049_speed-skating_tau.png: 8x12
[ok] edit3_0050_slackline_tau.png: 8x12
[ok] edit3_0051_dogs-jump_tau.png: 8x12
[ok] edit3_0052_mallard-fly_tau.png: 8x12
[ok] edit3_0053_swing_tau.png: 8x12
[ok] edit3_0054_train_tau.png: 8x12
[ok] edit3_0055_pigs_tau.png: 8x12
[ok] edit3_0056_kart-turn_tau.png: 8x12
[ok] edit3_0057_dog_tau.png: 8x12
[ok] edit3_0058_boat_tau.png: 8x12
[ok] edit3_0059_drift-straight_tau.png: 8x12
[ok] edit3_0060_motocross-bumps_tau.png: 8x12
[ok] edit3_0061_mbike-santa_tau.png: 8x12
[ok] edit3_0062_elephant_tau.png: 8x12
[ok] edit3_0063_drift-turn_tau.png: 8x12
[ok] edit3_0064_rollerblade_tau.png: 8x9
[ok] edit3_0065_twist-dance_tau.png: 8x12
[ok] edit3_0066_deer_tau.png: 8x12
[ok] edit3_0067_mbike-trick_tau.png: 8x12
[ok] edit3_0068_planes-water_tau.png: 8x9
[ok] edit3_0069_car-turn_tau.png: 8x12
[ok] edit3_0070_dance-twirl_tau.png: 8x12
[ok] edit3_0071_mallard-water_tau.png: 8x12
[ok] edit3_0072_dog-agility_tau.png: 8x6
[ok] edit3_0073_bmx-rider_tau.png: 8x12
[ok] edit3_0074_rhino_tau.png: 8x12
[ok] edit3_0075_A_bicycle_tau.png: 8x12
[ok] edit3_0076_A_rabbit_tau.png: 8x12
[ok] edit3_0077_A_hawk_tau.png: 8x12
[ok] edit3_0078_A_cat_tau.png: 8x12
[ok] edit3_0079_A_bus_tau.png: 8x12
[ok] edit3_0080_A_motorcycle_tau.png: 8x12
[ok] edit3_0081_A_horse_tau.png: 8x12
[ok] edit3_0082_A_tram_tau.png: 8x12
[ok] edit3_0083_A_boat_tau.png: 8x12
[ok] edit3_0084_A_squirrel_tau.png: 8x12
[ok] edit3_0085_A_tram_tau.png: 8x12
[ok] edit3_0086_A_red_sports_car_tau.png: 8x12
[ok] edit3_0087_A_seagull_tau.png: 8x12
[ok] edit3_0088_A_cyclist_tau.png: 8x12
[ok] edit3_0089_A_dog_tau.png: 8x12
[ok] edit3_0090_A_deer_tau.png: 8x12
[ok] edit3_0091_A_hawk_tau.png: 8x12
[ok] edit3_0092_A_fox_tau.png: 8x12
[ok] edit3_0093_A_helicopter_tau.png: 8x12
[ok] edit3_0094_A_swan_tau.png: 8x12
[ok] edit3_0095_A_crow_tau.png: 8x12
[ok] edit3_0096_A_car_tau.png: 8x12
[ok] edit3_0097_A_bird_tau.png: 8x12
[ok] edit3_0098_A_squirrel_tau.png: 8x12
[ok] edit3_0099_A_jogger_tau.png: 8x12
[ok] edit3_0100_A_deer_tau.png: 8x12
[ok] edit4_0001_bus_tau.png: 8x12
[ok] edit4_0002_girl-dog_tau.png: 8x12
[ok] edit4_0003_ocean-birds_tau.png: 8x9
[ok] edit4_0004_car-roundabout_tau.png: 8x12
[ok] edit4_0005_breakdance_tau.png: 8x12
[ok] edit4_0006_paragliding_tau.png: 8x12
[ok] edit4_0007_guitar-violin_tau.png: 8x12
[ok] edit4_0008_snowboard-race_tau.png: 8x12
[ok] edit4_0009_bear_tau.png: 8x12
[ok] edit4_0010_giant-slalom_tau.png: 8x12
[ok] edit4_0011_lucia_tau.png: 8x12
[ok] edit4_0012_goat_tau.png: 8x12
[ok] edit4_0013_golf_tau.png: 8x12
[ok] edit4_0014_burnout_tau.png: 8x12
[ok] edit4_0015_car-shadow_tau.png: 8x9
[ok] edit4_0016_horsejump-high_tau.png: 8x12
[ok] edit4_0017_kid-football_tau.png: 8x12
[ok] edit4_0018_breakdance-flare_tau.png: 8x12
[ok] edit4_0019_tennis-vest_tau.png: 8x12
[ok] edit4_0020_monkeys_tau.png: 8x12
[ok] edit4_0021_landing_tau.png: 8x9
[ok] edit4_0022_skate-jump_tau.png: 8x12
[ok] edit4_0023_kayak-race_tau.png: 8x12
[ok] edit4_0024_hockey_tau.png: 8x12
[ok] edit4_0025_baseball_tau.png: 8x12
[ok] edit4_0026_table-tennis_tau.png: 8x12
[ok] edit4_0027_dance-jump_tau.png: 8x12
[ok] edit4_0028_kite-walk_tau.png: 8x12
[ok] edit4_0029_horsejump-stick_tau.png: 8x12
[ok] edit4_0030_rallye_tau.png: 8x12
[ok] edit4_0031_soccerball_tau.png: 8x12
[ok] edit4_0032_mermaid_tau.png: 8x12
[ok] edit4_0033_horsejump-low_tau.png: 8x12
[ok] edit4_0034_cows_tau.png: 8x12
[ok] edit4_0035_helicopter_tau.png: 8x12
[ok] edit4_0036_camel_tau.png: 8x12
[ok] edit4_0037_snowboard-sand_tau.png: 8x12
[ok] edit4_0038_motorbike_tau.png: 8x9
[ok] edit4_0039_chamaleon_tau.png: 8x12
[ok] edit4_0040_tennis_tau.png: 8x12
[ok] edit4_0041_longboard_tau.png: 8x12
[ok] edit4_0042_gym-ball_tau.png: 8x12
[ok] edit4_0043_parkour_tau.png: 8x12
[ok] edit4_0044_snowboard_tau.png: 8x12
[ok] edit4_0045_butterfly_tau.png: 8x12
[ok] edit4_0046_blackswan_tau.png: 8x12
[ok] edit4_0047_judo_tau.png: 8x9
[ok] edit4_0048_hike_tau.png: 8x12
[ok] edit4_0049_speed-skating_tau.png: 8x12
[ok] edit4_0050_slackline_tau.png: 8x12
[ok] edit4_0051_dogs-jump_tau.png: 8x12
[ok] edit4_0052_mallard-fly_tau.png: 8x12
[ok] edit4_0053_swing_tau.png: 8x12
[ok] edit4_0054_train_tau.png: 8x12
[ok] edit4_0055_pigs_tau.png: 8x12
[ok] edit4_0056_kart-turn_tau.png: 8x12
[ok] edit4_0057_dog_tau.png: 8x12
[ok] edit4_0058_boat_tau.png: 8x12
[ok] edit4_0059_drift-straight_tau.png: 8x12
[ok] edit4_0060_motocross-bumps_tau.png: 8x12
[ok] edit4_0061_mbike-santa_tau.png: 8x12
[ok] edit4_0062_elephant_tau.png: 8x12
[ok] edit4_0063_drift-turn_tau.png: 8x12
[ok] edit4_0064_rollerblade_tau.png: 8x9
[ok] edit4_0065_twist-dance_tau.png: 8x12
[ok] edit4_0066_deer_tau.png: 8x12
[ok] edit4_0067_mbike-trick_tau.png: 8x12
[ok] edit4_0068_planes-water_tau.png: 8x9
[ok] edit4_0069_car-turn_tau.png: 8x12
[ok] edit4_0070_dance-twirl_tau.png: 8x12
[ok] edit4_0071_mallard-water_tau.png: 8x12
[ok] edit4_0072_dog-agility_tau.png: 8x6
[ok] edit4_0073_bmx-rider_tau.png: 8x12
[ok] edit4_0074_rhino_tau.png: 8x12
[ok] edit4_0075_A_bicycle_tau.png: 8x12
[ok] edit4_0076_A_rabbit_tau.png: 8x12
[ok] edit4_0077_A_hawk_tau.png: 8x12
[ok] edit4_0078_A_cat_tau.png: 8x12
[ok] edit4_0079_A_bus_tau.png: 8x12
[ok] edit4_0080_A_motorcycle_tau.png: 8x12
[ok] edit4_0081_A_horse_tau.png: 8x12
[ok] edit4_0082_A_tram_tau.png: 8x12
[ok] edit4_0083_A_boat_tau.png: 8x12
[ok] edit4_0084_A_squirrel_tau.png: 8x12
[ok] edit4_0085_A_tram_tau.png: 8x12
[ok] edit4_0086_A_red_sports_car_tau.png: 8x12
[ok] edit4_0087_A_seagull_tau.png: 8x12
[ok] edit4_0088_A_cyclist_tau.png: 8x12
[ok] edit4_0089_A_dog_tau.png: 8x12
[ok] edit4_0090_A_deer_tau.png: 8x12
[ok] edit4_0091_A_hawk_tau.png: 8x12
[ok] edit4_0092_A_fox_tau.png: 8x12
[ok] edit4_0093_A_helicopter_tau.png: 8x12
[ok] edit4_0094_A_swan_tau.png: 8x12
[ok] edit4_0095_A_crow_tau.png: 8x12
[ok] edit4_0096_A_car_tau.png: 8x12
[ok] edit4_0097_A_bird_tau.png: 8x12
[ok] edit4_0098_A_squirrel_tau.png: 8x12
[ok] edit4_0099_A_jogger_tau.png: 8x12
[ok] edit4_0100_A_deer_tau.png: 8x12
[ok] edit5_0007_guitar-violin_tau.png: 8x12
[ok] edit5_0009_bear_tau.png: 8x12
[ok] edit5_0011_lucia_tau.png: 8x12
[ok] edit5_0019_tennis-vest_tau.png: 8x12
[ok] edit5_0034_cows_tau.png: 8x12
[ok] edit5_0036_camel_tau.png: 8x12
[ok] edit5_0057_dog_tau.png: 8x12
[ok] edit5_0069_car-turn_tau.png: 8x12
[ok] edit5_0089_A_dog_tau.png: 8x12
[ok] edit6_0002_girl-dog_tau.png: 8x12
[ok] edit6_0017_kid-football_tau.png: 8x12
[ok] edit6_0025_baseball_tau.png: 8x12
[ok] edit6_0041_longboard_tau.png: 8x12
[ok] edit6_0042_gym-ball_tau.png: 8x12
[ok] edit6_0048_hike_tau.png: 8x12
[ok] edit6_0051_dogs-jump_tau.png: 8x12
[ok] edit6_0055_pigs_tau.png: 8x12
[ok] edit6_0078_A_cat_tau.png: 8x12
[ok] edit6_0088_A_cyclist_tau.png: 8x12
[r31_stage3_grids] tau: 419/419 pages -> evaluation/figures/r35_tau_grids
exit=0
