[r35] job=1007217_0 sched=first1 method=blend_first1_vp
[r35] rendering cases=/home/ids/skhairi/Code/StreamEdit_bigchantier/evaluation/cases_blendfirst_new2.json edit_types=2 5
[r35] guard set   =/home/ids/skhairi/Code/StreamEdit_bigchantier/evaluation/cases_blendfirst.json
[r35] node=node06 CUDA_VISIBLE_DEVICES=0
GPU 0: NVIDIA A100-PCIE-40GB (UUID: GPU-7596c0f5-de2f-11dc-9789-8d2d844d695e)
[r35][gate] first1: s(p)         = [1, 0, 0, 0, 0, 0, 0, 0, 0, 0, 0, 0, 0, 0, 0]
[r35][gate] first1: blender_rate = [0, 1, 1, 1, 1, 1, 1, 1, 1, 1, 1, 1, 1, 1, 1]  (0=blend ON, 1=OFF)
[r35][gate] PASS: source anchored for exactly 1 of 15 steps, then disabled
--- [r35] blend_first1_vp / edit2 ---
Free VRAM 39.07861328125 GB
KV inference with 3 frames per block
[run_fivebench] edit_type=2 method=blend_first1_vp pairs=1 vp_mode=vp blend_sched=first1 out=/home/ids/skhairi/Data/dataggen/outputs/five_bench/r35_blendfirst/blend_first1_vp/edit2
Moving DynamicSwap_WanTextEncoder to cuda:0 with preserved memory: 30.497987270355225 GB
[[0, 1, 2]] [[0, 1, 2]]
Moving DynamicSwap_WanTextEncoder to cuda:0 with preserved memory: 30.483148097991943 GB
[[0, 1, 2]] [[0, 1, 2]]
[ok] 0090_A_deer: 81 frames  tau=2.0
[run_fivebench] done edit2: 1/1 ok -> /home/ids/skhairi/Data/dataggen/outputs/five_bench/r35_blendfirst/blend_first1_vp/edit2/_manifest.csv
--- [r35] blend_first1_vp / edit5 ---
Free VRAM 39.07861328125 GB
KV inference with 3 frames per block
[run_fivebench] edit_type=5 method=blend_first1_vp pairs=1 vp_mode=vp blend_sched=first1 out=/home/ids/skhairi/Data/dataggen/outputs/five_bench/r35_blendfirst/blend_first1_vp/edit5
Moving DynamicSwap_WanTextEncoder to cuda:0 with preserved memory: 30.498545169830322 GB
[[0, 1, 2]] [[4, 5, 6, 7, 8, 9, 10]]
[ok] 0069_car-turn: 69 frames  tau=2.0
[run_fivebench] done edit5: 1/1 ok -> /home/ids/skhairi/Data/dataggen/outputs/five_bench/r35_blendfirst/blend_first1_vp/edit5/_manifest.csv
[r35]   edit2 0011_lucia: 69 frames
[r35]   edit2 0090_A_deer: 81 frames
[r35]   edit5 0069_car-turn: 69 frames
[r35]   edit5 0011_lucia: 69 frames
[r35]   edit3 0017_kid-football: 57 frames
[r35] guard: 0 incomplete pair(s) of 5
[r35] failures: 0
