[r35_stage2] job=1007668_1 combo=dino_first2 arm=dino_patch regime=first2
[r35_stage2] node=node39 CUDA_VISIBLE_DEVICES=0
[r35_stage2] target=/home/ids/skhairi/Data/dataggen/outputs/five_bench/r35_stage1/first2/step14  latents=/home/ids/skhairi/Data/dataggen/outputs/five_bench/r35_latents/first2  -> /home/ids/skhairi/Data/dataggen/outputs/five_bench/r35_div/dino_first2
GPU 0: NVIDIA L40S (UUID: GPU-25914df1-99ab-e6a7-5f87-359345c089bf)
[r35_stage2] preflight OK: 419 stage-1 latents for regime=first2 (expect 419)
--- [r35_stage2] dino_first2 / edit1 ---
[r31_div] DINOv3 prefix = 5 (1 CLS + 4 registers, read from the checkpoint)
[r31_div] arm=dino_patch edit_type=1 cases=100 temporal=mean -> /home/ids/skhairi/Data/dataggen/outputs/five_bench/r35_div/dino_first2/edit1
[ok] 0001_bus: d=[0.01214, 0.69113] frac(m>0.5)=0.176 
[ok] 0002_girl-dog: d=[0.00315, 0.71837] frac(m>0.5)=0.035 
[ok] 0003_ocean-birds: d=[0.02766, 0.72837] frac(m>0.5)=0.136 
[ok] 0004_car-roundabout: d=[0.01148, 0.66408] frac(m>0.5)=0.083 
[ok] 0005_breakdance: d=[0.00241, 0.72095] frac(m>0.5)=0.064 
[ok] 0006_paragliding: d=[0.01032, 0.70064] frac(m>0.5)=0.038 
[ok] 0007_guitar-violin: d=[0.03312, 0.71038] frac(m>0.5)=0.302 
[ok] 0008_snowboard-race: d=[0.01465, 0.69262] frac(m>0.5)=0.052 
[ok] 0009_bear: d=[0.04096, 0.75385] frac(m>0.5)=0.123 
[ok] 0010_giant-slalom: d=[0.00620, 0.56900] frac(m>0.5)=0.043 
[ok] 0011_lucia: d=[0.00885, 0.55815] frac(m>0.5)=0.036 
[ok] 0012_goat: d=[0.04058, 0.73682] frac(m>0.5)=0.129 
[ok] 0013_golf: d=[0.00387, 0.62103] frac(m>0.5)=0.020 
[ok] 0014_burnout: d=[0.00473, 0.64706] frac(m>0.5)=0.064 
[ok] 0015_car-shadow: d=[0.00722, 0.66809] frac(m>0.5)=0.077 
[ok] 0016_horsejump-high: d=[0.00612, 0.67747] frac(m>0.5)=0.040 
[ok] 0017_kid-football: d=[0.00679, 0.60237] frac(m>0.5)=0.045 
[ok] 0018_breakdance-flare: d=[0.02285, 0.78756] frac(m>0.5)=0.166 
[ok] 0019_tennis-vest: d=[0.00841, 0.65331] frac(m>0.5)=0.039 
[ok] 0020_monkeys: d=[0.01401, 0.62698] frac(m>0.5)=0.111 
[ok] 0021_landing: d=[0.00801, 0.67963] frac(m>0.5)=0.114 
[ok] 0022_skate-jump: d=[0.00357, 0.63153] frac(m>0.5)=0.026 
[ok] 0023_kayak-race: d=[0.00713, 0.56148] frac(m>0.5)=0.026 
[ok] 0024_hockey: d=[0.01102, 0.69323] frac(m>0.5)=0.061 
[ok] 0025_baseball: d=[0.00742, 0.58012] frac(m>0.5)=0.058 
[ok] 0026_table-tennis: d=[0.00439, 0.56957] frac(m>0.5)=0.042 
[ok] 0027_dance-jump: d=[0.00811, 0.69087] frac(m>0.5)=0.072 
[ok] 0028_kite-walk: d=[0.00616, 0.51589] frac(m>0.5)=0.017 
[ok] 0029_horsejump-stick: d=[0.01400, 0.71207] frac(m>0.5)=0.054 
[ok] 0030_rallye: d=[0.00889, 0.75812] frac(m>0.5)=0.160 
[ok] 0031_soccerball: d=[0.00428, 0.55085] frac(m>0.5)=0.020 
[ok] 0032_mermaid: d=[0.02550, 0.60014] frac(m>0.5)=0.106 
[ok] 0033_horsejump-low: d=[0.01044, 0.69328] frac(m>0.5)=0.037 
[ok] 0034_cows: d=[0.02502, 0.71130] frac(m>0.5)=0.069 
[ok] 0035_helicopter: d=[0.00730, 0.55654] frac(m>0.5)=0.024 
[ok] 0036_camel: d=[0.01738, 0.69151] frac(m>0.5)=0.202 
[ok] 0037_snowboard-sand: d=[0.02369, 0.65828] frac(m>0.5)=0.031 
[ok] 0038_motorbike: d=[0.00483, 0.66579] frac(m>0.5)=0.033 
[ok] 0039_chamaleon: d=[0.01755, 0.65396] frac(m>0.5)=0.056 
[ok] 0040_tennis: d=[0.01081, 0.63457] frac(m>0.5)=0.046 
[ok] 0041_longboard: d=[0.02184, 0.69378] frac(m>0.5)=0.151 
[ok] 0042_gym-ball: d=[0.00900, 0.64902] frac(m>0.5)=0.062 
[ok] 0043_parkour: d=[0.00772, 0.69461] frac(m>0.5)=0.046 
[ok] 0044_snowboard: d=[0.01786, 0.56578] frac(m>0.5)=0.049 
[ok] 0045_butterfly: d=[0.02522, 0.78035] frac(m>0.5)=0.089 
[ok] 0046_blackswan: d=[0.02543, 0.68756] frac(m>0.5)=0.043 
[ok] 0047_judo: d=[0.01961, 0.66857] frac(m>0.5)=0.170 
[ok] 0048_hike: d=[0.00748, 0.65346] frac(m>0.5)=0.022 
[ok] 0049_speed-skating: d=[0.01334, 0.59422] frac(m>0.5)=0.059 
[ok] 0050_slackline: d=[0.00885, 0.66748] frac(m>0.5)=0.044 
[ok] 0051_dogs-jump: d=[0.01128, 0.68525] frac(m>0.5)=0.065 
[ok] 0052_mallard-fly: d=[0.02203, 0.70301] frac(m>0.5)=0.059 
[ok] 0053_swing: d=[0.00963, 0.62826] frac(m>0.5)=0.062 
[ok] 0054_train: d=[0.00772, 0.58873] frac(m>0.5)=0.075 
[ok] 0055_pigs: d=[0.04583, 0.70397] frac(m>0.5)=0.234 
[ok] 0056_kart-turn: d=[0.01781, 0.69804] frac(m>0.5)=0.216 
[ok] 0057_dog: d=[0.02292, 0.72909] frac(m>0.5)=0.133 
[ok] 0058_boat: d=[0.01315, 0.63996] frac(m>0.5)=0.081 
[ok] 0059_drift-straight: d=[0.00271, 0.73487] frac(m>0.5)=0.034 
[ok] 0060_motocross-bumps: d=[0.00865, 0.60803] frac(m>0.5)=0.113 
[ok] 0061_mbike-santa: d=[0.01836, 0.63897] frac(m>0.5)=0.025 
[ok] 0062_elephant: d=[0.04754, 0.70901] frac(m>0.5)=0.076 
[ok] 0063_drift-turn: d=[0.00728, 0.67556] frac(m>0.5)=0.088 
[ok] 0064_rollerblade: d=[0.00461, 0.57488] frac(m>0.5)=0.033 
[ok] 0065_twist-dance: d=[0.00593, 0.67632] frac(m>0.5)=0.044 
[ok] 0066_deer: d=[0.02041, 0.72565] frac(m>0.5)=0.136 
[ok] 0067_mbike-trick: d=[0.00383, 0.58003] frac(m>0.5)=0.027 
[ok] 0068_planes-water: d=[0.00415, 0.56394] frac(m>0.5)=0.036 
[ok] 0069_car-turn: d=[0.00320, 0.59403] frac(m>0.5)=0.058 
[ok] 0070_dance-twirl: d=[0.00690, 0.68071] frac(m>0.5)=0.080 
[ok] 0071_mallard-water: d=[0.03957, 0.64523] frac(m>0.5)=0.053 
[ok] 0072_dog-agility: d=[0.00804, 0.71351] frac(m>0.5)=0.116 
[ok] 0073_bmx-rider: d=[0.00620, 0.67312] frac(m>0.5)=0.009 
[ok] 0074_rhino: d=[0.04975, 0.70746] frac(m>0.5)=0.235 
[ok] 0075_A_bicycle: d=[0.00411, 0.69041] frac(m>0.5)=0.067 
[ok] 0076_A_rabbit: d=[0.02144, 0.71208] frac(m>0.5)=0.039 
[ok] 0077_A_hawk: d=[0.02786, 0.71665] frac(m>0.5)=0.028 
[ok] 0078_A_cat: d=[0.00672, 0.74640] frac(m>0.5)=0.113 
[ok] 0079_A_bus: d=[0.01153, 0.60807] frac(m>0.5)=0.107 
[ok] 0080_A_motorcycle: d=[0.01164, 0.57124] frac(m>0.5)=0.045 
[ok] 0081_A_horse: d=[0.01235, 0.68183] frac(m>0.5)=0.037 
[ok] 0082_A_tram: d=[0.00206, 0.58388] frac(m>0.5)=0.039 
[ok] 0083_A_boat: d=[0.01108, 0.58372] frac(m>0.5)=0.090 
[ok] 0084_A_squirrel: d=[0.01499, 0.69077] frac(m>0.5)=0.135 
[ok] 0085_A_tram: d=[0.00387, 0.52206] frac(m>0.5)=0.056 
[ok] 0086_A_red_sports_car: d=[0.00637, 0.71132] frac(m>0.5)=0.089 
[ok] 0087_A_seagull: d=[0.00714, 0.66633] frac(m>0.5)=0.010 
[ok] 0088_A_cyclist: d=[0.02266, 0.67114] frac(m>0.5)=0.121 
[ok] 0089_A_dog: d=[0.00955, 0.70768] frac(m>0.5)=0.137 
[ok] 0090_A_deer: d=[0.01567, 0.64661] frac(m>0.5)=0.037 
[ok] 0091_A_hawk: d=[0.01146, 0.63047] frac(m>0.5)=0.009 
[ok] 0092_A_fox: d=[0.01040, 0.65149] frac(m>0.5)=0.013 
[ok] 0093_A_helicopter: d=[0.01476, 0.68123] frac(m>0.5)=0.192 
[ok] 0094_A_swan: d=[0.01398, 0.63567] frac(m>0.5)=0.052 
[ok] 0095_A_crow: d=[0.01746, 0.71564] frac(m>0.5)=0.130 
[ok] 0096_A_car: d=[0.00567, 0.60271] frac(m>0.5)=0.028 
[ok] 0097_A_bird: d=[0.00967, 0.70516] frac(m>0.5)=0.095 
[ok] 0098_A_squirrel: d=[0.01029, 0.66164] frac(m>0.5)=0.168 
[ok] 0099_A_jogger: d=[0.01330, 0.60487] frac(m>0.5)=0.036 
[ok] 0100_A_deer: d=[0.00709, 0.62345] frac(m>0.5)=0.073 
[r31_div] done arm=dino_patch edit1: 100/100 ok
--- [r35_stage2] dino_first2 / edit2 ---
[r31_div] DINOv3 prefix = 5 (1 CLS + 4 registers, read from the checkpoint)
[r31_div] arm=dino_patch edit_type=2 cases=100 temporal=mean -> /home/ids/skhairi/Data/dataggen/outputs/five_bench/r35_div/dino_first2/edit2
[ok] 0001_bus: d=[0.02284, 0.67362] frac(m>0.5)=0.198 
[ok] 0002_girl-dog: d=[0.01996, 0.64761] frac(m>0.5)=0.176 
[ok] 0003_ocean-birds: d=[0.04354, 0.73781] frac(m>0.5)=0.133 
[ok] 0004_car-roundabout: d=[0.01795, 0.71274] frac(m>0.5)=0.149 
[ok] 0005_breakdance: d=[0.00816, 0.78563] frac(m>0.5)=0.174 
[ok] 0006_paragliding: d=[0.04101, 0.77948] frac(m>0.5)=0.207 
[ok] 0007_guitar-violin: d=[0.06792, 0.82278] frac(m>0.5)=0.503 
[ok] 0008_snowboard-race: d=[0.01803, 0.71266] frac(m>0.5)=0.073 
[ok] 0009_bear: d=[0.05709, 0.77800] frac(m>0.5)=0.258 
[ok] 0010_giant-slalom: d=[0.00938, 0.62425] frac(m>0.5)=0.034 
[ok] 0011_lucia: d=[0.04487, 0.79177] frac(m>0.5)=0.174 
[ok] 0012_goat: d=[0.03683, 0.76059] frac(m>0.5)=0.101 
[ok] 0013_golf: d=[0.02452, 0.65735] frac(m>0.5)=0.067 
[ok] 0014_burnout: d=[0.01503, 0.70246] frac(m>0.5)=0.127 
[ok] 0015_car-shadow: d=[0.01762, 0.77016] frac(m>0.5)=0.111 
[ok] 0016_horsejump-high: d=[0.01370, 0.68177] frac(m>0.5)=0.063 
[ok] 0017_kid-football: d=[0.03787, 0.77236] frac(m>0.5)=0.302 
[ok] 0018_breakdance-flare: d=[0.03152, 0.74374] frac(m>0.5)=0.197 
[ok] 0019_tennis-vest: d=[0.01538, 0.68621] frac(m>0.5)=0.089 
[ok] 0020_monkeys: d=[0.04807, 0.74065] frac(m>0.5)=0.297 
[ok] 0021_landing: d=[0.02259, 0.73587] frac(m>0.5)=0.290 
[ok] 0022_skate-jump: d=[0.00952, 0.64182] frac(m>0.5)=0.060 
[ok] 0023_kayak-race: d=[0.03091, 0.68554] frac(m>0.5)=0.127 
[ok] 0024_hockey: d=[0.01640, 0.74366] frac(m>0.5)=0.105 
[ok] 0025_baseball: d=[0.00898, 0.63579] frac(m>0.5)=0.064 
[ok] 0026_table-tennis: d=[0.00600, 0.62176] frac(m>0.5)=0.061 
[ok] 0027_dance-jump: d=[0.01205, 0.78490] frac(m>0.5)=0.086 
[ok] 0028_kite-walk: d=[0.01050, 0.62558] frac(m>0.5)=0.043 
[ok] 0029_horsejump-stick: d=[0.03121, 0.76719] frac(m>0.5)=0.098 
[ok] 0030_rallye: d=[0.01571, 0.74015] frac(m>0.5)=0.147 
[ok] 0031_soccerball: d=[0.00748, 0.60015] frac(m>0.5)=0.024 
[ok] 0032_mermaid: d=[0.02769, 0.59767] frac(m>0.5)=0.081 
[ok] 0033_horsejump-low: d=[0.01349, 0.72569] frac(m>0.5)=0.065 
[ok] 0034_cows: d=[0.05566, 0.76365] frac(m>0.5)=0.268 
[ok] 0035_helicopter: d=[0.01093, 0.69139] frac(m>0.5)=0.077 
[ok] 0036_camel: d=[0.01894, 0.74500] frac(m>0.5)=0.179 
[ok] 0037_snowboard-sand: d=[0.02004, 0.65051] frac(m>0.5)=0.060 
[ok] 0038_motorbike: d=[0.00722, 0.71424] frac(m>0.5)=0.047 
[ok] 0039_chamaleon: d=[0.02571, 0.72842] frac(m>0.5)=0.186 
[ok] 0040_tennis: d=[0.02070, 0.75543] frac(m>0.5)=0.113 
[ok] 0041_longboard: d=[0.01136, 0.58743] frac(m>0.5)=0.050 
[ok] 0042_gym-ball: d=[0.01817, 0.73603] frac(m>0.5)=0.147 
[ok] 0043_parkour: d=[0.02691, 0.77650] frac(m>0.5)=0.081 
[ok] 0044_snowboard: d=[0.05023, 0.69210] frac(m>0.5)=0.170 
[ok] 0045_butterfly: d=[0.02946, 0.76091] frac(m>0.5)=0.110 
[ok] 0046_blackswan: d=[0.05821, 0.76465] frac(m>0.5)=0.262 
[ok] 0047_judo: d=[0.02223, 0.58898] frac(m>0.5)=0.202 
[ok] 0048_hike: d=[0.01559, 0.70649] frac(m>0.5)=0.071 
[ok] 0049_speed-skating: d=[0.01510, 0.56020] frac(m>0.5)=0.050 
[ok] 0050_slackline: d=[0.01562, 0.73538] frac(m>0.5)=0.104 
[ok] 0051_dogs-jump: d=[0.02364, 0.71349] frac(m>0.5)=0.105 
[ok] 0052_mallard-fly: d=[0.02024, 0.70748] frac(m>0.5)=0.066 
[ok] 0053_swing: d=[0.01281, 0.65058] frac(m>0.5)=0.070 
[ok] 0054_train: d=[0.01003, 0.60088] frac(m>0.5)=0.191 
[ok] 0055_pigs: d=[0.08677, 0.70307] frac(m>0.5)=0.402 
[ok] 0056_kart-turn: d=[0.01154, 0.63595] frac(m>0.5)=0.204 
[ok] 0057_dog: d=[0.03231, 0.71675] frac(m>0.5)=0.141 
[ok] 0058_boat: d=[0.01476, 0.65655] frac(m>0.5)=0.075 
[ok] 0059_drift-straight: d=[0.00729, 0.67377] frac(m>0.5)=0.111 
[ok] 0060_motocross-bumps: d=[0.02667, 0.71899] frac(m>0.5)=0.168 
[ok] 0061_mbike-santa: d=[0.06020, 0.66864] frac(m>0.5)=0.125 
[ok] 0062_elephant: d=[0.05055, 0.84213] frac(m>0.5)=0.197 
[ok] 0063_drift-turn: d=[0.01203, 0.69237] frac(m>0.5)=0.132 
[ok] 0064_rollerblade: d=[0.00583, 0.63335] frac(m>0.5)=0.057 
[ok] 0065_twist-dance: d=[0.00687, 0.64611] frac(m>0.5)=0.047 
[ok] 0066_deer: d=[0.03342, 0.75417] frac(m>0.5)=0.282 
[ok] 0067_mbike-trick: d=[0.00915, 0.69335] frac(m>0.5)=0.081 
[ok] 0068_planes-water: d=[0.01186, 0.63807] frac(m>0.5)=0.143 
[ok] 0069_car-turn: d=[0.00628, 0.70729] frac(m>0.5)=0.091 
[ok] 0070_dance-twirl: d=[0.00775, 0.68259] frac(m>0.5)=0.088 
[ok] 0071_mallard-water: d=[0.03557, 0.67971] frac(m>0.5)=0.057 
[ok] 0072_dog-agility: d=[0.01100, 0.75524] frac(m>0.5)=0.124 
[ok] 0073_bmx-rider: d=[0.00985, 0.61817] frac(m>0.5)=0.018 
[ok] 0074_rhino: d=[0.05166, 0.72490] frac(m>0.5)=0.249 
[ok] 0075_A_bicycle: d=[0.00644, 0.70249] frac(m>0.5)=0.090 
[ok] 0076_A_rabbit: d=[0.05106, 0.77279] frac(m>0.5)=0.134 
[ok] 0077_A_hawk: d=[0.03745, 0.71572] frac(m>0.5)=0.043 
[ok] 0078_A_cat: d=[0.00873, 0.65079] frac(m>0.5)=0.112 
[ok] 0079_A_bus: d=[0.02050, 0.60029] frac(m>0.5)=0.135 
[ok] 0080_A_motorcycle: d=[0.01167, 0.62903] frac(m>0.5)=0.040 
[ok] 0081_A_horse: d=[0.03344, 0.79274] frac(m>0.5)=0.227 
[ok] 0082_A_tram: d=[0.00805, 0.69008] frac(m>0.5)=0.275 
[ok] 0083_A_boat: d=[0.01610, 0.67845] frac(m>0.5)=0.073 
[ok] 0084_A_squirrel: d=[0.01204, 0.69169] frac(m>0.5)=0.108 
[ok] 0085_A_tram: d=[0.00441, 0.73349] frac(m>0.5)=0.237 
[ok] 0086_A_red_sports_car: d=[0.02246, 0.79375] frac(m>0.5)=0.091 
[ok] 0087_A_seagull: d=[0.01120, 0.67144] frac(m>0.5)=0.018 
[ok] 0088_A_cyclist: d=[0.01211, 0.66694] frac(m>0.5)=0.090 
[ok] 0089_A_dog: d=[0.01944, 0.72055] frac(m>0.5)=0.223 
[ok] 0090_A_deer: d=[0.04281, 0.75030] frac(m>0.5)=0.092 
[ok] 0091_A_hawk: d=[0.01045, 0.67350] frac(m>0.5)=0.022 
[ok] 0092_A_fox: d=[0.03205, 0.75952] frac(m>0.5)=0.122 
[ok] 0093_A_helicopter: d=[0.03030, 0.69193] frac(m>0.5)=0.224 
[ok] 0094_A_swan: d=[0.02075, 0.73190] frac(m>0.5)=0.090 
[ok] 0095_A_crow: d=[0.03263, 0.77216] frac(m>0.5)=0.241 
[ok] 0096_A_car: d=[0.05546, 0.68410] frac(m>0.5)=0.187 
[ok] 0097_A_bird: d=[0.02503, 0.70816] frac(m>0.5)=0.127 
[ok] 0098_A_squirrel: d=[0.01894, 0.70127] frac(m>0.5)=0.284 
[ok] 0099_A_jogger: d=[0.01775, 0.67345] frac(m>0.5)=0.050 
[ok] 0100_A_deer: d=[0.01704, 0.65301] frac(m>0.5)=0.091 
[r31_div] done arm=dino_patch edit2: 100/100 ok
--- [r35_stage2] dino_first2 / edit3 ---
[r31_div] DINOv3 prefix = 5 (1 CLS + 4 registers, read from the checkpoint)
[r31_div] arm=dino_patch edit_type=3 cases=100 temporal=mean -> /home/ids/skhairi/Data/dataggen/outputs/five_bench/r35_div/dino_first2/edit3
[ok] 0001_bus: d=[0.00650, 0.33274] frac(m>0.5)=0.013 
[ok] 0002_girl-dog: d=[0.00343, 0.69910] frac(m>0.5)=0.031 
[ok] 0003_ocean-birds: d=[0.01539, 0.63269] frac(m>0.5)=0.036 
[ok] 0004_car-roundabout: d=[0.00661, 0.59545] frac(m>0.5)=0.007 
[ok] 0005_breakdance: d=[0.00175, 0.65868] frac(m>0.5)=0.021 
[ok] 0006_paragliding: d=[0.00640, 0.61446] frac(m>0.5)=0.008 
[ok] 0007_guitar-violin: d=[0.00266, 0.67576] frac(m>0.5)=0.017 
[ok] 0008_snowboard-race: d=[0.00446, 0.64746] frac(m>0.5)=0.018 
[ok] 0009_bear: d=[0.01487, 0.65893] frac(m>0.5)=0.017 
[ok] 0010_giant-slalom: d=[0.00316, 0.54352] frac(m>0.5)=0.006 
[ok] 0011_lucia: d=[0.00597, 0.50759] frac(m>0.5)=0.008 
[ok] 0012_goat: d=[0.02480, 0.72752] frac(m>0.5)=0.037 
[ok] 0013_golf: d=[0.00272, 0.50991] frac(m>0.5)=0.014 
[ok] 0014_burnout: d=[0.00455, 0.63356] frac(m>0.5)=0.021 
[ok] 0015_car-shadow: d=[0.00365, 0.65436] frac(m>0.5)=0.011 
[ok] 0016_horsejump-high: d=[0.00331, 0.58620] frac(m>0.5)=0.012 
[ok] 0017_kid-football: d=[0.00387, 0.53707] frac(m>0.5)=0.010 
[ok] 0018_breakdance-flare: d=[0.00362, 0.67450] frac(m>0.5)=0.041 
[ok] 0019_tennis-vest: d=[0.00277, 0.54157] frac(m>0.5)=0.008 
[ok] 0020_monkeys: d=[0.01098, 0.59705] frac(m>0.5)=0.041 
[ok] 0021_landing: d=[0.00643, 0.62303] frac(m>0.5)=0.047 
[ok] 0022_skate-jump: d=[0.00321, 0.61337] frac(m>0.5)=0.016 
[ok] 0023_kayak-race: d=[0.00657, 0.57264] frac(m>0.5)=0.012 
[ok] 0024_hockey: d=[0.00363, 0.62502] frac(m>0.5)=0.021 
[ok] 0025_baseball: d=[0.00470, 0.49815] frac(m>0.5)=0.027 
[ok] 0026_table-tennis: d=[0.00848, 0.50752] frac(m>0.5)=0.017 
[ok] 0027_dance-jump: d=[0.00889, 0.66541] frac(m>0.5)=0.068 
[ok] 0028_kite-walk: d=[0.00232, 0.37262] frac(m>0.5)=0.001 
[ok] 0029_horsejump-stick: d=[0.00839, 0.69498] frac(m>0.5)=0.062 
[ok] 0030_rallye: d=[0.00391, 0.64995] frac(m>0.5)=0.016 
[ok] 0031_soccerball: d=[0.00346, 0.52467] frac(m>0.5)=0.015 
[ok] 0032_mermaid: d=[0.01550, 0.57301] frac(m>0.5)=0.093 
[ok] 0033_horsejump-low: d=[0.00747, 0.68474] frac(m>0.5)=0.032 
[ok] 0034_cows: d=[0.01047, 0.68513] frac(m>0.5)=0.018 
[ok] 0035_helicopter: d=[0.00554, 0.47702] frac(m>0.5)=0.011 
[ok] 0036_camel: d=[0.00994, 0.62241] frac(m>0.5)=0.026 
[ok] 0037_snowboard-sand: d=[0.00683, 0.56985] frac(m>0.5)=0.016 
[ok] 0038_motorbike: d=[0.00639, 0.51418] frac(m>0.5)=0.009 
[ok] 0039_chamaleon: d=[0.01172, 0.62943] frac(m>0.5)=0.088 
[ok] 0040_tennis: d=[0.00503, 0.60984] frac(m>0.5)=0.029 
[ok] 0041_longboard: d=[0.00261, 0.44184] frac(m>0.5)=0.006 
[ok] 0042_gym-ball: d=[0.00332, 0.54253] frac(m>0.5)=0.025 
[ok] 0043_parkour: d=[0.00447, 0.62887] frac(m>0.5)=0.031 
[ok] 0044_snowboard: d=[0.00905, 0.54770] frac(m>0.5)=0.040 
[ok] 0045_butterfly: d=[0.00807, 0.77365] frac(m>0.5)=0.040 
[ok] 0046_blackswan: d=[0.01740, 0.63272] frac(m>0.5)=0.018 
[ok] 0047_judo: d=[0.00487, 0.52633] frac(m>0.5)=0.036 
[ok] 0048_hike: d=[0.00606, 0.56826] frac(m>0.5)=0.009 
[ok] 0049_speed-skating: d=[0.00601, 0.53757] frac(m>0.5)=0.025 
[ok] 0050_slackline: d=[0.00635, 0.68024] frac(m>0.5)=0.051 
[ok] 0051_dogs-jump: d=[0.00524, 0.60254] frac(m>0.5)=0.030 
[ok] 0052_mallard-fly: d=[0.01367, 0.67490] frac(m>0.5)=0.030 
[ok] 0053_swing: d=[0.00386, 0.64372] frac(m>0.5)=0.040 
[ok] 0054_train: d=[0.00596, 0.54303] frac(m>0.5)=0.054 
[ok] 0055_pigs: d=[0.01476, 0.60839] frac(m>0.5)=0.044 
[ok] 0056_kart-turn: d=[0.00535, 0.57423] frac(m>0.5)=0.077 
[ok] 0057_dog: d=[0.02094, 0.75008] frac(m>0.5)=0.113 
[ok] 0058_boat: d=[0.00491, 0.59524] frac(m>0.5)=0.008 
[ok] 0059_drift-straight: d=[0.00305, 0.70186] frac(m>0.5)=0.055 
[ok] 0060_motocross-bumps: d=[0.00750, 0.52113] frac(m>0.5)=0.068 
[ok] 0061_mbike-santa: d=[0.01565, 0.63968] frac(m>0.5)=0.054 
[ok] 0062_elephant: d=[0.02298, 0.66497] frac(m>0.5)=0.016 
[ok] 0063_drift-turn: d=[0.01174, 0.70756] frac(m>0.5)=0.099 
[ok] 0064_rollerblade: d=[0.00365, 0.55099] frac(m>0.5)=0.014 
[ok] 0065_twist-dance: d=[0.00233, 0.57536] frac(m>0.5)=0.015 
[ok] 0066_deer: d=[0.01569, 0.76330] frac(m>0.5)=0.105 
[ok] 0067_mbike-trick: d=[0.00260, 0.57076] frac(m>0.5)=0.016 
[ok] 0068_planes-water: d=[0.00373, 0.26256] frac(m>0.5)=0.002 
[ok] 0069_car-turn: d=[0.00290, 0.57041] frac(m>0.5)=0.030 
[ok] 0070_dance-twirl: d=[0.00510, 0.60114] frac(m>0.5)=0.059 
[ok] 0071_mallard-water: d=[0.02389, 0.61354] frac(m>0.5)=0.009 
[ok] 0072_dog-agility: d=[0.00604, 0.55505] frac(m>0.5)=0.082 
[ok] 0073_bmx-rider: d=[0.00738, 0.60268] frac(m>0.5)=0.017 
[ok] 0074_rhino: d=[0.00953, 0.56100] frac(m>0.5)=0.010 
[ok] 0075_A_bicycle: d=[0.00201, 0.57310] frac(m>0.5)=0.007 
[ok] 0076_A_rabbit: d=[0.01676, 0.71386] frac(m>0.5)=0.028 
[ok] 0077_A_hawk: d=[0.01813, 0.66071] frac(m>0.5)=0.013 
[ok] 0078_A_cat: d=[0.00234, 0.59018] frac(m>0.5)=0.007 
[ok] 0079_A_bus: d=[0.00741, 0.45150] frac(m>0.5)=0.023 
[ok] 0080_A_motorcycle: d=[0.00922, 0.57467] frac(m>0.5)=0.009 
[ok] 0081_A_horse: d=[0.00793, 0.61257] frac(m>0.5)=0.009 
[ok] 0082_A_tram: d=[0.00192, 0.63368] frac(m>0.5)=0.025 
[ok] 0083_A_boat: d=[0.00457, 0.49299] frac(m>0.5)=0.010 
[ok] 0084_A_squirrel: d=[0.00771, 0.62779] frac(m>0.5)=0.065 
[ok] 0085_A_tram: d=[0.00230, 0.49530] frac(m>0.5)=0.028 
[ok] 0086_A_red_sports_car: d=[0.00254, 0.70549] frac(m>0.5)=0.009 
[ok] 0087_A_seagull: d=[0.00529, 0.56736] frac(m>0.5)=0.004 
[ok] 0088_A_cyclist: d=[0.00244, 0.54923] frac(m>0.5)=0.016 
[ok] 0089_A_dog: d=[0.00406, 0.65141] frac(m>0.5)=0.026 
[ok] 0090_A_deer: d=[0.00963, 0.62035] frac(m>0.5)=0.012 
[ok] 0091_A_hawk: d=[0.00845, 0.65171] frac(m>0.5)=0.004 
[ok] 0092_A_fox: d=[0.00846, 0.64692] frac(m>0.5)=0.007 
[ok] 0093_A_helicopter: d=[0.00860, 0.60361] frac(m>0.5)=0.019 
[ok] 0094_A_swan: d=[0.01087, 0.60178] frac(m>0.5)=0.018 
[ok] 0095_A_crow: d=[0.00262, 0.56921] frac(m>0.5)=0.003 
[ok] 0096_A_car: d=[0.00525, 0.64989] frac(m>0.5)=0.007 
[ok] 0097_A_bird: d=[0.00654, 0.55918] frac(m>0.5)=0.020 
[ok] 0098_A_squirrel: d=[0.00319, 0.58570] frac(m>0.5)=0.007 
[ok] 0099_A_jogger: d=[0.00546, 0.52566] frac(m>0.5)=0.008 
[ok] 0100_A_deer: d=[0.00464, 0.60911] frac(m>0.5)=0.024 
[r31_div] done arm=dino_patch edit3: 100/100 ok
--- [r35_stage2] dino_first2 / edit4 ---
[r31_div] DINOv3 prefix = 5 (1 CLS + 4 registers, read from the checkpoint)
[r31_div] arm=dino_patch edit_type=4 cases=100 temporal=mean -> /home/ids/skhairi/Data/dataggen/outputs/five_bench/r35_div/dino_first2/edit4
[ok] 0001_bus: d=[0.01077, 0.54150] frac(m>0.5)=0.047 
[ok] 0002_girl-dog: d=[0.00280, 0.56711] frac(m>0.5)=0.035 
[ok] 0003_ocean-birds: d=[0.01449, 0.61766] frac(m>0.5)=0.034 
[ok] 0004_car-roundabout: d=[0.00928, 0.59843] frac(m>0.5)=0.006 
[ok] 0005_breakdance: d=[0.00407, 0.66853] frac(m>0.5)=0.060 
[ok] 0006_paragliding: d=[0.00691, 0.61748] frac(m>0.5)=0.009 
[ok] 0007_guitar-violin: d=[0.01270, 0.70535] frac(m>0.5)=0.300 
[ok] 0008_snowboard-race: d=[0.01460, 0.69340] frac(m>0.5)=0.041 
[ok] 0009_bear: d=[0.01190, 0.54640] frac(m>0.5)=0.009 
[ok] 0010_giant-slalom: d=[0.00871, 0.58489] frac(m>0.5)=0.029 
[ok] 0011_lucia: d=[0.01069, 0.60885] frac(m>0.5)=0.029 
[ok] 0012_goat: d=[0.02584, 0.72680] frac(m>0.5)=0.074 
[ok] 0013_golf: d=[0.00242, 0.56280] frac(m>0.5)=0.017 
[ok] 0014_burnout: d=[0.00307, 0.64854] frac(m>0.5)=0.014 
[ok] 0015_car-shadow: d=[0.01104, 0.70062] frac(m>0.5)=0.141 
[ok] 0016_horsejump-high: d=[0.00493, 0.57800] frac(m>0.5)=0.019 
[ok] 0017_kid-football: d=[0.00990, 0.53699] frac(m>0.5)=0.043 
[ok] 0018_breakdance-flare: d=[0.00783, 0.68375] frac(m>0.5)=0.054 
[ok] 0019_tennis-vest: d=[0.00343, 0.50252] frac(m>0.5)=0.008 
[ok] 0020_monkeys: d=[0.01742, 0.62779] frac(m>0.5)=0.093 
[ok] 0021_landing: d=[0.00710, 0.65952] frac(m>0.5)=0.155 
[ok] 0022_skate-jump: d=[0.00420, 0.57817] frac(m>0.5)=0.018 
[ok] 0023_kayak-race: d=[0.01598, 0.63182] frac(m>0.5)=0.028 
[ok] 0024_hockey: d=[0.00294, 0.57068] frac(m>0.5)=0.014 
[ok] 0025_baseball: d=[0.00713, 0.53963] frac(m>0.5)=0.053 
[ok] 0026_table-tennis: d=[0.00545, 0.57891] frac(m>0.5)=0.048 
[ok] 0027_dance-jump: d=[0.00881, 0.63392] frac(m>0.5)=0.036 
[ok] 0028_kite-walk: d=[0.00985, 0.55823] frac(m>0.5)=0.025 
[ok] 0029_horsejump-stick: d=[0.00946, 0.66696] frac(m>0.5)=0.039 
[ok] 0030_rallye: d=[0.00993, 0.77271] frac(m>0.5)=0.118 
[ok] 0031_soccerball: d=[0.00322, 0.56709] frac(m>0.5)=0.008 
[ok] 0032_mermaid: d=[0.02737, 0.62512] frac(m>0.5)=0.114 
[ok] 0033_horsejump-low: d=[0.00481, 0.67870] frac(m>0.5)=0.021 
[ok] 0034_cows: d=[0.00665, 0.67740] frac(m>0.5)=0.015 
[ok] 0035_helicopter: d=[0.00586, 0.58820] frac(m>0.5)=0.019 
[ok] 0036_camel: d=[0.02123, 0.63783] frac(m>0.5)=0.106 
[ok] 0037_snowboard-sand: d=[0.02452, 0.56704] frac(m>0.5)=0.067 
[ok] 0038_motorbike: d=[0.00490, 0.59585] frac(m>0.5)=0.017 
[ok] 0039_chamaleon: d=[0.01295, 0.63994] frac(m>0.5)=0.092 
[ok] 0040_tennis: d=[0.00375, 0.59438] frac(m>0.5)=0.014 
[ok] 0041_longboard: d=[0.01375, 0.65221] frac(m>0.5)=0.078 
[ok] 0042_gym-ball: d=[0.00895, 0.60788] frac(m>0.5)=0.083 
[ok] 0043_parkour: d=[0.00713, 0.64687] frac(m>0.5)=0.064 
[ok] 0044_snowboard: d=[0.01063, 0.53169] frac(m>0.5)=0.055 
[ok] 0045_butterfly: d=[0.01440, 0.80181] frac(m>0.5)=0.117 
[ok] 0046_blackswan: d=[0.01281, 0.58843] frac(m>0.5)=0.010 
[ok] 0047_judo: d=[0.01187, 0.55543] frac(m>0.5)=0.083 
[ok] 0048_hike: d=[0.01449, 0.61222] frac(m>0.5)=0.031 
[ok] 0049_speed-skating: d=[0.00682, 0.55068] frac(m>0.5)=0.012 
[ok] 0050_slackline: d=[0.01070, 0.59503] frac(m>0.5)=0.059 
[ok] 0051_dogs-jump: d=[0.01420, 0.71905] frac(m>0.5)=0.085 
[ok] 0052_mallard-fly: d=[0.00607, 0.65684] frac(m>0.5)=0.023 
[ok] 0053_swing: d=[0.01041, 0.63557] frac(m>0.5)=0.063 
[ok] 0054_train: d=[0.00915, 0.56580] frac(m>0.5)=0.125 
[ok] 0055_pigs: d=[0.01416, 0.64379] frac(m>0.5)=0.036 
[ok] 0056_kart-turn: d=[0.00528, 0.58667] frac(m>0.5)=0.019 
[ok] 0057_dog: d=[0.02531, 0.71737] frac(m>0.5)=0.170 
[ok] 0058_boat: d=[0.00473, 0.57562] frac(m>0.5)=0.010 
[ok] 0059_drift-straight: d=[0.03486, 0.71607] frac(m>0.5)=0.124 
[ok] 0060_motocross-bumps: d=[0.01638, 0.59366] frac(m>0.5)=0.055 
[ok] 0061_mbike-santa: d=[0.04434, 0.66989] frac(m>0.5)=0.058 
[ok] 0062_elephant: d=[0.03611, 0.73462] frac(m>0.5)=0.070 
[ok] 0063_drift-turn: d=[0.01711, 0.70318] frac(m>0.5)=0.087 
[ok] 0064_rollerblade: d=[0.00669, 0.61025] frac(m>0.5)=0.031 
[ok] 0065_twist-dance: d=[0.00471, 0.59214] frac(m>0.5)=0.052 
[ok] 0066_deer: d=[0.02219, 0.70483] frac(m>0.5)=0.177 
[ok] 0067_mbike-trick: d=[0.00439, 0.61730] frac(m>0.5)=0.041 
[ok] 0068_planes-water: d=[0.00897, 0.34835] frac(m>0.5)=0.023 
[ok] 0069_car-turn: d=[0.00458, 0.57633] frac(m>0.5)=0.042 
[ok] 0070_dance-twirl: d=[0.00725, 0.67337] frac(m>0.5)=0.082 
[ok] 0071_mallard-water: d=[0.01347, 0.60774] frac(m>0.5)=0.007 
[ok] 0072_dog-agility: d=[0.00507, 0.58219] frac(m>0.5)=0.052 
[ok] 0073_bmx-rider: d=[0.00801, 0.57546] frac(m>0.5)=0.022 
[ok] 0074_rhino: d=[0.00990, 0.53622] frac(m>0.5)=0.009 
[ok] 0075_A_bicycle: d=[0.00287, 0.57697] frac(m>0.5)=0.012 
[ok] 0076_A_rabbit: d=[0.01695, 0.69210] frac(m>0.5)=0.019 
[ok] 0077_A_hawk: d=[0.02344, 0.69837] frac(m>0.5)=0.029 
[ok] 0078_A_cat: d=[0.00230, 0.61752] frac(m>0.5)=0.025 
[ok] 0079_A_bus: d=[0.00995, 0.56845] frac(m>0.5)=0.081 
[ok] 0080_A_motorcycle: d=[0.01321, 0.58302] frac(m>0.5)=0.010 
[ok] 0081_A_horse: d=[0.00821, 0.65317] frac(m>0.5)=0.010 
[ok] 0082_A_tram: d=[0.00338, 0.57505] frac(m>0.5)=0.028 
[ok] 0083_A_boat: d=[0.00784, 0.52142] frac(m>0.5)=0.070 
[ok] 0084_A_squirrel: d=[0.00856, 0.66879] frac(m>0.5)=0.076 
[ok] 0085_A_tram: d=[0.00314, 0.62135] frac(m>0.5)=0.058 
[ok] 0086_A_red_sports_car: d=[0.00318, 0.48968] frac(m>0.5)=0.013 
[ok] 0087_A_seagull: d=[0.00494, 0.55341] frac(m>0.5)=0.007 
[ok] 0088_A_cyclist: d=[0.01357, 0.55566] frac(m>0.5)=0.049 
[ok] 0089_A_dog: d=[0.01222, 0.69410] frac(m>0.5)=0.234 
[ok] 0090_A_deer: d=[0.00850, 0.55996] frac(m>0.5)=0.006 
[ok] 0091_A_hawk: d=[0.00966, 0.71085] frac(m>0.5)=0.010 
[ok] 0092_A_fox: d=[0.00513, 0.61953] frac(m>0.5)=0.005 
[ok] 0093_A_helicopter: d=[0.00562, 0.57944] frac(m>0.5)=0.014 
[ok] 0094_A_swan: d=[0.00168, 0.59361] frac(m>0.5)=0.004 
[ok] 0095_A_crow: d=[0.01231, 0.70578] frac(m>0.5)=0.141 
[ok] 0096_A_car: d=[0.00457, 0.64072] frac(m>0.5)=0.005 
[ok] 0097_A_bird: d=[0.00351, 0.47590] frac(m>0.5)=0.007 
[ok] 0098_A_squirrel: d=[0.00468, 0.57614] frac(m>0.5)=0.015 
[ok] 0099_A_jogger: d=[0.01909, 0.68375] frac(m>0.5)=0.043 
[ok] 0100_A_deer: d=[0.00764, 0.61743] frac(m>0.5)=0.050 
[r31_div] done arm=dino_patch edit4: 100/100 ok
--- [r35_stage2] dino_first2 / edit5 ---
[r31_div] DINOv3 prefix = 5 (1 CLS + 4 registers, read from the checkpoint)
[r31_div] arm=dino_patch edit_type=5 cases=9 temporal=mean -> /home/ids/skhairi/Data/dataggen/outputs/five_bench/r35_div/dino_first2/edit5
[ok] 0007_guitar-violin: d=[0.00363, 0.62193] frac(m>0.5)=0.032 
[ok] 0009_bear: d=[0.01246, 0.65016] frac(m>0.5)=0.047 
[ok] 0011_lucia: d=[0.01200, 0.68651] frac(m>0.5)=0.032 
[ok] 0019_tennis-vest: d=[0.00774, 0.64919] frac(m>0.5)=0.009 
[ok] 0034_cows: d=[0.01040, 0.67388] frac(m>0.5)=0.030 
[ok] 0036_camel: d=[0.01209, 0.71258] frac(m>0.5)=0.071 
[ok] 0057_dog: d=[0.02061, 0.69947] frac(m>0.5)=0.116 
[ok] 0069_car-turn: d=[0.00527, 0.73880] frac(m>0.5)=0.064 
[ok] 0089_A_dog: d=[0.00247, 0.59383] frac(m>0.5)=0.014 
[r31_div] done arm=dino_patch edit5: 9/9 ok
--- [r35_stage2] dino_first2 / edit6 ---
[r31_div] DINOv3 prefix = 5 (1 CLS + 4 registers, read from the checkpoint)
[r31_div] arm=dino_patch edit_type=6 cases=10 temporal=mean -> /home/ids/skhairi/Data/dataggen/outputs/five_bench/r35_div/dino_first2/edit6
[ok] 0002_girl-dog: d=[0.00265, 0.66832] frac(m>0.5)=0.018 
[ok] 0017_kid-football: d=[0.00414, 0.57003] frac(m>0.5)=0.005 
[ok] 0025_baseball: d=[0.00384, 0.50464] frac(m>0.5)=0.020 
[ok] 0041_longboard: d=[0.00523, 0.60115] frac(m>0.5)=0.023 
[ok] 0042_gym-ball: d=[0.00587, 0.54106] frac(m>0.5)=0.012 
[ok] 0048_hike: d=[0.00525, 0.61101] frac(m>0.5)=0.014 
[ok] 0051_dogs-jump: d=[0.00681, 0.69008] frac(m>0.5)=0.029 
[ok] 0055_pigs: d=[0.01187, 0.62030] frac(m>0.5)=0.083 
[ok] 0078_A_cat: d=[0.00132, 0.63931] frac(m>0.5)=0.009 
[ok] 0088_A_cyclist: d=[0.00309, 0.48135] frac(m>0.5)=0.007 
[r31_div] done arm=dino_patch edit6: 10/10 ok
[r35_stage2] dino_first2 edit1: 100 npz -- ok
[r35_stage2] dino_first2 edit2: 100 npz -- ok
[r35_stage2] dino_first2 edit3: 100 npz -- ok
[r35_stage2] dino_first2 edit4: 100 npz -- ok
[r35_stage2] dino_first2 edit5: 9 npz -- ok
[r35_stage2] dino_first2 edit6: 10 npz -- ok
[r35_stage2] dino_first2: 419 npz total (expect 419)
[r35_stage2] failures: 0
