[r35_stage2] job=1007671_2 combo=lpips_unblended arm=lpips regime=unblended
[r35_stage2] node=node39 CUDA_VISIBLE_DEVICES=0
[r35_stage2] target=/home/ids/skhairi/Data/dataggen/outputs/five_bench/r35_stage1/unblended/step14  latents=/home/ids/skhairi/Data/dataggen/outputs/five_bench/r35_latents/unblended  -> /home/ids/skhairi/Data/dataggen/outputs/five_bench/r35_div/lpips_unblended
GPU 0: NVIDIA L40S (UUID: GPU-804bbff4-dcc1-302f-1758-4d95c4e3dd88)
[r35_stage2] preflight OK: 419 stage-1 latents for regime=unblended (expect 419)
--- [r35_stage2] lpips_unblended / edit1 ---
Setting up [LPIPS] perceptual loss: trunk [alex], v[0.1], spatial [on]
Loading model from: /home/ids/skhairi/anaconda3/envs/five-bench/lib/python3.11/site-packages/lpips/weights/v0.1/alex.pth
[r31_div] arm=lpips edit_type=1 cases=100 temporal=mean -> /home/ids/skhairi/Data/dataggen/outputs/five_bench/r35_div/lpips_unblended/edit1
[ok] 0001_bus: d=[0.00603, 1.00971] frac(m>0.5)=0.217 
[ok] 0002_girl-dog: d=[0.00629, 1.14990] frac(m>0.5)=0.095 
[ok] 0003_ocean-birds: d=[0.00430, 1.10645] frac(m>0.5)=0.270 
[ok] 0004_car-roundabout: d=[0.00330, 0.99843] frac(m>0.5)=0.149 
[ok] 0005_breakdance: d=[0.00126, 1.13801] frac(m>0.5)=0.146 
[ok] 0006_paragliding: d=[0.00549, 1.31181] frac(m>0.5)=0.063 
[ok] 0007_guitar-violin: d=[0.00453, 1.29120] frac(m>0.5)=0.321 
[ok] 0008_snowboard-race: d=[0.00096, 1.28487] frac(m>0.5)=0.318 
[ok] 0009_bear: d=[0.00749, 1.24289] frac(m>0.5)=0.289 
[ok] 0010_giant-slalom: d=[0.00038, 1.24392] frac(m>0.5)=0.062 
[ok] 0011_lucia: d=[0.01122, 0.85853] frac(m>0.5)=0.061 
[ok] 0012_goat: d=[0.02443, 1.12358] frac(m>0.5)=0.275 
[ok] 0013_golf: d=[0.00022, 1.27986] frac(m>0.5)=0.100 
[ok] 0014_burnout: d=[0.00373, 1.16020] frac(m>0.5)=0.200 
[ok] 0015_car-shadow: d=[0.00506, 1.06318] frac(m>0.5)=0.137 
[ok] 0016_horsejump-high: d=[0.00134, 1.23077] frac(m>0.5)=0.133 
[ok] 0017_kid-football: d=[0.00059, 1.20685] frac(m>0.5)=0.145 
[ok] 0018_breakdance-flare: d=[0.00458, 1.34019] frac(m>0.5)=0.248 
[ok] 0019_tennis-vest: d=[0.00123, 1.25929] frac(m>0.5)=0.091 
[ok] 0020_monkeys: d=[0.02462, 1.21064] frac(m>0.5)=0.190 
[ok] 0021_landing: d=[0.00060, 1.18881] frac(m>0.5)=0.326 
[ok] 0022_skate-jump: d=[0.00036, 0.89550] frac(m>0.5)=0.045 
[ok] 0023_kayak-race: d=[0.00027, 1.02788] frac(m>0.5)=0.143 
[ok] 0024_hockey: d=[0.00362, 1.10779] frac(m>0.5)=0.120 
[ok] 0025_baseball: d=[0.00452, 1.33495] frac(m>0.5)=0.223 
[ok] 0026_table-tennis: d=[0.00033, 0.98414] frac(m>0.5)=0.098 
[ok] 0027_dance-jump: d=[0.00583, 1.28096] frac(m>0.5)=0.149 
[ok] 0028_kite-walk: d=[0.00130, 1.22781] frac(m>0.5)=0.056 
[ok] 0029_horsejump-stick: d=[0.01152, 1.16361] frac(m>0.5)=0.119 
[ok] 0030_rallye: d=[0.00038, 1.48181] frac(m>0.5)=0.235 
[ok] 0031_soccerball: d=[0.00996, 1.21417] frac(m>0.5)=0.125 
[ok] 0032_mermaid: d=[0.00067, 1.34738] frac(m>0.5)=0.158 
[ok] 0033_horsejump-low: d=[0.00560, 1.04304] frac(m>0.5)=0.155 
[ok] 0034_cows: d=[0.02519, 1.12735] frac(m>0.5)=0.269 
[ok] 0035_helicopter: d=[0.00127, 1.11811] frac(m>0.5)=0.125 
[ok] 0036_camel: d=[0.00842, 1.11288] frac(m>0.5)=0.189 
[ok] 0037_snowboard-sand: d=[0.00127, 1.24036] frac(m>0.5)=0.111 
[ok] 0038_motorbike: d=[0.00277, 1.01772] frac(m>0.5)=0.140 
[ok] 0039_chamaleon: d=[0.00220, 1.24595] frac(m>0.5)=0.134 
[ok] 0040_tennis: d=[0.00229, 1.23597] frac(m>0.5)=0.109 
[ok] 0041_longboard: d=[0.00530, 1.25577] frac(m>0.5)=0.208 
[ok] 0042_gym-ball: d=[0.00081, 1.30198] frac(m>0.5)=0.164 
[ok] 0043_parkour: d=[0.00073, 1.26396] frac(m>0.5)=0.206 
[ok] 0044_snowboard: d=[0.01683, 1.22927] frac(m>0.5)=0.239 
[ok] 0045_butterfly: d=[0.00090, 1.18118] frac(m>0.5)=0.112 
[ok] 0046_blackswan: d=[0.00166, 0.97850] frac(m>0.5)=0.189 
[ok] 0047_judo: d=[0.00098, 1.18758] frac(m>0.5)=0.176 
[ok] 0048_hike: d=[0.00034, 0.92751] frac(m>0.5)=0.078 
[ok] 0049_speed-skating: d=[0.00138, 1.32709] frac(m>0.5)=0.199 
[ok] 0050_slackline: d=[0.00298, 1.26915] frac(m>0.5)=0.107 
[ok] 0051_dogs-jump: d=[0.00170, 1.05538] frac(m>0.5)=0.115 
[ok] 0052_mallard-fly: d=[0.00630, 1.23671] frac(m>0.5)=0.157 
[ok] 0053_swing: d=[0.00449, 1.32225] frac(m>0.5)=0.104 
[ok] 0054_train: d=[0.00204, 1.25902] frac(m>0.5)=0.107 
[ok] 0055_pigs: d=[0.00821, 1.09648] frac(m>0.5)=0.274 
[ok] 0056_kart-turn: d=[0.00154, 1.16617] frac(m>0.5)=0.337 
[ok] 0057_dog: d=[0.00621, 1.08751] frac(m>0.5)=0.188 
[ok] 0058_boat: d=[0.00031, 0.96470] frac(m>0.5)=0.145 
[ok] 0059_drift-straight: d=[0.00212, 1.20093] frac(m>0.5)=0.269 
[ok] 0060_motocross-bumps: d=[0.00817, 1.08062] frac(m>0.5)=0.184 
[ok] 0061_mbike-santa: d=[0.01680, 1.12361] frac(m>0.5)=0.642 
[ok] 0062_elephant: d=[0.00092, 1.17346] frac(m>0.5)=0.215 
[ok] 0063_drift-turn: d=[0.00853, 1.25398] frac(m>0.5)=0.345 
[ok] 0064_rollerblade: d=[0.00155, 1.21171] frac(m>0.5)=0.085 
[ok] 0065_twist-dance: d=[0.00172, 1.06096] frac(m>0.5)=0.114 
[ok] 0066_deer: d=[0.00071, 1.12970] frac(m>0.5)=0.300 
[ok] 0067_mbike-trick: d=[0.00025, 1.22637] frac(m>0.5)=0.060 
[ok] 0068_planes-water: d=[0.00054, 0.92522] frac(m>0.5)=0.084 
[ok] 0069_car-turn: d=[0.00216, 1.09880] frac(m>0.5)=0.146 
[ok] 0070_dance-twirl: d=[0.00251, 1.18629] frac(m>0.5)=0.105 
[ok] 0071_mallard-water: d=[0.00375, 1.16310] frac(m>0.5)=0.167 
[ok] 0072_dog-agility: d=[0.00263, 1.07860] frac(m>0.5)=0.174 
[ok] 0073_bmx-rider: d=[0.00093, 1.17554] frac(m>0.5)=0.075 
[ok] 0074_rhino: d=[0.00299, 1.15784] frac(m>0.5)=0.238 
[ok] 0075_A_bicycle: d=[0.00082, 1.04027] frac(m>0.5)=0.128 
[ok] 0076_A_rabbit: d=[0.00148, 1.19236] frac(m>0.5)=0.268 
[ok] 0077_A_hawk: d=[0.00326, 1.46539] frac(m>0.5)=0.130 
[ok] 0078_A_cat: d=[0.00062, 1.16784] frac(m>0.5)=0.172 
[ok] 0079_A_bus: d=[0.00338, 1.29594] frac(m>0.5)=0.181 
[ok] 0080_A_motorcycle: d=[0.00076, 1.20495] frac(m>0.5)=0.306 
[ok] 0081_A_horse: d=[0.00040, 1.31929] frac(m>0.5)=0.121 
[ok] 0082_A_tram: d=[0.00044, 1.24998] frac(m>0.5)=0.170 
[ok] 0083_A_boat: d=[0.00039, 1.28981] frac(m>0.5)=0.166 
[ok] 0084_A_squirrel: d=[0.00258, 1.28698] frac(m>0.5)=0.365 
[ok] 0085_A_tram: d=[0.00102, 1.15307] frac(m>0.5)=0.158 
[ok] 0086_A_red_sports_car: d=[0.00053, 1.30020] frac(m>0.5)=0.236 
[ok] 0087_A_seagull: d=[0.00011, 1.39089] frac(m>0.5)=0.084 
[ok] 0088_A_cyclist: d=[0.00538, 1.19370] frac(m>0.5)=0.225 
[ok] 0089_A_dog: d=[0.00024, 1.20748] frac(m>0.5)=0.239 
[ok] 0090_A_deer: d=[0.00048, 1.11072] frac(m>0.5)=0.166 
[ok] 0091_A_hawk: d=[0.00012, 1.20749] frac(m>0.5)=0.053 
[ok] 0092_A_fox: d=[0.00061, 1.21534] frac(m>0.5)=0.076 
[ok] 0093_A_helicopter: d=[0.00619, 1.16014] frac(m>0.5)=0.228 
[ok] 0094_A_swan: d=[0.00215, 1.05530] frac(m>0.5)=0.126 
[ok] 0095_A_crow: d=[0.00112, 1.22926] frac(m>0.5)=0.218 
[ok] 0096_A_car: d=[0.00053, 1.19554] frac(m>0.5)=0.230 
[ok] 0097_A_bird: d=[0.00096, 1.14539] frac(m>0.5)=0.088 
[ok] 0098_A_squirrel: d=[0.00128, 1.17705] frac(m>0.5)=0.202 
[ok] 0099_A_jogger: d=[0.00379, 1.21331] frac(m>0.5)=0.078 
[ok] 0100_A_deer: d=[0.00272, 0.99498] frac(m>0.5)=0.169 
[r31_div] done arm=lpips edit1: 100/100 ok
--- [r35_stage2] lpips_unblended / edit2 ---
Setting up [LPIPS] perceptual loss: trunk [alex], v[0.1], spatial [on]
Loading model from: /home/ids/skhairi/anaconda3/envs/five-bench/lib/python3.11/site-packages/lpips/weights/v0.1/alex.pth
[r31_div] arm=lpips edit_type=2 cases=100 temporal=mean -> /home/ids/skhairi/Data/dataggen/outputs/five_bench/r35_div/lpips_unblended/edit2
[ok] 0001_bus: d=[0.00331, 1.24868] frac(m>0.5)=0.210 
[ok] 0002_girl-dog: d=[0.00789, 1.01942] frac(m>0.5)=0.237 
[ok] 0003_ocean-birds: d=[0.00386, 1.08189] frac(m>0.5)=0.301 
[ok] 0004_car-roundabout: d=[0.00434, 1.07497] frac(m>0.5)=0.177 
[ok] 0005_breakdance: d=[0.00122, 1.19616] frac(m>0.5)=0.186 
[ok] 0006_paragliding: d=[0.00819, 1.23617] frac(m>0.5)=0.277 
[ok] 0007_guitar-violin: d=[0.00496, 1.45498] frac(m>0.5)=0.322 
[ok] 0008_snowboard-race: d=[0.00074, 1.23190] frac(m>0.5)=0.236 
[ok] 0009_bear: d=[0.00491, 1.09801] frac(m>0.5)=0.267 
[ok] 0010_giant-slalom: d=[0.00034, 1.23753] frac(m>0.5)=0.062 
[ok] 0011_lucia: d=[0.01193, 1.29418] frac(m>0.5)=0.185 
[ok] 0012_goat: d=[0.01405, 1.09856] frac(m>0.5)=0.184 
[ok] 0013_golf: d=[0.00020, 1.30286] frac(m>0.5)=0.151 
[ok] 0014_burnout: d=[0.00808, 1.07108] frac(m>0.5)=0.356 
[ok] 0015_car-shadow: d=[0.00501, 0.98779] frac(m>0.5)=0.157 
[ok] 0016_horsejump-high: d=[0.00109, 1.07803] frac(m>0.5)=0.120 
[ok] 0017_kid-football: d=[0.00147, 1.41741] frac(m>0.5)=0.276 
[ok] 0018_breakdance-flare: d=[0.00653, 1.20896] frac(m>0.5)=0.309 
[ok] 0019_tennis-vest: d=[0.00140, 1.17824] frac(m>0.5)=0.133 
[ok] 0020_monkeys: d=[0.02512, 1.21235] frac(m>0.5)=0.240 
[ok] 0021_landing: d=[0.00067, 1.50093] frac(m>0.5)=0.262 
[ok] 0022_skate-jump: d=[0.00037, 1.09727] frac(m>0.5)=0.066 
[ok] 0023_kayak-race: d=[0.00036, 1.25507] frac(m>0.5)=0.162 
[ok] 0024_hockey: d=[0.00285, 1.29766] frac(m>0.5)=0.146 
[ok] 0025_baseball: d=[0.00394, 1.28663] frac(m>0.5)=0.257 
[ok] 0026_table-tennis: d=[0.00040, 1.03672] frac(m>0.5)=0.129 
[ok] 0027_dance-jump: d=[0.00881, 1.15348] frac(m>0.5)=0.153 
[ok] 0028_kite-walk: d=[0.00135, 1.35661] frac(m>0.5)=0.090 
[ok] 0029_horsejump-stick: d=[0.01316, 1.06195] frac(m>0.5)=0.151 
[ok] 0030_rallye: d=[0.00036, 1.42676] frac(m>0.5)=0.169 
[ok] 0031_soccerball: d=[0.01471, 1.21887] frac(m>0.5)=0.246 
[ok] 0032_mermaid: d=[0.00087, 1.38295] frac(m>0.5)=0.170 
[ok] 0033_horsejump-low: d=[0.00687, 1.06520] frac(m>0.5)=0.211 
[ok] 0034_cows: d=[0.01960, 1.36301] frac(m>0.5)=0.179 
[ok] 0035_helicopter: d=[0.00107, 1.08217] frac(m>0.5)=0.187 
[ok] 0036_camel: d=[0.01034, 1.15293] frac(m>0.5)=0.185 
[ok] 0037_snowboard-sand: d=[0.00182, 1.12180] frac(m>0.5)=0.156 
[ok] 0038_motorbike: d=[0.00242, 1.02904] frac(m>0.5)=0.118 
[ok] 0039_chamaleon: d=[0.00226, 1.15138] frac(m>0.5)=0.182 
[ok] 0040_tennis: d=[0.00286, 1.31469] frac(m>0.5)=0.201 
[ok] 0041_longboard: d=[0.00494, 1.41978] frac(m>0.5)=0.136 
[ok] 0042_gym-ball: d=[0.00084, 1.11206] frac(m>0.5)=0.233 
[ok] 0043_parkour: d=[0.00078, 1.16880] frac(m>0.5)=0.413 
[ok] 0044_snowboard: d=[0.01148, 1.09898] frac(m>0.5)=0.220 
[ok] 0045_butterfly: d=[0.00130, 1.33002] frac(m>0.5)=0.139 
[ok] 0046_blackswan: d=[0.00961, 1.07930] frac(m>0.5)=0.470 
[ok] 0047_judo: d=[0.00129, 1.12554] frac(m>0.5)=0.206 
[ok] 0048_hike: d=[0.00042, 0.91387] frac(m>0.5)=0.109 
[ok] 0049_speed-skating: d=[0.00111, 1.34157] frac(m>0.5)=0.271 
[ok] 0050_slackline: d=[0.00435, 1.35226] frac(m>0.5)=0.139 
[ok] 0051_dogs-jump: d=[0.00164, 1.20617] frac(m>0.5)=0.152 
[ok] 0052_mallard-fly: d=[0.00730, 1.16105] frac(m>0.5)=0.189 
[ok] 0053_swing: d=[0.00920, 1.10609] frac(m>0.5)=0.179 
[ok] 0054_train: d=[0.00198, 1.10378] frac(m>0.5)=0.255 
[ok] 0055_pigs: d=[0.00834, 1.20533] frac(m>0.5)=0.342 
[ok] 0056_kart-turn: d=[0.00153, 1.20328] frac(m>0.5)=0.351 
[ok] 0057_dog: d=[0.00629, 1.12801] frac(m>0.5)=0.314 
[ok] 0058_boat: d=[0.00029, 1.03042] frac(m>0.5)=0.115 
[ok] 0059_drift-straight: d=[0.00270, 1.13184] frac(m>0.5)=0.277 
[ok] 0060_motocross-bumps: d=[0.00784, 1.04950] frac(m>0.5)=0.219 
[ok] 0061_mbike-santa: d=[0.02315, 1.13798] frac(m>0.5)=0.569 
[ok] 0062_elephant: d=[0.00093, 1.17654] frac(m>0.5)=0.214 
[ok] 0063_drift-turn: d=[0.00863, 1.16218] frac(m>0.5)=0.446 
[ok] 0064_rollerblade: d=[0.00149, 1.16872] frac(m>0.5)=0.181 
[ok] 0065_twist-dance: d=[0.00349, 1.20722] frac(m>0.5)=0.158 
[ok] 0066_deer: d=[0.00153, 1.43616] frac(m>0.5)=0.381 
[ok] 0067_mbike-trick: d=[0.00026, 1.26646] frac(m>0.5)=0.155 
[ok] 0068_planes-water: d=[0.00060, 0.99669] frac(m>0.5)=0.237 
[ok] 0069_car-turn: d=[0.00213, 1.08381] frac(m>0.5)=0.170 
[ok] 0070_dance-twirl: d=[0.00669, 1.21385] frac(m>0.5)=0.109 
[ok] 0071_mallard-water: d=[0.00481, 1.22568] frac(m>0.5)=0.147 
[ok] 0072_dog-agility: d=[0.00253, 1.26967] frac(m>0.5)=0.196 
[ok] 0073_bmx-rider: d=[0.00086, 1.05919] frac(m>0.5)=0.116 
[ok] 0074_rhino: d=[0.00601, 1.21094] frac(m>0.5)=0.208 
[ok] 0075_A_bicycle: d=[0.00091, 1.10376] frac(m>0.5)=0.176 
[ok] 0076_A_rabbit: d=[0.00152, 1.17801] frac(m>0.5)=0.239 
[ok] 0077_A_hawk: d=[0.00292, 1.36362] frac(m>0.5)=0.225 
[ok] 0078_A_cat: d=[0.00046, 1.36619] frac(m>0.5)=0.129 
[ok] 0079_A_bus: d=[0.00388, 1.41236] frac(m>0.5)=0.228 
[ok] 0080_A_motorcycle: d=[0.00053, 1.20794] frac(m>0.5)=0.486 
[ok] 0081_A_horse: d=[0.00064, 1.19397] frac(m>0.5)=0.364 
[ok] 0082_A_tram: d=[0.00090, 1.20626] frac(m>0.5)=0.272 
[ok] 0083_A_boat: d=[0.00041, 1.31907] frac(m>0.5)=0.157 
[ok] 0084_A_squirrel: d=[0.00368, 1.22385] frac(m>0.5)=0.328 
[ok] 0085_A_tram: d=[0.00054, 1.11551] frac(m>0.5)=0.206 
[ok] 0086_A_red_sports_car: d=[0.00243, 1.35479] frac(m>0.5)=0.263 
[ok] 0087_A_seagull: d=[0.00012, 1.20199] frac(m>0.5)=0.145 
[ok] 0088_A_cyclist: d=[0.00485, 1.17852] frac(m>0.5)=0.228 
[ok] 0089_A_dog: d=[0.00026, 1.25039] frac(m>0.5)=0.282 
[ok] 0090_A_deer: d=[0.00066, 1.34206] frac(m>0.5)=0.326 
[ok] 0091_A_hawk: d=[0.00012, 1.34499] frac(m>0.5)=0.094 
[ok] 0092_A_fox: d=[0.00112, 1.29723] frac(m>0.5)=0.272 
[ok] 0093_A_helicopter: d=[0.00534, 1.33966] frac(m>0.5)=0.283 
[ok] 0094_A_swan: d=[0.00250, 1.12476] frac(m>0.5)=0.107 
[ok] 0095_A_crow: d=[0.00204, 1.31312] frac(m>0.5)=0.403 
[ok] 0096_A_car: d=[0.08472, 1.44378] frac(m>0.5)=0.500 
[ok] 0097_A_bird: d=[0.00284, 1.50343] frac(m>0.5)=0.085 
[ok] 0098_A_squirrel: d=[0.00344, 1.41176] frac(m>0.5)=0.312 
[ok] 0099_A_jogger: d=[0.00377, 1.26268] frac(m>0.5)=0.096 
[ok] 0100_A_deer: d=[0.00289, 1.23866] frac(m>0.5)=0.122 
[r31_div] done arm=lpips edit2: 100/100 ok
--- [r35_stage2] lpips_unblended / edit3 ---
Setting up [LPIPS] perceptual loss: trunk [alex], v[0.1], spatial [on]
Loading model from: /home/ids/skhairi/anaconda3/envs/five-bench/lib/python3.11/site-packages/lpips/weights/v0.1/alex.pth
[r31_div] arm=lpips edit_type=3 cases=100 temporal=mean -> /home/ids/skhairi/Data/dataggen/outputs/five_bench/r35_div/lpips_unblended/edit3
[ok] 0001_bus: d=[0.00451, 0.97721] frac(m>0.5)=0.137 
[ok] 0002_girl-dog: d=[0.00758, 1.14637] frac(m>0.5)=0.126 
[ok] 0003_ocean-birds: d=[0.00359, 1.37526] frac(m>0.5)=0.095 
[ok] 0004_car-roundabout: d=[0.00737, 1.14528] frac(m>0.5)=0.116 
[ok] 0005_breakdance: d=[0.00170, 1.06710] frac(m>0.5)=0.116 
[ok] 0006_paragliding: d=[0.00530, 1.23910] frac(m>0.5)=0.063 
[ok] 0007_guitar-violin: d=[0.00231, 1.14417] frac(m>0.5)=0.156 
[ok] 0008_snowboard-race: d=[0.00103, 1.10652] frac(m>0.5)=0.146 
[ok] 0009_bear: d=[0.00564, 1.04945] frac(m>0.5)=0.137 
[ok] 0010_giant-slalom: d=[0.00034, 1.11605] frac(m>0.5)=0.038 
[ok] 0011_lucia: d=[0.00892, 1.15451] frac(m>0.5)=0.050 
[ok] 0012_goat: d=[0.02413, 1.20430] frac(m>0.5)=0.127 
[ok] 0013_golf: d=[0.00023, 1.05147] frac(m>0.5)=0.020 
[ok] 0014_burnout: d=[0.00895, 1.33340] frac(m>0.5)=0.176 
[ok] 0015_car-shadow: d=[0.00497, 0.97282] frac(m>0.5)=0.107 
[ok] 0016_horsejump-high: d=[0.00119, 1.11956] frac(m>0.5)=0.119 
[ok] 0017_kid-football: d=[0.00073, 1.29394] frac(m>0.5)=0.129 
[ok] 0018_breakdance-flare: d=[0.00460, 1.14541] frac(m>0.5)=0.100 
[ok] 0019_tennis-vest: d=[0.00127, 1.14481] frac(m>0.5)=0.061 
[ok] 0020_monkeys: d=[0.02488, 1.22003] frac(m>0.5)=0.178 
[ok] 0021_landing: d=[0.00046, 1.13891] frac(m>0.5)=0.183 
[ok] 0022_skate-jump: d=[0.00037, 1.20982] frac(m>0.5)=0.037 
[ok] 0023_kayak-race: d=[0.00048, 1.09919] frac(m>0.5)=0.171 
[ok] 0024_hockey: d=[0.00336, 1.19869] frac(m>0.5)=0.063 
[ok] 0025_baseball: d=[0.00559, 1.26167] frac(m>0.5)=0.221 
[ok] 0026_table-tennis: d=[0.00104, 1.21802] frac(m>0.5)=0.132 
[ok] 0027_dance-jump: d=[0.02050, 1.13239] frac(m>0.5)=0.355 
[ok] 0028_kite-walk: d=[0.00146, 1.15759] frac(m>0.5)=0.011 
[ok] 0029_horsejump-stick: d=[0.01920, 1.11338] frac(m>0.5)=0.155 
[ok] 0030_rallye: d=[0.00030, 1.35587] frac(m>0.5)=0.145 
[ok] 0031_soccerball: d=[0.00466, 1.16086] frac(m>0.5)=0.089 
[ok] 0032_mermaid: d=[0.00073, 1.51024] frac(m>0.5)=0.145 
[ok] 0033_horsejump-low: d=[0.00787, 1.15928] frac(m>0.5)=0.077 
[ok] 0034_cows: d=[0.00548, 1.01651] frac(m>0.5)=0.150 
[ok] 0035_helicopter: d=[0.00119, 1.28676] frac(m>0.5)=0.114 
[ok] 0036_camel: d=[0.00995, 1.15048] frac(m>0.5)=0.187 
[ok] 0037_snowboard-sand: d=[0.00135, 1.28565] frac(m>0.5)=0.069 
[ok] 0038_motorbike: d=[0.00469, 0.92574] frac(m>0.5)=0.115 
[ok] 0039_chamaleon: d=[0.00256, 1.33494] frac(m>0.5)=0.150 
[ok] 0040_tennis: d=[0.00211, 1.22809] frac(m>0.5)=0.131 
[ok] 0041_longboard: d=[0.00328, 1.19188] frac(m>0.5)=0.099 
[ok] 0042_gym-ball: d=[0.00077, 1.29717] frac(m>0.5)=0.144 
[ok] 0043_parkour: d=[0.00082, 1.12444] frac(m>0.5)=0.101 
[ok] 0044_snowboard: d=[0.01395, 1.09188] frac(m>0.5)=0.233 
[ok] 0045_butterfly: d=[0.00082, 1.10832] frac(m>0.5)=0.101 
[ok] 0046_blackswan: d=[0.00431, 1.23606] frac(m>0.5)=0.181 
[ok] 0047_judo: d=[0.00117, 1.27383] frac(m>0.5)=0.171 
[ok] 0048_hike: d=[0.00035, 1.03226] frac(m>0.5)=0.057 
[ok] 0049_speed-skating: d=[0.00116, 1.21871] frac(m>0.5)=0.253 
[ok] 0050_slackline: d=[0.00260, 1.15884] frac(m>0.5)=0.114 
[ok] 0051_dogs-jump: d=[0.00175, 0.99577] frac(m>0.5)=0.145 
[ok] 0052_mallard-fly: d=[0.00783, 1.17255] frac(m>0.5)=0.072 
[ok] 0053_swing: d=[0.00473, 1.12985] frac(m>0.5)=0.110 
[ok] 0054_train: d=[0.00585, 1.12277] frac(m>0.5)=0.223 
[ok] 0055_pigs: d=[0.00734, 1.15278] frac(m>0.5)=0.218 
[ok] 0056_kart-turn: d=[0.00237, 1.15481] frac(m>0.5)=0.322 
[ok] 0057_dog: d=[0.01538, 1.12187] frac(m>0.5)=0.209 
[ok] 0058_boat: d=[0.00033, 0.95551] frac(m>0.5)=0.108 
[ok] 0059_drift-straight: d=[0.00350, 1.26424] frac(m>0.5)=0.342 
[ok] 0060_motocross-bumps: d=[0.01124, 1.36098] frac(m>0.5)=0.160 
[ok] 0061_mbike-santa: d=[0.01692, 1.11742] frac(m>0.5)=0.580 
[ok] 0062_elephant: d=[0.00102, 1.22166] frac(m>0.5)=0.170 
[ok] 0063_drift-turn: d=[0.01352, 1.16059] frac(m>0.5)=0.427 
[ok] 0064_rollerblade: d=[0.00229, 0.95744] frac(m>0.5)=0.056 
[ok] 0065_twist-dance: d=[0.00265, 1.20522] frac(m>0.5)=0.102 
[ok] 0066_deer: d=[0.00078, 1.08885] frac(m>0.5)=0.300 
[ok] 0067_mbike-trick: d=[0.00025, 1.39860] frac(m>0.5)=0.091 
[ok] 0068_planes-water: d=[0.00058, 0.66481] frac(m>0.5)=0.034 
[ok] 0069_car-turn: d=[0.00193, 1.18472] frac(m>0.5)=0.146 
[ok] 0070_dance-twirl: d=[0.00279, 1.25447] frac(m>0.5)=0.071 
[ok] 0071_mallard-water: d=[0.00492, 0.91809] frac(m>0.5)=0.111 
[ok] 0072_dog-agility: d=[0.00347, 1.32855] frac(m>0.5)=0.135 
[ok] 0073_bmx-rider: d=[0.00072, 1.29761] frac(m>0.5)=0.105 
[ok] 0074_rhino: d=[0.00337, 1.10320] frac(m>0.5)=0.090 
[ok] 0075_A_bicycle: d=[0.00060, 1.00380] frac(m>0.5)=0.096 
[ok] 0076_A_rabbit: d=[0.00180, 1.35543] frac(m>0.5)=0.221 
[ok] 0077_A_hawk: d=[0.00209, 1.29022] frac(m>0.5)=0.093 
[ok] 0078_A_cat: d=[0.00049, 1.20079] frac(m>0.5)=0.160 
[ok] 0079_A_bus: d=[0.00462, 1.27053] frac(m>0.5)=0.275 
[ok] 0080_A_motorcycle: d=[0.00051, 1.14623] frac(m>0.5)=0.349 
[ok] 0081_A_horse: d=[0.00043, 1.01482] frac(m>0.5)=0.100 
[ok] 0082_A_tram: d=[0.00061, 1.14342] frac(m>0.5)=0.198 
[ok] 0083_A_boat: d=[0.00058, 1.29659] frac(m>0.5)=0.094 
[ok] 0084_A_squirrel: d=[0.00264, 1.25491] frac(m>0.5)=0.303 
[ok] 0085_A_tram: d=[0.00076, 1.16088] frac(m>0.5)=0.258 
[ok] 0086_A_red_sports_car: d=[0.00293, 1.24079] frac(m>0.5)=0.202 
[ok] 0087_A_seagull: d=[0.00012, 1.11575] frac(m>0.5)=0.086 
[ok] 0088_A_cyclist: d=[0.00954, 1.23210] frac(m>0.5)=0.193 
[ok] 0089_A_dog: d=[0.00028, 1.28406] frac(m>0.5)=0.215 
[ok] 0090_A_deer: d=[0.00039, 1.37444] frac(m>0.5)=0.060 
[ok] 0091_A_hawk: d=[0.00010, 1.23753] frac(m>0.5)=0.038 
[ok] 0092_A_fox: d=[0.00058, 1.17997] frac(m>0.5)=0.110 
[ok] 0093_A_helicopter: d=[0.03017, 1.14323] frac(m>0.5)=0.336 
[ok] 0094_A_swan: d=[0.00237, 1.06301] frac(m>0.5)=0.078 
[ok] 0095_A_crow: d=[0.00122, 1.24135] frac(m>0.5)=0.024 
[ok] 0096_A_car: d=[0.00046, 1.28088] frac(m>0.5)=0.289 
[ok] 0097_A_bird: d=[0.00109, 1.10190] frac(m>0.5)=0.048 
[ok] 0098_A_squirrel: d=[0.00120, 1.08860] frac(m>0.5)=0.045 
[ok] 0099_A_jogger: d=[0.00291, 0.93471] frac(m>0.5)=0.067 
[ok] 0100_A_deer: d=[0.00260, 0.97627] frac(m>0.5)=0.108 
[r31_div] done arm=lpips edit3: 100/100 ok
--- [r35_stage2] lpips_unblended / edit4 ---
Setting up [LPIPS] perceptual loss: trunk [alex], v[0.1], spatial [on]
Loading model from: /home/ids/skhairi/anaconda3/envs/five-bench/lib/python3.11/site-packages/lpips/weights/v0.1/alex.pth
[r31_div] arm=lpips edit_type=4 cases=100 temporal=mean -> /home/ids/skhairi/Data/dataggen/outputs/five_bench/r35_div/lpips_unblended/edit4
[ok] 0001_bus: d=[0.00529, 1.10322] frac(m>0.5)=0.181 
[ok] 0002_girl-dog: d=[0.00635, 1.04093] frac(m>0.5)=0.206 
[ok] 0003_ocean-birds: d=[0.00352, 0.94547] frac(m>0.5)=0.222 
[ok] 0004_car-roundabout: d=[0.00692, 0.88158] frac(m>0.5)=0.083 
[ok] 0005_breakdance: d=[0.00272, 1.37426] frac(m>0.5)=0.078 
[ok] 0006_paragliding: d=[0.00574, 1.22062] frac(m>0.5)=0.042 
[ok] 0007_guitar-violin: d=[0.00259, 1.22888] frac(m>0.5)=0.354 
[ok] 0008_snowboard-race: d=[0.00091, 1.11720] frac(m>0.5)=0.348 
[ok] 0009_bear: d=[0.00495, 0.97546] frac(m>0.5)=0.119 
[ok] 0010_giant-slalom: d=[0.00058, 1.22763] frac(m>0.5)=0.036 
[ok] 0011_lucia: d=[0.01276, 1.24635] frac(m>0.5)=0.062 
[ok] 0012_goat: d=[0.02287, 1.14527] frac(m>0.5)=0.108 
[ok] 0013_golf: d=[0.00022, 1.11534] frac(m>0.5)=0.106 
[ok] 0014_burnout: d=[0.00811, 1.34724] frac(m>0.5)=0.168 
[ok] 0015_car-shadow: d=[0.00519, 0.99258] frac(m>0.5)=0.270 
[ok] 0016_horsejump-high: d=[0.00122, 1.18648] frac(m>0.5)=0.124 
[ok] 0017_kid-football: d=[0.00124, 1.35487] frac(m>0.5)=0.208 
[ok] 0018_breakdance-flare: d=[0.00479, 1.09999] frac(m>0.5)=0.120 
[ok] 0019_tennis-vest: d=[0.00179, 1.02162] frac(m>0.5)=0.078 
[ok] 0020_monkeys: d=[0.01616, 1.26243] frac(m>0.5)=0.206 
[ok] 0021_landing: d=[0.00062, 1.28669] frac(m>0.5)=0.206 
[ok] 0022_skate-jump: d=[0.00046, 1.19802] frac(m>0.5)=0.150 
[ok] 0023_kayak-race: d=[0.00026, 1.11166] frac(m>0.5)=0.194 
[ok] 0024_hockey: d=[0.00314, 0.99577] frac(m>0.5)=0.095 
[ok] 0025_baseball: d=[0.00719, 1.29510] frac(m>0.5)=0.170 
[ok] 0026_table-tennis: d=[0.00030, 1.15090] frac(m>0.5)=0.128 
[ok] 0027_dance-jump: d=[0.01746, 1.14500] frac(m>0.5)=0.169 
[ok] 0028_kite-walk: d=[0.00151, 1.16125] frac(m>0.5)=0.071 
[ok] 0029_horsejump-stick: d=[0.01008, 1.10118] frac(m>0.5)=0.176 
[ok] 0030_rallye: d=[0.00029, 1.35328] frac(m>0.5)=0.150 
[ok] 0031_soccerball: d=[0.00299, 1.25436] frac(m>0.5)=0.218 
[ok] 0032_mermaid: d=[0.00118, 1.34473] frac(m>0.5)=0.248 
[ok] 0033_horsejump-low: d=[0.00854, 1.09338] frac(m>0.5)=0.133 
[ok] 0034_cows: d=[0.00527, 1.10188] frac(m>0.5)=0.034 
[ok] 0035_helicopter: d=[0.00114, 1.28573] frac(m>0.5)=0.157 
[ok] 0036_camel: d=[0.01129, 1.19309] frac(m>0.5)=0.172 
[ok] 0037_snowboard-sand: d=[0.00192, 1.19317] frac(m>0.5)=0.134 
[ok] 0038_motorbike: d=[0.00238, 1.03219] frac(m>0.5)=0.093 
[ok] 0039_chamaleon: d=[0.00225, 1.10079] frac(m>0.5)=0.165 
[ok] 0040_tennis: d=[0.00173, 1.18593] frac(m>0.5)=0.120 
[ok] 0041_longboard: d=[0.00562, 1.23256] frac(m>0.5)=0.214 
[ok] 0042_gym-ball: d=[0.00077, 1.18354] frac(m>0.5)=0.161 
[ok] 0043_parkour: d=[0.00081, 1.11053] frac(m>0.5)=0.136 
[ok] 0044_snowboard: d=[0.01734, 1.16528] frac(m>0.5)=0.216 
[ok] 0045_butterfly: d=[0.00082, 1.17376] frac(m>0.5)=0.128 
[ok] 0046_blackswan: d=[0.00211, 0.87855] frac(m>0.5)=0.087 
[ok] 0047_judo: d=[0.00133, 1.17507] frac(m>0.5)=0.138 
[ok] 0048_hike: d=[0.00034, 0.79147] frac(m>0.5)=0.088 
[ok] 0049_speed-skating: d=[0.00115, 1.44937] frac(m>0.5)=0.193 
[ok] 0050_slackline: d=[0.00298, 1.03735] frac(m>0.5)=0.119 
[ok] 0051_dogs-jump: d=[0.00171, 1.16855] frac(m>0.5)=0.133 
[ok] 0052_mallard-fly: d=[0.00606, 1.15322] frac(m>0.5)=0.061 
[ok] 0053_swing: d=[0.00467, 1.16898] frac(m>0.5)=0.152 
[ok] 0054_train: d=[0.00211, 1.11290] frac(m>0.5)=0.206 
[ok] 0055_pigs: d=[0.00761, 1.03036] frac(m>0.5)=0.211 
[ok] 0056_kart-turn: d=[0.00221, 1.13436] frac(m>0.5)=0.229 
[ok] 0057_dog: d=[0.00776, 1.20491] frac(m>0.5)=0.278 
[ok] 0058_boat: d=[0.00032, 0.94102] frac(m>0.5)=0.091 
[ok] 0059_drift-straight: d=[0.02662, 1.35636] frac(m>0.5)=0.517 
[ok] 0060_motocross-bumps: d=[0.00774, 1.12687] frac(m>0.5)=0.273 
[ok] 0061_mbike-santa: d=[0.01894, 1.16678] frac(m>0.5)=0.638 
[ok] 0062_elephant: d=[0.00120, 1.23576] frac(m>0.5)=0.214 
[ok] 0063_drift-turn: d=[0.03585, 1.19623] frac(m>0.5)=0.546 
[ok] 0064_rollerblade: d=[0.00297, 0.92231] frac(m>0.5)=0.123 
[ok] 0065_twist-dance: d=[0.00151, 1.05386] frac(m>0.5)=0.117 
[ok] 0066_deer: d=[0.00160, 1.34238] frac(m>0.5)=0.320 
[ok] 0067_mbike-trick: d=[0.00029, 1.24954] frac(m>0.5)=0.110 
[ok] 0068_planes-water: d=[0.00063, 1.00615] frac(m>0.5)=0.083 
[ok] 0069_car-turn: d=[0.00204, 1.22085] frac(m>0.5)=0.175 
[ok] 0070_dance-twirl: d=[0.00264, 1.05032] frac(m>0.5)=0.168 
[ok] 0071_mallard-water: d=[0.00413, 0.97138] frac(m>0.5)=0.091 
[ok] 0072_dog-agility: d=[0.00366, 1.16351] frac(m>0.5)=0.144 
[ok] 0073_bmx-rider: d=[0.00085, 1.19506] frac(m>0.5)=0.103 
[ok] 0074_rhino: d=[0.00373, 0.91542] frac(m>0.5)=0.085 
[ok] 0075_A_bicycle: d=[0.00053, 1.03440] frac(m>0.5)=0.100 
[ok] 0076_A_rabbit: d=[0.00162, 1.26192] frac(m>0.5)=0.221 
[ok] 0077_A_hawk: d=[0.00217, 1.31528] frac(m>0.5)=0.202 
[ok] 0078_A_cat: d=[0.00051, 1.08243] frac(m>0.5)=0.129 
[ok] 0079_A_bus: d=[0.00427, 1.39945] frac(m>0.5)=0.232 
[ok] 0080_A_motorcycle: d=[0.00046, 1.18080] frac(m>0.5)=0.237 
[ok] 0081_A_horse: d=[0.00050, 1.16879] frac(m>0.5)=0.084 
[ok] 0082_A_tram: d=[0.00117, 1.22614] frac(m>0.5)=0.252 
[ok] 0083_A_boat: d=[0.00035, 1.08039] frac(m>0.5)=0.143 
[ok] 0084_A_squirrel: d=[0.00424, 1.16862] frac(m>0.5)=0.299 
[ok] 0085_A_tram: d=[0.00090, 1.21938] frac(m>0.5)=0.263 
[ok] 0086_A_red_sports_car: d=[0.00131, 1.42967] frac(m>0.5)=0.120 
[ok] 0087_A_seagull: d=[0.00013, 1.17488] frac(m>0.5)=0.105 
[ok] 0088_A_cyclist: d=[0.00697, 1.21739] frac(m>0.5)=0.263 
[ok] 0089_A_dog: d=[0.00022, 1.44838] frac(m>0.5)=0.198 
[ok] 0090_A_deer: d=[0.00047, 1.09857] frac(m>0.5)=0.077 
[ok] 0091_A_hawk: d=[0.00011, 1.22342] frac(m>0.5)=0.117 
[ok] 0092_A_fox: d=[0.00061, 1.09416] frac(m>0.5)=0.068 
[ok] 0093_A_helicopter: d=[0.00422, 1.18700] frac(m>0.5)=0.176 
[ok] 0094_A_swan: d=[0.00238, 1.10038] frac(m>0.5)=0.014 
[ok] 0095_A_crow: d=[0.00128, 1.31135] frac(m>0.5)=0.228 
[ok] 0096_A_car: d=[0.00049, 1.23396] frac(m>0.5)=0.292 
[ok] 0097_A_bird: d=[0.00073, 1.28968] frac(m>0.5)=0.042 
[ok] 0098_A_squirrel: d=[0.00123, 1.13293] frac(m>0.5)=0.073 
[ok] 0099_A_jogger: d=[0.00351, 1.26672] frac(m>0.5)=0.058 
[ok] 0100_A_deer: d=[0.00252, 1.01714] frac(m>0.5)=0.136 
[r31_div] done arm=lpips edit4: 100/100 ok
--- [r35_stage2] lpips_unblended / edit5 ---
Setting up [LPIPS] perceptual loss: trunk [alex], v[0.1], spatial [on]
Loading model from: /home/ids/skhairi/anaconda3/envs/five-bench/lib/python3.11/site-packages/lpips/weights/v0.1/alex.pth
[r31_div] arm=lpips edit_type=5 cases=9 temporal=mean -> /home/ids/skhairi/Data/dataggen/outputs/five_bench/r35_div/lpips_unblended/edit5
[ok] 0007_guitar-violin: d=[0.00312, 1.17918] frac(m>0.5)=0.093 
[ok] 0009_bear: d=[0.00488, 0.98740] frac(m>0.5)=0.124 
[ok] 0011_lucia: d=[0.01240, 1.34631] frac(m>0.5)=0.043 
[ok] 0019_tennis-vest: d=[0.01056, 1.21397] frac(m>0.5)=0.257 
[ok] 0034_cows: d=[0.03861, 1.19409] frac(m>0.5)=0.243 
[ok] 0036_camel: d=[0.00673, 1.35121] frac(m>0.5)=0.082 
[ok] 0057_dog: d=[0.05523, 1.10190] frac(m>0.5)=0.468 
[ok] 0069_car-turn: d=[0.00186, 1.24308] frac(m>0.5)=0.197 
[ok] 0089_A_dog: d=[0.00025, 1.21969] frac(m>0.5)=0.152 
[r31_div] done arm=lpips edit5: 9/9 ok
--- [r35_stage2] lpips_unblended / edit6 ---
Setting up [LPIPS] perceptual loss: trunk [alex], v[0.1], spatial [on]
Loading model from: /home/ids/skhairi/anaconda3/envs/five-bench/lib/python3.11/site-packages/lpips/weights/v0.1/alex.pth
[r31_div] arm=lpips edit_type=6 cases=10 temporal=mean -> /home/ids/skhairi/Data/dataggen/outputs/five_bench/r35_div/lpips_unblended/edit6
[ok] 0002_girl-dog: d=[0.00607, 1.16425] frac(m>0.5)=0.081 
[ok] 0017_kid-football: d=[0.00076, 1.15990] frac(m>0.5)=0.087 
[ok] 0025_baseball: d=[0.00886, 1.29559] frac(m>0.5)=0.364 
[ok] 0041_longboard: d=[0.00341, 1.08158] frac(m>0.5)=0.066 
[ok] 0042_gym-ball: d=[0.00393, 1.25089] frac(m>0.5)=0.111 
[ok] 0048_hike: d=[0.00032, 0.83386] frac(m>0.5)=0.067 
[ok] 0051_dogs-jump: d=[0.00152, 1.05700] frac(m>0.5)=0.079 
[ok] 0055_pigs: d=[0.00689, 1.03705] frac(m>0.5)=0.167 
[ok] 0078_A_cat: d=[0.00042, 1.09537] frac(m>0.5)=0.075 
[ok] 0088_A_cyclist: d=[0.00537, 1.11566] frac(m>0.5)=0.198 
[r31_div] done arm=lpips edit6: 10/10 ok
[r35_stage2] lpips_unblended edit1: 100 npz -- ok
[r35_stage2] lpips_unblended edit2: 100 npz -- ok
[r35_stage2] lpips_unblended edit3: 100 npz -- ok
[r35_stage2] lpips_unblended edit4: 100 npz -- ok
[r35_stage2] lpips_unblended edit5: 9 npz -- ok
[r35_stage2] lpips_unblended edit6: 10 npz -- ok
[r35_stage2] lpips_unblended: 419 npz total (expect 419)
[r35_stage2] failures: 0
