[r35_stage1] job=1007492_1 regime=first2 blend_sched=first2
[r35_stage1] node=node54 CUDA_VISIBLE_DEVICES=0
[r35_stage1] steps=15 dump_steps=14 measure_index=14 (fully denoised, final x0)
[r35_stage1] no --cases_json -- full bench via run_fivebench's own edit{T}_FiVE.json
[r35_stage1] frames -> /home/ids/skhairi/Data/dataggen/outputs/five_bench/r35_stage1/first2   latents -> /home/ids/skhairi/Data/dataggen/outputs/five_bench/r35_latents/first2/edit{T}
GPU 0: NVIDIA A100-PCIE-40GB (UUID: GPU-320fea9c-c9fc-f129-2081-28f04db690f8)
--- [r35_stage1] first2 / edit1 ---
[r31_stage1] WARNING: --step 15 != 7, R31's stage-1 setting since 2026-09-15.
[r31_stage1] measure_kind=post_injection__final_render: len//2 = 7, so the mask union is injected at index 7 and the bg source-KV at indices > 7.
Free VRAM 39.07861328125 GB
KV inference with 3 frames per block
[r31_stage1] edit_type=1 method=first2 pairs=100 vp_mode=vp steps=15 blend_sched=first2 (Q/K blend ON for the first 2 of 15 steps, then OFF) src_kv=bg_half dump_steps=[14] measure_index=14
[r31_stage1] blender_rate per step = [0, 0, 1, 1, 1, 1, 1, 1, 1, 1, 1, 1, 1, 1, 1]   (0 = blend ON / source-anchored, 1 = blend OFF)
[r31_stage1] frames -> /home/ids/skhairi/Data/dataggen/outputs/five_bench/r35_stage1/first2
[r31_stage1] latents -> /home/ids/skhairi/Data/dataggen/outputs/five_bench/r35_latents/first2/edit1
Moving DynamicSwap_WanTextEncoder to cuda:0 with preserved memory: 30.49254083633423 GB
[[0, 1, 2]] [[0, 1, 2]]
[r31_stage1] GATE1 PASS 0001_bus: step[14] == final latent (shape (15, 1, 18, 16, 60, 104))
[ok] 0001_bus: 1 steps x 69 frames + latents -> 0001_bus.npz
Moving DynamicSwap_WanTextEncoder to cuda:0 with preserved memory: 30.426719188690186 GB
[[22, 23, 24]] [[22, 23, 24, 25]]
Moving DynamicSwap_WanTextEncoder to cuda:0 with preserved memory: 30.370185375213623 GB
[[22, 23, 24]] [[22, 23, 24, 25]]
[r31_stage1] GATE1 PASS 0002_girl-dog: step[14] == final latent (shape (15, 1, 21, 16, 60, 104))
[ok] 0002_girl-dog: 1 steps x 81 frames + latents -> 0002_girl-dog.npz
Moving DynamicSwap_WanTextEncoder to cuda:0 with preserved memory: 30.419350147247314 GB
[[0, 1, 2, 3, 4]] [[2, 3, 4]]
[r31_stage1] GATE1 PASS 0003_ocean-birds: step[14] == final latent (shape (15, 1, 9, 16, 60, 104))
[ok] 0003_ocean-birds: 1 steps x 33 frames + latents -> 0003_ocean-birds.npz
Moving DynamicSwap_WanTextEncoder to cuda:0 with preserved memory: 30.454176425933838 GB
[[0, 1, 2, 3]] [[0, 1, 2, 3]]
[r31_stage1] GATE1 PASS 0004_car-roundabout: step[14] == final latent (shape (15, 1, 18, 16, 60, 104))
[ok] 0004_car-roundabout: 1 steps x 69 frames + latents -> 0004_car-roundabout.npz
Moving DynamicSwap_WanTextEncoder to cuda:0 with preserved memory: 30.426719188690186 GB
[[1, 2, 3]] [[0, 1]]
Moving DynamicSwap_WanTextEncoder to cuda:0 with preserved memory: 30.370185375213623 GB
[[1, 2, 3]] [[0, 1]]
[r31_stage1] GATE1 PASS 0005_breakdance: step[14] == final latent (shape (15, 1, 21, 16, 60, 104))
[ok] 0005_breakdance: 1 steps x 81 frames + latents -> 0005_breakdance.npz
Moving DynamicSwap_WanTextEncoder to cuda:0 with preserved memory: 30.41795587539673 GB
[[0, 1, 2, 3]] [[1]]
[r31_stage1] GATE1 PASS 0006_paragliding: step[14] == final latent (shape (15, 1, 18, 16, 60, 104))
[ok] 0006_paragliding: 1 steps x 69 frames + latents -> 0006_paragliding.npz
Moving DynamicSwap_WanTextEncoder to cuda:0 with preserved memory: 30.428792476654053 GB
[[0, 1]] [[0, 1]]
[r31_stage1] GATE1 PASS 0007_guitar-violin: step[14] == final latent (shape (15, 1, 12, 16, 60, 104))
[ok] 0007_guitar-violin: 1 steps x 45 frames + latents -> 0007_guitar-violin.npz
Moving DynamicSwap_WanTextEncoder to cuda:0 with preserved memory: 30.445529460906982 GB
[[0, 1, 2]] [[0, 1]]
[r31_stage1] GATE1 PASS 0008_snowboard-race: step[14] == final latent (shape (15, 1, 18, 16, 60, 104))
[ok] 0008_snowboard-race: 1 steps x 69 frames + latents -> 0008_snowboard-race.npz
Moving DynamicSwap_WanTextEncoder to cuda:0 with preserved memory: 30.426719188690186 GB
[[0, 1, 2, 3]] [[0, 1, 2]]
Moving DynamicSwap_WanTextEncoder to cuda:0 with preserved memory: 30.370185375213623 GB
[[0, 1, 2, 3]] [[0, 1, 2]]
[r31_stage1] GATE1 PASS 0009_bear: step[14] == final latent (shape (15, 1, 21, 16, 60, 104))
[ok] 0009_bear: 1 steps x 81 frames + latents -> 0009_bear.npz
Moving DynamicSwap_WanTextEncoder to cuda:0 with preserved memory: 30.415724277496338 GB
[[0, 1, 2]] [[0, 1, 2]]
Moving DynamicSwap_WanTextEncoder to cuda:0 with preserved memory: 30.358803272247314 GB
[[0, 1, 2]] [[0, 1, 2]]
[r31_stage1] GATE1 PASS 0010_giant-slalom: step[14] == final latent (shape (15, 1, 30, 16, 60, 104))
[ok] 0010_giant-slalom: 1 steps x 117 frames + latents -> 0010_giant-slalom.npz
Moving DynamicSwap_WanTextEncoder to cuda:0 with preserved memory: 30.391013622283936 GB
[[0, 1, 2, 3, 4, 5]] [[0, 1]]
[r31_stage1] GATE1 PASS 0011_lucia: step[14] == final latent (shape (15, 1, 18, 16, 60, 104))
[ok] 0011_lucia: 1 steps x 69 frames + latents -> 0011_lucia.npz
Moving DynamicSwap_WanTextEncoder to cuda:0 with preserved memory: 30.426719188690186 GB
[[0, 1, 2, 3]] [[0, 1, 2, 3]]
Moving DynamicSwap_WanTextEncoder to cuda:0 with preserved memory: 30.370185375213623 GB
[[0, 1, 2, 3]] [[0, 1, 2, 3]]
[r31_stage1] GATE1 PASS 0012_goat: step[14] == final latent (shape (15, 1, 21, 16, 60, 104))
[ok] 0012_goat: 1 steps x 81 frames + latents -> 0012_goat.npz
Moving DynamicSwap_WanTextEncoder to cuda:0 with preserved memory: 30.41795587539673 GB
[[0, 1]] [[0, 1, 2]]
[r31_stage1] GATE1 PASS 0013_golf: step[14] == final latent (shape (15, 1, 18, 16, 60, 104))
[ok] 0013_golf: 1 steps x 69 frames + latents -> 0013_golf.npz
Moving DynamicSwap_WanTextEncoder to cuda:0 with preserved memory: 30.427676677703857 GB
[[0, 1, 2]] [[0, 1, 2, 3]]
[r31_stage1] GATE1 PASS 0014_burnout: step[14] == final latent (shape (15, 1, 18, 16, 60, 104))
[ok] 0014_burnout: 1 steps x 69 frames + latents -> 0014_burnout.npz
Moving DynamicSwap_WanTextEncoder to cuda:0 with preserved memory: 30.429070949554443 GB
[[0, 1, 2]] [[0, 1, 2, 3]]
[r31_stage1] GATE1 PASS 0015_car-shadow: step[14] == final latent (shape (15, 1, 9, 16, 60, 104))
[ok] 0015_car-shadow: 1 steps x 33 frames + latents -> 0015_car-shadow.npz
Moving DynamicSwap_WanTextEncoder to cuda:0 with preserved memory: 30.45528554916382 GB
[[0, 1, 2, 3, 4]] [[0, 1, 2]]
[r31_stage1] GATE1 PASS 0016_horsejump-high: step[14] == final latent (shape (15, 1, 12, 16, 60, 104))
[ok] 0016_horsejump-high: 1 steps x 45 frames + latents -> 0016_horsejump-high.npz
Moving DynamicSwap_WanTextEncoder to cuda:0 with preserved memory: 30.44603681564331 GB
[[0, 1, 2]] [[0, 1, 2]]
[r31_stage1] GATE1 PASS 0017_kid-football: step[14] == final latent (shape (15, 1, 15, 16, 60, 104))
[ok] 0017_kid-football: 1 steps x 57 frames + latents -> 0017_kid-football.npz
Moving DynamicSwap_WanTextEncoder to cuda:0 with preserved memory: 30.43660306930542 GB
[[0, 1, 2, 3]] [[0, 1]]
[r31_stage1] GATE1 PASS 0018_breakdance-flare: step[14] == final latent (shape (15, 1, 18, 16, 60, 104))
[ok] 0018_breakdance-flare: 1 steps x 69 frames + latents -> 0018_breakdance-flare.npz
Moving DynamicSwap_WanTextEncoder to cuda:0 with preserved memory: 30.427676677703857 GB
[[0, 1, 2]] [[1, 2]]
[r31_stage1] GATE1 PASS 0019_tennis-vest: step[14] == final latent (shape (15, 1, 18, 16, 60, 104))
[ok] 0019_tennis-vest: 1 steps x 69 frames + latents -> 0019_tennis-vest.npz
Moving DynamicSwap_WanTextEncoder to cuda:0 with preserved memory: 30.426719188690186 GB
[[0, 1, 2, 3]] [[2, 3, 4]]
Moving DynamicSwap_WanTextEncoder to cuda:0 with preserved memory: 30.370185375213623 GB
[[0, 1, 2, 3]] [[2, 3, 4]]
[r31_stage1] GATE1 PASS 0020_monkeys: step[14] == final latent (shape (15, 1, 21, 16, 60, 104))
[ok] 0020_monkeys: 1 steps x 81 frames + latents -> 0020_monkeys.npz
Moving DynamicSwap_WanTextEncoder to cuda:0 with preserved memory: 30.419350147247314 GB
[[1, 2]] [[0, 1, 2]]
[r31_stage1] GATE1 PASS 0021_landing: step[14] == final latent (shape (15, 1, 9, 16, 60, 104))
[ok] 0021_landing: 1 steps x 33 frames + latents -> 0021_landing.npz
Moving DynamicSwap_WanTextEncoder to cuda:0 with preserved memory: 30.454734325408936 GB
[[0, 1, 2]] [[0, 1, 2]]
[r31_stage1] GATE1 PASS 0022_skate-jump: step[14] == final latent (shape (15, 1, 15, 16, 60, 104))
[ok] 0022_skate-jump: 1 steps x 57 frames + latents -> 0022_skate-jump.npz
Moving DynamicSwap_WanTextEncoder to cuda:0 with preserved memory: 30.437160968780518 GB
[[0, 1, 2]] [[1, 2, 3, 4]]
[r31_stage1] GATE1 PASS 0023_kayak-race: step[14] == final latent (shape (15, 1, 15, 16, 60, 104))
[ok] 0023_kayak-race: 1 steps x 57 frames + latents -> 0023_kayak-race.npz
Moving DynamicSwap_WanTextEncoder to cuda:0 with preserved memory: 30.43660306930542 GB
[[0, 1, 2, 3, 4, 5]] [[0, 1, 2]]
[r31_stage1] GATE1 PASS 0024_hockey: step[14] == final latent (shape (15, 1, 18, 16, 60, 104))
[ok] 0024_hockey: 1 steps x 69 frames + latents -> 0024_hockey.npz
Moving DynamicSwap_WanTextEncoder to cuda:0 with preserved memory: 30.426719188690186 GB
[[1, 2]] [[0, 1, 2]]
Moving DynamicSwap_WanTextEncoder to cuda:0 with preserved memory: 30.370185375213623 GB
[[1, 2]] [[0, 1, 2]]
[r31_stage1] GATE1 PASS 0025_baseball: step[14] == final latent (shape (15, 1, 21, 16, 60, 104))
[ok] 0025_baseball: 1 steps x 81 frames + latents -> 0025_baseball.npz
Moving DynamicSwap_WanTextEncoder to cuda:0 with preserved memory: 30.41795587539673 GB
[[0, 1, 2, 3]] [[0, 1, 2]]
[r31_stage1] GATE1 PASS 0026_table-tennis: step[14] == final latent (shape (15, 1, 18, 16, 60, 104))
[ok] 0026_table-tennis: 1 steps x 69 frames + latents -> 0026_table-tennis.npz
Moving DynamicSwap_WanTextEncoder to cuda:0 with preserved memory: 30.428234577178955 GB
[[0, 1, 2]] [[0, 1, 2]]
[r31_stage1] GATE1 PASS 0027_dance-jump: step[14] == final latent (shape (15, 1, 15, 16, 60, 104))
[ok] 0027_dance-jump: 1 steps x 57 frames + latents -> 0027_dance-jump.npz
Moving DynamicSwap_WanTextEncoder to cuda:0 with preserved memory: 30.43660306930542 GB
[[0, 1]] [[0, 1, 2]]
[r31_stage1] GATE1 PASS 0028_kite-walk: step[14] == final latent (shape (15, 1, 18, 16, 60, 104))
[ok] 0028_kite-walk: 1 steps x 69 frames + latents -> 0028_kite-walk.npz
Moving DynamicSwap_WanTextEncoder to cuda:0 with preserved memory: 30.428234577178955 GB
[[0, 1, 2, 3, 4]] [[0, 1, 2]]
[r31_stage1] GATE1 PASS 0029_horsejump-stick: step[14] == final latent (shape (15, 1, 15, 16, 60, 104))
[ok] 0029_horsejump-stick: 1 steps x 57 frames + latents -> 0029_horsejump-stick.npz
Moving DynamicSwap_WanTextEncoder to cuda:0 with preserved memory: 30.437718868255615 GB
[[0, 1, 2]] [[0, 1, 2, 3]]
[r31_stage1] GATE1 PASS 0030_rallye: step[14] == final latent (shape (15, 1, 12, 16, 60, 104))
[ok] 0030_rallye: 1 steps x 45 frames + latents -> 0030_rallye.npz
Moving DynamicSwap_WanTextEncoder to cuda:0 with preserved memory: 30.44640874862671 GB
[[0, 1, 2]] [[0, 1]]
[r31_stage1] GATE1 PASS 0031_soccerball: step[14] == final latent (shape (15, 1, 12, 16, 60, 104))
[ok] 0031_soccerball: 1 steps x 45 frames + latents -> 0031_soccerball.npz
Moving DynamicSwap_WanTextEncoder to cuda:0 with preserved memory: 30.445478916168213 GB
[[0, 1, 2, 3, 4, 5, 6, 7]] [[0, 1]]
[ERROR] 0032_mermaid: CUDA out of memory. Tried to allocate 696.00 MiB. GPU 0 has a total capacity of 39.49 GiB of which 320.50 MiB is free. Including non-PyTorch memory, this process has 39.17 GiB memory in use. Of the allocated memory 37.33 GiB is allocated by PyTorch, and 1.34 GiB is reserved by PyTorch but unallocated. If reserved but unallocated memory is large try setting PYTORCH_CUDA_ALLOC_CONF=expandable_segments:True to avoid fragmentation.  See documentation for Memory Management  (https://pytorch.org/docs/stable/notes/cuda.html#environment-variables)
Moving DynamicSwap_WanTextEncoder to cuda:0 with preserved memory: 30.44603681564331 GB
[[0, 1, 2, 3, 4, 5]] [[3, 4, 5, 6]]
[r31_stage1] GATE1 PASS 0033_horsejump-low: step[14] == final latent (shape (15, 1, 15, 16, 60, 104))
[ok] 0033_horsejump-low: 1 steps x 57 frames + latents -> 0033_horsejump-low.npz
Moving DynamicSwap_WanTextEncoder to cuda:0 with preserved memory: 30.435250759124756 GB
[[0, 1, 2, 3, 4]] [[0, 1, 2, 3, 4]]
Moving DynamicSwap_WanTextEncoder to cuda:0 with preserved memory: 30.378716945648193 GB
[[0, 1, 2, 3, 4]] [[0, 1, 2, 3, 4]]
[r31_stage1] GATE1 PASS 0034_cows: step[14] == final latent (shape (15, 1, 24, 16, 60, 104))
[ok] 0034_cows: 1 steps x 93 frames + latents -> 0034_cows.npz
Moving DynamicSwap_WanTextEncoder to cuda:0 with preserved memory: 30.41070318222046 GB
[[0, 1, 2]] [[0, 1]]
[r31_stage1] GATE1 PASS 0035_helicopter: step[14] == final latent (shape (15, 1, 12, 16, 60, 104))
[ok] 0035_helicopter: 1 steps x 45 frames + latents -> 0035_helicopter.npz
Moving DynamicSwap_WanTextEncoder to cuda:0 with preserved memory: 30.44457197189331 GB
[[0, 1, 2]] [[0, 1]]
Moving DynamicSwap_WanTextEncoder to cuda:0 with preserved memory: 30.388038158416748 GB
[[0, 1, 2]] [[0, 1]]
[r31_stage1] GATE1 PASS 0036_camel: step[14] == final latent (shape (15, 1, 21, 16, 60, 104))
[ok] 0036_camel: 1 steps x 81 frames + latents -> 0036_camel.npz
Moving DynamicSwap_WanTextEncoder to cuda:0 with preserved memory: 30.419071674346924 GB
[[0, 1]] [[0, 1, 2]]
[r31_stage1] GATE1 PASS 0037_snowboard-sand: step[14] == final latent (shape (15, 1, 12, 16, 60, 104))
[ok] 0037_snowboard-sand: 1 steps x 45 frames + latents -> 0037_snowboard-sand.npz
Moving DynamicSwap_WanTextEncoder to cuda:0 with preserved memory: 30.44692373275757 GB
[[0, 1, 2, 3, 4, 5, 6]] [[0, 1]]
