[r35_stage2] job=1007671_3 combo=lpips_first2 arm=lpips regime=first2
[r35_stage2] node=node39 CUDA_VISIBLE_DEVICES=0
[r35_stage2] target=/home/ids/skhairi/Data/dataggen/outputs/five_bench/r35_stage1/first2/step14  latents=/home/ids/skhairi/Data/dataggen/outputs/five_bench/r35_latents/first2  -> /home/ids/skhairi/Data/dataggen/outputs/five_bench/r35_div/lpips_first2
GPU 0: NVIDIA L40S (UUID: GPU-25914df1-99ab-e6a7-5f87-359345c089bf)
[r35_stage2] preflight OK: 419 stage-1 latents for regime=first2 (expect 419)
--- [r35_stage2] lpips_first2 / edit1 ---
Setting up [LPIPS] perceptual loss: trunk [alex], v[0.1], spatial [on]
Loading model from: /home/ids/skhairi/anaconda3/envs/five-bench/lib/python3.11/site-packages/lpips/weights/v0.1/alex.pth
[r31_div] arm=lpips edit_type=1 cases=100 temporal=mean -> /home/ids/skhairi/Data/dataggen/outputs/five_bench/r35_div/lpips_first2/edit1
[ok] 0001_bus: d=[0.00301, 1.09251] frac(m>0.5)=0.159 
[ok] 0002_girl-dog: d=[0.00426, 0.86769] frac(m>0.5)=0.038 
[ok] 0003_ocean-birds: d=[0.00423, 1.02016] frac(m>0.5)=0.229 
[ok] 0004_car-roundabout: d=[0.00381, 0.91697] frac(m>0.5)=0.115 
[ok] 0005_breakdance: d=[0.00125, 1.11820] frac(m>0.5)=0.109 
[ok] 0006_paragliding: d=[0.00529, 1.30684] frac(m>0.5)=0.047 
[ok] 0007_guitar-violin: d=[0.00435, 1.15488] frac(m>0.5)=0.321 
[ok] 0008_snowboard-race: d=[0.00089, 0.98005] frac(m>0.5)=0.122 
[ok] 0009_bear: d=[0.00488, 1.03423] frac(m>0.5)=0.157 
[ok] 0010_giant-slalom: d=[0.00039, 1.20661] frac(m>0.5)=0.043 
[ok] 0011_lucia: d=[0.01138, 0.83068] frac(m>0.5)=0.052 
[ok] 0012_goat: d=[0.02032, 1.12423] frac(m>0.5)=0.100 
[ok] 0013_golf: d=[0.00022, 0.83320] frac(m>0.5)=0.029 
[ok] 0014_burnout: d=[0.00417, 1.04813] frac(m>0.5)=0.091 
[ok] 0015_car-shadow: d=[0.00426, 0.97496] frac(m>0.5)=0.097 
[ok] 0016_horsejump-high: d=[0.00066, 0.97610] frac(m>0.5)=0.080 
[ok] 0017_kid-football: d=[0.00040, 1.03876] frac(m>0.5)=0.069 
[ok] 0018_breakdance-flare: d=[0.00341, 1.31756] frac(m>0.5)=0.122 
[ok] 0019_tennis-vest: d=[0.00128, 0.97263] frac(m>0.5)=0.067 
[ok] 0020_monkeys: d=[0.01699, 1.12579] frac(m>0.5)=0.119 
[ok] 0021_landing: d=[0.00063, 1.13624] frac(m>0.5)=0.167 
[ok] 0022_skate-jump: d=[0.00036, 0.89874] frac(m>0.5)=0.034 
[ok] 0023_kayak-race: d=[0.00028, 0.90671] frac(m>0.5)=0.139 
[ok] 0024_hockey: d=[0.00293, 0.96014] frac(m>0.5)=0.082 
[ok] 0025_baseball: d=[0.00423, 1.12255] frac(m>0.5)=0.086 
[ok] 0026_table-tennis: d=[0.00029, 0.93948] frac(m>0.5)=0.063 
[ok] 0027_dance-jump: d=[0.00596, 1.21947] frac(m>0.5)=0.074 
[ok] 0028_kite-walk: d=[0.00122, 0.92461] frac(m>0.5)=0.037 
[ok] 0029_horsejump-stick: d=[0.01004, 1.06727] frac(m>0.5)=0.095 
[ok] 0030_rallye: d=[0.00029, 1.23967] frac(m>0.5)=0.134 
[ok] 0031_soccerball: d=[0.00360, 1.02852] frac(m>0.5)=0.022 
[ok] 0032_mermaid: d=[0.00072, 0.99653] frac(m>0.5)=0.228 
[ok] 0033_horsejump-low: d=[0.00510, 0.95922] frac(m>0.5)=0.097 
[ok] 0034_cows: d=[0.01372, 1.18705] frac(m>0.5)=0.188 
[ok] 0035_helicopter: d=[0.00135, 1.07600] frac(m>0.5)=0.069 
[ok] 0036_camel: d=[0.00674, 1.05545] frac(m>0.5)=0.180 
[ok] 0037_snowboard-sand: d=[0.00121, 1.01250] frac(m>0.5)=0.083 
[ok] 0038_motorbike: d=[0.00274, 0.90470] frac(m>0.5)=0.037 
[ok] 0039_chamaleon: d=[0.00218, 1.38974] frac(m>0.5)=0.052 
[ok] 0040_tennis: d=[0.00176, 1.13954] frac(m>0.5)=0.056 
[ok] 0041_longboard: d=[0.00513, 1.09560] frac(m>0.5)=0.183 
[ok] 0042_gym-ball: d=[0.00078, 1.06925] frac(m>0.5)=0.114 
[ok] 0043_parkour: d=[0.00077, 1.06678] frac(m>0.5)=0.071 
[ok] 0044_snowboard: d=[0.01617, 1.07288] frac(m>0.5)=0.183 
[ok] 0045_butterfly: d=[0.00088, 1.07516] frac(m>0.5)=0.108 
[ok] 0046_blackswan: d=[0.00170, 1.00291] frac(m>0.5)=0.163 
[ok] 0047_judo: d=[0.00099, 1.10228] frac(m>0.5)=0.182 
[ok] 0048_hike: d=[0.00033, 0.96881] frac(m>0.5)=0.047 
[ok] 0049_speed-skating: d=[0.00128, 1.08906] frac(m>0.5)=0.124 
[ok] 0050_slackline: d=[0.00278, 1.25676] frac(m>0.5)=0.055 
[ok] 0051_dogs-jump: d=[0.00192, 0.86212] frac(m>0.5)=0.095 
[ok] 0052_mallard-fly: d=[0.00630, 1.21758] frac(m>0.5)=0.053 
[ok] 0053_swing: d=[0.00394, 1.16196] frac(m>0.5)=0.066 
[ok] 0054_train: d=[0.00200, 0.96480] frac(m>0.5)=0.102 
[ok] 0055_pigs: d=[0.00791, 1.13572] frac(m>0.5)=0.233 
[ok] 0056_kart-turn: d=[0.00179, 1.10415] frac(m>0.5)=0.236 
[ok] 0057_dog: d=[0.00622, 1.07052] frac(m>0.5)=0.115 
[ok] 0058_boat: d=[0.00029, 0.93724] frac(m>0.5)=0.140 
[ok] 0059_drift-straight: d=[0.00222, 0.98180] frac(m>0.5)=0.149 
[ok] 0060_motocross-bumps: d=[0.00849, 1.07694] frac(m>0.5)=0.151 
[ok] 0061_mbike-santa: d=[0.01186, 0.97907] frac(m>0.5)=0.257 
[ok] 0062_elephant: d=[0.00060, 1.21475] frac(m>0.5)=0.101 
[ok] 0063_drift-turn: d=[0.00569, 1.00908] frac(m>0.5)=0.190 
[ok] 0064_rollerblade: d=[0.00163, 1.10565] frac(m>0.5)=0.041 
[ok] 0065_twist-dance: d=[0.00152, 0.97766] frac(m>0.5)=0.082 
[ok] 0066_deer: d=[0.00090, 1.03899] frac(m>0.5)=0.166 
[ok] 0067_mbike-trick: d=[0.00023, 1.06848] frac(m>0.5)=0.052 
[ok] 0068_planes-water: d=[0.00055, 0.91638] frac(m>0.5)=0.078 
[ok] 0069_car-turn: d=[0.00229, 1.08648] frac(m>0.5)=0.055 
[ok] 0070_dance-twirl: d=[0.00233, 1.05790] frac(m>0.5)=0.097 
[ok] 0071_mallard-water: d=[0.00373, 1.11999] frac(m>0.5)=0.095 
[ok] 0072_dog-agility: d=[0.00268, 1.00338] frac(m>0.5)=0.115 
[ok] 0073_bmx-rider: d=[0.00072, 0.96585] frac(m>0.5)=0.024 
[ok] 0074_rhino: d=[0.00304, 1.19380] frac(m>0.5)=0.216 
[ok] 0075_A_bicycle: d=[0.00077, 1.05665] frac(m>0.5)=0.096 
[ok] 0076_A_rabbit: d=[0.00154, 1.10169] frac(m>0.5)=0.124 
[ok] 0077_A_hawk: d=[0.00148, 1.15755] frac(m>0.5)=0.041 
[ok] 0078_A_cat: d=[0.00067, 1.14747] frac(m>0.5)=0.123 
[ok] 0079_A_bus: d=[0.00320, 1.08109] frac(m>0.5)=0.204 
[ok] 0080_A_motorcycle: d=[0.00039, 0.94134] frac(m>0.5)=0.106 
[ok] 0081_A_horse: d=[0.00045, 1.04218] frac(m>0.5)=0.081 
[ok] 0082_A_tram: d=[0.00060, 0.93811] frac(m>0.5)=0.189 
[ok] 0083_A_boat: d=[0.00052, 1.24070] frac(m>0.5)=0.144 
[ok] 0084_A_squirrel: d=[0.00119, 1.23125] frac(m>0.5)=0.124 
[ok] 0085_A_tram: d=[0.00090, 0.99982] frac(m>0.5)=0.143 
[ok] 0086_A_red_sports_car: d=[0.00069, 1.43168] frac(m>0.5)=0.043 
[ok] 0087_A_seagull: d=[0.00011, 0.86245] frac(m>0.5)=0.027 
[ok] 0088_A_cyclist: d=[0.00403, 1.02427] frac(m>0.5)=0.156 
[ok] 0089_A_dog: d=[0.00024, 1.05212] frac(m>0.5)=0.184 
[ok] 0090_A_deer: d=[0.00047, 1.07949] frac(m>0.5)=0.073 
[ok] 0091_A_hawk: d=[0.00011, 0.89967] frac(m>0.5)=0.024 
[ok] 0092_A_fox: d=[0.00059, 1.13484] frac(m>0.5)=0.081 
[ok] 0093_A_helicopter: d=[0.00518, 1.16774] frac(m>0.5)=0.231 
[ok] 0094_A_swan: d=[0.00237, 1.05221] frac(m>0.5)=0.113 
[ok] 0095_A_crow: d=[0.00108, 1.22206] frac(m>0.5)=0.183 
[ok] 0096_A_car: d=[0.00050, 1.00111] frac(m>0.5)=0.029 
[ok] 0097_A_bird: d=[0.00091, 1.16434] frac(m>0.5)=0.085 
[ok] 0098_A_squirrel: d=[0.00127, 1.17077] frac(m>0.5)=0.169 
[ok] 0099_A_jogger: d=[0.00324, 1.06062] frac(m>0.5)=0.059 
[ok] 0100_A_deer: d=[0.00247, 1.01281] frac(m>0.5)=0.132 
[r31_div] done arm=lpips edit1: 100/100 ok
--- [r35_stage2] lpips_first2 / edit2 ---
Setting up [LPIPS] perceptual loss: trunk [alex], v[0.1], spatial [on]
Loading model from: /home/ids/skhairi/anaconda3/envs/five-bench/lib/python3.11/site-packages/lpips/weights/v0.1/alex.pth
[r31_div] arm=lpips edit_type=2 cases=100 temporal=mean -> /home/ids/skhairi/Data/dataggen/outputs/five_bench/r35_div/lpips_first2/edit2
[ok] 0001_bus: d=[0.00285, 1.11948] frac(m>0.5)=0.185 
[ok] 0002_girl-dog: d=[0.00688, 1.01938] frac(m>0.5)=0.178 
[ok] 0003_ocean-birds: d=[0.00363, 1.16361] frac(m>0.5)=0.181 
[ok] 0004_car-roundabout: d=[0.00447, 1.05843] frac(m>0.5)=0.132 
[ok] 0005_breakdance: d=[0.00125, 1.18766] frac(m>0.5)=0.149 
[ok] 0006_paragliding: d=[0.00581, 1.27213] frac(m>0.5)=0.192 
[ok] 0007_guitar-violin: d=[0.00402, 1.32027] frac(m>0.5)=0.400 
[ok] 0008_snowboard-race: d=[0.00080, 1.07055] frac(m>0.5)=0.098 
[ok] 0009_bear: d=[0.00474, 1.10685] frac(m>0.5)=0.258 
[ok] 0010_giant-slalom: d=[0.00038, 1.16953] frac(m>0.5)=0.064 
[ok] 0011_lucia: d=[0.01154, 1.33239] frac(m>0.5)=0.118 
[ok] 0012_goat: d=[0.01453, 1.13249] frac(m>0.5)=0.105 
[ok] 0013_golf: d=[0.00018, 1.12412] frac(m>0.5)=0.098 
[ok] 0014_burnout: d=[0.00796, 1.00355] frac(m>0.5)=0.159 
[ok] 0015_car-shadow: d=[0.00500, 0.97377] frac(m>0.5)=0.126 
[ok] 0016_horsejump-high: d=[0.00064, 0.97107] frac(m>0.5)=0.083 
[ok] 0017_kid-football: d=[0.00057, 1.34900] frac(m>0.5)=0.250 
[ok] 0018_breakdance-flare: d=[0.00298, 1.31117] frac(m>0.5)=0.139 
[ok] 0019_tennis-vest: d=[0.00148, 1.29168] frac(m>0.5)=0.080 
[ok] 0020_monkeys: d=[0.01934, 1.12241] frac(m>0.5)=0.259 
[ok] 0021_landing: d=[0.00216, 1.45468] frac(m>0.5)=0.236 
[ok] 0022_skate-jump: d=[0.00038, 1.11241] frac(m>0.5)=0.082 
[ok] 0023_kayak-race: d=[0.00035, 1.28705] frac(m>0.5)=0.108 
[ok] 0024_hockey: d=[0.00280, 1.27044] frac(m>0.5)=0.064 
[ok] 0025_baseball: d=[0.00422, 1.06294] frac(m>0.5)=0.122 
[ok] 0026_table-tennis: d=[0.00037, 0.98973] frac(m>0.5)=0.078 
[ok] 0027_dance-jump: d=[0.00743, 1.16863] frac(m>0.5)=0.083 
[ok] 0028_kite-walk: d=[0.00133, 1.25098] frac(m>0.5)=0.033 
[ok] 0029_horsejump-stick: d=[0.01243, 0.93431] frac(m>0.5)=0.119 
[ok] 0030_rallye: d=[0.00026, 1.15602] frac(m>0.5)=0.115 
[ok] 0031_soccerball: d=[0.00612, 1.13861] frac(m>0.5)=0.020 
[ok] 0032_mermaid: d=[0.00085, 0.99309] frac(m>0.5)=0.168 
[ok] 0033_horsejump-low: d=[0.00615, 1.02847] frac(m>0.5)=0.087 
[ok] 0034_cows: d=[0.01616, 1.45918] frac(m>0.5)=0.107 
[ok] 0035_helicopter: d=[0.00125, 1.05867] frac(m>0.5)=0.111 
[ok] 0036_camel: d=[0.00753, 1.11008] frac(m>0.5)=0.139 
[ok] 0037_snowboard-sand: d=[0.00124, 1.06544] frac(m>0.5)=0.099 
[ok] 0038_motorbike: d=[0.00267, 0.97697] frac(m>0.5)=0.065 
[ok] 0039_chamaleon: d=[0.00233, 1.20375] frac(m>0.5)=0.138 
[ok] 0040_tennis: d=[0.00175, 1.21552] frac(m>0.5)=0.105 
[ok] 0041_longboard: d=[0.00480, 1.10075] frac(m>0.5)=0.092 
[ok] 0042_gym-ball: d=[0.00076, 1.06008] frac(m>0.5)=0.128 
[ok] 0043_parkour: d=[0.00078, 1.05068] frac(m>0.5)=0.097 
[ok] 0044_snowboard: d=[0.01234, 1.08333] frac(m>0.5)=0.171 
[ok] 0045_butterfly: d=[0.00089, 1.20079] frac(m>0.5)=0.126 
[ok] 0046_blackswan: d=[0.00999, 1.15628] frac(m>0.5)=0.324 
[ok] 0047_judo: d=[0.00121, 1.05360] frac(m>0.5)=0.202 
[ok] 0048_hike: d=[0.00038, 0.98566] frac(m>0.5)=0.079 
[ok] 0049_speed-skating: d=[0.00112, 1.04740] frac(m>0.5)=0.152 
[ok] 0050_slackline: d=[0.00288, 1.34998] frac(m>0.5)=0.104 
[ok] 0051_dogs-jump: d=[0.00184, 0.93770] frac(m>0.5)=0.154 
[ok] 0052_mallard-fly: d=[0.00735, 1.09779] frac(m>0.5)=0.065 
[ok] 0053_swing: d=[0.00773, 1.09675] frac(m>0.5)=0.065 
[ok] 0054_train: d=[0.00198, 1.15030] frac(m>0.5)=0.158 
[ok] 0055_pigs: d=[0.00854, 1.30199] frac(m>0.5)=0.250 
[ok] 0056_kart-turn: d=[0.00142, 1.03640] frac(m>0.5)=0.240 
[ok] 0057_dog: d=[0.00498, 1.08527] frac(m>0.5)=0.166 
[ok] 0058_boat: d=[0.00029, 1.01833] frac(m>0.5)=0.101 
[ok] 0059_drift-straight: d=[0.00252, 0.95244] frac(m>0.5)=0.147 
[ok] 0060_motocross-bumps: d=[0.00826, 1.03981] frac(m>0.5)=0.181 
[ok] 0061_mbike-santa: d=[0.02194, 1.07316] frac(m>0.5)=0.356 
[ok] 0062_elephant: d=[0.00062, 1.15735] frac(m>0.5)=0.183 
[ok] 0063_drift-turn: d=[0.00467, 1.02996] frac(m>0.5)=0.173 
[ok] 0064_rollerblade: d=[0.00134, 1.13514] frac(m>0.5)=0.061 
[ok] 0065_twist-dance: d=[0.00345, 1.10177] frac(m>0.5)=0.072 
[ok] 0066_deer: d=[0.00093, 1.15319] frac(m>0.5)=0.245 
[ok] 0067_mbike-trick: d=[0.00023, 1.10092] frac(m>0.5)=0.097 
[ok] 0068_planes-water: d=[0.00058, 1.01541] frac(m>0.5)=0.211 
[ok] 0069_car-turn: d=[0.00215, 1.05773] frac(m>0.5)=0.098 
[ok] 0070_dance-twirl: d=[0.00214, 1.02478] frac(m>0.5)=0.108 
[ok] 0071_mallard-water: d=[0.00474, 1.04885] frac(m>0.5)=0.081 
[ok] 0072_dog-agility: d=[0.00218, 1.17651] frac(m>0.5)=0.116 
[ok] 0073_bmx-rider: d=[0.00063, 0.88283] frac(m>0.5)=0.034 
[ok] 0074_rhino: d=[0.00286, 1.20579] frac(m>0.5)=0.197 
[ok] 0075_A_bicycle: d=[0.00091, 1.05716] frac(m>0.5)=0.137 
[ok] 0076_A_rabbit: d=[0.00186, 1.17885] frac(m>0.5)=0.138 
[ok] 0077_A_hawk: d=[0.00163, 1.20323] frac(m>0.5)=0.061 
[ok] 0078_A_cat: d=[0.00043, 1.02344] frac(m>0.5)=0.139 
[ok] 0079_A_bus: d=[0.00354, 1.47387] frac(m>0.5)=0.136 
[ok] 0080_A_motorcycle: d=[0.00043, 0.96487] frac(m>0.5)=0.114 
[ok] 0081_A_horse: d=[0.00065, 1.25280] frac(m>0.5)=0.282 
[ok] 0082_A_tram: d=[0.00054, 1.13530] frac(m>0.5)=0.282 
[ok] 0083_A_boat: d=[0.00031, 1.12734] frac(m>0.5)=0.133 
[ok] 0084_A_squirrel: d=[0.00183, 1.21169] frac(m>0.5)=0.088 
[ok] 0085_A_tram: d=[0.00076, 1.09323] frac(m>0.5)=0.210 
[ok] 0086_A_red_sports_car: d=[0.00225, 1.27212] frac(m>0.5)=0.098 
[ok] 0087_A_seagull: d=[0.00011, 0.98658] frac(m>0.5)=0.038 
[ok] 0088_A_cyclist: d=[0.00373, 0.99879] frac(m>0.5)=0.159 
[ok] 0089_A_dog: d=[0.00026, 1.29916] frac(m>0.5)=0.166 
[ok] 0090_A_deer: d=[0.00055, 1.21003] frac(m>0.5)=0.116 
[ok] 0091_A_hawk: d=[0.00013, 1.32279] frac(m>0.5)=0.008 
[ok] 0092_A_fox: d=[0.00067, 1.31322] frac(m>0.5)=0.111 
[ok] 0093_A_helicopter: d=[0.00629, 1.22177] frac(m>0.5)=0.260 
[ok] 0094_A_swan: d=[0.00256, 1.05076] frac(m>0.5)=0.117 
[ok] 0095_A_crow: d=[0.00116, 1.29142] frac(m>0.5)=0.255 
[ok] 0096_A_car: d=[0.03124, 1.45582] frac(m>0.5)=0.317 
[ok] 0097_A_bird: d=[0.00365, 1.49145] frac(m>0.5)=0.063 
[ok] 0098_A_squirrel: d=[0.00150, 1.38819] frac(m>0.5)=0.192 
[ok] 0099_A_jogger: d=[0.00376, 1.02539] frac(m>0.5)=0.072 
[ok] 0100_A_deer: d=[0.00286, 1.19514] frac(m>0.5)=0.126 
[r31_div] done arm=lpips edit2: 100/100 ok
--- [r35_stage2] lpips_first2 / edit3 ---
Setting up [LPIPS] perceptual loss: trunk [alex], v[0.1], spatial [on]
Loading model from: /home/ids/skhairi/anaconda3/envs/five-bench/lib/python3.11/site-packages/lpips/weights/v0.1/alex.pth
[r31_div] arm=lpips edit_type=3 cases=100 temporal=mean -> /home/ids/skhairi/Data/dataggen/outputs/five_bench/r35_div/lpips_first2/edit3
[ok] 0001_bus: d=[0.00408, 0.94001] frac(m>0.5)=0.091 
[ok] 0002_girl-dog: d=[0.00408, 1.09464] frac(m>0.5)=0.034 
[ok] 0003_ocean-birds: d=[0.00373, 1.21629] frac(m>0.5)=0.093 
[ok] 0004_car-roundabout: d=[0.00746, 1.03699] frac(m>0.5)=0.067 
[ok] 0005_breakdance: d=[0.00122, 1.00426] frac(m>0.5)=0.082 
[ok] 0006_paragliding: d=[0.00490, 1.02847] frac(m>0.5)=0.037 
[ok] 0007_guitar-violin: d=[0.00223, 0.93243] frac(m>0.5)=0.084 
[ok] 0008_snowboard-race: d=[0.00082, 1.07485] frac(m>0.5)=0.067 
[ok] 0009_bear: d=[0.00474, 1.10454] frac(m>0.5)=0.075 
[ok] 0010_giant-slalom: d=[0.00033, 1.00594] frac(m>0.5)=0.017 
[ok] 0011_lucia: d=[0.00880, 0.96778] frac(m>0.5)=0.041 
[ok] 0012_goat: d=[0.02233, 1.02333] frac(m>0.5)=0.079 
[ok] 0013_golf: d=[0.00021, 1.00457] frac(m>0.5)=0.017 
[ok] 0014_burnout: d=[0.00861, 1.06268] frac(m>0.5)=0.093 
[ok] 0015_car-shadow: d=[0.00552, 0.91300] frac(m>0.5)=0.062 
[ok] 0016_horsejump-high: d=[0.00070, 0.93083] frac(m>0.5)=0.068 
[ok] 0017_kid-football: d=[0.00078, 0.95123] frac(m>0.5)=0.035 
[ok] 0018_breakdance-flare: d=[0.00314, 1.21480] frac(m>0.5)=0.049 
[ok] 0019_tennis-vest: d=[0.00133, 0.84306] frac(m>0.5)=0.028 
[ok] 0020_monkeys: d=[0.01648, 0.95569] frac(m>0.5)=0.158 
[ok] 0021_landing: d=[0.00047, 1.15936] frac(m>0.5)=0.087 
[ok] 0022_skate-jump: d=[0.00032, 1.05677] frac(m>0.5)=0.028 
[ok] 0023_kayak-race: d=[0.00044, 1.08808] frac(m>0.5)=0.089 
[ok] 0024_hockey: d=[0.00248, 1.05314] frac(m>0.5)=0.048 
[ok] 0025_baseball: d=[0.00465, 1.16450] frac(m>0.5)=0.060 
[ok] 0026_table-tennis: d=[0.00103, 1.01764] frac(m>0.5)=0.026 
[ok] 0027_dance-jump: d=[0.01422, 1.01688] frac(m>0.5)=0.125 
[ok] 0028_kite-walk: d=[0.00145, 0.80592] frac(m>0.5)=0.008 
[ok] 0029_horsejump-stick: d=[0.01603, 1.14134] frac(m>0.5)=0.095 
[ok] 0030_rallye: d=[0.00024, 1.00484] frac(m>0.5)=0.033 
[ok] 0031_soccerball: d=[0.00284, 0.93047] frac(m>0.5)=0.024 
[ok] 0032_mermaid: d=[0.00099, 1.31672] frac(m>0.5)=0.084 
[ok] 0033_horsejump-low: d=[0.00575, 0.97578] frac(m>0.5)=0.077 
[ok] 0034_cows: d=[0.00513, 0.99186] frac(m>0.5)=0.097 
[ok] 0035_helicopter: d=[0.00108, 1.01649] frac(m>0.5)=0.063 
[ok] 0036_camel: d=[0.00538, 0.98568] frac(m>0.5)=0.128 
[ok] 0037_snowboard-sand: d=[0.00114, 1.01366] frac(m>0.5)=0.057 
[ok] 0038_motorbike: d=[0.00475, 0.88106] frac(m>0.5)=0.043 
[ok] 0039_chamaleon: d=[0.00241, 1.29695] frac(m>0.5)=0.102 
[ok] 0040_tennis: d=[0.00182, 1.07364] frac(m>0.5)=0.052 
[ok] 0041_longboard: d=[0.00347, 1.01432] frac(m>0.5)=0.040 
[ok] 0042_gym-ball: d=[0.00074, 1.16299] frac(m>0.5)=0.078 
[ok] 0043_parkour: d=[0.00073, 0.96626] frac(m>0.5)=0.066 
[ok] 0044_snowboard: d=[0.01056, 1.04768] frac(m>0.5)=0.139 
[ok] 0045_butterfly: d=[0.00083, 1.07376] frac(m>0.5)=0.063 
[ok] 0046_blackswan: d=[0.00327, 1.06167] frac(m>0.5)=0.164 
[ok] 0047_judo: d=[0.00112, 1.06167] frac(m>0.5)=0.143 
[ok] 0048_hike: d=[0.00035, 0.99272] frac(m>0.5)=0.036 
[ok] 0049_speed-skating: d=[0.00109, 1.22648] frac(m>0.5)=0.064 
[ok] 0050_slackline: d=[0.00272, 1.00846] frac(m>0.5)=0.089 
[ok] 0051_dogs-jump: d=[0.00178, 0.88377] frac(m>0.5)=0.059 
[ok] 0052_mallard-fly: d=[0.00783, 1.07758] frac(m>0.5)=0.040 
[ok] 0053_swing: d=[0.00427, 1.02241] frac(m>0.5)=0.067 
[ok] 0054_train: d=[0.00435, 1.03123] frac(m>0.5)=0.157 
[ok] 0055_pigs: d=[0.00738, 0.98506] frac(m>0.5)=0.202 
[ok] 0056_kart-turn: d=[0.00205, 1.04644] frac(m>0.5)=0.197 
[ok] 0057_dog: d=[0.01448, 1.10707] frac(m>0.5)=0.155 
[ok] 0058_boat: d=[0.00036, 1.05240] frac(m>0.5)=0.054 
[ok] 0059_drift-straight: d=[0.00353, 1.08892] frac(m>0.5)=0.136 
[ok] 0060_motocross-bumps: d=[0.01099, 1.07046] frac(m>0.5)=0.146 
[ok] 0061_mbike-santa: d=[0.01185, 0.95162] frac(m>0.5)=0.341 
[ok] 0062_elephant: d=[0.00058, 1.02594] frac(m>0.5)=0.166 
[ok] 0063_drift-turn: d=[0.00697, 1.04207] frac(m>0.5)=0.199 
[ok] 0064_rollerblade: d=[0.00217, 0.87833] frac(m>0.5)=0.031 
[ok] 0065_twist-dance: d=[0.00220, 1.21806] frac(m>0.5)=0.024 
[ok] 0066_deer: d=[0.00080, 1.11020] frac(m>0.5)=0.171 
[ok] 0067_mbike-trick: d=[0.00025, 1.07087] frac(m>0.5)=0.047 
[ok] 0068_planes-water: d=[0.00058, 0.73451] frac(m>0.5)=0.031 
[ok] 0069_car-turn: d=[0.00203, 1.12392] frac(m>0.5)=0.071 
[ok] 0070_dance-twirl: d=[0.00239, 1.21887] frac(m>0.5)=0.051 
[ok] 0071_mallard-water: d=[0.00472, 0.91225] frac(m>0.5)=0.049 
[ok] 0072_dog-agility: d=[0.00389, 0.97019] frac(m>0.5)=0.109 
[ok] 0073_bmx-rider: d=[0.00060, 0.93423] frac(m>0.5)=0.036 
[ok] 0074_rhino: d=[0.00307, 0.84006] frac(m>0.5)=0.122 
[ok] 0075_A_bicycle: d=[0.00031, 0.80259] frac(m>0.5)=0.041 
[ok] 0076_A_rabbit: d=[0.00173, 1.22359] frac(m>0.5)=0.111 
[ok] 0077_A_hawk: d=[0.00166, 0.98185] frac(m>0.5)=0.042 
[ok] 0078_A_cat: d=[0.00038, 1.15022] frac(m>0.5)=0.078 
[ok] 0079_A_bus: d=[0.00337, 1.12151] frac(m>0.5)=0.130 
[ok] 0080_A_motorcycle: d=[0.00051, 0.89470] frac(m>0.5)=0.117 
[ok] 0081_A_horse: d=[0.00044, 0.82561] frac(m>0.5)=0.065 
[ok] 0082_A_tram: d=[0.00051, 0.99127] frac(m>0.5)=0.141 
[ok] 0083_A_boat: d=[0.00038, 1.05634] frac(m>0.5)=0.093 
[ok] 0084_A_squirrel: d=[0.00090, 1.11949] frac(m>0.5)=0.081 
[ok] 0085_A_tram: d=[0.00088, 1.15307] frac(m>0.5)=0.111 
[ok] 0086_A_red_sports_car: d=[0.00056, 1.12153] frac(m>0.5)=0.058 
[ok] 0087_A_seagull: d=[0.00010, 0.82554] frac(m>0.5)=0.024 
[ok] 0088_A_cyclist: d=[0.00344, 0.89798] frac(m>0.5)=0.070 
[ok] 0089_A_dog: d=[0.00024, 1.16712] frac(m>0.5)=0.157 
[ok] 0090_A_deer: d=[0.00043, 1.06469] frac(m>0.5)=0.055 
[ok] 0091_A_hawk: d=[0.00010, 0.77031] frac(m>0.5)=0.017 
[ok] 0092_A_fox: d=[0.00052, 1.15300] frac(m>0.5)=0.068 
[ok] 0093_A_helicopter: d=[0.03125, 1.13081] frac(m>0.5)=0.118 
[ok] 0094_A_swan: d=[0.00249, 0.98327] frac(m>0.5)=0.076 
[ok] 0095_A_crow: d=[0.00102, 0.83971] frac(m>0.5)=0.040 
[ok] 0096_A_car: d=[0.00045, 0.92574] frac(m>0.5)=0.041 
[ok] 0097_A_bird: d=[0.00099, 1.02078] frac(m>0.5)=0.032 
[ok] 0098_A_squirrel: d=[0.00117, 1.08307] frac(m>0.5)=0.036 
[ok] 0099_A_jogger: d=[0.00276, 0.78510] frac(m>0.5)=0.039 
[ok] 0100_A_deer: d=[0.00265, 0.91322] frac(m>0.5)=0.096 
[r31_div] done arm=lpips edit3: 100/100 ok
--- [r35_stage2] lpips_first2 / edit4 ---
Setting up [LPIPS] perceptual loss: trunk [alex], v[0.1], spatial [on]
Loading model from: /home/ids/skhairi/anaconda3/envs/five-bench/lib/python3.11/site-packages/lpips/weights/v0.1/alex.pth
[r31_div] arm=lpips edit_type=4 cases=100 temporal=mean -> /home/ids/skhairi/Data/dataggen/outputs/five_bench/r35_div/lpips_first2/edit4
[ok] 0001_bus: d=[0.00493, 0.93500] frac(m>0.5)=0.173 
[ok] 0002_girl-dog: d=[0.00598, 0.81625] frac(m>0.5)=0.127 
[ok] 0003_ocean-birds: d=[0.00370, 0.95723] frac(m>0.5)=0.090 
[ok] 0004_car-roundabout: d=[0.00574, 0.78147] frac(m>0.5)=0.039 
[ok] 0005_breakdance: d=[0.00188, 1.36273] frac(m>0.5)=0.062 
[ok] 0006_paragliding: d=[0.00557, 0.91719] frac(m>0.5)=0.034 
[ok] 0007_guitar-violin: d=[0.00268, 1.16796] frac(m>0.5)=0.348 
[ok] 0008_snowboard-race: d=[0.00086, 1.04209] frac(m>0.5)=0.091 
[ok] 0009_bear: d=[0.00470, 0.75205] frac(m>0.5)=0.055 
[ok] 0010_giant-slalom: d=[0.00035, 1.01133] frac(m>0.5)=0.051 
[ok] 0011_lucia: d=[0.01235, 1.08712] frac(m>0.5)=0.050 
[ok] 0012_goat: d=[0.02222, 1.04592] frac(m>0.5)=0.061 
[ok] 0013_golf: d=[0.00022, 0.84233] frac(m>0.5)=0.029 
[ok] 0014_burnout: d=[0.00739, 0.91752] frac(m>0.5)=0.077 
[ok] 0015_car-shadow: d=[0.00543, 0.96511] frac(m>0.5)=0.201 
[ok] 0016_horsejump-high: d=[0.00063, 1.07358] frac(m>0.5)=0.050 
[ok] 0017_kid-football: d=[0.00070, 1.08475] frac(m>0.5)=0.062 
[ok] 0018_breakdance-flare: d=[0.00308, 1.07996] frac(m>0.5)=0.081 
[ok] 0019_tennis-vest: d=[0.00158, 0.78474] frac(m>0.5)=0.021 
[ok] 0020_monkeys: d=[0.01492, 1.16753] frac(m>0.5)=0.133 
[ok] 0021_landing: d=[0.00060, 1.28642] frac(m>0.5)=0.148 
[ok] 0022_skate-jump: d=[0.00038, 0.88038] frac(m>0.5)=0.032 
[ok] 0023_kayak-race: d=[0.00028, 1.08608] frac(m>0.5)=0.133 
[ok] 0024_hockey: d=[0.00280, 0.77419] frac(m>0.5)=0.053 
[ok] 0025_baseball: d=[0.00505, 1.09439] frac(m>0.5)=0.080 
[ok] 0026_table-tennis: d=[0.00027, 1.09029] frac(m>0.5)=0.035 
[ok] 0027_dance-jump: d=[0.00930, 0.99773] frac(m>0.5)=0.082 
[ok] 0028_kite-walk: d=[0.00133, 0.98481] frac(m>0.5)=0.034 
[ok] 0029_horsejump-stick: d=[0.00787, 1.04189] frac(m>0.5)=0.096 
[ok] 0030_rallye: d=[0.00027, 1.31091] frac(m>0.5)=0.078 
[ok] 0031_soccerball: d=[0.00279, 0.82800] frac(m>0.5)=0.024 
[ok] 0032_mermaid: d=[0.00094, 1.21216] frac(m>0.5)=0.114 
[ok] 0033_horsejump-low: d=[0.00705, 0.99752] frac(m>0.5)=0.059 
[ok] 0034_cows: d=[0.00524, 0.99852] frac(m>0.5)=0.035 
[ok] 0035_helicopter: d=[0.00133, 1.14619] frac(m>0.5)=0.068 
[ok] 0036_camel: d=[0.00743, 1.16236] frac(m>0.5)=0.082 
[ok] 0037_snowboard-sand: d=[0.00110, 1.06450] frac(m>0.5)=0.101 
[ok] 0038_motorbike: d=[0.00250, 0.76902] frac(m>0.5)=0.071 
[ok] 0039_chamaleon: d=[0.00236, 1.12630] frac(m>0.5)=0.103 
[ok] 0040_tennis: d=[0.00170, 1.04646] frac(m>0.5)=0.022 
[ok] 0041_longboard: d=[0.00564, 1.12988] frac(m>0.5)=0.081 
[ok] 0042_gym-ball: d=[0.00074, 1.01905] frac(m>0.5)=0.101 
[ok] 0043_parkour: d=[0.00079, 1.17422] frac(m>0.5)=0.054 
[ok] 0044_snowboard: d=[0.01839, 0.94432] frac(m>0.5)=0.152 
[ok] 0045_butterfly: d=[0.00083, 1.08292] frac(m>0.5)=0.100 
[ok] 0046_blackswan: d=[0.00197, 0.73647] frac(m>0.5)=0.095 
[ok] 0047_judo: d=[0.00121, 1.04717] frac(m>0.5)=0.144 
[ok] 0048_hike: d=[0.00036, 0.79994] frac(m>0.5)=0.060 
[ok] 0049_speed-skating: d=[0.00112, 1.14910] frac(m>0.5)=0.093 
[ok] 0050_slackline: d=[0.00250, 1.01001] frac(m>0.5)=0.078 
[ok] 0051_dogs-jump: d=[0.00169, 1.01813] frac(m>0.5)=0.101 
[ok] 0052_mallard-fly: d=[0.00646, 0.93421] frac(m>0.5)=0.040 
[ok] 0053_swing: d=[0.00460, 1.02320] frac(m>0.5)=0.082 
[ok] 0054_train: d=[0.00211, 1.06550] frac(m>0.5)=0.152 
[ok] 0055_pigs: d=[0.00791, 1.07354] frac(m>0.5)=0.101 
[ok] 0056_kart-turn: d=[0.00207, 0.88360] frac(m>0.5)=0.183 
[ok] 0057_dog: d=[0.00711, 1.14656] frac(m>0.5)=0.174 
[ok] 0058_boat: d=[0.00032, 0.95362] frac(m>0.5)=0.046 
[ok] 0059_drift-straight: d=[0.02935, 1.04028] frac(m>0.5)=0.437 
[ok] 0060_motocross-bumps: d=[0.00851, 1.04795] frac(m>0.5)=0.171 
[ok] 0061_mbike-santa: d=[0.00753, 1.05414] frac(m>0.5)=0.330 
[ok] 0062_elephant: d=[0.00061, 1.14888] frac(m>0.5)=0.172 
[ok] 0063_drift-turn: d=[0.00707, 1.13947] frac(m>0.5)=0.202 
[ok] 0064_rollerblade: d=[0.00259, 0.87230] frac(m>0.5)=0.065 
[ok] 0065_twist-dance: d=[0.00151, 1.21273] frac(m>0.5)=0.065 
[ok] 0066_deer: d=[0.00109, 1.09829] frac(m>0.5)=0.232 
[ok] 0067_mbike-trick: d=[0.00026, 0.98545] frac(m>0.5)=0.080 
[ok] 0068_planes-water: d=[0.00059, 0.95599] frac(m>0.5)=0.084 
[ok] 0069_car-turn: d=[0.00181, 0.96455] frac(m>0.5)=0.078 
[ok] 0070_dance-twirl: d=[0.00238, 1.03124] frac(m>0.5)=0.117 
[ok] 0071_mallard-water: d=[0.00423, 0.78429] frac(m>0.5)=0.038 
[ok] 0072_dog-agility: d=[0.00396, 0.86040] frac(m>0.5)=0.098 
[ok] 0073_bmx-rider: d=[0.00070, 1.21389] frac(m>0.5)=0.015 
[ok] 0074_rhino: d=[0.00334, 0.73131] frac(m>0.5)=0.052 
[ok] 0075_A_bicycle: d=[0.00059, 0.80213] frac(m>0.5)=0.070 
[ok] 0076_A_rabbit: d=[0.00166, 1.11949] frac(m>0.5)=0.085 
[ok] 0077_A_hawk: d=[0.00142, 1.08244] frac(m>0.5)=0.063 
[ok] 0078_A_cat: d=[0.00044, 0.99060] frac(m>0.5)=0.061 
[ok] 0079_A_bus: d=[0.00388, 1.23562] frac(m>0.5)=0.170 
[ok] 0080_A_motorcycle: d=[0.00041, 1.10809] frac(m>0.5)=0.105 
[ok] 0081_A_horse: d=[0.00035, 0.92025] frac(m>0.5)=0.062 
[ok] 0082_A_tram: d=[0.00112, 0.93081] frac(m>0.5)=0.184 
[ok] 0083_A_boat: d=[0.00042, 0.99259] frac(m>0.5)=0.115 
[ok] 0084_A_squirrel: d=[0.00199, 1.05640] frac(m>0.5)=0.093 
[ok] 0085_A_tram: d=[0.00065, 1.06637] frac(m>0.5)=0.158 
[ok] 0086_A_red_sports_car: d=[0.00034, 0.94469] frac(m>0.5)=0.035 
[ok] 0087_A_seagull: d=[0.00010, 0.83873] frac(m>0.5)=0.020 
[ok] 0088_A_cyclist: d=[0.00457, 0.98830] frac(m>0.5)=0.087 
[ok] 0089_A_dog: d=[0.00024, 1.32120] frac(m>0.5)=0.135 
[ok] 0090_A_deer: d=[0.00045, 0.79833] frac(m>0.5)=0.046 
[ok] 0091_A_hawk: d=[0.00009, 0.95350] frac(m>0.5)=0.027 
[ok] 0092_A_fox: d=[0.00058, 1.02458] frac(m>0.5)=0.029 
[ok] 0093_A_helicopter: d=[0.00578, 0.99439] frac(m>0.5)=0.091 
[ok] 0094_A_swan: d=[0.00239, 0.86883] frac(m>0.5)=0.014 
[ok] 0095_A_crow: d=[0.00128, 1.25683] frac(m>0.5)=0.222 
[ok] 0096_A_car: d=[0.00050, 0.87289] frac(m>0.5)=0.039 
[ok] 0097_A_bird: d=[0.00072, 0.84554] frac(m>0.5)=0.014 
[ok] 0098_A_squirrel: d=[0.00119, 1.21687] frac(m>0.5)=0.042 
[ok] 0099_A_jogger: d=[0.00293, 1.00706] frac(m>0.5)=0.062 
[ok] 0100_A_deer: d=[0.00269, 1.11875] frac(m>0.5)=0.083 
[r31_div] done arm=lpips edit4: 100/100 ok
--- [r35_stage2] lpips_first2 / edit5 ---
Setting up [LPIPS] perceptual loss: trunk [alex], v[0.1], spatial [on]
Loading model from: /home/ids/skhairi/anaconda3/envs/five-bench/lib/python3.11/site-packages/lpips/weights/v0.1/alex.pth
[r31_div] arm=lpips edit_type=5 cases=9 temporal=mean -> /home/ids/skhairi/Data/dataggen/outputs/five_bench/r35_div/lpips_first2/edit5
[ok] 0007_guitar-violin: d=[0.00233, 1.18584] frac(m>0.5)=0.014 
[ok] 0009_bear: d=[0.00487, 0.82135] frac(m>0.5)=0.106 
[ok] 0011_lucia: d=[0.01159, 1.17958] frac(m>0.5)=0.027 
[ok] 0019_tennis-vest: d=[0.00833, 1.08532] frac(m>0.5)=0.034 
[ok] 0034_cows: d=[0.02121, 0.90587] frac(m>0.5)=0.099 
[ok] 0036_camel: d=[0.00573, 1.18473] frac(m>0.5)=0.074 
[ok] 0057_dog: d=[0.05768, 1.11715] frac(m>0.5)=0.195 
[ok] 0069_car-turn: d=[0.00180, 1.25885] frac(m>0.5)=0.072 
[ok] 0089_A_dog: d=[0.00028, 0.85189] frac(m>0.5)=0.070 
[r31_div] done arm=lpips edit5: 9/9 ok
--- [r35_stage2] lpips_first2 / edit6 ---
Setting up [LPIPS] perceptual loss: trunk [alex], v[0.1], spatial [on]
Loading model from: /home/ids/skhairi/anaconda3/envs/five-bench/lib/python3.11/site-packages/lpips/weights/v0.1/alex.pth
[r31_div] arm=lpips edit_type=6 cases=10 temporal=mean -> /home/ids/skhairi/Data/dataggen/outputs/five_bench/r35_div/lpips_first2/edit6
[ok] 0002_girl-dog: d=[0.00423, 0.87423] frac(m>0.5)=0.019 
[ok] 0017_kid-football: d=[0.00059, 0.95893] frac(m>0.5)=0.015 
[ok] 0025_baseball: d=[0.00720, 0.98708] frac(m>0.5)=0.065 
[ok] 0041_longboard: d=[0.00325, 1.02829] frac(m>0.5)=0.033 
[ok] 0042_gym-ball: d=[0.00407, 0.88439] frac(m>0.5)=0.064 
[ok] 0048_hike: d=[0.00031, 0.76284] frac(m>0.5)=0.030 
[ok] 0051_dogs-jump: d=[0.00172, 0.91488] frac(m>0.5)=0.063 
[ok] 0055_pigs: d=[0.00750, 0.98249] frac(m>0.5)=0.131 
[ok] 0078_A_cat: d=[0.00029, 1.09566] frac(m>0.5)=0.014 
[ok] 0088_A_cyclist: d=[0.00257, 0.72724] frac(m>0.5)=0.022 
[r31_div] done arm=lpips edit6: 10/10 ok
[r35_stage2] lpips_first2 edit1: 100 npz -- ok
[r35_stage2] lpips_first2 edit2: 100 npz -- ok
[r35_stage2] lpips_first2 edit3: 100 npz -- ok
[r35_stage2] lpips_first2 edit4: 100 npz -- ok
[r35_stage2] lpips_first2 edit5: 9 npz -- ok
[r35_stage2] lpips_first2 edit6: 10 npz -- ok
[r35_stage2] lpips_first2: 419 npz total (expect 419)
[r35_stage2] failures: 0
