[r36_smoke] node=node52 CUDA_VISIBLE_DEVICES=0
GPU 0: NVIDIA L40S (UUID: GPU-99e5025f-bc37-ea12-c488-1a6fe74aeaa4)
--- [r36_smoke] rho=2 edit1 ---
Free VRAM 43.969970703125 GB
KV inference with 3 frames per block
[run_fivebench] edit_type=1 method=r36_rho2_vp pairs=1 vp_mode=vp blend_sched=paper(eq4) out=/home/ids/skhairi/Data/dataggen/outputs/five_bench/r36_smoke/r36_rho2_vp/edit1
Moving DynamicSwap_WanTextEncoder to cuda:0 with preserved memory: 35.38975763320923 GB
[[0, 1, 2]] [[0, 1, 2]]
[ok] 0001_bus: 69 frames  tau=2.0
[run_fivebench] done edit1: 1/1 ok -> /home/ids/skhairi/Data/dataggen/outputs/five_bench/r36_smoke/r36_rho2_vp/edit1/_manifest.csv
--- [r36_smoke] rho=2 edit5 ---
Free VRAM 43.969970703125 GB
KV inference with 3 frames per block
[run_fivebench] edit_type=5 method=r36_rho2_vp pairs=1 vp_mode=vp blend_sched=paper(eq4) out=/home/ids/skhairi/Data/dataggen/outputs/five_bench/r36_smoke/r36_rho2_vp/edit5
Moving DynamicSwap_WanTextEncoder to cuda:0 with preserved memory: 35.390873432159424 GB
[[0, 1]] [[0, 1, 2, 3, 4]]
[ok] 0007_guitar-violin: 45 frames  tau=2.0
[run_fivebench] done edit5: 1/1 ok -> /home/ids/skhairi/Data/dataggen/outputs/five_bench/r36_smoke/r36_rho2_vp/edit5/_manifest.csv
--- [r36_smoke] rho=3 edit1 ---
Free VRAM 43.969970703125 GB
KV inference with 3 frames per block
[run_fivebench] edit_type=1 method=r36_rho3_vp pairs=1 vp_mode=vp blend_sched=paper(eq4) out=/home/ids/skhairi/Data/dataggen/outputs/five_bench/r36_smoke/r36_rho3_vp/edit1
Moving DynamicSwap_WanTextEncoder to cuda:0 with preserved memory: 35.38975763320923 GB
[[0, 1, 2]] [[0, 1, 2]]
[ok] 0001_bus: 69 frames  tau=3.0
[run_fivebench] done edit1: 1/1 ok -> /home/ids/skhairi/Data/dataggen/outputs/five_bench/r36_smoke/r36_rho3_vp/edit1/_manifest.csv
--- [r36_smoke] rho=3 edit5 ---
Free VRAM 43.969970703125 GB
KV inference with 3 frames per block
[run_fivebench] edit_type=5 method=r36_rho3_vp pairs=1 vp_mode=vp blend_sched=paper(eq4) out=/home/ids/skhairi/Data/dataggen/outputs/five_bench/r36_smoke/r36_rho3_vp/edit5
Moving DynamicSwap_WanTextEncoder to cuda:0 with preserved memory: 35.390873432159424 GB
[[0, 1]] [[0, 1, 2, 3, 4]]
[ok] 0007_guitar-violin: 45 frames  tau=3.0
[run_fivebench] done edit5: 1/1 ok -> /home/ids/skhairi/Data/dataggen/outputs/five_bench/r36_smoke/r36_rho3_vp/edit5/_manifest.csv
=== GATE1: rho=3 == R26 taubg3_taufg3_vp ===
IDENTICAL gate1 0001_bus: {'n_frames': 69, 'n_frames_ref': 69, 'n_diff_frames': 0, 'missing': 0, 'identical': 1}
IDENTICAL gate1 0007_guitar-violin: {'n_frames': 45, 'n_frames_ref': 45, 'n_diff_frames': 0, 'missing': 0, 'identical': 1}
=== GATE2: rho=2 == R7 r7_visual_prompting (index-0 pairs) ===
IDENTICAL gate2 0001_bus: {'n_frames': 69, 'n_frames_ref': 69, 'n_diff_frames': 0, 'missing': 0, 'identical': 1}
IDENTICAL gate2 0007_guitar-violin: {'n_frames': 45, 'n_frames_ref': 45, 'n_diff_frames': 0, 'missing': 0, 'identical': 1}
=== GATE3: rho=3 != rho=2 (flag reaches the bridge) ===
DIFFERS gate3 0001_bus: {'n_frames': 69, 'n_frames_ref': 69, 'n_diff_frames': 69, 'missing': 0, 'identical': 0}
DIFFERS gate3 0007_guitar-violin: {'n_frames': 45, 'n_frames_ref': 45, 'n_diff_frames': 45, 'missing': 0, 'identical': 0}
[r36_check_parity] smoke failures: 0
[r36_smoke] parity exit=0
