[r7_infer] job=903038 array_task=4 -> edit_type=5
Free VRAM 43.969970703125 GB
KV inference with 3 frames per block
[run_fivebench] edit_type=5 method=r7_visual_prompting pairs=9 out=/projects/dataggen/outputs/five_bench/r7_visual_prompting/edit5
Moving DynamicSwap_WanTextEncoder to cuda:0 with preserved memory: 35.390873432159424 GB
[[0, 1]] [[0, 1, 2, 3, 4]]
[ok] 0007_guitar-violin: 45 frames
[warn] 0009_bear: truncating 81 -> 69 frames (single-window KV-cache capacity, anchor=yes)
Moving DynamicSwap_WanTextEncoder to cuda:0 with preserved memory: 35.179561138153076 GB
[[0, 1, 2, 3]] [[0, 1, 2, 3, 4, 5, 6]]
[ok] 0009_bear: 69 frames
Moving DynamicSwap_WanTextEncoder to cuda:0 with preserved memory: 35.072444438934326 GB
[[0, 1, 2, 3, 4, 5]] [[7, 8, 9, 10, 11]]
[ok] 0011_lucia: 69 frames
Moving DynamicSwap_WanTextEncoder to cuda:0 with preserved memory: 35.072444438934326 GB
[[0, 1, 2]] [[12, 13, 14, 15, 16, 17]]
[ok] 0019_tennis-vest: 69 frames
[warn] 0034_cows: truncating 93 -> 69 frames (single-window KV-cache capacity, anchor=yes)
Moving DynamicSwap_WanTextEncoder to cuda:0 with preserved memory: 35.070491313934326 GB
[[0, 1, 2, 3, 4]] [[0, 1, 2, 3, 4, 5, 6, 7, 8, 9]]
[ok] 0034_cows: 69 frames
[warn] 0036_camel: truncating 81 -> 69 frames (single-window KV-cache capacity, anchor=yes)
Moving DynamicSwap_WanTextEncoder to cuda:0 with preserved memory: 35.070491313934326 GB
[[0, 1, 2]] [[0, 1, 2, 3, 4, 5, 6]]
