[r9_profile] job=900475 case=0001_bus
Free VRAM 43.969970703125 GB
KV inference with 3 frames per block
[r9] case=0001_bus latent_frames=18 blocks=6 steps=[1000, 932, 866, 800, 733, 666, 599, 533, 466, 400, 333, 266, 200, 133, 66]
Moving DynamicSwap_WanTextEncoder to cuda:0 with preserved memory: 35.39012956619263 GB
[[0, 1, 2]] [[0, 1, 2]]
[r9] saved /projects/dataggen/outputs/five_bench/r9_head_profile/0001_bus/r9_scalars.npz (30 block-step points, maps=yes)
[r9_profile] job=900475 case=0028_kite-walk
Free VRAM 43.969970703125 GB
KV inference with 3 frames per block
[r9] case=0028_kite-walk latent_frames=18 blocks=6 steps=[1000, 932, 866, 800, 733, 666, 599, 533, 466, 400, 333, 266, 200, 133, 66]
Moving DynamicSwap_WanTextEncoder to cuda:0 with preserved memory: 35.39012956619263 GB
[[0, 1]] [[0, 1]]
[r9] saved /projects/dataggen/outputs/five_bench/r9_head_profile/0028_kite-walk/r9_scalars.npz (30 block-step points, maps=yes)
[r9_profile] job=900475 case=0034_cows
Free VRAM 43.969970703125 GB
KV inference with 3 frames per block
[r9] case=0034_cows latent_frames=24 blocks=8 steps=[1000, 932, 866, 800, 733, 666, 599, 533, 466, 400, 333, 266, 200, 133, 66]
Moving DynamicSwap_WanTextEncoder to cuda:0 with preserved memory: 35.38877725601196 GB
[[0, 1, 2, 3, 4]] [[0, 1, 2, 3, 4]]
[r9_profile] job=900475 case=0069_car-turn
Free VRAM 43.969970703125 GB
KV inference with 3 frames per block
[r9] case=0069_car-turn latent_frames=18 blocks=6 steps=[1000, 932, 866, 800, 733, 666, 599, 533, 466, 400, 333, 266, 200, 133, 66]
Moving DynamicSwap_WanTextEncoder to cuda:0 with preserved memory: 35.39012956619263 GB
[[0, 1, 2]] [[0, 1, 2]]
[r9] saved /projects/dataggen/outputs/five_bench/r9_head_profile/0069_car-turn/r9_scalars.npz (30 block-step points, maps=yes)
[r9_profile] job=900475 case=0045_butterfly
Free VRAM 43.969970703125 GB
KV inference with 3 frames per block
[r9] case=0045_butterfly latent_frames=18 blocks=6 steps=[1000, 932, 866, 800, 733, 666, 599, 533, 466, 400, 333, 266, 200, 133, 66]
Moving DynamicSwap_WanTextEncoder to cuda:0 with preserved memory: 35.39012956619263 GB
[[0, 1, 2, 3, 4]] [[0, 1, 2, 3, 4]]
[r9] saved /projects/dataggen/outputs/five_bench/r9_head_profile/0045_butterfly/r9_scalars.npz (30 block-step points, maps=yes)
[r9_profile] done: 4/5 npz present
